12-10-2024 15:06:34 - INFO - Sending request to Setting Bed heater_bed Temperature to 120.0 with timeout of 5s...
12-10-2024 15:06:34 - INFO - Setting Bed heater_bed Temperature to 120.0 request successfully sent.
12-10-2024 15:06:34 - INFO - Response from moonraker: {'result': 'ok'}
12-10-2024 15:06:34 - INFO - Setting Bed heater_bed Temperature to 120.0 Request successfully executed.
12-10-2024 15:06:34 - INFO - Sending request to Setting Bed bed_heater1 Temperature to 120.0 with timeout of 5s...
12-10-2024 15:06:34 - INFO - Setting Bed bed_heater1 Temperature to 120.0 request successfully sent.
12-10-2024 15:06:34 - INFO - Response from moonraker: {'result': 'ok'}
12-10-2024 15:06:34 - INFO - Setting Bed bed_heater1 Temperature to 120.0 Request successfully executed.
12-10-2024 15:07:15 - INFO - Sending request to Setting Chmaber Zones to a= 1.0, b= 1.0, c= 1.0, d= 1.0 with timeout of 5s...
12-10-2024 15:07:15 - INFO - Setting Chmaber Zones to a= 1.0, b= 1.0, c= 1.0, d= 1.0 request successfully sent.
12-10-2024 15:07:15 - INFO - Response from moonraker: {'result': 'ok'}
12-10-2024 15:07:15 - INFO - Setting Chmaber Zones to a= 1.0, b= 1.0, c= 1.0, d= 1.0 Request successfully executed.
12-10-2024 15:07:16 - INFO - Sending request to Setting Chmaber Zones to a= 1.0, b= 1.0, c= 1.0, d= 1.0 with timeout of 5s...
12-10-2024 15:07:16 - INFO - Setting Chmaber Zones to a= 1.0, b= 1.0, c= 1.0, d= 1.0 request successfully sent.
12-10-2024 15:07:16 - INFO - Response from moonraker: {'result': 'ok'}
12-10-2024 15:07:16 - INFO - Setting Chmaber Zones to a= 1.0, b= 1.0, c= 1.0, d= 1.0 Request successfully executed.
12-10-2024 15:07:17 - INFO - Sending request to Setting Chmaber Zones to a= 1.0, b= 1.0, c= 1.0, d= 1.0 with timeout of 5s...
12-10-2024 15:07:17 - INFO - Setting Chmaber Zones to a= 1.0, b= 1.0, c= 1.0, d= 1.0 request successfully sent.
12-10-2024 15:07:17 - INFO - Response from moonraker: {'result': 'ok'}
12-10-2024 15:07:17 - INFO - Setting Chmaber Zones to a= 1.0, b= 1.0, c= 1.0, d= 1.0 Request successfully executed.
12-10-2024 15:07:18 - INFO - Sending request to Setting Chmaber Zones to a= 1.0, b= 1.0, c= 1.0, d= 1.0 with timeout of 5s...
12-10-2024 15:07:18 - INFO - Setting Chmaber Zones to a= 1.0, b= 1.0, c= 1.0, d= 1.0 request successfully sent.
12-10-2024 15:07:18 - INFO - Response from moonraker: {'result': 'ok'}
12-10-2024 15:07:18 - INFO - Setting Chmaber Zones to a= 1.0, b= 1.0, c= 1.0, d= 1.0 Request successfully executed.
12-10-2024 15:07:19 - INFO - Sending request to Setting Chmaber Zones to a= 1.0, b= 1.0, c= 1.0, d= 1.0 with timeout of 5s...
12-10-2024 15:07:19 - INFO - Setting Chmaber Zones to a= 1.0, b= 1.0, c= 1.0, d= 1.0 request successfully sent.
12-10-2024 15:07:19 - INFO - Response from moonraker: {'result': 'ok'}
12-10-2024 15:07:19 - INFO - Setting Chmaber Zones to a= 1.0, b= 1.0, c= 1.0, d= 1.0 Request successfully executed.
12-10-2024 15:07:20 - INFO - Sending request to Setting Chmaber Zones to a= 1.0, b= 1.0, c= 1.0, d= 1.0 with timeout of 5s...
12-10-2024 15:07:20 - INFO - Setting Chmaber Zones to a= 1.0, b= 1.0, c= 1.0, d= 1.0 request successfully sent.
12-10-2024 15:07:20 - INFO - Response from moonraker: {'result': 'ok'}
12-10-2024 15:07:20 - INFO - Setting Chmaber Zones to a= 1.0, b= 1.0, c= 1.0, d= 1.0 Request successfully executed.
12-10-2024 15:07:21 - INFO - Sending request to Setting Chmaber Zones to a= 1.0, b= 1.0, c= 1.0, d= 1.0 with timeout of 5s...
12-10-2024 15:07:21 - INFO - Setting Chmaber Zones to a= 1.0, b= 1.0, c= 1.0, d= 1.0 request successfully sent.
12-10-2024 15:07:21 - INFO - Response from moonraker: {'result': 'ok'}
12-10-2024 15:07:21 - INFO - Setting Chmaber Zones to a= 1.0, b= 1.0, c= 1.0, d= 1.0 Request successfully executed.
12-10-2024 15:07:22 - INFO - Sending request to Setting Chmaber Zones to a= 1.0, b= 1.0, c= 1.0, d= 1.0 with timeout of 5s...
12-10-2024 15:07:22 - INFO - Setting Chmaber Zones to a= 1.0, b= 1.0, c= 1.0, d= 1.0 request successfully sent.
12-10-2024 15:07:22 - INFO - Response from moonraker: {'result': 'ok'}
12-10-2024 15:07:22 - INFO - Setting Chmaber Zones to a= 1.0, b= 1.0, c= 1.0, d= 1.0 Request successfully executed.
12-10-2024 15:07:23 - INFO - Sending request to Setting Chmaber Zones to a= 1.0, b= 1.0, c= 1.0, d= 1.0 with timeout of 5s...
12-10-2024 15:07:23 - INFO - Setting Chmaber Zones to a= 1.0, b= 1.0, c= 1.0, d= 1.0 request successfully sent.
12-10-2024 15:07:23 - INFO - Response from moonraker: {'result': 'ok'}
12-10-2024 15:07:23 - INFO - Setting Chmaber Zones to a= 1.0, b= 1.0, c= 1.0, d= 1.0 Request successfully executed.
12-10-2024 15:07:24 - INFO - Sending request to Setting Chmaber Zones to a= 1.0, b= 1.0, c= 1.0, d= 1.0 with timeout of 5s...
12-10-2024 15:07:24 - INFO - Setting Chmaber Zones to a= 1.0, b= 1.0, c= 1.0, d= 1.0 request successfully sent.
12-10-2024 15:07:24 - INFO - Response from moonraker: {'result': 'ok'}
12-10-2024 15:07:24 - INFO - Setting Chmaber Zones to a= 1.0, b= 1.0, c= 1.0, d= 1.0 Request successfully executed.
12-10-2024 15:07:25 - INFO - Sending request to Setting Chmaber Zones to a= 1.0, b= 1.0, c= 1.0, d= 1.0 with timeout of 5s...
12-10-2024 15:07:25 - INFO - Setting Chmaber Zones to a= 1.0, b= 1.0, c= 1.0, d= 1.0 request successfully sent.
12-10-2024 15:07:25 - INFO - Response from moonraker: {'result': 'ok'}
12-10-2024 15:07:25 - INFO - Setting Chmaber Zones to a= 1.0, b= 1.0, c= 1.0, d= 1.0 Request successfully executed.
12-10-2024 15:07:26 - INFO - Sending request to Setting Chmaber Zones to a= 1.0, b= 1.0, c= 1.0, d= 1.0 with timeout of 5s...
12-10-2024 15:07:26 - INFO - Setting Chmaber Zones to a= 1.0, b= 1.0, c= 1.0, d= 1.0 request successfully sent.
12-10-2024 15:07:26 - INFO - Response from moonraker: {'result': 'ok'}
12-10-2024 15:07:26 - INFO - Setting Chmaber Zones to a= 1.0, b= 1.0, c= 1.0, d= 1.0 Request successfully executed.
12-10-2024 15:07:27 - INFO - Sending request to Setting Chmaber Zones to a= 1.0, b= 1.0, c= 1.0, d= 1.0 with timeout of 5s...
12-10-2024 15:07:27 - INFO - Setting Chmaber Zones to a= 1.0, b= 1.0, c= 1.0, d= 1.0 request successfully sent.
12-10-2024 15:07:27 - INFO - Response from moonraker: {'result': 'ok'}
12-10-2024 15:07:27 - INFO - Setting Chmaber Zones to a= 1.0, b= 1.0, c= 1.0, d= 1.0 Request successfully executed.
12-10-2024 15:07:28 - INFO - Sending request to Setting Chmaber Zones to a= 0.27300000000000196, b= 0.27300000000000196, c= 0.27300000000000196, d= 0.27300000000000196 with timeout of 5s...
12-10-2024 15:07:28 - INFO - Setting Chmaber Zones to a= 0.27300000000000196, b= 0.27300000000000196, c= 0.27300000000000196, d= 0.27300000000000196 request successfully sent.
12-10-2024 15:07:28 - INFO - Response from moonraker: {'result': 'ok'}
12-10-2024 15:07:28 - INFO - Setting Chmaber Zones to a= 0.27300000000000196, b= 0.27300000000000196, c= 0.27300000000000196, d= 0.27300000000000196 Request successfully executed.
12-10-2024 15:07:29 - INFO - Sending request to Setting Chmaber Zones to a= 0.0, b= 0.0, c= 0.0, d= 0.0 with timeout of 5s...
12-10-2024 15:07:29 - INFO - Setting Chmaber Zones to a= 0.0, b= 0.0, c= 0.0, d= 0.0 request successfully sent.
12-10-2024 15:07:29 - INFO - Response from moonraker: {'result': 'ok'}
12-10-2024 15:07:29 - INFO - Setting Chmaber Zones to a= 0.0, b= 0.0, c= 0.0, d= 0.0 Request successfully executed.
12-10-2024 15:07:30 - INFO - Sending request to Setting Chmaber Zones to a= 0.0, b= 0.0, c= 0.0, d= 0.0 with timeout of 5s...
12-10-2024 15:07:30 - INFO - Setting Chmaber Zones to a= 0.0, b= 0.0, c= 0.0, d= 0.0 request successfully sent.
12-10-2024 15:07:30 - INFO - Response from moonraker: {'result': 'ok'}
12-10-2024 15:07:30 - INFO - Setting Chmaber Zones to a= 0.0, b= 0.0, c= 0.0, d= 0.0 Request successfully executed.
12-10-2024 15:07:31 - INFO - Sending request to Setting Chmaber Zones to a= 0.0, b= 0.0, c= 0.0, d= 0.0 with timeout of 5s...
12-10-2024 15:07:31 - INFO - Setting Chmaber Zones to a= 0.0, b= 0.0, c= 0.0, d= 0.0 request successfully sent.
12-10-2024 15:07:31 - INFO - Response from moonraker: {'result': 'ok'}
12-10-2024 15:07:31 - INFO - Setting Chmaber Zones to a= 0.0, b= 0.0, c= 0.0, d= 0.0 Request successfully executed.
12-10-2024 15:07:32 - INFO - Sending request to Setting Chmaber Zones to a= 0.0, b= 0.0, c= 0.0, d= 0.0 with timeout of 5s...
12-10-2024 15:07:32 - INFO - Setting Chmaber Zones to a= 0.0, b= 0.0, c= 0.0, d= 0.0 request successfully sent.
12-10-2024 15:07:32 - INFO - Response from moonraker: {'result': 'ok'}
12-10-2024 15:07:32 - INFO - Setting Chmaber Zones to a= 0.0, b= 0.0, c= 0.0, d= 0.0 Request successfully executed.
12-10-2024 15:07:33 - INFO - Sending request to Setting Chmaber Zones to a= 0.0, b= 0.0, c= 0.0, d= 0.0 with timeout of 5s...
12-10-2024 15:07:33 - INFO - Setting Chmaber Zones to a= 0.0, b= 0.0, c= 0.0, d= 0.0 request successfully sent.
12-10-2024 15:07:33 - INFO - Response from moonraker: {'result': 'ok'}
12-10-2024 15:07:33 - INFO - Setting Chmaber Zones to a= 0.0, b= 0.0, c= 0.0, d= 0.0 Request successfully executed.
12-10-2024 15:07:34 - INFO - Sending request to Setting Chmaber Zones to a= 0.0, b= 0.0, c= 0.0, d= 0.0 with timeout of 5s...
12-10-2024 15:07:34 - INFO - Setting Chmaber Zones to a= 0.0, b= 0.0, c= 0.0, d= 0.0 request successfully sent.
12-10-2024 15:07:34 - INFO - Response from moonraker: {'result': 'ok'}
12-10-2024 15:07:34 - INFO - Setting Chmaber Zones to a= 0.0, b= 0.0, c= 0.0, d= 0.0 Request successfully executed.
12-10-2024 15:07:35 - INFO - Sending request to Setting Chmaber Zones to a= 0.0, b= 0.0, c= 0.0, d= 0.0 with timeout of 5s...
12-10-2024 15:07:35 - INFO - Setting Chmaber Zones to a= 0.0, b= 0.0, c= 0.0, d= 0.0 request successfully sent.
12-10-2024 15:07:35 - INFO - Response from moonraker: {'result': 'ok'}
12-10-2024 15:07:35 - INFO - Setting Chmaber Zones to a= 0.0, b= 0.0, c= 0.0, d= 0.0 Request successfully executed.
12-10-2024 15:07:36 - INFO - Sending request to Setting Chmaber Zones to a= 0.0, b= 0.0, c= 0.0, d= 0.0 with timeout of 5s...
12-10-2024 15:07:36 - INFO - Setting Chmaber Zones to a= 0.0, b= 0.0, c= 0.0, d= 0.0 request successfully sent.
12-10-2024 15:07:36 - INFO - Response from moonraker: {'result': 'ok'}
12-10-2024 15:07:36 - INFO - Setting Chmaber Zones to a= 0.0, b= 0.0, c= 0.0, d= 0.0 Request successfully executed.
12-10-2024 15:07:37 - INFO - Sending request to Setting Chmaber Zones to a= 0.0, b= 0.0, c= 0.0, d= 0.0 with timeout of 5s...
12-10-2024 15:07:37 - INFO - Setting Chmaber Zones to a= 0.0, b= 0.0, c= 0.0, d= 0.0 request successfully sent.
12-10-2024 15:07:37 - INFO - Response from moonraker: {'result': 'ok'}
12-10-2024 15:07:37 - INFO - Setting Chmaber Zones to a= 0.0, b= 0.0, c= 0.0, d= 0.0 Request successfully executed.
12-10-2024 15:07:38 - INFO - Sending request to Setting Chmaber Zones to a= 0.0, b= 0.0, c= 0.0, d= 0.0 with timeout of 5s...
12-10-2024 15:07:38 - INFO - Setting Chmaber Zones to a= 0.0, b= 0.0, c= 0.0, d= 0.0 request successfully sent.
12-10-2024 15:07:38 - INFO - Response from moonraker: {'result': 'ok'}
12-10-2024 15:07:38 - INFO - Setting Chmaber Zones to a= 0.0, b= 0.0, c= 0.0, d= 0.0 Request successfully executed.
12-10-2024 15:07:39 - INFO - Sending request to Setting Chmaber Zones to a= 0.0, b= 0.0, c= 0.0, d= 0.0 with timeout of 5s...
12-10-2024 15:07:39 - INFO - Setting Chmaber Zones to a= 0.0, b= 0.0, c= 0.0, d= 0.0 request successfully sent.
12-10-2024 15:07:39 - INFO - Response from moonraker: {'result': 'ok'}
12-10-2024 15:07:39 - INFO - Setting Chmaber Zones to a= 0.0, b= 0.0, c= 0.0, d= 0.0 Request successfully executed.
12-10-2024 15:07:40 - INFO - Sending request to Setting Chmaber Zones to a= 0.0, b= 0.0, c= 0.0, d= 0.0 with timeout of 5s...
12-10-2024 15:07:40 - INFO - Setting Chmaber Zones to a= 0.0, b= 0.0, c= 0.0, d= 0.0 request successfully sent.
12-10-2024 15:07:40 - INFO - Response from moonraker: {'result': 'ok'}
12-10-2024 15:07:40 - INFO - Setting Chmaber Zones to a= 0.0, b= 0.0, c= 0.0, d= 0.0 Request successfully executed.
12-10-2024 15:07:41 - INFO - Sending request to Setting Chmaber Zones to a= 0.0, b= 0.0, c= 0.0, d= 0.0 with timeout of 5s...
12-10-2024 15:07:41 - INFO - Setting Chmaber Zones to a= 0.0, b= 0.0, c= 0.0, d= 0.0 request successfully sent.
12-10-2024 15:07:41 - INFO - Response from moonraker: {'result': 'ok'}
12-10-2024 15:07:41 - INFO - Setting Chmaber Zones to a= 0.0, b= 0.0, c= 0.0, d= 0.0 Request successfully executed.
12-10-2024 15:07:42 - INFO - Sending request to Setting Chmaber Zones to a= 0.0, b= 0.0, c= 0.0, d= 0.0 with timeout of 5s...
12-10-2024 15:07:43 - INFO - Setting Chmaber Zones to a= 0.0, b= 0.0, c= 0.0, d= 0.0 request successfully sent.
12-10-2024 15:07:43 - INFO - Response from moonraker: {'result': 'ok'}
12-10-2024 15:07:43 - INFO - Setting Chmaber Zones to a= 0.0, b= 0.0, c= 0.0, d= 0.0 Request successfully executed.
12-10-2024 15:07:44 - INFO - Sending request to Setting Chmaber Zones to a= 0.0, b= 0.0, c= 0.0, d= 0.0 with timeout of 5s...
12-10-2024 15:07:44 - INFO - Setting Chmaber Zones to a= 0.0, b= 0.0, c= 0.0, d= 0.0 request successfully sent.
12-10-2024 15:07:44 - INFO - Response from moonraker: {'result': 'ok'}
12-10-2024 15:07:44 - INFO - Setting Chmaber Zones to a= 0.0, b= 0.0, c= 0.0, d= 0.0 Request successfully executed.
12-10-2024 15:07:45 - INFO - Sending request to Setting Chmaber Zones to a= 0.0, b= 0.0, c= 0.0, d= 0.0 with timeout of 5s...
12-10-2024 15:07:45 - INFO - Setting Chmaber Zones to a= 0.0, b= 0.0, c= 0.0, d= 0.0 request successfully sent.
12-10-2024 15:07:45 - INFO - Response from moonraker: {'result': 'ok'}
12-10-2024 15:07:45 - INFO - Setting Chmaber Zones to a= 0.0, b= 0.0, c= 0.0, d= 0.0 Request successfully executed.
12-10-2024 15:07:46 - INFO - Sending request to Setting Chmaber Zones to a= 0.0, b= 0.0, c= 0.0, d= 0.0 with timeout of 5s...
12-10-2024 15:07:46 - INFO - Setting Chmaber Zones to a= 0.0, b= 0.0, c= 0.0, d= 0.0 request successfully sent.
12-10-2024 15:07:46 - INFO - Response from moonraker: {'result': 'ok'}
12-10-2024 15:07:46 - INFO - Setting Chmaber Zones to a= 0.0, b= 0.0, c= 0.0, d= 0.0 Request successfully executed.
12-10-2024 15:07:47 - INFO - Sending request to Setting Chmaber Zones to a= 0.0, b= 0.0, c= 0.0, d= 0.0 with timeout of 5s...
12-10-2024 15:07:47 - INFO - Setting Chmaber Zones to a= 0.0, b= 0.0, c= 0.0, d= 0.0 request successfully sent.
12-10-2024 15:07:47 - INFO - Response from moonraker: {'result': 'ok'}
12-10-2024 15:07:47 - INFO - Setting Chmaber Zones to a= 0.0, b= 0.0, c= 0.0, d= 0.0 Request successfully executed.
12-10-2024 15:07:48 - INFO - Sending request to Setting Chmaber Zones to a= 0.0, b= 0.0, c= 0.0, d= 0.0 with timeout of 5s...
12-10-2024 15:07:48 - INFO - Setting Chmaber Zones to a= 0.0, b= 0.0, c= 0.0, d= 0.0 request successfully sent.
12-10-2024 15:07:48 - INFO - Response from moonraker: {'result': 'ok'}
12-10-2024 15:07:48 - INFO - Setting Chmaber Zones to a= 0.0, b= 0.0, c= 0.0, d= 0.0 Request successfully executed.
12-10-2024 15:07:49 - INFO - Sending request to Setting Chmaber Zones to a= 0.0, b= 0.0, c= 0.0, d= 0.0 with timeout of 5s...
12-10-2024 15:07:49 - INFO - Setting Chmaber Zones to a= 0.0, b= 0.0, c= 0.0, d= 0.0 request successfully sent.
12-10-2024 15:07:49 - INFO - Response from moonraker: {'result': 'ok'}
12-10-2024 15:07:49 - INFO - Setting Chmaber Zones to a= 0.0, b= 0.0, c= 0.0, d= 0.0 Request successfully executed.
12-10-2024 15:07:50 - INFO - Sending request to Setting Chmaber Zones to a= 0.0, b= 0.0, c= 0.0, d= 0.0 with timeout of 5s...
12-10-2024 15:07:50 - INFO - Setting Chmaber Zones to a= 0.0, b= 0.0, c= 0.0, d= 0.0 request successfully sent.
12-10-2024 15:07:50 - INFO - Response from moonraker: {'result': 'ok'}
12-10-2024 15:07:50 - INFO - Setting Chmaber Zones to a= 0.0, b= 0.0, c= 0.0, d= 0.0 Request successfully executed.
12-10-2024 15:07:51 - INFO - Sending request to Setting Chmaber Zones to a= 0.0, b= 0.0, c= 0.0, d= 0.0 with timeout of 5s...
12-10-2024 15:07:51 - INFO - Setting Chmaber Zones to a= 0.0, b= 0.0, c= 0.0, d= 0.0 request successfully sent.
12-10-2024 15:07:51 - INFO - Response from moonraker: {'result': 'ok'}
12-10-2024 15:07:51 - INFO - Setting Chmaber Zones to a= 0.0, b= 0.0, c= 0.0, d= 0.0 Request successfully executed.
12-10-2024 15:07:52 - INFO - Sending request to Setting Chmaber Zones to a= 0.0, b= 0.0, c= 0.0, d= 0.0 with timeout of 5s...
12-10-2024 15:07:52 - INFO - Setting Chmaber Zones to a= 0.0, b= 0.0, c= 0.0, d= 0.0 request successfully sent.
12-10-2024 15:07:52 - INFO - Response from moonraker: {'result': 'ok'}
12-10-2024 15:07:52 - INFO - Setting Chmaber Zones to a= 0.0, b= 0.0, c= 0.0, d= 0.0 Request successfully executed.
12-10-2024 15:07:53 - INFO - Sending request to Setting Chmaber Zones to a= 0.0, b= 0.0, c= 0.0, d= 0.0 with timeout of 5s...
12-10-2024 15:07:53 - INFO - Setting Chmaber Zones to a= 0.0, b= 0.0, c= 0.0, d= 0.0 request successfully sent.
12-10-2024 15:07:53 - INFO - Response from moonraker: {'result': 'ok'}
12-10-2024 15:07:53 - INFO - Setting Chmaber Zones to a= 0.0, b= 0.0, c= 0.0, d= 0.0 Request successfully executed.
12-10-2024 15:07:54 - INFO - Sending request to Setting Chmaber Zones to a= 0.0, b= 0.0, c= 0.0, d= 0.0 with timeout of 5s...
12-10-2024 15:07:54 - INFO - Setting Chmaber Zones to a= 0.0, b= 0.0, c= 0.0, d= 0.0 request successfully sent.
12-10-2024 15:07:54 - INFO - Response from moonraker: {'result': 'ok'}
12-10-2024 15:07:54 - INFO - Setting Chmaber Zones to a= 0.0, b= 0.0, c= 0.0, d= 0.0 Request successfully executed.
12-10-2024 15:07:55 - INFO - Sending request to Setting Chmaber Zones to a= 0.0, b= 0.0, c= 0.0, d= 0.0 with timeout of 5s...
12-10-2024 15:07:55 - INFO - Setting Chmaber Zones to a= 0.0, b= 0.0, c= 0.0, d= 0.0 request successfully sent.
12-10-2024 15:07:55 - INFO - Response from moonraker: {'result': 'ok'}
12-10-2024 15:07:55 - INFO - Setting Chmaber Zones to a= 0.0, b= 0.0, c= 0.0, d= 0.0 Request successfully executed.
12-10-2024 15:07:56 - INFO - Sending request to Setting Chmaber Zones to a= 0.0, b= 0.0, c= 0.0, d= 0.0 with timeout of 5s...
12-10-2024 15:07:56 - INFO - Setting Chmaber Zones to a= 0.0, b= 0.0, c= 0.0, d= 0.0 request successfully sent.
12-10-2024 15:07:56 - INFO - Response from moonraker: {'result': 'ok'}
12-10-2024 15:07:56 - INFO - Setting Chmaber Zones to a= 0.0, b= 0.0, c= 0.0, d= 0.0 Request successfully executed.
12-10-2024 15:07:57 - INFO - Sending request to Setting Chmaber Zones to a= 0.0, b= 0.0, c= 0.0, d= 0.0 with timeout of 5s...
12-10-2024 15:07:57 - INFO - Setting Chmaber Zones to a= 0.0, b= 0.0, c= 0.0, d= 0.0 request successfully sent.
12-10-2024 15:07:57 - INFO - Response from moonraker: {'result': 'ok'}
12-10-2024 15:07:57 - INFO - Setting Chmaber Zones to a= 0.0, b= 0.0, c= 0.0, d= 0.0 Request successfully executed.
12-10-2024 15:07:58 - INFO - Sending request to Setting Chmaber Zones to a= 0.0, b= 0.0, c= 0.0, d= 0.0 with timeout of 5s...
12-10-2024 15:07:58 - INFO - Setting Chmaber Zones to a= 0.0, b= 0.0, c= 0.0, d= 0.0 request successfully sent.
12-10-2024 15:07:58 - INFO - Response from moonraker: {'result': 'ok'}
12-10-2024 15:07:58 - INFO - Setting Chmaber Zones to a= 0.0, b= 0.0, c= 0.0, d= 0.0 Request successfully executed.
12-10-2024 15:07:59 - INFO - Sending request to Setting Chmaber Zones to a= 0.0, b= 0.0, c= 0.0, d= 0.0 with timeout of 5s...
12-10-2024 15:07:59 - INFO - Setting Chmaber Zones to a= 0.0, b= 0.0, c= 0.0, d= 0.0 request successfully sent.
12-10-2024 15:07:59 - INFO - Response from moonraker: {'result': 'ok'}
12-10-2024 15:07:59 - INFO - Setting Chmaber Zones to a= 0.0, b= 0.0, c= 0.0, d= 0.0 Request successfully executed.
12-10-2024 15:08:00 - INFO - Sending request to Setting Chmaber Zones to a= 0.0, b= 0.0, c= 0.0, d= 0.0 with timeout of 5s...
12-10-2024 15:08:00 - INFO - Setting Chmaber Zones to a= 0.0, b= 0.0, c= 0.0, d= 0.0 request successfully sent.
12-10-2024 15:08:00 - INFO - Response from moonraker: {'result': 'ok'}
12-10-2024 15:08:00 - INFO - Setting Chmaber Zones to a= 0.0, b= 0.0, c= 0.0, d= 0.0 Request successfully executed.
12-10-2024 15:08:01 - INFO - Sending request to Setting Chmaber Zones to a= 0.0, b= 0.0, c= 0.0, d= 0.0 with timeout of 5s...
12-10-2024 15:08:01 - INFO - Setting Chmaber Zones to a= 0.0, b= 0.0, c= 0.0, d= 0.0 request successfully sent.
12-10-2024 15:08:01 - INFO - Response from moonraker: {'result': 'ok'}
12-10-2024 15:08:01 - INFO - Setting Chmaber Zones to a= 0.0, b= 0.0, c= 0.0, d= 0.0 Request successfully executed.
12-10-2024 15:08:02 - INFO - Sending request to Setting Chmaber Zones to a= 0.0, b= 0.0, c= 0.0, d= 0.0 with timeout of 5s...
12-10-2024 15:08:02 - INFO - Setting Chmaber Zones to a= 0.0, b= 0.0, c= 0.0, d= 0.0 request successfully sent.
12-10-2024 15:08:02 - INFO - Response from moonraker: {'result': 'ok'}
12-10-2024 15:08:02 - INFO - Setting Chmaber Zones to a= 0.0, b= 0.0, c= 0.0, d= 0.0 Request successfully executed.
12-10-2024 15:08:03 - INFO - Sending request to Setting Chmaber Zones to a= 0.0, b= 0.0, c= 0.0, d= 0.0 with timeout of 5s...
12-10-2024 15:08:03 - INFO - Setting Chmaber Zones to a= 0.0, b= 0.0, c= 0.0, d= 0.0 request successfully sent.
12-10-2024 15:08:03 - INFO - Response from moonraker: {'result': 'ok'}
12-10-2024 15:08:03 - INFO - Setting Chmaber Zones to a= 0.0, b= 0.0, c= 0.0, d= 0.0 Request successfully executed.
12-10-2024 15:08:04 - INFO - Sending request to Setting Chmaber Zones to a= 0.0, b= 0.0, c= 0.0, d= 0.0 with timeout of 5s...
12-10-2024 15:08:04 - INFO - Setting Chmaber Zones to a= 0.0, b= 0.0, c= 0.0, d= 0.0 request successfully sent.
12-10-2024 15:08:04 - INFO - Response from moonraker: {'result': 'ok'}
12-10-2024 15:08:04 - INFO - Setting Chmaber Zones to a= 0.0, b= 0.0, c= 0.0, d= 0.0 Request successfully executed.
12-10-2024 15:08:05 - INFO - Sending request to Setting Chmaber Zones to a= 0.0, b= 0.0, c= 0.0, d= 0.0 with timeout of 5s...
12-10-2024 15:08:05 - INFO - Setting Chmaber Zones to a= 0.0, b= 0.0, c= 0.0, d= 0.0 request successfully sent.
12-10-2024 15:08:05 - INFO - Response from moonraker: {'result': 'ok'}
12-10-2024 15:08:05 - INFO - Setting Chmaber Zones to a= 0.0, b= 0.0, c= 0.0, d= 0.0 Request successfully executed.
12-10-2024 15:08:06 - INFO - Sending request to Setting Chmaber Zones to a= 0.0, b= 0.0, c= 0.0, d= 0.0 with timeout of 5s...
12-10-2024 15:08:06 - INFO - Setting Chmaber Zones to a= 0.0, b= 0.0, c= 0.0, d= 0.0 request successfully sent.
12-10-2024 15:08:06 - INFO - Response from moonraker: {'result': 'ok'}
12-10-2024 15:08:06 - INFO - Setting Chmaber Zones to a= 0.0, b= 0.0, c= 0.0, d= 0.0 Request successfully executed.
12-10-2024 15:08:07 - INFO - Sending request to Setting Chmaber Zones to a= 0.0, b= 0.0, c= 0.0, d= 0.0 with timeout of 5s...
12-10-2024 15:08:07 - INFO - Setting Chmaber Zones to a= 0.0, b= 0.0, c= 0.0, d= 0.0 request successfully sent.
12-10-2024 15:08:07 - INFO - Response from moonraker: {'result': 'ok'}
12-10-2024 15:08:07 - INFO - Setting Chmaber Zones to a= 0.0, b= 0.0, c= 0.0, d= 0.0 Request successfully executed.
12-10-2024 15:08:08 - INFO - Sending request to Setting Chmaber Zones to a= 0.0, b= 0.0, c= 0.0, d= 0.0 with timeout of 5s...
12-10-2024 15:08:08 - INFO - Setting Chmaber Zones to a= 0.0, b= 0.0, c= 0.0, d= 0.0 request successfully sent.
12-10-2024 15:08:08 - INFO - Response from moonraker: {'result': 'ok'}
12-10-2024 15:08:08 - INFO - Setting Chmaber Zones to a= 0.0, b= 0.0, c= 0.0, d= 0.0 Request successfully executed.
12-10-2024 15:08:09 - INFO - Sending request to Setting Chmaber Zones to a= 0.0, b= 0.0, c= 0.0, d= 0.0 with timeout of 5s...
12-10-2024 15:08:09 - INFO - Setting Chmaber Zones to a= 0.0, b= 0.0, c= 0.0, d= 0.0 request successfully sent.
12-10-2024 15:08:09 - INFO - Response from moonraker: {'result': 'ok'}
12-10-2024 15:08:09 - INFO - Setting Chmaber Zones to a= 0.0, b= 0.0, c= 0.0, d= 0.0 Request successfully executed.
12-10-2024 15:08:10 - INFO - Sending request to Setting Chmaber Zones to a= 0.0, b= 0.0, c= 0.0, d= 0.0 with timeout of 5s...
12-10-2024 15:08:10 - INFO - Setting Chmaber Zones to a= 0.0, b= 0.0, c= 0.0, d= 0.0 request successfully sent.
12-10-2024 15:08:10 - INFO - Response from moonraker: {'result': 'ok'}
12-10-2024 15:08:10 - INFO - Setting Chmaber Zones to a= 0.0, b= 0.0, c= 0.0, d= 0.0 Request successfully executed.
12-10-2024 15:08:11 - INFO - Sending request to Setting Chmaber Zones to a= 0.0, b= 0.0, c= 0.0, d= 0.0 with timeout of 5s...
12-10-2024 15:08:11 - INFO - Setting Chmaber Zones to a= 0.0, b= 0.0, c= 0.0, d= 0.0 request successfully sent.
12-10-2024 15:08:11 - INFO - Response from moonraker: {'result': 'ok'}
12-10-2024 15:08:11 - INFO - Setting Chmaber Zones to a= 0.0, b= 0.0, c= 0.0, d= 0.0 Request successfully executed.
12-10-2024 15:08:12 - INFO - Sending request to Setting Chmaber Zones to a= 0.0, b= 0.0, c= 0.0, d= 0.0 with timeout of 5s...
12-10-2024 15:08:12 - INFO - Setting Chmaber Zones to a= 0.0, b= 0.0, c= 0.0, d= 0.0 request successfully sent.
12-10-2024 15:08:12 - INFO - Response from moonraker: {'result': 'ok'}
12-10-2024 15:08:12 - INFO - Setting Chmaber Zones to a= 0.0, b= 0.0, c= 0.0, d= 0.0 Request successfully executed.
12-10-2024 15:08:13 - INFO - Sending request to Setting Chmaber Zones to a= 0.0, b= 0.0, c= 0.0, d= 0.0 with timeout of 5s...
12-10-2024 15:08:13 - INFO - Setting Chmaber Zones to a= 0.0, b= 0.0, c= 0.0, d= 0.0 request successfully sent.
12-10-2024 15:08:13 - INFO - Response from moonraker: {'result': 'ok'}
12-10-2024 15:08:13 - INFO - Setting Chmaber Zones to a= 0.0, b= 0.0, c= 0.0, d= 0.0 Request successfully executed.
12-10-2024 15:08:14 - INFO - Sending request to Setting Chmaber Zones to a= 0.0, b= 0.0, c= 0.0, d= 0.0 with timeout of 5s...
12-10-2024 15:08:15 - INFO - Setting Chmaber Zones to a= 0.0, b= 0.0, c= 0.0, d= 0.0 request successfully sent.
12-10-2024 15:08:15 - INFO - Response from moonraker: {'result': 'ok'}
12-10-2024 15:08:15 - INFO - Setting Chmaber Zones to a= 0.0, b= 0.0, c= 0.0, d= 0.0 Request successfully executed.
12-10-2024 15:08:16 - INFO - Sending request to Setting Chmaber Zones to a= 0.0, b= 0.0, c= 0.0, d= 0.0 with timeout of 5s...
12-10-2024 15:08:16 - INFO - Setting Chmaber Zones to a= 0.0, b= 0.0, c= 0.0, d= 0.0 request successfully sent.
12-10-2024 15:08:16 - INFO - Response from moonraker: {'result': 'ok'}
12-10-2024 15:08:16 - INFO - Setting Chmaber Zones to a= 0.0, b= 0.0, c= 0.0, d= 0.0 Request successfully executed.
12-10-2024 15:08:17 - INFO - Sending request to Setting Chmaber Zones to a= 0.0, b= 0.0, c= 0.0, d= 0.0 with timeout of 5s...
12-10-2024 15:08:17 - INFO - Setting Chmaber Zones to a= 0.0, b= 0.0, c= 0.0, d= 0.0 request successfully sent.
12-10-2024 15:08:17 - INFO - Response from moonraker: {'result': 'ok'}
12-10-2024 15:08:17 - INFO - Setting Chmaber Zones to a= 0.0, b= 0.0, c= 0.0, d= 0.0 Request successfully executed.
12-10-2024 15:08:18 - INFO - Sending request to Setting Chmaber Zones to a= 0.0, b= 0.0, c= 0.0, d= 0.0 with timeout of 5s...
12-10-2024 15:08:18 - INFO - Setting Chmaber Zones to a= 0.0, b= 0.0, c= 0.0, d= 0.0 request successfully sent.
12-10-2024 15:08:18 - INFO - Response from moonraker: {'result': 'ok'}
12-10-2024 15:08:18 - INFO - Setting Chmaber Zones to a= 0.0, b= 0.0, c= 0.0, d= 0.0 Request successfully executed.
12-10-2024 15:08:19 - INFO - Sending request to Setting Chmaber Zones to a= 0.0, b= 0.0, c= 0.0, d= 0.0 with timeout of 5s...
12-10-2024 15:08:19 - INFO - Setting Chmaber Zones to a= 0.0, b= 0.0, c= 0.0, d= 0.0 request successfully sent.
12-10-2024 15:08:19 - INFO - Response from moonraker: {'result': 'ok'}
12-10-2024 15:08:19 - INFO - Setting Chmaber Zones to a= 0.0, b= 0.0, c= 0.0, d= 0.0 Request successfully executed.
12-10-2024 15:08:20 - INFO - Sending request to Setting Chmaber Zones to a= 0.0, b= 0.0, c= 0.0, d= 0.0 with timeout of 5s...
12-10-2024 15:08:20 - INFO - Setting Chmaber Zones to a= 0.0, b= 0.0, c= 0.0, d= 0.0 request successfully sent.
12-10-2024 15:08:20 - INFO - Response from moonraker: {'result': 'ok'}
12-10-2024 15:08:20 - INFO - Setting Chmaber Zones to a= 0.0, b= 0.0, c= 0.0, d= 0.0 Request successfully executed.
12-10-2024 15:08:21 - INFO - Sending request to Setting Chmaber Zones to a= 0.0, b= 0.0, c= 0.0, d= 0.0 with timeout of 5s...
12-10-2024 15:08:21 - INFO - Setting Chmaber Zones to a= 0.0, b= 0.0, c= 0.0, d= 0.0 request successfully sent.
12-10-2024 15:08:21 - INFO - Response from moonraker: {'result': 'ok'}
12-10-2024 15:08:21 - INFO - Setting Chmaber Zones to a= 0.0, b= 0.0, c= 0.0, d= 0.0 Request successfully executed.
12-10-2024 15:08:22 - INFO - Sending request to Setting Chmaber Zones to a= 0.0, b= 0.0, c= 0.0, d= 0.0 with timeout of 5s...
12-10-2024 15:08:22 - INFO - Setting Chmaber Zones to a= 0.0, b= 0.0, c= 0.0, d= 0.0 request successfully sent.
12-10-2024 15:08:22 - INFO - Response from moonraker: {'result': 'ok'}
12-10-2024 15:08:22 - INFO - Setting Chmaber Zones to a= 0.0, b= 0.0, c= 0.0, d= 0.0 Request successfully executed.
12-10-2024 15:08:23 - INFO - Sending request to Setting Chmaber Zones to a= 0.0, b= 0.0, c= 0.0, d= 0.0 with timeout of 5s...
12-10-2024 15:08:23 - INFO - Setting Chmaber Zones to a= 0.0, b= 0.0, c= 0.0, d= 0.0 request successfully sent.
12-10-2024 15:08:23 - INFO - Response from moonraker: {'result': 'ok'}
12-10-2024 15:08:23 - INFO - Setting Chmaber Zones to a= 0.0, b= 0.0, c= 0.0, d= 0.0 Request successfully executed.
12-10-2024 15:08:24 - INFO - Sending request to Setting Chmaber Zones to a= 0.0, b= 0.0, c= 0.0, d= 0.0 with timeout of 5s...
12-10-2024 15:08:24 - INFO - Setting Chmaber Zones to a= 0.0, b= 0.0, c= 0.0, d= 0.0 request successfully sent.
12-10-2024 15:08:24 - INFO - Response from moonraker: {'result': 'ok'}
12-10-2024 15:08:24 - INFO - Setting Chmaber Zones to a= 0.0, b= 0.0, c= 0.0, d= 0.0 Request successfully executed.
12-10-2024 15:08:25 - INFO - Sending request to Setting Chmaber Zones to a= 0.0, b= 0.0, c= 0.0, d= 0.0 with timeout of 5s...
12-10-2024 15:08:25 - INFO - Setting Chmaber Zones to a= 0.0, b= 0.0, c= 0.0, d= 0.0 request successfully sent.
12-10-2024 15:08:25 - INFO - Response from moonraker: {'result': 'ok'}
12-10-2024 15:08:25 - INFO - Setting Chmaber Zones to a= 0.0, b= 0.0, c= 0.0, d= 0.0 Request successfully executed.
12-10-2024 15:08:26 - INFO - Sending request to Setting Chmaber Zones to a= 0.0, b= 0.0, c= 0.0, d= 0.0 with timeout of 5s...
12-10-2024 15:08:26 - INFO - Setting Chmaber Zones to a= 0.0, b= 0.0, c= 0.0, d= 0.0 request successfully sent.
12-10-2024 15:08:26 - INFO - Response from moonraker: {'result': 'ok'}
12-10-2024 15:08:26 - INFO - Setting Chmaber Zones to a= 0.0, b= 0.0, c= 0.0, d= 0.0 Request successfully executed.
12-10-2024 15:08:27 - INFO - Sending request to Setting Chmaber Zones to a= 0.0, b= 0.0, c= 0.0, d= 0.0 with timeout of 5s...
12-10-2024 15:08:27 - INFO - Setting Chmaber Zones to a= 0.0, b= 0.0, c= 0.0, d= 0.0 request successfully sent.
12-10-2024 15:08:27 - INFO - Response from moonraker: {'result': 'ok'}
12-10-2024 15:08:27 - INFO - Setting Chmaber Zones to a= 0.0, b= 0.0, c= 0.0, d= 0.0 Request successfully executed.
12-10-2024 15:08:28 - INFO - Sending request to Setting Chmaber Zones to a= 0.0, b= 0.0, c= 0.0, d= 0.0 with timeout of 5s...
12-10-2024 15:08:28 - INFO - Setting Chmaber Zones to a= 0.0, b= 0.0, c= 0.0, d= 0.0 request successfully sent.
12-10-2024 15:08:28 - INFO - Response from moonraker: {'result': 'ok'}
12-10-2024 15:08:28 - INFO - Setting Chmaber Zones to a= 0.0, b= 0.0, c= 0.0, d= 0.0 Request successfully executed.
12-10-2024 15:08:29 - INFO - Sending request to Setting Chmaber Zones to a= 0.0, b= 0.0, c= 0.0, d= 0.0 with timeout of 5s...
12-10-2024 15:08:29 - INFO - Setting Chmaber Zones to a= 0.0, b= 0.0, c= 0.0, d= 0.0 request successfully sent.
12-10-2024 15:08:29 - INFO - Response from moonraker: {'result': 'ok'}
12-10-2024 15:08:29 - INFO - Setting Chmaber Zones to a= 0.0, b= 0.0, c= 0.0, d= 0.0 Request successfully executed.
12-10-2024 15:08:30 - INFO - Sending request to Setting Chmaber Zones to a= 0.0, b= 0.0, c= 0.0, d= 0.0 with timeout of 5s...
12-10-2024 15:08:30 - INFO - Setting Chmaber Zones to a= 0.0, b= 0.0, c= 0.0, d= 0.0 request successfully sent.
12-10-2024 15:08:30 - INFO - Response from moonraker: {'result': 'ok'}
12-10-2024 15:08:30 - INFO - Setting Chmaber Zones to a= 0.0, b= 0.0, c= 0.0, d= 0.0 Request successfully executed.
12-10-2024 15:08:31 - INFO - Sending request to Setting Chmaber Zones to a= 0.0, b= 0.0, c= 0.0, d= 0.0 with timeout of 5s...
12-10-2024 15:08:31 - INFO - Setting Chmaber Zones to a= 0.0, b= 0.0, c= 0.0, d= 0.0 request successfully sent.
12-10-2024 15:08:31 - INFO - Response from moonraker: {'result': 'ok'}
12-10-2024 15:08:31 - INFO - Setting Chmaber Zones to a= 0.0, b= 0.0, c= 0.0, d= 0.0 Request successfully executed.
12-10-2024 15:08:32 - INFO - Sending request to Setting Chmaber Zones to a= 0.0, b= 0.0, c= 0.0, d= 0.0 with timeout of 5s...
12-10-2024 15:08:32 - INFO - Setting Chmaber Zones to a= 0.0, b= 0.0, c= 0.0, d= 0.0 request successfully sent.
12-10-2024 15:08:32 - INFO - Response from moonraker: {'result': 'ok'}
12-10-2024 15:08:32 - INFO - Setting Chmaber Zones to a= 0.0, b= 0.0, c= 0.0, d= 0.0 Request successfully executed.
12-10-2024 15:08:33 - INFO - Sending request to Setting Chmaber Zones to a= 0.0, b= 0.0, c= 0.0, d= 0.0 with timeout of 5s...
12-10-2024 15:08:33 - INFO - Setting Chmaber Zones to a= 0.0, b= 0.0, c= 0.0, d= 0.0 request successfully sent.
12-10-2024 15:08:33 - INFO - Response from moonraker: {'result': 'ok'}
12-10-2024 15:08:33 - INFO - Setting Chmaber Zones to a= 0.0, b= 0.0, c= 0.0, d= 0.0 Request successfully executed.
12-10-2024 15:08:34 - INFO - Sending request to Setting Chmaber Zones to a= 0.0, b= 0.0, c= 0.0, d= 0.0 with timeout of 5s...
12-10-2024 15:08:34 - INFO - Setting Chmaber Zones to a= 0.0, b= 0.0, c= 0.0, d= 0.0 request successfully sent.
12-10-2024 15:08:34 - INFO - Response from moonraker: {'result': 'ok'}
12-10-2024 15:08:34 - INFO - Setting Chmaber Zones to a= 0.0, b= 0.0, c= 0.0, d= 0.0 Request successfully executed.
12-10-2024 15:08:35 - INFO - Sending request to Setting Chmaber Zones to a= 0.0, b= 0.0, c= 0.0, d= 0.0 with timeout of 5s...
12-10-2024 15:08:35 - INFO - Setting Chmaber Zones to a= 0.0, b= 0.0, c= 0.0, d= 0.0 request successfully sent.
12-10-2024 15:08:35 - INFO - Response from moonraker: {'result': 'ok'}
12-10-2024 15:08:35 - INFO - Setting Chmaber Zones to a= 0.0, b= 0.0, c= 0.0, d= 0.0 Request successfully executed.
12-10-2024 15:08:36 - INFO - Sending request to Setting Chmaber Zones to a= 0.0, b= 0.0, c= 0.0, d= 0.0 with timeout of 5s...
12-10-2024 15:08:36 - INFO - Setting Chmaber Zones to a= 0.0, b= 0.0, c= 0.0, d= 0.0 request successfully sent.
12-10-2024 15:08:36 - INFO - Response from moonraker: {'result': 'ok'}
12-10-2024 15:08:36 - INFO - Setting Chmaber Zones to a= 0.0, b= 0.0, c= 0.0, d= 0.0 Request successfully executed.
12-10-2024 15:08:37 - INFO - Sending request to Setting Chmaber Zones to a= 0.0, b= 0.0, c= 0.0, d= 0.0 with timeout of 5s...
12-10-2024 15:08:37 - INFO - Setting Chmaber Zones to a= 0.0, b= 0.0, c= 0.0, d= 0.0 request successfully sent.
12-10-2024 15:08:37 - INFO - Response from moonraker: {'result': 'ok'}
12-10-2024 15:08:37 - INFO - Setting Chmaber Zones to a= 0.0, b= 0.0, c= 0.0, d= 0.0 Request successfully executed.
12-10-2024 15:08:38 - INFO - Sending request to Setting Chmaber Zones to a= 0.0, b= 0.0, c= 0.0, d= 0.0 with timeout of 5s...
12-10-2024 15:08:38 - INFO - Setting Chmaber Zones to a= 0.0, b= 0.0, c= 0.0, d= 0.0 request successfully sent.
12-10-2024 15:08:38 - INFO - Response from moonraker: {'result': 'ok'}
12-10-2024 15:08:38 - INFO - Setting Chmaber Zones to a= 0.0, b= 0.0, c= 0.0, d= 0.0 Request successfully executed.
12-10-2024 15:08:39 - INFO - Sending request to Setting Chmaber Zones to a= 0.0, b= 0.0, c= 0.0, d= 0.0 with timeout of 5s...
12-10-2024 15:08:39 - INFO - Setting Chmaber Zones to a= 0.0, b= 0.0, c= 0.0, d= 0.0 request successfully sent.
12-10-2024 15:08:39 - INFO - Response from moonraker: {'result': 'ok'}
12-10-2024 15:08:39 - INFO - Setting Chmaber Zones to a= 0.0, b= 0.0, c= 0.0, d= 0.0 Request successfully executed.
12-10-2024 15:08:40 - INFO - Sending request to Setting Chmaber Zones to a= 0.0, b= 0.0, c= 0.0, d= 0.0 with timeout of 5s...
12-10-2024 15:08:40 - INFO - Setting Chmaber Zones to a= 0.0, b= 0.0, c= 0.0, d= 0.0 request successfully sent.
12-10-2024 15:08:40 - INFO - Response from moonraker: {'result': 'ok'}
12-10-2024 15:08:40 - INFO - Setting Chmaber Zones to a= 0.0, b= 0.0, c= 0.0, d= 0.0 Request successfully executed.
12-10-2024 15:08:41 - INFO - Sending request to Setting Chmaber Zones to a= 0.0, b= 0.0, c= 0.0, d= 0.0 with timeout of 5s...
12-10-2024 15:08:41 - INFO - Setting Chmaber Zones to a= 0.0, b= 0.0, c= 0.0, d= 0.0 request successfully sent.
12-10-2024 15:08:41 - INFO - Response from moonraker: {'result': 'ok'}
12-10-2024 15:08:41 - INFO - Setting Chmaber Zones to a= 0.0, b= 0.0, c= 0.0, d= 0.0 Request successfully executed.
12-10-2024 15:08:42 - INFO - Sending request to Setting Chmaber Zones to a= 0.0, b= 0.0, c= 0.0, d= 0.0 with timeout of 5s...
12-10-2024 15:08:42 - INFO - Setting Chmaber Zones to a= 0.0, b= 0.0, c= 0.0, d= 0.0 request successfully sent.
12-10-2024 15:08:42 - INFO - Response from moonraker: {'result': 'ok'}
12-10-2024 15:08:42 - INFO - Setting Chmaber Zones to a= 0.0, b= 0.0, c= 0.0, d= 0.0 Request successfully executed.
12-10-2024 15:08:43 - INFO - Sending request to Setting Chmaber Zones to a= 0.0, b= 0.0, c= 0.0, d= 0.0 with timeout of 5s...
12-10-2024 15:08:43 - INFO - Setting Chmaber Zones to a= 0.0, b= 0.0, c= 0.0, d= 0.0 request successfully sent.
12-10-2024 15:08:43 - INFO - Response from moonraker: {'result': 'ok'}
12-10-2024 15:08:43 - INFO - Setting Chmaber Zones to a= 0.0, b= 0.0, c= 0.0, d= 0.0 Request successfully executed.
12-10-2024 15:08:44 - INFO - Sending request to Setting Chmaber Zones to a= 0.0, b= 0.0, c= 0.0, d= 0.0 with timeout of 5s...
12-10-2024 15:08:44 - INFO - Setting Chmaber Zones to a= 0.0, b= 0.0, c= 0.0, d= 0.0 request successfully sent.
12-10-2024 15:08:44 - INFO - Response from moonraker: {'result': 'ok'}
12-10-2024 15:08:44 - INFO - Setting Chmaber Zones to a= 0.0, b= 0.0, c= 0.0, d= 0.0 Request successfully executed.
12-10-2024 15:08:45 - INFO - Sending request to Setting Chmaber Zones to a= 0.0, b= 0.0, c= 0.0, d= 0.0 with timeout of 5s...
12-10-2024 15:08:45 - INFO - Setting Chmaber Zones to a= 0.0, b= 0.0, c= 0.0, d= 0.0 request successfully sent.
12-10-2024 15:08:45 - INFO - Response from moonraker: {'result': 'ok'}
12-10-2024 15:08:45 - INFO - Setting Chmaber Zones to a= 0.0, b= 0.0, c= 0.0, d= 0.0 Request successfully executed.
12-10-2024 15:08:46 - INFO - Sending request to Setting Chmaber Zones to a= 0.0, b= 0.0, c= 0.0, d= 0.0 with timeout of 5s...
12-10-2024 15:08:46 - INFO - Setting Chmaber Zones to a= 0.0, b= 0.0, c= 0.0, d= 0.0 request successfully sent.
12-10-2024 15:08:46 - INFO - Response from moonraker: {'result': 'ok'}
12-10-2024 15:08:46 - INFO - Setting Chmaber Zones to a= 0.0, b= 0.0, c= 0.0, d= 0.0 Request successfully executed.
12-10-2024 15:08:47 - INFO - Sending request to Setting Chmaber Zones to a= 0.0, b= 0.0, c= 0.0, d= 0.0 with timeout of 5s...
12-10-2024 15:08:47 - INFO - Setting Chmaber Zones to a= 0.0, b= 0.0, c= 0.0, d= 0.0 request successfully sent.
12-10-2024 15:08:47 - INFO - Response from moonraker: {'result': 'ok'}
12-10-2024 15:08:47 - INFO - Setting Chmaber Zones to a= 0.0, b= 0.0, c= 0.0, d= 0.0 Request successfully executed.
12-10-2024 15:08:48 - INFO - Sending request to Setting Chmaber Zones to a= 0.0, b= 0.0, c= 0.0, d= 0.0 with timeout of 5s...
12-10-2024 15:08:49 - INFO - Setting Chmaber Zones to a= 0.0, b= 0.0, c= 0.0, d= 0.0 request successfully sent.
12-10-2024 15:08:49 - INFO - Response from moonraker: {'result': 'ok'}
12-10-2024 15:08:49 - INFO - Setting Chmaber Zones to a= 0.0, b= 0.0, c= 0.0, d= 0.0 Request successfully executed.
12-10-2024 15:08:50 - INFO - Sending request to Setting Chmaber Zones to a= 0.0, b= 0.0, c= 0.0, d= 0.0 with timeout of 5s...
12-10-2024 15:08:50 - INFO - Setting Chmaber Zones to a= 0.0, b= 0.0, c= 0.0, d= 0.0 request successfully sent.
12-10-2024 15:08:50 - INFO - Response from moonraker: {'result': 'ok'}
12-10-2024 15:08:50 - INFO - Setting Chmaber Zones to a= 0.0, b= 0.0, c= 0.0, d= 0.0 Request successfully executed.
12-10-2024 15:08:51 - INFO - Sending request to Setting Chmaber Zones to a= 0.0, b= 0.0, c= 0.0, d= 0.0 with timeout of 5s...
12-10-2024 15:08:51 - INFO - Setting Chmaber Zones to a= 0.0, b= 0.0, c= 0.0, d= 0.0 request successfully sent.
12-10-2024 15:08:51 - INFO - Response from moonraker: {'result': 'ok'}
12-10-2024 15:08:51 - INFO - Setting Chmaber Zones to a= 0.0, b= 0.0, c= 0.0, d= 0.0 Request successfully executed.
12-10-2024 15:08:52 - INFO - Sending request to Setting Chmaber Zones to a= 0.0, b= 0.0, c= 0.0, d= 0.0 with timeout of 5s...
12-10-2024 15:08:52 - INFO - Setting Chmaber Zones to a= 0.0, b= 0.0, c= 0.0, d= 0.0 request successfully sent.
12-10-2024 15:08:52 - INFO - Response from moonraker: {'result': 'ok'}
12-10-2024 15:08:52 - INFO - Setting Chmaber Zones to a= 0.0, b= 0.0, c= 0.0, d= 0.0 Request successfully executed.
12-10-2024 15:08:53 - INFO - Sending request to Setting Chmaber Zones to a= 0.0, b= 0.0, c= 0.0, d= 0.0 with timeout of 5s...
12-10-2024 15:08:53 - INFO - Setting Chmaber Zones to a= 0.0, b= 0.0, c= 0.0, d= 0.0 request successfully sent.
12-10-2024 15:08:53 - INFO - Response from moonraker: {'result': 'ok'}
12-10-2024 15:08:53 - INFO - Setting Chmaber Zones to a= 0.0, b= 0.0, c= 0.0, d= 0.0 Request successfully executed.
12-10-2024 15:08:54 - INFO - Sending request to Setting Chmaber Zones to a= 0.0, b= 0.0, c= 0.0, d= 0.0 with timeout of 5s...
12-10-2024 15:08:54 - INFO - Setting Chmaber Zones to a= 0.0, b= 0.0, c= 0.0, d= 0.0 request successfully sent.
12-10-2024 15:08:54 - INFO - Response from moonraker: {'result': 'ok'}
12-10-2024 15:08:54 - INFO - Setting Chmaber Zones to a= 0.0, b= 0.0, c= 0.0, d= 0.0 Request successfully executed.
12-10-2024 15:08:55 - INFO - Sending request to Setting Chmaber Zones to a= 0.0, b= 0.0, c= 0.0, d= 0.0 with timeout of 5s...
12-10-2024 15:08:55 - INFO - Setting Chmaber Zones to a= 0.0, b= 0.0, c= 0.0, d= 0.0 request successfully sent.
12-10-2024 15:08:55 - INFO - Response from moonraker: {'result': 'ok'}
12-10-2024 15:08:55 - INFO - Setting Chmaber Zones to a= 0.0, b= 0.0, c= 0.0, d= 0.0 Request successfully executed.
12-10-2024 15:08:56 - INFO - Sending request to Setting Chmaber Zones to a= 0.0, b= 0.0, c= 0.0, d= 0.0 with timeout of 5s...
12-10-2024 15:08:56 - INFO - Setting Chmaber Zones to a= 0.0, b= 0.0, c= 0.0, d= 0.0 request successfully sent.
12-10-2024 15:08:56 - INFO - Response from moonraker: {'result': 'ok'}
12-10-2024 15:08:56 - INFO - Setting Chmaber Zones to a= 0.0, b= 0.0, c= 0.0, d= 0.0 Request successfully executed.
12-10-2024 15:08:57 - INFO - Sending request to Setting Chmaber Zones to a= 0.0, b= 0.0, c= 0.0, d= 0.0 with timeout of 5s...
12-10-2024 15:08:57 - INFO - Setting Chmaber Zones to a= 0.0, b= 0.0, c= 0.0, d= 0.0 request successfully sent.
12-10-2024 15:08:57 - INFO - Response from moonraker: {'result': 'ok'}
12-10-2024 15:08:57 - INFO - Setting Chmaber Zones to a= 0.0, b= 0.0, c= 0.0, d= 0.0 Request successfully executed.
12-10-2024 15:08:58 - INFO - Sending request to Setting Chmaber Zones to a= 0.0, b= 0.0, c= 0.0, d= 0.0 with timeout of 5s...
12-10-2024 15:08:58 - INFO - Setting Chmaber Zones to a= 0.0, b= 0.0, c= 0.0, d= 0.0 request successfully sent.
12-10-2024 15:08:58 - INFO - Response from moonraker: {'result': 'ok'}
12-10-2024 15:08:58 - INFO - Setting Chmaber Zones to a= 0.0, b= 0.0, c= 0.0, d= 0.0 Request successfully executed.
12-10-2024 15:08:59 - INFO - Sending request to Setting Chmaber Zones to a= 0.0, b= 0.0, c= 0.0, d= 0.0 with timeout of 5s...
12-10-2024 15:08:59 - INFO - Setting Chmaber Zones to a= 0.0, b= 0.0, c= 0.0, d= 0.0 request successfully sent.
12-10-2024 15:08:59 - INFO - Response from moonraker: {'result': 'ok'}
12-10-2024 15:08:59 - INFO - Setting Chmaber Zones to a= 0.0, b= 0.0, c= 0.0, d= 0.0 Request successfully executed.
12-10-2024 15:09:00 - INFO - Sending request to Setting Chmaber Zones to a= 0.0, b= 0.0, c= 0.0, d= 0.0 with timeout of 5s...
12-10-2024 15:09:00 - INFO - Setting Chmaber Zones to a= 0.0, b= 0.0, c= 0.0, d= 0.0 request successfully sent.
12-10-2024 15:09:00 - INFO - Response from moonraker: {'result': 'ok'}
12-10-2024 15:09:00 - INFO - Setting Chmaber Zones to a= 0.0, b= 0.0, c= 0.0, d= 0.0 Request successfully executed.
12-10-2024 15:09:01 - INFO - Sending request to Setting Chmaber Zones to a= 0.0, b= 0.0, c= 0.0, d= 0.0 with timeout of 5s...
12-10-2024 15:09:01 - INFO - Setting Chmaber Zones to a= 0.0, b= 0.0, c= 0.0, d= 0.0 request successfully sent.
12-10-2024 15:09:01 - INFO - Response from moonraker: {'result': 'ok'}
12-10-2024 15:09:01 - INFO - Setting Chmaber Zones to a= 0.0, b= 0.0, c= 0.0, d= 0.0 Request successfully executed.
12-10-2024 15:09:02 - INFO - Sending request to Setting Chmaber Zones to a= 0.0, b= 0.0, c= 0.0, d= 0.0 with timeout of 5s...
12-10-2024 15:09:02 - INFO - Setting Chmaber Zones to a= 0.0, b= 0.0, c= 0.0, d= 0.0 request successfully sent.
12-10-2024 15:09:02 - INFO - Response from moonraker: {'result': 'ok'}
12-10-2024 15:09:02 - INFO - Setting Chmaber Zones to a= 0.0, b= 0.0, c= 0.0, d= 0.0 Request successfully executed.
12-10-2024 15:09:03 - INFO - Sending request to Setting Chmaber Zones to a= 0.0, b= 0.0, c= 0.0, d= 0.0 with timeout of 5s...
12-10-2024 15:09:03 - INFO - Setting Chmaber Zones to a= 0.0, b= 0.0, c= 0.0, d= 0.0 request successfully sent.
12-10-2024 15:09:03 - INFO - Response from moonraker: {'result': 'ok'}
12-10-2024 15:09:03 - INFO - Setting Chmaber Zones to a= 0.0, b= 0.0, c= 0.0, d= 0.0 Request successfully executed.
12-10-2024 15:09:04 - INFO - Sending request to Setting Chmaber Zones to a= 0.0, b= 0.0, c= 0.0, d= 0.0 with timeout of 5s...
12-10-2024 15:09:04 - INFO - Setting Chmaber Zones to a= 0.0, b= 0.0, c= 0.0, d= 0.0 request successfully sent.
12-10-2024 15:09:04 - INFO - Response from moonraker: {'result': 'ok'}
12-10-2024 15:09:04 - INFO - Setting Chmaber Zones to a= 0.0, b= 0.0, c= 0.0, d= 0.0 Request successfully executed.
12-10-2024 15:09:05 - INFO - Sending request to Setting Chmaber Zones to a= 0.0, b= 0.0, c= 0.0, d= 0.0 with timeout of 5s...
12-10-2024 15:09:05 - INFO - Setting Chmaber Zones to a= 0.0, b= 0.0, c= 0.0, d= 0.0 request successfully sent.
12-10-2024 15:09:05 - INFO - Response from moonraker: {'result': 'ok'}
12-10-2024 15:09:05 - INFO - Setting Chmaber Zones to a= 0.0, b= 0.0, c= 0.0, d= 0.0 Request successfully executed.
12-10-2024 15:09:06 - INFO - Sending request to Setting Chmaber Zones to a= 0.0, b= 0.0, c= 0.0, d= 0.0 with timeout of 5s...
12-10-2024 15:09:06 - INFO - Setting Chmaber Zones to a= 0.0, b= 0.0, c= 0.0, d= 0.0 request successfully sent.
12-10-2024 15:09:06 - INFO - Response from moonraker: {'result': 'ok'}
12-10-2024 15:09:06 - INFO - Setting Chmaber Zones to a= 0.0, b= 0.0, c= 0.0, d= 0.0 Request successfully executed.
12-10-2024 15:09:07 - INFO - Sending request to Setting Chmaber Zones to a= 0.0, b= 0.0, c= 0.0, d= 0.0 with timeout of 5s...
12-10-2024 15:09:07 - INFO - Setting Chmaber Zones to a= 0.0, b= 0.0, c= 0.0, d= 0.0 request successfully sent.
12-10-2024 15:09:07 - INFO - Response from moonraker: {'result': 'ok'}
12-10-2024 15:09:07 - INFO - Setting Chmaber Zones to a= 0.0, b= 0.0, c= 0.0, d= 0.0 Request successfully executed.
12-10-2024 15:09:08 - INFO - Sending request to Setting Chmaber Zones to a= 0.0, b= 0.0, c= 0.0, d= 0.0 with timeout of 5s...
12-10-2024 15:09:08 - INFO - Setting Chmaber Zones to a= 0.0, b= 0.0, c= 0.0, d= 0.0 request successfully sent.
12-10-2024 15:09:08 - INFO - Response from moonraker: {'result': 'ok'}
12-10-2024 15:09:08 - INFO - Setting Chmaber Zones to a= 0.0, b= 0.0, c= 0.0, d= 0.0 Request successfully executed.
12-10-2024 15:09:09 - INFO - Sending request to Setting Chmaber Zones to a= 0.6899999999999877, b= 0.6899999999999877, c= 0.6899999999999877, d= 0.6899999999999877 with timeout of 5s...
12-10-2024 15:09:09 - INFO - Setting Chmaber Zones to a= 0.6899999999999877, b= 0.6899999999999877, c= 0.6899999999999877, d= 0.6899999999999877 request successfully sent.
12-10-2024 15:09:09 - INFO - Response from moonraker: {'result': 'ok'}
12-10-2024 15:09:09 - INFO - Setting Chmaber Zones to a= 0.6899999999999877, b= 0.6899999999999877, c= 0.6899999999999877, d= 0.6899999999999877 Request successfully executed.
12-10-2024 15:09:10 - INFO - Sending request to Setting Chmaber Zones to a= 1.0, b= 1.0, c= 1.0, d= 1.0 with timeout of 5s...
12-10-2024 15:09:10 - INFO - Setting Chmaber Zones to a= 1.0, b= 1.0, c= 1.0, d= 1.0 request successfully sent.
12-10-2024 15:09:10 - INFO - Response from moonraker: {'result': 'ok'}
12-10-2024 15:09:10 - INFO - Setting Chmaber Zones to a= 1.0, b= 1.0, c= 1.0, d= 1.0 Request successfully executed.
12-10-2024 15:09:11 - INFO - Sending request to Setting Chmaber Zones to a= 1.0, b= 1.0, c= 1.0, d= 1.0 with timeout of 5s...
12-10-2024 15:09:11 - INFO - Setting Chmaber Zones to a= 1.0, b= 1.0, c= 1.0, d= 1.0 request successfully sent.
12-10-2024 15:09:11 - INFO - Response from moonraker: {'result': 'ok'}
12-10-2024 15:09:11 - INFO - Setting Chmaber Zones to a= 1.0, b= 1.0, c= 1.0, d= 1.0 Request successfully executed.
12-10-2024 15:09:12 - INFO - Sending request to Setting Chmaber Zones to a= 1.0, b= 1.0, c= 1.0, d= 1.0 with timeout of 5s...
12-10-2024 15:09:12 - INFO - Setting Chmaber Zones to a= 1.0, b= 1.0, c= 1.0, d= 1.0 request successfully sent.
12-10-2024 15:09:12 - INFO - Response from moonraker: {'result': 'ok'}
12-10-2024 15:09:12 - INFO - Setting Chmaber Zones to a= 1.0, b= 1.0, c= 1.0, d= 1.0 Request successfully executed.
12-10-2024 15:09:13 - INFO - Sending request to Setting Chmaber Zones to a= 1.0, b= 1.0, c= 1.0, d= 1.0 with timeout of 5s...
12-10-2024 15:09:13 - INFO - Setting Chmaber Zones to a= 1.0, b= 1.0, c= 1.0, d= 1.0 request successfully sent.
12-10-2024 15:09:13 - INFO - Response from moonraker: {'result': 'ok'}
12-10-2024 15:09:13 - INFO - Setting Chmaber Zones to a= 1.0, b= 1.0, c= 1.0, d= 1.0 Request successfully executed.
12-10-2024 15:09:14 - INFO - Sending request to Setting Chmaber Zones to a= 0.39699999999998725, b= 0.39699999999998725, c= 0.39699999999998725, d= 0.39699999999998725 with timeout of 5s...
12-10-2024 15:09:14 - INFO - Setting Chmaber Zones to a= 0.39699999999998725, b= 0.39699999999998725, c= 0.39699999999998725, d= 0.39699999999998725 request successfully sent.
12-10-2024 15:09:14 - INFO - Response from moonraker: {'result': 'ok'}
12-10-2024 15:09:14 - INFO - Setting Chmaber Zones to a= 0.39699999999998725, b= 0.39699999999998725, c= 0.39699999999998725, d= 0.39699999999998725 Request successfully executed.
12-10-2024 15:09:15 - INFO - Sending request to Setting Chmaber Zones to a= 0.0, b= 0.0, c= 0.0, d= 0.0 with timeout of 5s...
12-10-2024 15:09:15 - INFO - Setting Chmaber Zones to a= 0.0, b= 0.0, c= 0.0, d= 0.0 request successfully sent.
12-10-2024 15:09:15 - INFO - Response from moonraker: {'result': 'ok'}
12-10-2024 15:09:15 - INFO - Setting Chmaber Zones to a= 0.0, b= 0.0, c= 0.0, d= 0.0 Request successfully executed.
12-10-2024 15:09:16 - INFO - Sending request to Setting Chmaber Zones to a= 0.0, b= 0.0, c= 0.0, d= 0.0 with timeout of 5s...
12-10-2024 15:09:16 - INFO - Setting Chmaber Zones to a= 0.0, b= 0.0, c= 0.0, d= 0.0 request successfully sent.
12-10-2024 15:09:16 - INFO - Response from moonraker: {'result': 'ok'}
12-10-2024 15:09:16 - INFO - Setting Chmaber Zones to a= 0.0, b= 0.0, c= 0.0, d= 0.0 Request successfully executed.
12-10-2024 15:09:17 - INFO - Sending request to Setting Chmaber Zones to a= 0.0, b= 0.0, c= 0.0, d= 0.0 with timeout of 5s...
12-10-2024 15:09:17 - INFO - Setting Chmaber Zones to a= 0.0, b= 0.0, c= 0.0, d= 0.0 request successfully sent.
12-10-2024 15:09:17 - INFO - Response from moonraker: {'result': 'ok'}
12-10-2024 15:09:17 - INFO - Setting Chmaber Zones to a= 0.0, b= 0.0, c= 0.0, d= 0.0 Request successfully executed.
12-10-2024 15:09:18 - INFO - Sending request to Setting Chmaber Zones to a= 0.0, b= 0.0, c= 0.0, d= 0.0 with timeout of 5s...
12-10-2024 15:09:18 - INFO - Setting Chmaber Zones to a= 0.0, b= 0.0, c= 0.0, d= 0.0 request successfully sent.
12-10-2024 15:09:18 - INFO - Response from moonraker: {'result': 'ok'}
12-10-2024 15:09:18 - INFO - Setting Chmaber Zones to a= 0.0, b= 0.0, c= 0.0, d= 0.0 Request successfully executed.
12-10-2024 15:09:19 - INFO - Sending request to Setting Chmaber Zones to a= 0.0, b= 0.0, c= 0.0, d= 0.0 with timeout of 5s...
12-10-2024 15:09:19 - INFO - Setting Chmaber Zones to a= 0.0, b= 0.0, c= 0.0, d= 0.0 request successfully sent.
12-10-2024 15:09:19 - INFO - Response from moonraker: {'result': 'ok'}
12-10-2024 15:09:19 - INFO - Setting Chmaber Zones to a= 0.0, b= 0.0, c= 0.0, d= 0.0 Request successfully executed.
12-10-2024 15:09:20 - INFO - Sending request to Setting Chmaber Zones to a= 0.0, b= 0.0, c= 0.0, d= 0.0 with timeout of 5s...
12-10-2024 15:09:21 - INFO - Setting Chmaber Zones to a= 0.0, b= 0.0, c= 0.0, d= 0.0 request successfully sent.
12-10-2024 15:09:21 - INFO - Response from moonraker: {'result': 'ok'}
12-10-2024 15:09:21 - INFO - Setting Chmaber Zones to a= 0.0, b= 0.0, c= 0.0, d= 0.0 Request successfully executed.
12-10-2024 15:09:22 - INFO - Sending request to Setting Chmaber Zones to a= 0.0, b= 0.0, c= 0.0, d= 0.0 with timeout of 5s...
12-10-2024 15:09:22 - INFO - Setting Chmaber Zones to a= 0.0, b= 0.0, c= 0.0, d= 0.0 request successfully sent.
12-10-2024 15:09:22 - INFO - Response from moonraker: {'result': 'ok'}
12-10-2024 15:09:22 - INFO - Setting Chmaber Zones to a= 0.0, b= 0.0, c= 0.0, d= 0.0 Request successfully executed.
