11-10-2024 22:50:46 - INFO - Sending request to Setting chamber_heater2 Heater Temp to 1063.7695684999999 for chamber setpoint of 314.15 with timeout of 5s...
11-10-2024 22:50:46 - ERROR - E104: Error while executing Setting chamber_heater2 Heater Temp to 1063.7695684999999 for chamber setpoint of 314.15 
 400 Client Error: Requested temperature (1063.8) out of range (-100.0:1000.0) for url: http://192.168.0.231/printer/gcode/script?script=SET_HEATER_TEMPERATURE+HEATER%3Dchamber_heater2+TARGET%3D1063.7695684999999
11-10-2024 22:50:46 - INFO - Sending request to Setting chamber_heater3 Heater Temp to 1063.7695684999999 for chamber setpoint of 314.15 with timeout of 5s...
11-10-2024 22:50:46 - ERROR - E104: Error while executing Setting chamber_heater3 Heater Temp to 1063.7695684999999 for chamber setpoint of 314.15 
 400 Client Error: Requested temperature (1063.8) out of range (-100.0:1000.0) for url: http://192.168.0.231/printer/gcode/script?script=SET_HEATER_TEMPERATURE+HEATER%3Dchamber_heater3+TARGET%3D1063.7695684999999
11-10-2024 22:50:46 - INFO - Sending request to Setting chamber_heater4 Heater Temp to 1063.7695684999999 for chamber setpoint of 314.15 with timeout of 5s...
11-10-2024 22:50:46 - ERROR - E104: Error while executing Setting chamber_heater4 Heater Temp to 1063.7695684999999 for chamber setpoint of 314.15 
 400 Client Error: Requested temperature (1063.8) out of range (-100.0:1000.0) for url: http://192.168.0.231/printer/gcode/script?script=SET_HEATER_TEMPERATURE+HEATER%3Dchamber_heater4+TARGET%3D1063.7695684999999
11-10-2024 22:50:46 - INFO - Sending request to Setting chamber_heater5 Heater Temp to 986.7261575 for chamber setpoint of 314.15 with timeout of 5s...
11-10-2024 22:50:46 - INFO - Setting chamber_heater5 Heater Temp to 986.7261575 for chamber setpoint of 314.15 request successfully sent.
11-10-2024 22:50:46 - INFO - Response from moonraker: {'result': 'ok'}
11-10-2024 22:50:46 - INFO - Setting chamber_heater5 Heater Temp to 986.7261575 for chamber setpoint of 314.15 Request successfully executed.
11-10-2024 22:50:46 - INFO - Sending request to Setting chamber_heater6 Heater Temp to 986.7261575 for chamber setpoint of 314.15 with timeout of 5s...
11-10-2024 22:50:46 - INFO - Setting chamber_heater6 Heater Temp to 986.7261575 for chamber setpoint of 314.15 request successfully sent.
11-10-2024 22:50:46 - INFO - Response from moonraker: {'result': 'ok'}
11-10-2024 22:50:46 - INFO - Setting chamber_heater6 Heater Temp to 986.7261575 for chamber setpoint of 314.15 Request successfully executed.
11-10-2024 22:50:46 - INFO - Sending request to Setting chamber_heater7 Heater Temp to 986.7261575 for chamber setpoint of 314.15 with timeout of 5s...
11-10-2024 22:50:46 - INFO - Setting chamber_heater7 Heater Temp to 986.7261575 for chamber setpoint of 314.15 request successfully sent.
11-10-2024 22:50:46 - INFO - Response from moonraker: {'result': 'ok'}
11-10-2024 22:50:46 - INFO - Setting chamber_heater7 Heater Temp to 986.7261575 for chamber setpoint of 314.15 Request successfully executed.
11-10-2024 22:50:46 - INFO - Sending request to Setting chamber_heater11 Heater Temp to 986.7261575 for chamber setpoint of 314.15 with timeout of 5s...
11-10-2024 22:50:46 - INFO - Setting chamber_heater11 Heater Temp to 986.7261575 for chamber setpoint of 314.15 request successfully sent.
11-10-2024 22:50:46 - INFO - Response from moonraker: {'result': 'ok'}
11-10-2024 22:50:46 - INFO - Setting chamber_heater11 Heater Temp to 986.7261575 for chamber setpoint of 314.15 Request successfully executed.
11-10-2024 22:50:46 - INFO - Sending request to Setting chamber_heater12 Heater Temp to 986.7261575 for chamber setpoint of 314.15 with timeout of 5s...
11-10-2024 22:50:46 - INFO - Setting chamber_heater12 Heater Temp to 986.7261575 for chamber setpoint of 314.15 request successfully sent.
11-10-2024 22:50:46 - INFO - Response from moonraker: {'result': 'ok'}
11-10-2024 22:50:46 - INFO - Setting chamber_heater12 Heater Temp to 986.7261575 for chamber setpoint of 314.15 Request successfully executed.
11-10-2024 22:50:47 - INFO - Sending request to Setting chamber_heater2 Heater Temp to 1063.7695684999999 for chamber setpoint of 314.15 with timeout of 5s...
11-10-2024 22:50:47 - ERROR - E104: Error while executing Setting chamber_heater2 Heater Temp to 1063.7695684999999 for chamber setpoint of 314.15 
 400 Client Error: Requested temperature (1063.8) out of range (-100.0:1000.0) for url: http://192.168.0.231/printer/gcode/script?script=SET_HEATER_TEMPERATURE+HEATER%3Dchamber_heater2+TARGET%3D1063.7695684999999
11-10-2024 22:50:47 - INFO - Sending request to Setting chamber_heater3 Heater Temp to 1063.7695684999999 for chamber setpoint of 314.15 with timeout of 5s...
11-10-2024 22:50:47 - ERROR - E104: Error while executing Setting chamber_heater3 Heater Temp to 1063.7695684999999 for chamber setpoint of 314.15 
 400 Client Error: Requested temperature (1063.8) out of range (-100.0:1000.0) for url: http://192.168.0.231/printer/gcode/script?script=SET_HEATER_TEMPERATURE+HEATER%3Dchamber_heater3+TARGET%3D1063.7695684999999
11-10-2024 22:50:47 - INFO - Sending request to Setting chamber_heater4 Heater Temp to 1063.7695684999999 for chamber setpoint of 314.15 with timeout of 5s...
11-10-2024 22:50:47 - ERROR - E104: Error while executing Setting chamber_heater4 Heater Temp to 1063.7695684999999 for chamber setpoint of 314.15 
 400 Client Error: Requested temperature (1063.8) out of range (-100.0:1000.0) for url: http://192.168.0.231/printer/gcode/script?script=SET_HEATER_TEMPERATURE+HEATER%3Dchamber_heater4+TARGET%3D1063.7695684999999
11-10-2024 22:50:47 - INFO - Sending request to Setting chamber_heater5 Heater Temp to 986.7261575 for chamber setpoint of 314.15 with timeout of 5s...
11-10-2024 22:50:47 - INFO - Setting chamber_heater5 Heater Temp to 986.7261575 for chamber setpoint of 314.15 request successfully sent.
11-10-2024 22:50:47 - INFO - Response from moonraker: {'result': 'ok'}
11-10-2024 22:50:47 - INFO - Setting chamber_heater5 Heater Temp to 986.7261575 for chamber setpoint of 314.15 Request successfully executed.
11-10-2024 22:50:47 - INFO - Sending request to Setting chamber_heater6 Heater Temp to 986.7261575 for chamber setpoint of 314.15 with timeout of 5s...
11-10-2024 22:50:47 - INFO - Setting chamber_heater6 Heater Temp to 986.7261575 for chamber setpoint of 314.15 request successfully sent.
11-10-2024 22:50:47 - INFO - Response from moonraker: {'result': 'ok'}
11-10-2024 22:50:47 - INFO - Setting chamber_heater6 Heater Temp to 986.7261575 for chamber setpoint of 314.15 Request successfully executed.
11-10-2024 22:50:47 - INFO - Sending request to Setting chamber_heater7 Heater Temp to 986.7261575 for chamber setpoint of 314.15 with timeout of 5s...
11-10-2024 22:50:47 - INFO - Setting chamber_heater7 Heater Temp to 986.7261575 for chamber setpoint of 314.15 request successfully sent.
11-10-2024 22:50:47 - INFO - Response from moonraker: {'result': 'ok'}
11-10-2024 22:50:47 - INFO - Setting chamber_heater7 Heater Temp to 986.7261575 for chamber setpoint of 314.15 Request successfully executed.
11-10-2024 22:50:47 - INFO - Sending request to Setting chamber_heater11 Heater Temp to 986.7261575 for chamber setpoint of 314.15 with timeout of 5s...
11-10-2024 22:50:47 - INFO - Setting chamber_heater11 Heater Temp to 986.7261575 for chamber setpoint of 314.15 request successfully sent.
11-10-2024 22:50:47 - INFO - Response from moonraker: {'result': 'ok'}
11-10-2024 22:50:47 - INFO - Setting chamber_heater11 Heater Temp to 986.7261575 for chamber setpoint of 314.15 Request successfully executed.
11-10-2024 22:50:47 - INFO - Sending request to Setting chamber_heater12 Heater Temp to 986.7261575 for chamber setpoint of 314.15 with timeout of 5s...
11-10-2024 22:50:47 - INFO - Setting chamber_heater12 Heater Temp to 986.7261575 for chamber setpoint of 314.15 request successfully sent.
11-10-2024 22:50:47 - INFO - Response from moonraker: {'result': 'ok'}
11-10-2024 22:50:47 - INFO - Setting chamber_heater12 Heater Temp to 986.7261575 for chamber setpoint of 314.15 Request successfully executed.
11-10-2024 22:50:48 - INFO - Sending request to Setting chamber_heater2 Heater Temp to 1063.7695684999999 for chamber setpoint of 314.15 with timeout of 5s...
11-10-2024 22:50:48 - ERROR - E104: Error while executing Setting chamber_heater2 Heater Temp to 1063.7695684999999 for chamber setpoint of 314.15 
 400 Client Error: Requested temperature (1063.8) out of range (-100.0:1000.0) for url: http://192.168.0.231/printer/gcode/script?script=SET_HEATER_TEMPERATURE+HEATER%3Dchamber_heater2+TARGET%3D1063.7695684999999
11-10-2024 22:50:48 - INFO - Sending request to Setting chamber_heater3 Heater Temp to 1063.7695684999999 for chamber setpoint of 314.15 with timeout of 5s...
11-10-2024 22:50:48 - ERROR - E104: Error while executing Setting chamber_heater3 Heater Temp to 1063.7695684999999 for chamber setpoint of 314.15 
 400 Client Error: Requested temperature (1063.8) out of range (-100.0:1000.0) for url: http://192.168.0.231/printer/gcode/script?script=SET_HEATER_TEMPERATURE+HEATER%3Dchamber_heater3+TARGET%3D1063.7695684999999
11-10-2024 22:50:48 - INFO - Sending request to Setting chamber_heater4 Heater Temp to 1063.7695684999999 for chamber setpoint of 314.15 with timeout of 5s...
11-10-2024 22:50:48 - ERROR - E104: Error while executing Setting chamber_heater4 Heater Temp to 1063.7695684999999 for chamber setpoint of 314.15 
 400 Client Error: Requested temperature (1063.8) out of range (-100.0:1000.0) for url: http://192.168.0.231/printer/gcode/script?script=SET_HEATER_TEMPERATURE+HEATER%3Dchamber_heater4+TARGET%3D1063.7695684999999
11-10-2024 22:50:48 - INFO - Sending request to Setting chamber_heater5 Heater Temp to 986.7261575 for chamber setpoint of 314.15 with timeout of 5s...
11-10-2024 22:50:48 - INFO - Setting chamber_heater5 Heater Temp to 986.7261575 for chamber setpoint of 314.15 request successfully sent.
11-10-2024 22:50:48 - INFO - Response from moonraker: {'result': 'ok'}
11-10-2024 22:50:48 - INFO - Setting chamber_heater5 Heater Temp to 986.7261575 for chamber setpoint of 314.15 Request successfully executed.
11-10-2024 22:50:48 - INFO - Sending request to Setting chamber_heater6 Heater Temp to 986.7261575 for chamber setpoint of 314.15 with timeout of 5s...
11-10-2024 22:50:48 - INFO - Setting chamber_heater6 Heater Temp to 986.7261575 for chamber setpoint of 314.15 request successfully sent.
11-10-2024 22:50:48 - INFO - Response from moonraker: {'result': 'ok'}
11-10-2024 22:50:48 - INFO - Setting chamber_heater6 Heater Temp to 986.7261575 for chamber setpoint of 314.15 Request successfully executed.
11-10-2024 22:50:48 - INFO - Sending request to Setting chamber_heater7 Heater Temp to 986.7261575 for chamber setpoint of 314.15 with timeout of 5s...
11-10-2024 22:50:49 - INFO - Setting chamber_heater7 Heater Temp to 986.7261575 for chamber setpoint of 314.15 request successfully sent.
11-10-2024 22:50:49 - INFO - Response from moonraker: {'result': 'ok'}
11-10-2024 22:50:49 - INFO - Setting chamber_heater7 Heater Temp to 986.7261575 for chamber setpoint of 314.15 Request successfully executed.
11-10-2024 22:50:49 - INFO - Sending request to Setting chamber_heater11 Heater Temp to 986.7261575 for chamber setpoint of 314.15 with timeout of 5s...
11-10-2024 22:50:49 - INFO - Setting chamber_heater11 Heater Temp to 986.7261575 for chamber setpoint of 314.15 request successfully sent.
11-10-2024 22:50:49 - INFO - Response from moonraker: {'result': 'ok'}
11-10-2024 22:50:49 - INFO - Setting chamber_heater11 Heater Temp to 986.7261575 for chamber setpoint of 314.15 Request successfully executed.
11-10-2024 22:50:49 - INFO - Sending request to Setting chamber_heater12 Heater Temp to 986.7261575 for chamber setpoint of 314.15 with timeout of 5s...
11-10-2024 22:50:49 - INFO - Setting chamber_heater12 Heater Temp to 986.7261575 for chamber setpoint of 314.15 request successfully sent.
11-10-2024 22:50:49 - INFO - Response from moonraker: {'result': 'ok'}
11-10-2024 22:50:49 - INFO - Setting chamber_heater12 Heater Temp to 986.7261575 for chamber setpoint of 314.15 Request successfully executed.
11-10-2024 22:50:50 - INFO - Sending request to Setting chamber_heater2 Heater Temp to 1063.7695684999999 for chamber setpoint of 314.15 with timeout of 5s...
11-10-2024 22:50:50 - ERROR - E104: Error while executing Setting chamber_heater2 Heater Temp to 1063.7695684999999 for chamber setpoint of 314.15 
 400 Client Error: Requested temperature (1063.8) out of range (-100.0:1000.0) for url: http://192.168.0.231/printer/gcode/script?script=SET_HEATER_TEMPERATURE+HEATER%3Dchamber_heater2+TARGET%3D1063.7695684999999
11-10-2024 22:50:50 - INFO - Sending request to Setting chamber_heater3 Heater Temp to 1063.7695684999999 for chamber setpoint of 314.15 with timeout of 5s...
11-10-2024 22:50:50 - ERROR - E104: Error while executing Setting chamber_heater3 Heater Temp to 1063.7695684999999 for chamber setpoint of 314.15 
 400 Client Error: Requested temperature (1063.8) out of range (-100.0:1000.0) for url: http://192.168.0.231/printer/gcode/script?script=SET_HEATER_TEMPERATURE+HEATER%3Dchamber_heater3+TARGET%3D1063.7695684999999
11-10-2024 22:50:50 - INFO - Sending request to Setting chamber_heater4 Heater Temp to 1063.7695684999999 for chamber setpoint of 314.15 with timeout of 5s...
11-10-2024 22:50:50 - ERROR - E104: Error while executing Setting chamber_heater4 Heater Temp to 1063.7695684999999 for chamber setpoint of 314.15 
 400 Client Error: Requested temperature (1063.8) out of range (-100.0:1000.0) for url: http://192.168.0.231/printer/gcode/script?script=SET_HEATER_TEMPERATURE+HEATER%3Dchamber_heater4+TARGET%3D1063.7695684999999
11-10-2024 22:50:50 - INFO - Sending request to Setting chamber_heater5 Heater Temp to 986.7261575 for chamber setpoint of 314.15 with timeout of 5s...
11-10-2024 22:50:50 - INFO - Setting chamber_heater5 Heater Temp to 986.7261575 for chamber setpoint of 314.15 request successfully sent.
11-10-2024 22:50:50 - INFO - Response from moonraker: {'result': 'ok'}
11-10-2024 22:50:50 - INFO - Setting chamber_heater5 Heater Temp to 986.7261575 for chamber setpoint of 314.15 Request successfully executed.
11-10-2024 22:50:50 - INFO - Sending request to Setting chamber_heater6 Heater Temp to 986.7261575 for chamber setpoint of 314.15 with timeout of 5s...
11-10-2024 22:50:50 - INFO - Setting chamber_heater6 Heater Temp to 986.7261575 for chamber setpoint of 314.15 request successfully sent.
11-10-2024 22:50:50 - INFO - Response from moonraker: {'result': 'ok'}
11-10-2024 22:50:50 - INFO - Setting chamber_heater6 Heater Temp to 986.7261575 for chamber setpoint of 314.15 Request successfully executed.
11-10-2024 22:50:50 - INFO - Sending request to Setting chamber_heater7 Heater Temp to 986.7261575 for chamber setpoint of 314.15 with timeout of 5s...
11-10-2024 22:50:50 - INFO - Setting chamber_heater7 Heater Temp to 986.7261575 for chamber setpoint of 314.15 request successfully sent.
11-10-2024 22:50:50 - INFO - Response from moonraker: {'result': 'ok'}
11-10-2024 22:50:50 - INFO - Setting chamber_heater7 Heater Temp to 986.7261575 for chamber setpoint of 314.15 Request successfully executed.
11-10-2024 22:50:50 - INFO - Sending request to Setting chamber_heater11 Heater Temp to 986.7261575 for chamber setpoint of 314.15 with timeout of 5s...
11-10-2024 22:50:50 - INFO - Setting chamber_heater11 Heater Temp to 986.7261575 for chamber setpoint of 314.15 request successfully sent.
11-10-2024 22:50:50 - INFO - Response from moonraker: {'result': 'ok'}
11-10-2024 22:50:50 - INFO - Setting chamber_heater11 Heater Temp to 986.7261575 for chamber setpoint of 314.15 Request successfully executed.
11-10-2024 22:50:50 - INFO - Sending request to Setting chamber_heater12 Heater Temp to 986.7261575 for chamber setpoint of 314.15 with timeout of 5s...
11-10-2024 22:50:50 - INFO - Setting chamber_heater12 Heater Temp to 986.7261575 for chamber setpoint of 314.15 request successfully sent.
11-10-2024 22:50:50 - INFO - Response from moonraker: {'result': 'ok'}
11-10-2024 22:50:50 - INFO - Setting chamber_heater12 Heater Temp to 986.7261575 for chamber setpoint of 314.15 Request successfully executed.
11-10-2024 22:50:51 - INFO - Sending request to Setting chamber_heater2 Heater Temp to 1063.7695684999999 for chamber setpoint of 314.15 with timeout of 5s...
11-10-2024 22:50:51 - ERROR - E104: Error while executing Setting chamber_heater2 Heater Temp to 1063.7695684999999 for chamber setpoint of 314.15 
 400 Client Error: Requested temperature (1063.8) out of range (-100.0:1000.0) for url: http://192.168.0.231/printer/gcode/script?script=SET_HEATER_TEMPERATURE+HEATER%3Dchamber_heater2+TARGET%3D1063.7695684999999
11-10-2024 22:50:51 - INFO - Sending request to Setting chamber_heater3 Heater Temp to 1063.7695684999999 for chamber setpoint of 314.15 with timeout of 5s...
11-10-2024 22:50:51 - ERROR - E104: Error while executing Setting chamber_heater3 Heater Temp to 1063.7695684999999 for chamber setpoint of 314.15 
 400 Client Error: Requested temperature (1063.8) out of range (-100.0:1000.0) for url: http://192.168.0.231/printer/gcode/script?script=SET_HEATER_TEMPERATURE+HEATER%3Dchamber_heater3+TARGET%3D1063.7695684999999
11-10-2024 22:50:51 - INFO - Sending request to Setting chamber_heater4 Heater Temp to 1063.7695684999999 for chamber setpoint of 314.15 with timeout of 5s...
11-10-2024 22:50:51 - ERROR - E104: Error while executing Setting chamber_heater4 Heater Temp to 1063.7695684999999 for chamber setpoint of 314.15 
 400 Client Error: Requested temperature (1063.8) out of range (-100.0:1000.0) for url: http://192.168.0.231/printer/gcode/script?script=SET_HEATER_TEMPERATURE+HEATER%3Dchamber_heater4+TARGET%3D1063.7695684999999
11-10-2024 22:50:51 - INFO - Sending request to Setting chamber_heater5 Heater Temp to 986.7261575 for chamber setpoint of 314.15 with timeout of 5s...
11-10-2024 22:50:51 - INFO - Setting chamber_heater5 Heater Temp to 986.7261575 for chamber setpoint of 314.15 request successfully sent.
11-10-2024 22:50:51 - INFO - Response from moonraker: {'result': 'ok'}
11-10-2024 22:50:51 - INFO - Setting chamber_heater5 Heater Temp to 986.7261575 for chamber setpoint of 314.15 Request successfully executed.
11-10-2024 22:50:51 - INFO - Sending request to Setting chamber_heater6 Heater Temp to 986.7261575 for chamber setpoint of 314.15 with timeout of 5s...
11-10-2024 22:50:51 - INFO - Setting chamber_heater6 Heater Temp to 986.7261575 for chamber setpoint of 314.15 request successfully sent.
11-10-2024 22:50:51 - INFO - Response from moonraker: {'result': 'ok'}
11-10-2024 22:50:51 - INFO - Setting chamber_heater6 Heater Temp to 986.7261575 for chamber setpoint of 314.15 Request successfully executed.
11-10-2024 22:50:51 - INFO - Sending request to Setting chamber_heater7 Heater Temp to 986.7261575 for chamber setpoint of 314.15 with timeout of 5s...
11-10-2024 22:50:51 - INFO - Setting chamber_heater7 Heater Temp to 986.7261575 for chamber setpoint of 314.15 request successfully sent.
11-10-2024 22:50:51 - INFO - Response from moonraker: {'result': 'ok'}
11-10-2024 22:50:51 - INFO - Setting chamber_heater7 Heater Temp to 986.7261575 for chamber setpoint of 314.15 Request successfully executed.
11-10-2024 22:50:51 - INFO - Sending request to Setting chamber_heater11 Heater Temp to 986.7261575 for chamber setpoint of 314.15 with timeout of 5s...
11-10-2024 22:50:51 - INFO - Setting chamber_heater11 Heater Temp to 986.7261575 for chamber setpoint of 314.15 request successfully sent.
11-10-2024 22:50:51 - INFO - Response from moonraker: {'result': 'ok'}
11-10-2024 22:50:51 - INFO - Setting chamber_heater11 Heater Temp to 986.7261575 for chamber setpoint of 314.15 Request successfully executed.
11-10-2024 22:50:51 - INFO - Sending request to Setting chamber_heater12 Heater Temp to 986.7261575 for chamber setpoint of 314.15 with timeout of 5s...
11-10-2024 22:50:51 - INFO - Setting chamber_heater12 Heater Temp to 986.7261575 for chamber setpoint of 314.15 request successfully sent.
11-10-2024 22:50:51 - INFO - Response from moonraker: {'result': 'ok'}
11-10-2024 22:50:51 - INFO - Setting chamber_heater12 Heater Temp to 986.7261575 for chamber setpoint of 314.15 Request successfully executed.
11-10-2024 22:50:52 - INFO - Sending request to Setting chamber_heater2 Heater Temp to 1063.7695684999999 for chamber setpoint of 314.15 with timeout of 5s...
11-10-2024 22:50:52 - ERROR - E104: Error while executing Setting chamber_heater2 Heater Temp to 1063.7695684999999 for chamber setpoint of 314.15 
 400 Client Error: Requested temperature (1063.8) out of range (-100.0:1000.0) for url: http://192.168.0.231/printer/gcode/script?script=SET_HEATER_TEMPERATURE+HEATER%3Dchamber_heater2+TARGET%3D1063.7695684999999
11-10-2024 22:50:52 - INFO - Sending request to Setting chamber_heater3 Heater Temp to 1063.7695684999999 for chamber setpoint of 314.15 with timeout of 5s...
11-10-2024 22:50:52 - ERROR - E104: Error while executing Setting chamber_heater3 Heater Temp to 1063.7695684999999 for chamber setpoint of 314.15 
 400 Client Error: Requested temperature (1063.8) out of range (-100.0:1000.0) for url: http://192.168.0.231/printer/gcode/script?script=SET_HEATER_TEMPERATURE+HEATER%3Dchamber_heater3+TARGET%3D1063.7695684999999
11-10-2024 22:50:52 - INFO - Sending request to Setting chamber_heater4 Heater Temp to 1063.7695684999999 for chamber setpoint of 314.15 with timeout of 5s...
11-10-2024 22:50:52 - ERROR - E104: Error while executing Setting chamber_heater4 Heater Temp to 1063.7695684999999 for chamber setpoint of 314.15 
 400 Client Error: Requested temperature (1063.8) out of range (-100.0:1000.0) for url: http://192.168.0.231/printer/gcode/script?script=SET_HEATER_TEMPERATURE+HEATER%3Dchamber_heater4+TARGET%3D1063.7695684999999
11-10-2024 22:50:52 - INFO - Sending request to Setting chamber_heater5 Heater Temp to 986.7261575 for chamber setpoint of 314.15 with timeout of 5s...
11-10-2024 22:50:52 - INFO - Setting chamber_heater5 Heater Temp to 986.7261575 for chamber setpoint of 314.15 request successfully sent.
11-10-2024 22:50:52 - INFO - Response from moonraker: {'result': 'ok'}
11-10-2024 22:50:52 - INFO - Setting chamber_heater5 Heater Temp to 986.7261575 for chamber setpoint of 314.15 Request successfully executed.
11-10-2024 22:50:52 - INFO - Sending request to Setting chamber_heater6 Heater Temp to 986.7261575 for chamber setpoint of 314.15 with timeout of 5s...
11-10-2024 22:50:52 - INFO - Setting chamber_heater6 Heater Temp to 986.7261575 for chamber setpoint of 314.15 request successfully sent.
11-10-2024 22:50:52 - INFO - Response from moonraker: {'result': 'ok'}
11-10-2024 22:50:52 - INFO - Setting chamber_heater6 Heater Temp to 986.7261575 for chamber setpoint of 314.15 Request successfully executed.
11-10-2024 22:50:52 - INFO - Sending request to Setting chamber_heater7 Heater Temp to 986.7261575 for chamber setpoint of 314.15 with timeout of 5s...
11-10-2024 22:50:52 - INFO - Setting chamber_heater7 Heater Temp to 986.7261575 for chamber setpoint of 314.15 request successfully sent.
11-10-2024 22:50:52 - INFO - Response from moonraker: {'result': 'ok'}
11-10-2024 22:50:52 - INFO - Setting chamber_heater7 Heater Temp to 986.7261575 for chamber setpoint of 314.15 Request successfully executed.
11-10-2024 22:50:52 - INFO - Sending request to Setting chamber_heater11 Heater Temp to 986.7261575 for chamber setpoint of 314.15 with timeout of 5s...
11-10-2024 22:50:52 - INFO - Setting chamber_heater11 Heater Temp to 986.7261575 for chamber setpoint of 314.15 request successfully sent.
11-10-2024 22:50:52 - INFO - Response from moonraker: {'result': 'ok'}
11-10-2024 22:50:52 - INFO - Setting chamber_heater11 Heater Temp to 986.7261575 for chamber setpoint of 314.15 Request successfully executed.
11-10-2024 22:50:52 - INFO - Sending request to Setting chamber_heater12 Heater Temp to 986.7261575 for chamber setpoint of 314.15 with timeout of 5s...
11-10-2024 22:50:52 - INFO - Setting chamber_heater12 Heater Temp to 986.7261575 for chamber setpoint of 314.15 request successfully sent.
11-10-2024 22:50:52 - INFO - Response from moonraker: {'result': 'ok'}
11-10-2024 22:50:52 - INFO - Setting chamber_heater12 Heater Temp to 986.7261575 for chamber setpoint of 314.15 Request successfully executed.
11-10-2024 22:50:53 - INFO - Sending request to Setting chamber_heater2 Heater Temp to 1063.7695684999999 for chamber setpoint of 314.15 with timeout of 5s...
11-10-2024 22:50:53 - ERROR - E104: Error while executing Setting chamber_heater2 Heater Temp to 1063.7695684999999 for chamber setpoint of 314.15 
 400 Client Error: Requested temperature (1063.8) out of range (-100.0:1000.0) for url: http://192.168.0.231/printer/gcode/script?script=SET_HEATER_TEMPERATURE+HEATER%3Dchamber_heater2+TARGET%3D1063.7695684999999
11-10-2024 22:50:53 - INFO - Sending request to Setting chamber_heater3 Heater Temp to 1063.7695684999999 for chamber setpoint of 314.15 with timeout of 5s...
11-10-2024 22:50:53 - ERROR - E104: Error while executing Setting chamber_heater3 Heater Temp to 1063.7695684999999 for chamber setpoint of 314.15 
 400 Client Error: Requested temperature (1063.8) out of range (-100.0:1000.0) for url: http://192.168.0.231/printer/gcode/script?script=SET_HEATER_TEMPERATURE+HEATER%3Dchamber_heater3+TARGET%3D1063.7695684999999
11-10-2024 22:50:53 - INFO - Sending request to Setting chamber_heater4 Heater Temp to 1063.7695684999999 for chamber setpoint of 314.15 with timeout of 5s...
11-10-2024 22:50:53 - ERROR - E104: Error while executing Setting chamber_heater4 Heater Temp to 1063.7695684999999 for chamber setpoint of 314.15 
 400 Client Error: Requested temperature (1063.8) out of range (-100.0:1000.0) for url: http://192.168.0.231/printer/gcode/script?script=SET_HEATER_TEMPERATURE+HEATER%3Dchamber_heater4+TARGET%3D1063.7695684999999
11-10-2024 22:50:53 - INFO - Sending request to Setting chamber_heater5 Heater Temp to 986.7261575 for chamber setpoint of 314.15 with timeout of 5s...
11-10-2024 22:50:53 - INFO - Setting chamber_heater5 Heater Temp to 986.7261575 for chamber setpoint of 314.15 request successfully sent.
11-10-2024 22:50:53 - INFO - Response from moonraker: {'result': 'ok'}
11-10-2024 22:50:53 - INFO - Setting chamber_heater5 Heater Temp to 986.7261575 for chamber setpoint of 314.15 Request successfully executed.
11-10-2024 22:50:53 - INFO - Sending request to Setting chamber_heater6 Heater Temp to 986.7261575 for chamber setpoint of 314.15 with timeout of 5s...
11-10-2024 22:50:53 - INFO - Setting chamber_heater6 Heater Temp to 986.7261575 for chamber setpoint of 314.15 request successfully sent.
11-10-2024 22:50:53 - INFO - Response from moonraker: {'result': 'ok'}
11-10-2024 22:50:53 - INFO - Setting chamber_heater6 Heater Temp to 986.7261575 for chamber setpoint of 314.15 Request successfully executed.
11-10-2024 22:50:53 - INFO - Sending request to Setting chamber_heater7 Heater Temp to 986.7261575 for chamber setpoint of 314.15 with timeout of 5s...
11-10-2024 22:50:53 - INFO - Setting chamber_heater7 Heater Temp to 986.7261575 for chamber setpoint of 314.15 request successfully sent.
11-10-2024 22:50:53 - INFO - Response from moonraker: {'result': 'ok'}
11-10-2024 22:50:53 - INFO - Setting chamber_heater7 Heater Temp to 986.7261575 for chamber setpoint of 314.15 Request successfully executed.
11-10-2024 22:50:53 - INFO - Sending request to Setting chamber_heater11 Heater Temp to 986.7261575 for chamber setpoint of 314.15 with timeout of 5s...
11-10-2024 22:50:53 - INFO - Setting chamber_heater11 Heater Temp to 986.7261575 for chamber setpoint of 314.15 request successfully sent.
11-10-2024 22:50:53 - INFO - Response from moonraker: {'result': 'ok'}
11-10-2024 22:50:53 - INFO - Setting chamber_heater11 Heater Temp to 986.7261575 for chamber setpoint of 314.15 Request successfully executed.
11-10-2024 22:50:53 - INFO - Sending request to Setting chamber_heater12 Heater Temp to 986.7261575 for chamber setpoint of 314.15 with timeout of 5s...
11-10-2024 22:50:53 - INFO - Setting chamber_heater12 Heater Temp to 986.7261575 for chamber setpoint of 314.15 request successfully sent.
11-10-2024 22:50:53 - INFO - Response from moonraker: {'result': 'ok'}
11-10-2024 22:50:53 - INFO - Setting chamber_heater12 Heater Temp to 986.7261575 for chamber setpoint of 314.15 Request successfully executed.
11-10-2024 22:50:54 - INFO - Sending request to Setting chamber_heater2 Heater Temp to 1063.7695684999999 for chamber setpoint of 314.15 with timeout of 5s...
11-10-2024 22:50:54 - ERROR - E104: Error while executing Setting chamber_heater2 Heater Temp to 1063.7695684999999 for chamber setpoint of 314.15 
 400 Client Error: Requested temperature (1063.8) out of range (-100.0:1000.0) for url: http://192.168.0.231/printer/gcode/script?script=SET_HEATER_TEMPERATURE+HEATER%3Dchamber_heater2+TARGET%3D1063.7695684999999
11-10-2024 22:50:54 - INFO - Sending request to Setting chamber_heater3 Heater Temp to 1063.7695684999999 for chamber setpoint of 314.15 with timeout of 5s...
11-10-2024 22:50:54 - ERROR - E104: Error while executing Setting chamber_heater3 Heater Temp to 1063.7695684999999 for chamber setpoint of 314.15 
 400 Client Error: Requested temperature (1063.8) out of range (-100.0:1000.0) for url: http://192.168.0.231/printer/gcode/script?script=SET_HEATER_TEMPERATURE+HEATER%3Dchamber_heater3+TARGET%3D1063.7695684999999
11-10-2024 22:50:54 - INFO - Sending request to Setting chamber_heater4 Heater Temp to 1063.7695684999999 for chamber setpoint of 314.15 with timeout of 5s...
11-10-2024 22:50:54 - ERROR - E104: Error while executing Setting chamber_heater4 Heater Temp to 1063.7695684999999 for chamber setpoint of 314.15 
 400 Client Error: Requested temperature (1063.8) out of range (-100.0:1000.0) for url: http://192.168.0.231/printer/gcode/script?script=SET_HEATER_TEMPERATURE+HEATER%3Dchamber_heater4+TARGET%3D1063.7695684999999
11-10-2024 22:50:54 - INFO - Sending request to Setting chamber_heater5 Heater Temp to 986.7261575 for chamber setpoint of 314.15 with timeout of 5s...
11-10-2024 22:50:54 - INFO - Setting chamber_heater5 Heater Temp to 986.7261575 for chamber setpoint of 314.15 request successfully sent.
11-10-2024 22:50:54 - INFO - Response from moonraker: {'result': 'ok'}
11-10-2024 22:50:54 - INFO - Setting chamber_heater5 Heater Temp to 986.7261575 for chamber setpoint of 314.15 Request successfully executed.
11-10-2024 22:50:54 - INFO - Sending request to Setting chamber_heater6 Heater Temp to 986.7261575 for chamber setpoint of 314.15 with timeout of 5s...
11-10-2024 22:50:55 - INFO - Setting chamber_heater6 Heater Temp to 986.7261575 for chamber setpoint of 314.15 request successfully sent.
11-10-2024 22:50:55 - INFO - Response from moonraker: {'result': 'ok'}
11-10-2024 22:50:55 - INFO - Setting chamber_heater6 Heater Temp to 986.7261575 for chamber setpoint of 314.15 Request successfully executed.
11-10-2024 22:50:55 - INFO - Sending request to Setting chamber_heater7 Heater Temp to 986.7261575 for chamber setpoint of 314.15 with timeout of 5s...
11-10-2024 22:50:55 - INFO - Setting chamber_heater7 Heater Temp to 986.7261575 for chamber setpoint of 314.15 request successfully sent.
11-10-2024 22:50:55 - INFO - Response from moonraker: {'result': 'ok'}
11-10-2024 22:50:55 - INFO - Setting chamber_heater7 Heater Temp to 986.7261575 for chamber setpoint of 314.15 Request successfully executed.
11-10-2024 22:50:55 - INFO - Sending request to Setting chamber_heater11 Heater Temp to 986.7261575 for chamber setpoint of 314.15 with timeout of 5s...
11-10-2024 22:50:55 - INFO - Setting chamber_heater11 Heater Temp to 986.7261575 for chamber setpoint of 314.15 request successfully sent.
11-10-2024 22:50:55 - INFO - Response from moonraker: {'result': 'ok'}
11-10-2024 22:50:55 - INFO - Setting chamber_heater11 Heater Temp to 986.7261575 for chamber setpoint of 314.15 Request successfully executed.
11-10-2024 22:50:55 - INFO - Sending request to Setting chamber_heater12 Heater Temp to 986.7261575 for chamber setpoint of 314.15 with timeout of 5s...
11-10-2024 22:50:55 - INFO - Setting chamber_heater12 Heater Temp to 986.7261575 for chamber setpoint of 314.15 request successfully sent.
11-10-2024 22:50:55 - INFO - Response from moonraker: {'result': 'ok'}
11-10-2024 22:50:55 - INFO - Setting chamber_heater12 Heater Temp to 986.7261575 for chamber setpoint of 314.15 Request successfully executed.
11-10-2024 22:50:56 - INFO - Sending request to Setting chamber_heater2 Heater Temp to 1063.7695684999999 for chamber setpoint of 314.15 with timeout of 5s...
11-10-2024 22:50:56 - INFO - Sending request to Setting chamber_heater2 Heater Temp to 0 for chamber setpoint of 0 with timeout of 5s...
11-10-2024 22:50:56 - ERROR - E104: Error while executing Setting chamber_heater2 Heater Temp to 0 for chamber setpoint of 0 
 400 Client Error: Requested temperature (1063.8) out of range (-100.0:1000.0) for url: http://192.168.0.231/printer/gcode/script?script=SET_HEATER_TEMPERATURE+HEATER%3Dchamber_heater2+TARGET%3D1063.7695684999999
11-10-2024 22:50:56 - INFO - Sending request to Setting chamber_heater3 Heater Temp to 1063.7695684999999 for chamber setpoint of 314.15 with timeout of 5s...
11-10-2024 22:50:56 - INFO - Setting chamber_heater3 Heater Temp to 1063.7695684999999 for chamber setpoint of 314.15 request successfully sent.
11-10-2024 22:50:56 - INFO - Response from moonraker: {'result': 'ok'}
11-10-2024 22:50:56 - INFO - Setting chamber_heater3 Heater Temp to 1063.7695684999999 for chamber setpoint of 314.15 Request successfully executed.
11-10-2024 22:50:56 - INFO - Sending request to Setting chamber_heater3 Heater Temp to 0 for chamber setpoint of 0 with timeout of 5s...
11-10-2024 22:50:56 - ERROR - E104: Error while executing Setting chamber_heater3 Heater Temp to 0 for chamber setpoint of 0 
 400 Client Error: Requested temperature (1063.8) out of range (-100.0:1000.0) for url: http://192.168.0.231/printer/gcode/script?script=SET_HEATER_TEMPERATURE+HEATER%3Dchamber_heater3+TARGET%3D1063.7695684999999
11-10-2024 22:50:56 - INFO - Sending request to Setting chamber_heater4 Heater Temp to 1063.7695684999999 for chamber setpoint of 314.15 with timeout of 5s...
11-10-2024 22:50:56 - INFO - Setting chamber_heater4 Heater Temp to 1063.7695684999999 for chamber setpoint of 314.15 request successfully sent.
11-10-2024 22:50:56 - INFO - Response from moonraker: {'result': 'ok'}
11-10-2024 22:50:56 - INFO - Setting chamber_heater4 Heater Temp to 1063.7695684999999 for chamber setpoint of 314.15 Request successfully executed.
11-10-2024 22:50:56 - INFO - Sending request to Setting chamber_heater4 Heater Temp to 0 for chamber setpoint of 0 with timeout of 5s...
11-10-2024 22:50:56 - ERROR - E104: Error while executing Setting chamber_heater4 Heater Temp to 0 for chamber setpoint of 0 
 400 Client Error: Requested temperature (1063.8) out of range (-100.0:1000.0) for url: http://192.168.0.231/printer/gcode/script?script=SET_HEATER_TEMPERATURE+HEATER%3Dchamber_heater4+TARGET%3D1063.7695684999999
11-10-2024 22:50:56 - INFO - Sending request to Setting chamber_heater5 Heater Temp to 986.7261575 for chamber setpoint of 314.15 with timeout of 5s...
11-10-2024 22:50:56 - INFO - Setting chamber_heater5 Heater Temp to 986.7261575 for chamber setpoint of 314.15 request successfully sent.
11-10-2024 22:50:56 - INFO - Response from moonraker: {'result': 'ok'}
11-10-2024 22:50:56 - INFO - Setting chamber_heater5 Heater Temp to 986.7261575 for chamber setpoint of 314.15 Request successfully executed.
11-10-2024 22:50:56 - INFO - Setting chamber_heater5 Heater Temp to 0 for chamber setpoint of 0 request successfully sent.
11-10-2024 22:50:56 - INFO - Sending request to Setting chamber_heater5 Heater Temp to 0 for chamber setpoint of 0 with timeout of 5s...
11-10-2024 22:50:56 - INFO - Response from moonraker: {'result': 'ok'}
11-10-2024 22:50:56 - INFO - Setting chamber_heater5 Heater Temp to 0 for chamber setpoint of 0 Request successfully executed.
11-10-2024 22:50:56 - INFO - Sending request to Setting chamber_heater6 Heater Temp to 986.7261575 for chamber setpoint of 314.15 with timeout of 5s...
