14-10-2024 16:28:45 - INFO - Sending request to Setting Chmaber Zones to a= 0, b= 0, c= 0, d= 0 with timeout of 5s...
14-10-2024 16:28:45 - INFO - Sending request to Setting Chmaber Zones to a= 0.7, b= 0.8, c= 0.9, d= 1.0 with timeout of 5s...
14-10-2024 16:28:45 - INFO - Setting Chmaber Zones to a= 0.7, b= 0.8, c= 0.9, d= 1.0 request successfully sent.
14-10-2024 16:28:45 - INFO - Response from moonraker: {'result': 'ok'}
14-10-2024 16:28:45 - INFO - Setting Chmaber Zones to a= 0.7, b= 0.8, c= 0.9, d= 1.0 Request successfully executed.
14-10-2024 16:28:45 - INFO - Setting Chmaber Zones to a= 0.7, b= 0.8, c= 0.9, d= 1.0 request successfully sent.
14-10-2024 16:28:45 - INFO - Response from moonraker: {'result': 'ok'}
14-10-2024 16:28:45 - INFO - Setting Chmaber Zones to a= 0.7, b= 0.8, c= 0.9, d= 1.0 Request successfully executed.
14-10-2024 16:28:45 - INFO - Sending request to Setting Chmaber Zones to a= 0.7, b= 0.8, c= 0.9, d= 1.0 with timeout of 5s...
14-10-2024 16:28:45 - INFO - Setting Chmaber Zones to a= 0.7, b= 0.8, c= 0.9, d= 1.0 request successfully sent.
14-10-2024 16:28:45 - INFO - Response from moonraker: {'result': 'ok'}
14-10-2024 16:28:45 - INFO - Setting Chmaber Zones to a= 0.7, b= 0.8, c= 0.9, d= 1.0 Request successfully executed.
14-10-2024 16:28:45 - INFO - Sending request to Setting Chmaber Zones to a= 0.7, b= 0.8, c= 0.9, d= 1.0 with timeout of 5s...
14-10-2024 16:28:45 - INFO - Setting Chmaber Zones to a= 0.7, b= 0.8, c= 0.9, d= 1.0 request successfully sent.
14-10-2024 16:28:45 - INFO - Response from moonraker: {'result': 'ok'}
14-10-2024 16:28:45 - INFO - Setting Chmaber Zones to a= 0.7, b= 0.8, c= 0.9, d= 1.0 Request successfully executed.
14-10-2024 16:28:45 - INFO - Sending request to Setting Chmaber Zones to a= 0.7, b= 0.8, c= 0.9, d= 1.0 with timeout of 5s...
14-10-2024 16:28:45 - INFO - Setting Chmaber Zones to a= 0.7, b= 0.8, c= 0.9, d= 1.0 request successfully sent.
14-10-2024 16:28:45 - INFO - Response from moonraker: {'result': 'ok'}
14-10-2024 16:28:45 - INFO - Setting Chmaber Zones to a= 0.7, b= 0.8, c= 0.9, d= 1.0 Request successfully executed.
14-10-2024 16:28:46 - INFO - Sending request to Setting Chmaber Zones to a= 0.7, b= 0.8, c= 0.9, d= 1.0 with timeout of 5s...
14-10-2024 16:28:46 - INFO - Setting Chmaber Zones to a= 0.7, b= 0.8, c= 0.9, d= 1.0 request successfully sent.
14-10-2024 16:28:46 - INFO - Response from moonraker: {'result': 'ok'}
14-10-2024 16:28:46 - INFO - Setting Chmaber Zones to a= 0.7, b= 0.8, c= 0.9, d= 1.0 Request successfully executed.
14-10-2024 16:28:46 - INFO - Sending request to Setting Chmaber Zones to a= 0.7, b= 0.8, c= 0.9, d= 1.0 with timeout of 5s...
14-10-2024 16:28:46 - INFO - Setting Chmaber Zones to a= 0.7, b= 0.8, c= 0.9, d= 1.0 request successfully sent.
14-10-2024 16:28:46 - INFO - Response from moonraker: {'result': 'ok'}
14-10-2024 16:28:46 - INFO - Setting Chmaber Zones to a= 0.7, b= 0.8, c= 0.9, d= 1.0 Request successfully executed.
14-10-2024 16:28:46 - INFO - Sending request to Setting Chmaber Zones to a= 0.7, b= 0.8, c= 0.9, d= 1.0 with timeout of 5s...
14-10-2024 16:28:46 - INFO - Setting Chmaber Zones to a= 0.7, b= 0.8, c= 0.9, d= 1.0 request successfully sent.
14-10-2024 16:28:46 - INFO - Response from moonraker: {'result': 'ok'}
14-10-2024 16:28:46 - INFO - Setting Chmaber Zones to a= 0.7, b= 0.8, c= 0.9, d= 1.0 Request successfully executed.
14-10-2024 16:28:46 - INFO - Sending request to Setting Chmaber Zones to a= 0.7, b= 0.8, c= 0.9, d= 1.0 with timeout of 5s...
14-10-2024 16:28:46 - INFO - Setting Chmaber Zones to a= 0.7, b= 0.8, c= 0.9, d= 1.0 request successfully sent.
14-10-2024 16:28:46 - INFO - Response from moonraker: {'result': 'ok'}
14-10-2024 16:28:46 - INFO - Setting Chmaber Zones to a= 0.7, b= 0.8, c= 0.9, d= 1.0 Request successfully executed.
14-10-2024 16:28:46 - INFO - Sending request to Setting Chmaber Zones to a= 0.7, b= 0.8, c= 0.9, d= 1.0 with timeout of 5s...
14-10-2024 16:28:46 - INFO - Setting Chmaber Zones to a= 0.7, b= 0.8, c= 0.9, d= 1.0 request successfully sent.
14-10-2024 16:28:46 - INFO - Response from moonraker: {'result': 'ok'}
14-10-2024 16:28:46 - INFO - Setting Chmaber Zones to a= 0.7, b= 0.8, c= 0.9, d= 1.0 Request successfully executed.
14-10-2024 16:28:47 - INFO - Sending request to Setting Chmaber Zones to a= 0.7, b= 0.8, c= 0.9, d= 1.0 with timeout of 5s...
14-10-2024 16:28:47 - INFO - Setting Chmaber Zones to a= 0.7, b= 0.8, c= 0.9, d= 1.0 request successfully sent.
14-10-2024 16:28:47 - INFO - Response from moonraker: {'result': 'ok'}
14-10-2024 16:28:47 - INFO - Setting Chmaber Zones to a= 0.7, b= 0.8, c= 0.9, d= 1.0 Request successfully executed.
14-10-2024 16:28:47 - INFO - Sending request to Setting Chmaber Zones to a= 0.7, b= 0.8, c= 0.9, d= 1.0 with timeout of 5s...
14-10-2024 16:28:47 - INFO - Setting Chmaber Zones to a= 0.7, b= 0.8, c= 0.9, d= 1.0 request successfully sent.
14-10-2024 16:28:47 - INFO - Response from moonraker: {'result': 'ok'}
14-10-2024 16:28:47 - INFO - Setting Chmaber Zones to a= 0.7, b= 0.8, c= 0.9, d= 1.0 Request successfully executed.
14-10-2024 16:28:47 - INFO - Sending request to Setting Chmaber Zones to a= 0.7, b= 0.8, c= 0.9, d= 1.0 with timeout of 5s...
14-10-2024 16:28:47 - INFO - Setting Chmaber Zones to a= 0.7, b= 0.8, c= 0.9, d= 1.0 request successfully sent.
14-10-2024 16:28:47 - INFO - Response from moonraker: {'result': 'ok'}
14-10-2024 16:28:47 - INFO - Setting Chmaber Zones to a= 0.7, b= 0.8, c= 0.9, d= 1.0 Request successfully executed.
14-10-2024 16:28:47 - INFO - Sending request to Setting Chmaber Zones to a= 0.7, b= 0.8, c= 0.9, d= 1.0 with timeout of 5s...
14-10-2024 16:28:47 - INFO - Setting Chmaber Zones to a= 0.7, b= 0.8, c= 0.9, d= 1.0 request successfully sent.
14-10-2024 16:28:47 - INFO - Response from moonraker: {'result': 'ok'}
14-10-2024 16:28:47 - INFO - Setting Chmaber Zones to a= 0.7, b= 0.8, c= 0.9, d= 1.0 Request successfully executed.
14-10-2024 16:28:47 - INFO - Sending request to Setting Chmaber Zones to a= 0.7, b= 0.8, c= 0.9, d= 1.0 with timeout of 5s...
14-10-2024 16:28:47 - INFO - Setting Chmaber Zones to a= 0.7, b= 0.8, c= 0.9, d= 1.0 request successfully sent.
14-10-2024 16:28:47 - INFO - Response from moonraker: {'result': 'ok'}
14-10-2024 16:28:47 - INFO - Setting Chmaber Zones to a= 0.7, b= 0.8, c= 0.9, d= 1.0 Request successfully executed.
14-10-2024 16:28:48 - INFO - Sending request to Setting Chmaber Zones to a= 0.7, b= 0.8, c= 0.9, d= 1.0 with timeout of 5s...
14-10-2024 16:28:48 - INFO - Setting Chmaber Zones to a= 0.7, b= 0.8, c= 0.9, d= 1.0 request successfully sent.
14-10-2024 16:28:48 - INFO - Response from moonraker: {'result': 'ok'}
14-10-2024 16:28:48 - INFO - Setting Chmaber Zones to a= 0.7, b= 0.8, c= 0.9, d= 1.0 Request successfully executed.
14-10-2024 16:28:48 - INFO - Sending request to Setting Chmaber Zones to a= 0.7, b= 0.8, c= 0.9, d= 1.0 with timeout of 5s...
14-10-2024 16:28:48 - INFO - Setting Chmaber Zones to a= 0.7, b= 0.8, c= 0.9, d= 1.0 request successfully sent.
14-10-2024 16:28:48 - INFO - Response from moonraker: {'result': 'ok'}
14-10-2024 16:28:48 - INFO - Setting Chmaber Zones to a= 0.7, b= 0.8, c= 0.9, d= 1.0 Request successfully executed.
14-10-2024 16:28:48 - INFO - Sending request to Setting Chmaber Zones to a= 0.7, b= 0.8, c= 0.9, d= 1.0 with timeout of 5s...
14-10-2024 16:28:48 - INFO - Setting Chmaber Zones to a= 0.7, b= 0.8, c= 0.9, d= 1.0 request successfully sent.
14-10-2024 16:28:48 - INFO - Response from moonraker: {'result': 'ok'}
14-10-2024 16:28:48 - INFO - Setting Chmaber Zones to a= 0.7, b= 0.8, c= 0.9, d= 1.0 Request successfully executed.
14-10-2024 16:28:48 - INFO - Sending request to Setting Chmaber Zones to a= 0.7, b= 0.8, c= 0.9, d= 1.0 with timeout of 5s...
14-10-2024 16:28:48 - INFO - Setting Chmaber Zones to a= 0.7, b= 0.8, c= 0.9, d= 1.0 request successfully sent.
14-10-2024 16:28:48 - INFO - Response from moonraker: {'result': 'ok'}
14-10-2024 16:28:48 - INFO - Setting Chmaber Zones to a= 0.7, b= 0.8, c= 0.9, d= 1.0 Request successfully executed.
14-10-2024 16:28:48 - INFO - Sending request to Setting Chmaber Zones to a= 0.7, b= 0.8, c= 0.9, d= 1.0 with timeout of 5s...
14-10-2024 16:28:48 - INFO - Setting Chmaber Zones to a= 0.7, b= 0.8, c= 0.9, d= 1.0 request successfully sent.
14-10-2024 16:28:48 - INFO - Response from moonraker: {'result': 'ok'}
14-10-2024 16:28:48 - INFO - Setting Chmaber Zones to a= 0.7, b= 0.8, c= 0.9, d= 1.0 Request successfully executed.
14-10-2024 16:28:49 - INFO - Sending request to Setting Chmaber Zones to a= 0.7, b= 0.8, c= 0.9, d= 1.0 with timeout of 5s...
14-10-2024 16:28:49 - INFO - Setting Chmaber Zones to a= 0.7, b= 0.8, c= 0.9, d= 1.0 request successfully sent.
14-10-2024 16:28:49 - INFO - Response from moonraker: {'result': 'ok'}
14-10-2024 16:28:49 - INFO - Setting Chmaber Zones to a= 0.7, b= 0.8, c= 0.9, d= 1.0 Request successfully executed.
14-10-2024 16:28:49 - INFO - Sending request to Setting Chmaber Zones to a= 0.7, b= 0.8, c= 0.9, d= 1.0 with timeout of 5s...
14-10-2024 16:28:49 - INFO - Setting Chmaber Zones to a= 0.7, b= 0.8, c= 0.9, d= 1.0 request successfully sent.
14-10-2024 16:28:49 - INFO - Response from moonraker: {'result': 'ok'}
14-10-2024 16:28:49 - INFO - Setting Chmaber Zones to a= 0.7, b= 0.8, c= 0.9, d= 1.0 Request successfully executed.
14-10-2024 16:28:49 - INFO - Sending request to Setting Chmaber Zones to a= 0.7, b= 0.8, c= 0.9, d= 1.0 with timeout of 5s...
14-10-2024 16:28:49 - INFO - Setting Chmaber Zones to a= 0.7, b= 0.8, c= 0.9, d= 1.0 request successfully sent.
14-10-2024 16:28:49 - INFO - Response from moonraker: {'result': 'ok'}
14-10-2024 16:28:49 - INFO - Setting Chmaber Zones to a= 0.7, b= 0.8, c= 0.9, d= 1.0 Request successfully executed.
14-10-2024 16:28:49 - INFO - Sending request to Setting Chmaber Zones to a= 0.7, b= 0.8, c= 0.9, d= 1.0 with timeout of 5s...
14-10-2024 16:28:49 - INFO - Setting Chmaber Zones to a= 0.7, b= 0.8, c= 0.9, d= 1.0 request successfully sent.
14-10-2024 16:28:49 - INFO - Response from moonraker: {'result': 'ok'}
14-10-2024 16:28:49 - INFO - Setting Chmaber Zones to a= 0.7, b= 0.8, c= 0.9, d= 1.0 Request successfully executed.
14-10-2024 16:28:49 - INFO - Sending request to Setting Chmaber Zones to a= 0.7, b= 0.8, c= 0.9, d= 1.0 with timeout of 5s...
14-10-2024 16:28:49 - INFO - Setting Chmaber Zones to a= 0.7, b= 0.8, c= 0.9, d= 1.0 request successfully sent.
14-10-2024 16:28:49 - INFO - Response from moonraker: {'result': 'ok'}
14-10-2024 16:28:49 - INFO - Setting Chmaber Zones to a= 0.7, b= 0.8, c= 0.9, d= 1.0 Request successfully executed.
14-10-2024 16:28:50 - INFO - Sending request to Setting Chmaber Zones to a= 0.7, b= 0.8, c= 0.9, d= 1.0 with timeout of 5s...
14-10-2024 16:28:50 - INFO - Setting Chmaber Zones to a= 0.7, b= 0.8, c= 0.9, d= 1.0 request successfully sent.
14-10-2024 16:28:50 - INFO - Response from moonraker: {'result': 'ok'}
14-10-2024 16:28:50 - INFO - Setting Chmaber Zones to a= 0.7, b= 0.8, c= 0.9, d= 1.0 Request successfully executed.
14-10-2024 16:28:50 - INFO - Sending request to Setting Chmaber Zones to a= 0.7, b= 0.8, c= 0.9, d= 1.0 with timeout of 5s...
14-10-2024 16:28:50 - INFO - Setting Chmaber Zones to a= 0.7, b= 0.8, c= 0.9, d= 1.0 request successfully sent.
14-10-2024 16:28:50 - INFO - Response from moonraker: {'result': 'ok'}
14-10-2024 16:28:50 - INFO - Setting Chmaber Zones to a= 0.7, b= 0.8, c= 0.9, d= 1.0 Request successfully executed.
14-10-2024 16:28:52 - INFO - Sending request to Setting Chmaber Zones to a= 0, b= 0, c= 0, d= 0 with timeout of 5s...
14-10-2024 16:28:52 - INFO - Setting Chmaber Zones to a= 0, b= 0, c= 0, d= 0 request successfully sent.
14-10-2024 16:28:52 - INFO - Response from moonraker: {'result': 'ok'}
14-10-2024 16:28:52 - INFO - Setting Chmaber Zones to a= 0, b= 0, c= 0, d= 0 Request successfully executed.
14-10-2024 16:28:54 - INFO - Sending request to Setting Chmaber Zones to a= 0, b= 0, c= 0, d= 0 with timeout of 5s...
14-10-2024 16:28:54 - INFO - Setting Chmaber Zones to a= 0, b= 0, c= 0, d= 0 request successfully sent.
14-10-2024 16:28:54 - INFO - Response from moonraker: {'result': 'ok'}
14-10-2024 16:28:54 - INFO - Setting Chmaber Zones to a= 0, b= 0, c= 0, d= 0 Request successfully executed.
14-10-2024 16:28:56 - INFO - Sending request to Setting Chmaber Zones to a= 0, b= 0, c= 0, d= 0 with timeout of 5s...
14-10-2024 16:28:56 - INFO - Setting Chmaber Zones to a= 0, b= 0, c= 0, d= 0 request successfully sent.
14-10-2024 16:28:56 - INFO - Response from moonraker: {'result': 'ok'}
14-10-2024 16:28:56 - INFO - Setting Chmaber Zones to a= 0, b= 0, c= 0, d= 0 Request successfully executed.
14-10-2024 16:28:58 - INFO - Sending request to Setting Chmaber Zones to a= 0, b= 0, c= 0, d= 0 with timeout of 5s...
14-10-2024 16:28:58 - INFO - Setting Chmaber Zones to a= 0, b= 0, c= 0, d= 0 request successfully sent.
14-10-2024 16:28:58 - INFO - Response from moonraker: {'result': 'ok'}
14-10-2024 16:28:58 - INFO - Setting Chmaber Zones to a= 0, b= 0, c= 0, d= 0 Request successfully executed.
14-10-2024 16:29:00 - INFO - Sending request to Setting Chmaber Zones to a= 0, b= 0, c= 0, d= 0 with timeout of 5s...
14-10-2024 16:29:00 - INFO - Setting Chmaber Zones to a= 0, b= 0, c= 0, d= 0 request successfully sent.
14-10-2024 16:29:00 - INFO - Response from moonraker: {'result': 'ok'}
14-10-2024 16:29:00 - INFO - Setting Chmaber Zones to a= 0, b= 0, c= 0, d= 0 Request successfully executed.
14-10-2024 16:31:47 - INFO - Sending request to Setting Chmaber Zones to a= 0, b= 0, c= 0, d= 0 with timeout of 5s...
14-10-2024 16:31:47 - INFO - Sending request to Setting Chmaber Zones to a= 0.34284250000000016, b= 0.39182000000000017, c= 0.4407975000000002, d= 0.4897750000000002 with timeout of 5s...
14-10-2024 16:31:47 - INFO - Setting Chmaber Zones to a= 0.34284250000000016, b= 0.39182000000000017, c= 0.4407975000000002, d= 0.4897750000000002 request successfully sent.
14-10-2024 16:31:47 - INFO - Response from moonraker: {'result': 'ok'}
14-10-2024 16:31:47 - INFO - Setting Chmaber Zones to a= 0.34284250000000016, b= 0.39182000000000017, c= 0.4407975000000002, d= 0.4897750000000002 Request successfully executed.
14-10-2024 16:31:47 - INFO - Setting Chmaber Zones to a= 0.34284250000000016, b= 0.39182000000000017, c= 0.4407975000000002, d= 0.4897750000000002 request successfully sent.
14-10-2024 16:31:47 - INFO - Response from moonraker: {'result': 'ok'}
14-10-2024 16:31:47 - INFO - Setting Chmaber Zones to a= 0.34284250000000016, b= 0.39182000000000017, c= 0.4407975000000002, d= 0.4897750000000002 Request successfully executed.
14-10-2024 16:31:48 - INFO - Sending request to Setting Chmaber Zones to a= 0.3404450000000001, b= 0.38908000000000015, c= 0.4377150000000002, d= 0.48635000000000017 with timeout of 5s...
14-10-2024 16:31:48 - INFO - Setting Chmaber Zones to a= 0.3404450000000001, b= 0.38908000000000015, c= 0.4377150000000002, d= 0.48635000000000017 request successfully sent.
14-10-2024 16:31:48 - INFO - Response from moonraker: {'result': 'ok'}
14-10-2024 16:31:48 - INFO - Setting Chmaber Zones to a= 0.3404450000000001, b= 0.38908000000000015, c= 0.4377150000000002, d= 0.48635000000000017 Request successfully executed.
14-10-2024 16:31:48 - INFO - Sending request to Setting Chmaber Zones to a= 0.34284250000000005, b= 0.3918200000000001, c= 0.4407975000000001, d= 0.4897750000000001 with timeout of 5s...
14-10-2024 16:31:48 - INFO - Setting Chmaber Zones to a= 0.34284250000000005, b= 0.3918200000000001, c= 0.4407975000000001, d= 0.4897750000000001 request successfully sent.
14-10-2024 16:31:48 - INFO - Response from moonraker: {'result': 'ok'}
14-10-2024 16:31:48 - INFO - Setting Chmaber Zones to a= 0.34284250000000005, b= 0.3918200000000001, c= 0.4407975000000001, d= 0.4897750000000001 Request successfully executed.
14-10-2024 16:31:48 - INFO - Sending request to Setting Chmaber Zones to a= 0.3452400000000001, b= 0.3945600000000001, c= 0.4438800000000001, d= 0.49320000000000014 with timeout of 5s...
14-10-2024 16:31:48 - INFO - Setting Chmaber Zones to a= 0.3452400000000001, b= 0.3945600000000001, c= 0.4438800000000001, d= 0.49320000000000014 request successfully sent.
14-10-2024 16:31:48 - INFO - Response from moonraker: {'result': 'ok'}
14-10-2024 16:31:48 - INFO - Setting Chmaber Zones to a= 0.3452400000000001, b= 0.3945600000000001, c= 0.4438800000000001, d= 0.49320000000000014 Request successfully executed.
14-10-2024 16:31:48 - INFO - Sending request to Setting Chmaber Zones to a= 0.3476375000000001, b= 0.3973000000000001, c= 0.44696250000000015, d= 0.49662500000000015 with timeout of 5s...
14-10-2024 16:31:48 - INFO - Setting Chmaber Zones to a= 0.3476375000000001, b= 0.3973000000000001, c= 0.44696250000000015, d= 0.49662500000000015 request successfully sent.
14-10-2024 16:31:48 - INFO - Response from moonraker: {'result': 'ok'}
14-10-2024 16:31:48 - INFO - Setting Chmaber Zones to a= 0.3476375000000001, b= 0.3973000000000001, c= 0.44696250000000015, d= 0.49662500000000015 Request successfully executed.
14-10-2024 16:31:48 - INFO - Sending request to Setting Chmaber Zones to a= 0.3500350000000001, b= 0.40004000000000006, c= 0.4500450000000001, d= 0.5000500000000001 with timeout of 5s...
14-10-2024 16:31:48 - INFO - Setting Chmaber Zones to a= 0.3500350000000001, b= 0.40004000000000006, c= 0.4500450000000001, d= 0.5000500000000001 request successfully sent.
14-10-2024 16:31:48 - INFO - Response from moonraker: {'result': 'ok'}
14-10-2024 16:31:48 - INFO - Setting Chmaber Zones to a= 0.3500350000000001, b= 0.40004000000000006, c= 0.4500450000000001, d= 0.5000500000000001 Request successfully executed.
14-10-2024 16:31:49 - INFO - Sending request to Setting Chmaber Zones to a= 0.3499300000000001, b= 0.3999200000000001, c= 0.44991000000000014, d= 0.49990000000000007 with timeout of 5s...
14-10-2024 16:31:49 - INFO - Setting Chmaber Zones to a= 0.3499300000000001, b= 0.3999200000000001, c= 0.44991000000000014, d= 0.49990000000000007 request successfully sent.
14-10-2024 16:31:49 - INFO - Response from moonraker: {'result': 'ok'}
14-10-2024 16:31:49 - INFO - Setting Chmaber Zones to a= 0.3499300000000001, b= 0.3999200000000001, c= 0.44991000000000014, d= 0.49990000000000007 Request successfully executed.
14-10-2024 16:31:49 - INFO - Sending request to Setting Chmaber Zones to a= 0.32481750000000004, b= 0.37122000000000005, c= 0.41762250000000006, d= 0.46402500000000013 with timeout of 5s...
14-10-2024 16:31:49 - INFO - Setting Chmaber Zones to a= 0.32481750000000004, b= 0.37122000000000005, c= 0.41762250000000006, d= 0.46402500000000013 request successfully sent.
14-10-2024 16:31:49 - INFO - Response from moonraker: {'result': 'ok'}
14-10-2024 16:31:49 - INFO - Setting Chmaber Zones to a= 0.32481750000000004, b= 0.37122000000000005, c= 0.41762250000000006, d= 0.46402500000000013 Request successfully executed.
14-10-2024 16:31:49 - INFO - Sending request to Setting Chmaber Zones to a= 0.31237499999999996, b= 0.357, c= 0.401625, d= 0.44625 with timeout of 5s...
14-10-2024 16:31:49 - INFO - Setting Chmaber Zones to a= 0.31237499999999996, b= 0.357, c= 0.401625, d= 0.44625 request successfully sent.
14-10-2024 16:31:49 - INFO - Response from moonraker: {'result': 'ok'}
14-10-2024 16:31:49 - INFO - Setting Chmaber Zones to a= 0.31237499999999996, b= 0.357, c= 0.401625, d= 0.44625 Request successfully executed.
14-10-2024 16:31:49 - INFO - Sending request to Setting Chmaber Zones to a= 0.2971500000000001, b= 0.33960000000000007, c= 0.3820500000000001, d= 0.4245000000000001 with timeout of 5s...
14-10-2024 16:31:49 - INFO - Setting Chmaber Zones to a= 0.2971500000000001, b= 0.33960000000000007, c= 0.3820500000000001, d= 0.4245000000000001 request successfully sent.
14-10-2024 16:31:49 - INFO - Response from moonraker: {'result': 'ok'}
14-10-2024 16:31:49 - INFO - Setting Chmaber Zones to a= 0.2971500000000001, b= 0.33960000000000007, c= 0.3820500000000001, d= 0.4245000000000001 Request successfully executed.
14-10-2024 16:31:49 - INFO - Sending request to Setting Chmaber Zones to a= 0.279335, b= 0.31923999999999997, c= 0.359145, d= 0.39904999999999996 with timeout of 5s...
14-10-2024 16:31:49 - INFO - Setting Chmaber Zones to a= 0.279335, b= 0.31923999999999997, c= 0.359145, d= 0.39904999999999996 request successfully sent.
14-10-2024 16:31:49 - INFO - Response from moonraker: {'result': 'ok'}
14-10-2024 16:31:49 - INFO - Setting Chmaber Zones to a= 0.279335, b= 0.31923999999999997, c= 0.359145, d= 0.39904999999999996 Request successfully executed.
14-10-2024 16:31:50 - INFO - Sending request to Setting Chmaber Zones to a= 0.28143500000000005, b= 0.32164000000000004, c= 0.36184499999999997, d= 0.40204999999999996 with timeout of 5s...
14-10-2024 16:31:50 - INFO - Setting Chmaber Zones to a= 0.28143500000000005, b= 0.32164000000000004, c= 0.36184499999999997, d= 0.40204999999999996 request successfully sent.
14-10-2024 16:31:50 - INFO - Response from moonraker: {'result': 'ok'}
14-10-2024 16:31:50 - INFO - Setting Chmaber Zones to a= 0.28143500000000005, b= 0.32164000000000004, c= 0.36184499999999997, d= 0.40204999999999996 Request successfully executed.
14-10-2024 16:31:50 - INFO - Sending request to Setting Chmaber Zones to a= 0.24822000000000005, b= 0.28368000000000004, c= 0.3191400000000001, d= 0.3546000000000001 with timeout of 5s...
14-10-2024 16:31:50 - INFO - Setting Chmaber Zones to a= 0.24822000000000005, b= 0.28368000000000004, c= 0.3191400000000001, d= 0.3546000000000001 request successfully sent.
14-10-2024 16:31:50 - INFO - Response from moonraker: {'result': 'ok'}
14-10-2024 16:31:50 - INFO - Setting Chmaber Zones to a= 0.24822000000000005, b= 0.28368000000000004, c= 0.3191400000000001, d= 0.3546000000000001 Request successfully executed.
14-10-2024 16:31:50 - INFO - Sending request to Setting Chmaber Zones to a= 0.22526000000000004, b= 0.25744000000000006, c= 0.28962000000000004, d= 0.3218 with timeout of 5s...
14-10-2024 16:31:50 - INFO - Setting Chmaber Zones to a= 0.22526000000000004, b= 0.25744000000000006, c= 0.28962000000000004, d= 0.3218 request successfully sent.
14-10-2024 16:31:50 - INFO - Response from moonraker: {'result': 'ok'}
14-10-2024 16:31:50 - INFO - Setting Chmaber Zones to a= 0.22526000000000004, b= 0.25744000000000006, c= 0.28962000000000004, d= 0.3218 Request successfully executed.
14-10-2024 16:31:50 - INFO - Sending request to Setting Chmaber Zones to a= 0.0993825, b= 0.11357999999999999, c= 0.1277775, d= 0.141975 with timeout of 5s...
14-10-2024 16:31:50 - INFO - Setting Chmaber Zones to a= 0.0993825, b= 0.11357999999999999, c= 0.1277775, d= 0.141975 request successfully sent.
14-10-2024 16:31:50 - INFO - Response from moonraker: {'result': 'ok'}
14-10-2024 16:31:50 - INFO - Setting Chmaber Zones to a= 0.0993825, b= 0.11357999999999999, c= 0.1277775, d= 0.141975 Request successfully executed.
14-10-2024 16:31:50 - INFO - Sending request to Setting Chmaber Zones to a= 0.09166500000000001, b= 0.10476, c= 0.117855, d= 0.13095 with timeout of 5s...
14-10-2024 16:31:50 - INFO - Setting Chmaber Zones to a= 0.09166500000000001, b= 0.10476, c= 0.117855, d= 0.13095 request successfully sent.
14-10-2024 16:31:50 - INFO - Response from moonraker: {'result': 'ok'}
14-10-2024 16:31:50 - INFO - Setting Chmaber Zones to a= 0.09166500000000001, b= 0.10476, c= 0.117855, d= 0.13095 Request successfully executed.
14-10-2024 16:31:51 - INFO - Sending request to Setting Chmaber Zones to a= 0.08723749999999994, b= 0.09969999999999994, c= 0.11216249999999992, d= 0.12462499999999992 with timeout of 5s...
14-10-2024 16:31:51 - INFO - Setting Chmaber Zones to a= 0.08723749999999994, b= 0.09969999999999994, c= 0.11216249999999992, d= 0.12462499999999992 request successfully sent.
14-10-2024 16:31:51 - INFO - Response from moonraker: {'result': 'ok'}
14-10-2024 16:31:51 - INFO - Setting Chmaber Zones to a= 0.08723749999999994, b= 0.09969999999999994, c= 0.11216249999999992, d= 0.12462499999999992 Request successfully executed.
14-10-2024 16:31:51 - INFO - Sending request to Setting Chmaber Zones to a= 0.08270500000000004, b= 0.09452000000000003, c= 0.10633500000000005, d= 0.11815000000000005 with timeout of 5s...
14-10-2024 16:31:51 - INFO - Setting Chmaber Zones to a= 0.08270500000000004, b= 0.09452000000000003, c= 0.10633500000000005, d= 0.11815000000000005 request successfully sent.
14-10-2024 16:31:51 - INFO - Response from moonraker: {'result': 'ok'}
14-10-2024 16:31:51 - INFO - Setting Chmaber Zones to a= 0.08270500000000004, b= 0.09452000000000003, c= 0.10633500000000005, d= 0.11815000000000005 Request successfully executed.
14-10-2024 16:31:51 - INFO - Sending request to Setting Chmaber Zones to a= 0.08064000000000002, b= 0.09216, c= 0.10368000000000002, d= 0.11520000000000002 with timeout of 5s...
14-10-2024 16:31:51 - INFO - Setting Chmaber Zones to a= 0.08064000000000002, b= 0.09216, c= 0.10368000000000002, d= 0.11520000000000002 request successfully sent.
14-10-2024 16:31:51 - INFO - Response from moonraker: {'result': 'ok'}
14-10-2024 16:31:51 - INFO - Setting Chmaber Zones to a= 0.08064000000000002, b= 0.09216, c= 0.10368000000000002, d= 0.11520000000000002 Request successfully executed.
14-10-2024 16:31:51 - INFO - Sending request to Setting Chmaber Zones to a= 0.06350749999999994, b= 0.07257999999999992, c= 0.08165249999999992, d= 0.0907249999999999 with timeout of 5s...
14-10-2024 16:31:51 - INFO - Setting Chmaber Zones to a= 0.06350749999999994, b= 0.07257999999999992, c= 0.08165249999999992, d= 0.0907249999999999 request successfully sent.
14-10-2024 16:31:51 - INFO - Response from moonraker: {'result': 'ok'}
14-10-2024 16:31:51 - INFO - Setting Chmaber Zones to a= 0.06350749999999994, b= 0.07257999999999992, c= 0.08165249999999992, d= 0.0907249999999999 Request successfully executed.
14-10-2024 16:31:51 - INFO - Sending request to Setting Chmaber Zones to a= 0.05146749999999994, b= 0.05881999999999993, c= 0.06617249999999993, d= 0.07352499999999991 with timeout of 5s...
14-10-2024 16:31:52 - INFO - Setting Chmaber Zones to a= 0.05146749999999994, b= 0.05881999999999993, c= 0.06617249999999993, d= 0.07352499999999991 request successfully sent.
14-10-2024 16:31:52 - INFO - Response from moonraker: {'result': 'ok'}
14-10-2024 16:31:52 - INFO - Setting Chmaber Zones to a= 0.05146749999999994, b= 0.05881999999999993, c= 0.06617249999999993, d= 0.07352499999999991 Request successfully executed.
14-10-2024 16:31:52 - INFO - Sending request to Setting Chmaber Zones to a= 0.05178249999999994, b= 0.05917999999999993, c= 0.06657749999999991, d= 0.07397499999999992 with timeout of 5s...
14-10-2024 16:31:52 - INFO - Setting Chmaber Zones to a= 0.05178249999999994, b= 0.05917999999999993, c= 0.06657749999999991, d= 0.07397499999999992 request successfully sent.
14-10-2024 16:31:52 - INFO - Response from moonraker: {'result': 'ok'}
14-10-2024 16:31:52 - INFO - Setting Chmaber Zones to a= 0.05178249999999994, b= 0.05917999999999993, c= 0.06657749999999991, d= 0.07397499999999992 Request successfully executed.
14-10-2024 16:31:52 - INFO - Sending request to Setting Chmaber Zones to a= 0.049420000000000075, b= 0.056480000000000086, c= 0.0635400000000001, d= 0.07060000000000011 with timeout of 5s...
14-10-2024 16:31:52 - INFO - Setting Chmaber Zones to a= 0.049420000000000075, b= 0.056480000000000086, c= 0.0635400000000001, d= 0.07060000000000011 request successfully sent.
14-10-2024 16:31:52 - INFO - Response from moonraker: {'result': 'ok'}
14-10-2024 16:31:52 - INFO - Setting Chmaber Zones to a= 0.049420000000000075, b= 0.056480000000000086, c= 0.0635400000000001, d= 0.07060000000000011 Request successfully executed.
14-10-2024 16:31:52 - INFO - Sending request to Setting Chmaber Zones to a= 0.04707500000000004, b= 0.05380000000000004, c= 0.06052500000000006, d= 0.06725000000000006 with timeout of 5s...
14-10-2024 16:31:52 - INFO - Setting Chmaber Zones to a= 0.04707500000000004, b= 0.05380000000000004, c= 0.06052500000000006, d= 0.06725000000000006 request successfully sent.
14-10-2024 16:31:52 - INFO - Response from moonraker: {'result': 'ok'}
14-10-2024 16:31:52 - INFO - Setting Chmaber Zones to a= 0.04707500000000004, b= 0.05380000000000004, c= 0.06052500000000006, d= 0.06725000000000006 Request successfully executed.
14-10-2024 16:31:52 - INFO - Sending request to Setting Chmaber Zones to a= 0.04721500000000004, b= 0.05396000000000005, c= 0.060705000000000064, d= 0.06745000000000007 with timeout of 5s...
14-10-2024 16:31:52 - INFO - Setting Chmaber Zones to a= 0.04721500000000004, b= 0.05396000000000005, c= 0.060705000000000064, d= 0.06745000000000007 request successfully sent.
14-10-2024 16:31:52 - INFO - Response from moonraker: {'result': 'ok'}
14-10-2024 16:31:52 - INFO - Setting Chmaber Zones to a= 0.04721500000000004, b= 0.05396000000000005, c= 0.060705000000000064, d= 0.06745000000000007 Request successfully executed.
14-10-2024 16:31:52 - INFO - Sending request to Setting Chmaber Zones to a= 0.047320000000000036, b= 0.05408000000000004, c= 0.06084000000000004, d= 0.06760000000000005 with timeout of 5s...
14-10-2024 16:31:53 - INFO - Setting Chmaber Zones to a= 0.047320000000000036, b= 0.05408000000000004, c= 0.06084000000000004, d= 0.06760000000000005 request successfully sent.
14-10-2024 16:31:53 - INFO - Response from moonraker: {'result': 'ok'}
14-10-2024 16:31:53 - INFO - Setting Chmaber Zones to a= 0.047320000000000036, b= 0.05408000000000004, c= 0.06084000000000004, d= 0.06760000000000005 Request successfully executed.
14-10-2024 16:31:53 - INFO - Sending request to Setting Chmaber Zones to a= 0.05242999999999994, b= 0.05991999999999993, c= 0.06740999999999991, d= 0.07489999999999991 with timeout of 5s...
14-10-2024 16:31:53 - INFO - Setting Chmaber Zones to a= 0.05242999999999994, b= 0.05991999999999993, c= 0.06740999999999991, d= 0.07489999999999991 request successfully sent.
14-10-2024 16:31:53 - INFO - Response from moonraker: {'result': 'ok'}
14-10-2024 16:31:53 - INFO - Setting Chmaber Zones to a= 0.05242999999999994, b= 0.05991999999999993, c= 0.06740999999999991, d= 0.07489999999999991 Request successfully executed.
14-10-2024 16:31:53 - INFO - Sending request to Setting Chmaber Zones to a= 0.06501249999999993, b= 0.07429999999999992, c= 0.08358749999999991, d= 0.0928749999999999 with timeout of 5s...
14-10-2024 16:31:53 - INFO - Setting Chmaber Zones to a= 0.06501249999999993, b= 0.07429999999999992, c= 0.08358749999999991, d= 0.0928749999999999 request successfully sent.
14-10-2024 16:31:53 - INFO - Response from moonraker: {'result': 'ok'}
14-10-2024 16:31:53 - INFO - Setting Chmaber Zones to a= 0.06501249999999993, b= 0.07429999999999992, c= 0.08358749999999991, d= 0.0928749999999999 Request successfully executed.
14-10-2024 16:31:53 - INFO - Sending request to Setting Chmaber Zones to a= 0.07007000000000001, b= 0.08008000000000001, c= 0.09009, d= 0.10010000000000002 with timeout of 5s...
14-10-2024 16:31:53 - INFO - Setting Chmaber Zones to a= 0.07007000000000001, b= 0.08008000000000001, c= 0.09009, d= 0.10010000000000002 request successfully sent.
14-10-2024 16:31:53 - INFO - Response from moonraker: {'result': 'ok'}
14-10-2024 16:31:53 - INFO - Setting Chmaber Zones to a= 0.07007000000000001, b= 0.08008000000000001, c= 0.09009, d= 0.10010000000000002 Request successfully executed.
14-10-2024 16:31:53 - INFO - Sending request to Setting Chmaber Zones to a= 0.0702625, b= 0.08030000000000001, c= 0.09033750000000002, d= 0.10037500000000002 with timeout of 5s...
14-10-2024 16:31:53 - INFO - Setting Chmaber Zones to a= 0.0702625, b= 0.08030000000000001, c= 0.09033750000000002, d= 0.10037500000000002 request successfully sent.
14-10-2024 16:31:53 - INFO - Response from moonraker: {'result': 'ok'}
14-10-2024 16:31:53 - INFO - Setting Chmaber Zones to a= 0.0702625, b= 0.08030000000000001, c= 0.09033750000000002, d= 0.10037500000000002 Request successfully executed.
14-10-2024 16:31:53 - INFO - Sending request to Setting Chmaber Zones to a= 0.07302750000000004, b= 0.08346000000000003, c= 0.09389250000000006, d= 0.10432500000000006 with timeout of 5s...
14-10-2024 16:31:54 - INFO - Setting Chmaber Zones to a= 0.07302750000000004, b= 0.08346000000000003, c= 0.09389250000000006, d= 0.10432500000000006 request successfully sent.
14-10-2024 16:31:54 - INFO - Response from moonraker: {'result': 'ok'}
14-10-2024 16:31:54 - INFO - Setting Chmaber Zones to a= 0.07302750000000004, b= 0.08346000000000003, c= 0.09389250000000006, d= 0.10432500000000006 Request successfully executed.
14-10-2024 16:31:54 - INFO - Sending request to Setting Chmaber Zones to a= 0.07327250000000003, b= 0.08374000000000004, c= 0.09420750000000004, d= 0.10467500000000005 with timeout of 5s...
14-10-2024 16:31:54 - INFO - Setting Chmaber Zones to a= 0.07327250000000003, b= 0.08374000000000004, c= 0.09420750000000004, d= 0.10467500000000005 request successfully sent.
14-10-2024 16:31:54 - INFO - Response from moonraker: {'result': 'ok'}
14-10-2024 16:31:54 - INFO - Setting Chmaber Zones to a= 0.07327250000000003, b= 0.08374000000000004, c= 0.09420750000000004, d= 0.10467500000000005 Request successfully executed.
14-10-2024 16:31:54 - INFO - Sending request to Setting Chmaber Zones to a= 0.07855749999999993, b= 0.08977999999999993, c= 0.10100249999999993, d= 0.11222499999999991 with timeout of 5s...
14-10-2024 16:31:54 - INFO - Setting Chmaber Zones to a= 0.07855749999999993, b= 0.08977999999999993, c= 0.10100249999999993, d= 0.11222499999999991 request successfully sent.
14-10-2024 16:31:54 - INFO - Response from moonraker: {'result': 'ok'}
14-10-2024 16:31:54 - INFO - Setting Chmaber Zones to a= 0.07855749999999993, b= 0.08977999999999993, c= 0.10100249999999993, d= 0.11222499999999991 Request successfully executed.
14-10-2024 16:31:54 - INFO - Sending request to Setting Chmaber Zones to a= 0.07880249999999993, b= 0.09005999999999992, c= 0.10131749999999991, d= 0.1125749999999999 with timeout of 5s...
14-10-2024 16:31:54 - INFO - Setting Chmaber Zones to a= 0.07880249999999993, b= 0.09005999999999992, c= 0.10131749999999991, d= 0.1125749999999999 request successfully sent.
14-10-2024 16:31:54 - INFO - Response from moonraker: {'result': 'ok'}
14-10-2024 16:31:54 - INFO - Setting Chmaber Zones to a= 0.07880249999999993, b= 0.09005999999999992, c= 0.10131749999999991, d= 0.1125749999999999 Request successfully executed.
14-10-2024 16:31:54 - INFO - Sending request to Setting Chmaber Zones to a= 0.07911749999999994, b= 0.09041999999999993, c= 0.10172249999999991, d= 0.11302499999999989 with timeout of 5s...
14-10-2024 16:31:54 - INFO - Setting Chmaber Zones to a= 0.07911749999999994, b= 0.09041999999999993, c= 0.10172249999999991, d= 0.11302499999999989 request successfully sent.
14-10-2024 16:31:54 - INFO - Response from moonraker: {'result': 'ok'}
14-10-2024 16:31:54 - INFO - Setting Chmaber Zones to a= 0.07911749999999994, b= 0.09041999999999993, c= 0.10172249999999991, d= 0.11302499999999989 Request successfully executed.
14-10-2024 16:31:54 - INFO - Sending request to Setting Chmaber Zones to a= 0.08193499999999997, b= 0.09363999999999997, c= 0.10534499999999997, d= 0.11704999999999996 with timeout of 5s...
14-10-2024 16:31:55 - INFO - Setting Chmaber Zones to a= 0.08193499999999997, b= 0.09363999999999997, c= 0.10534499999999997, d= 0.11704999999999996 request successfully sent.
14-10-2024 16:31:55 - INFO - Response from moonraker: {'result': 'ok'}
14-10-2024 16:31:55 - INFO - Setting Chmaber Zones to a= 0.08193499999999997, b= 0.09363999999999997, c= 0.10534499999999997, d= 0.11704999999999996 Request successfully executed.
14-10-2024 16:31:55 - INFO - Sending request to Setting Chmaber Zones to a= 0.08473500000000002, b= 0.09684000000000001, c= 0.10894500000000003, d= 0.12105000000000002 with timeout of 5s...
14-10-2024 16:31:55 - INFO - Setting Chmaber Zones to a= 0.08473500000000002, b= 0.09684000000000001, c= 0.10894500000000003, d= 0.12105000000000002 request successfully sent.
14-10-2024 16:31:55 - INFO - Response from moonraker: {'result': 'ok'}
14-10-2024 16:31:55 - INFO - Setting Chmaber Zones to a= 0.08473500000000002, b= 0.09684000000000001, c= 0.10894500000000003, d= 0.12105000000000002 Request successfully executed.
14-10-2024 16:31:55 - INFO - Sending request to Setting Chmaber Zones to a= 0.08505000000000003, b= 0.09720000000000002, c= 0.10935000000000002, d= 0.12150000000000002 with timeout of 5s...
14-10-2024 16:31:55 - INFO - Setting Chmaber Zones to a= 0.08505000000000003, b= 0.09720000000000002, c= 0.10935000000000002, d= 0.12150000000000002 request successfully sent.
14-10-2024 16:31:55 - INFO - Response from moonraker: {'result': 'ok'}
14-10-2024 16:31:55 - INFO - Setting Chmaber Zones to a= 0.08505000000000003, b= 0.09720000000000002, c= 0.10935000000000002, d= 0.12150000000000002 Request successfully executed.
14-10-2024 16:31:55 - INFO - Sending request to Setting Chmaber Zones to a= 0.0854, b= 0.09760000000000002, c= 0.10980000000000002, d= 0.12200000000000003 with timeout of 5s...
14-10-2024 16:31:55 - INFO - Setting Chmaber Zones to a= 0.0854, b= 0.09760000000000002, c= 0.10980000000000002, d= 0.12200000000000003 request successfully sent.
14-10-2024 16:31:55 - INFO - Response from moonraker: {'result': 'ok'}
14-10-2024 16:31:55 - INFO - Setting Chmaber Zones to a= 0.0854, b= 0.09760000000000002, c= 0.10980000000000002, d= 0.12200000000000003 Request successfully executed.
14-10-2024 16:31:55 - INFO - Sending request to Setting Chmaber Zones to a= 0.08575, b= 0.098, c= 0.11025, d= 0.12250000000000001 with timeout of 5s...
14-10-2024 16:31:55 - INFO - Setting Chmaber Zones to a= 0.08575, b= 0.098, c= 0.11025, d= 0.12250000000000001 request successfully sent.
14-10-2024 16:31:55 - INFO - Response from moonraker: {'result': 'ok'}
14-10-2024 16:31:55 - INFO - Setting Chmaber Zones to a= 0.08575, b= 0.098, c= 0.11025, d= 0.12250000000000001 Request successfully executed.
14-10-2024 16:31:55 - INFO - Sending request to Setting Chmaber Zones to a= 0.08359749999999998, b= 0.09553999999999999, c= 0.10748249999999997, d= 0.11942499999999998 with timeout of 5s...
14-10-2024 16:31:56 - INFO - Setting Chmaber Zones to a= 0.08359749999999998, b= 0.09553999999999999, c= 0.10748249999999997, d= 0.11942499999999998 request successfully sent.
14-10-2024 16:31:56 - INFO - Response from moonraker: {'result': 'ok'}
14-10-2024 16:31:56 - INFO - Setting Chmaber Zones to a= 0.08359749999999998, b= 0.09553999999999999, c= 0.10748249999999997, d= 0.11942499999999998 Request successfully executed.
14-10-2024 16:31:56 - INFO - Sending request to Setting Chmaber Zones to a= 0.08396499999999998, b= 0.09595999999999999, c= 0.10795499999999997, d= 0.11994999999999997 with timeout of 5s...
14-10-2024 16:31:56 - INFO - Setting Chmaber Zones to a= 0.08396499999999998, b= 0.09595999999999999, c= 0.10795499999999997, d= 0.11994999999999997 request successfully sent.
14-10-2024 16:31:56 - INFO - Response from moonraker: {'result': 'ok'}
14-10-2024 16:31:56 - INFO - Setting Chmaber Zones to a= 0.08396499999999998, b= 0.09595999999999999, c= 0.10795499999999997, d= 0.11994999999999997 Request successfully executed.
14-10-2024 16:31:56 - INFO - Sending request to Setting Chmaber Zones to a= 0.08179499999999994, b= 0.09347999999999994, c= 0.10516499999999991, d= 0.11684999999999991 with timeout of 5s...
14-10-2024 16:31:56 - INFO - Setting Chmaber Zones to a= 0.08179499999999994, b= 0.09347999999999994, c= 0.10516499999999991, d= 0.11684999999999991 request successfully sent.
14-10-2024 16:31:56 - INFO - Response from moonraker: {'result': 'ok'}
14-10-2024 16:31:56 - INFO - Setting Chmaber Zones to a= 0.08179499999999994, b= 0.09347999999999994, c= 0.10516499999999991, d= 0.11684999999999991 Request successfully executed.
14-10-2024 16:31:56 - INFO - Sending request to Setting Chmaber Zones to a= 0.07964250000000009, b= 0.09102000000000011, c= 0.10239750000000011, d= 0.11377500000000013 with timeout of 5s...
14-10-2024 16:31:56 - INFO - Setting Chmaber Zones to a= 0.07964250000000009, b= 0.09102000000000011, c= 0.10239750000000011, d= 0.11377500000000013 request successfully sent.
14-10-2024 16:31:56 - INFO - Response from moonraker: {'result': 'ok'}
14-10-2024 16:31:56 - INFO - Setting Chmaber Zones to a= 0.07964250000000009, b= 0.09102000000000011, c= 0.10239750000000011, d= 0.11377500000000013 Request successfully executed.
14-10-2024 16:31:56 - INFO - Sending request to Setting Chmaber Zones to a= 0.07497000000000001, b= 0.08568000000000002, c= 0.09639000000000002, d= 0.10710000000000001 with timeout of 5s...
14-10-2024 16:31:56 - INFO - Setting Chmaber Zones to a= 0.07497000000000001, b= 0.08568000000000002, c= 0.09639000000000002, d= 0.10710000000000001 request successfully sent.
14-10-2024 16:31:56 - INFO - Response from moonraker: {'result': 'ok'}
14-10-2024 16:31:56 - INFO - Setting Chmaber Zones to a= 0.07497000000000001, b= 0.08568000000000002, c= 0.09639000000000002, d= 0.10710000000000001 Request successfully executed.
14-10-2024 16:31:57 - INFO - Sending request to Setting Chmaber Zones to a= 0.07279999999999998, b= 0.08319999999999997, c= 0.09359999999999997, d= 0.10399999999999997 with timeout of 5s...
14-10-2024 16:31:57 - INFO - Setting Chmaber Zones to a= 0.07279999999999998, b= 0.08319999999999997, c= 0.09359999999999997, d= 0.10399999999999997 request successfully sent.
14-10-2024 16:31:57 - INFO - Response from moonraker: {'result': 'ok'}
14-10-2024 16:31:57 - INFO - Setting Chmaber Zones to a= 0.07279999999999998, b= 0.08319999999999997, c= 0.09359999999999997, d= 0.10399999999999997 Request successfully executed.
14-10-2024 16:31:57 - INFO - Sending request to Setting Chmaber Zones to a= 0.07057749999999995, b= 0.08065999999999994, c= 0.09074249999999992, d= 0.1008249999999999 with timeout of 5s...
14-10-2024 16:31:57 - INFO - Setting Chmaber Zones to a= 0.07057749999999995, b= 0.08065999999999994, c= 0.09074249999999992, d= 0.1008249999999999 request successfully sent.
14-10-2024 16:31:57 - INFO - Response from moonraker: {'result': 'ok'}
14-10-2024 16:31:57 - INFO - Setting Chmaber Zones to a= 0.07057749999999995, b= 0.08065999999999994, c= 0.09074249999999992, d= 0.1008249999999999 Request successfully executed.
14-10-2024 16:31:57 - INFO - Sending request to Setting Chmaber Zones to a= 0.06082999999999997, b= 0.06951999999999997, c= 0.07820999999999995, d= 0.08689999999999994 with timeout of 5s...
14-10-2024 16:31:57 - INFO - Setting Chmaber Zones to a= 0.06082999999999997, b= 0.06951999999999997, c= 0.07820999999999995, d= 0.08689999999999994 request successfully sent.
14-10-2024 16:31:57 - INFO - Response from moonraker: {'result': 'ok'}
14-10-2024 16:31:57 - INFO - Setting Chmaber Zones to a= 0.06082999999999997, b= 0.06951999999999997, c= 0.07820999999999995, d= 0.08689999999999994 Request successfully executed.
14-10-2024 16:31:57 - INFO - Sending request to Setting Chmaber Zones to a= 0.058624999999999934, b= 0.06699999999999992, c= 0.07537499999999991, d= 0.08374999999999991 with timeout of 5s...
14-10-2024 16:31:57 - INFO - Setting Chmaber Zones to a= 0.058624999999999934, b= 0.06699999999999992, c= 0.07537499999999991, d= 0.08374999999999991 request successfully sent.
14-10-2024 16:31:57 - INFO - Response from moonraker: {'result': 'ok'}
14-10-2024 16:31:57 - INFO - Setting Chmaber Zones to a= 0.058624999999999934, b= 0.06699999999999992, c= 0.07537499999999991, d= 0.08374999999999991 Request successfully executed.
14-10-2024 16:31:57 - INFO - Sending request to Setting Chmaber Zones to a= 0.05379500000000003, b= 0.061480000000000035, c= 0.06916500000000003, d= 0.07685000000000004 with timeout of 5s...
14-10-2024 16:31:57 - INFO - Setting Chmaber Zones to a= 0.05379500000000003, b= 0.061480000000000035, c= 0.06916500000000003, d= 0.07685000000000004 request successfully sent.
14-10-2024 16:31:57 - INFO - Response from moonraker: {'result': 'ok'}
14-10-2024 16:31:57 - INFO - Setting Chmaber Zones to a= 0.05379500000000003, b= 0.061480000000000035, c= 0.06916500000000003, d= 0.07685000000000004 Request successfully executed.
14-10-2024 16:31:58 - INFO - Sending request to Setting Chmaber Zones to a= 0.04896499999999996, b= 0.055959999999999954, c= 0.06295499999999996, d= 0.06994999999999994 with timeout of 5s...
14-10-2024 16:31:58 - INFO - Setting Chmaber Zones to a= 0.04896499999999996, b= 0.055959999999999954, c= 0.06295499999999996, d= 0.06994999999999994 request successfully sent.
14-10-2024 16:31:58 - INFO - Response from moonraker: {'result': 'ok'}
14-10-2024 16:31:58 - INFO - Setting Chmaber Zones to a= 0.04896499999999996, b= 0.055959999999999954, c= 0.06295499999999996, d= 0.06994999999999994 Request successfully executed.
14-10-2024 16:31:58 - INFO - Sending request to Setting Chmaber Zones to a= 0.04910499999999996, b= 0.056119999999999955, c= 0.06313499999999996, d= 0.07014999999999995 with timeout of 5s...
14-10-2024 16:31:58 - INFO - Setting Chmaber Zones to a= 0.04910499999999996, b= 0.056119999999999955, c= 0.06313499999999996, d= 0.07014999999999995 request successfully sent.
14-10-2024 16:31:58 - INFO - Response from moonraker: {'result': 'ok'}
14-10-2024 16:31:58 - INFO - Setting Chmaber Zones to a= 0.04910499999999996, b= 0.056119999999999955, c= 0.06313499999999996, d= 0.07014999999999995 Request successfully executed.
14-10-2024 16:31:58 - INFO - Sending request to Setting Chmaber Zones to a= 0.04667249999999993, b= 0.05333999999999992, c= 0.06000749999999991, d= 0.0666749999999999 with timeout of 5s...
14-10-2024 16:31:58 - INFO - Setting Chmaber Zones to a= 0.04667249999999993, b= 0.05333999999999992, c= 0.06000749999999991, d= 0.0666749999999999 request successfully sent.
14-10-2024 16:31:58 - INFO - Response from moonraker: {'result': 'ok'}
14-10-2024 16:31:58 - INFO - Setting Chmaber Zones to a= 0.04667249999999993, b= 0.05333999999999992, c= 0.06000749999999991, d= 0.0666749999999999 Request successfully executed.
14-10-2024 16:31:58 - INFO - Sending request to Setting Chmaber Zones to a= 0.04425750000000007, b= 0.050580000000000076, c= 0.056902500000000085, d= 0.0632250000000001 with timeout of 5s...
14-10-2024 16:31:58 - INFO - Setting Chmaber Zones to a= 0.04425750000000007, b= 0.050580000000000076, c= 0.056902500000000085, d= 0.0632250000000001 request successfully sent.
14-10-2024 16:31:58 - INFO - Response from moonraker: {'result': 'ok'}
14-10-2024 16:31:58 - INFO - Setting Chmaber Zones to a= 0.04425750000000007, b= 0.050580000000000076, c= 0.056902500000000085, d= 0.0632250000000001 Request successfully executed.
14-10-2024 16:31:58 - INFO - Sending request to Setting Chmaber Zones to a= 0.04432750000000007, b= 0.050660000000000066, c= 0.056992500000000085, d= 0.06332500000000009 with timeout of 5s...
14-10-2024 16:31:58 - INFO - Setting Chmaber Zones to a= 0.04432750000000007, b= 0.050660000000000066, c= 0.056992500000000085, d= 0.06332500000000009 request successfully sent.
14-10-2024 16:31:58 - INFO - Response from moonraker: {'result': 'ok'}
14-10-2024 16:31:58 - INFO - Setting Chmaber Zones to a= 0.04432750000000007, b= 0.050660000000000066, c= 0.056992500000000085, d= 0.06332500000000009 Request successfully executed.
14-10-2024 16:31:59 - INFO - Sending request to Setting Chmaber Zones to a= 0.044362500000000055, b= 0.050700000000000064, c= 0.057037500000000074, d= 0.06337500000000008 with timeout of 5s...
14-10-2024 16:31:59 - INFO - Setting Chmaber Zones to a= 0.044362500000000055, b= 0.050700000000000064, c= 0.057037500000000074, d= 0.06337500000000008 request successfully sent.
14-10-2024 16:31:59 - INFO - Response from moonraker: {'result': 'ok'}
14-10-2024 16:31:59 - INFO - Setting Chmaber Zones to a= 0.044362500000000055, b= 0.050700000000000064, c= 0.057037500000000074, d= 0.06337500000000008 Request successfully executed.
14-10-2024 16:31:59 - INFO - Sending request to Setting Chmaber Zones to a= 0.044397500000000055, b= 0.05074000000000006, c= 0.057082500000000064, d= 0.06342500000000008 with timeout of 5s...
14-10-2024 16:31:59 - INFO - Setting Chmaber Zones to a= 0.044397500000000055, b= 0.05074000000000006, c= 0.057082500000000064, d= 0.06342500000000008 request successfully sent.
14-10-2024 16:31:59 - INFO - Response from moonraker: {'result': 'ok'}
14-10-2024 16:31:59 - INFO - Setting Chmaber Zones to a= 0.044397500000000055, b= 0.05074000000000006, c= 0.057082500000000064, d= 0.06342500000000008 Request successfully executed.
14-10-2024 16:31:59 - INFO - Sending request to Setting Chmaber Zones to a= 0.04193000000000002, b= 0.047920000000000025, c= 0.05391000000000003, d= 0.05990000000000003 with timeout of 5s...
14-10-2024 16:31:59 - INFO - Setting Chmaber Zones to a= 0.04193000000000002, b= 0.047920000000000025, c= 0.05391000000000003, d= 0.05990000000000003 request successfully sent.
14-10-2024 16:31:59 - INFO - Response from moonraker: {'result': 'ok'}
14-10-2024 16:31:59 - INFO - Setting Chmaber Zones to a= 0.04193000000000002, b= 0.047920000000000025, c= 0.05391000000000003, d= 0.05990000000000003 Request successfully executed.
14-10-2024 16:31:59 - INFO - Sending request to Setting Chmaber Zones to a= 0.03947999999999999, b= 0.045119999999999987, c= 0.05075999999999998, d= 0.05639999999999998 with timeout of 5s...
14-10-2024 16:31:59 - INFO - Setting Chmaber Zones to a= 0.03947999999999999, b= 0.045119999999999987, c= 0.05075999999999998, d= 0.05639999999999998 request successfully sent.
14-10-2024 16:31:59 - INFO - Response from moonraker: {'result': 'ok'}
14-10-2024 16:31:59 - INFO - Setting Chmaber Zones to a= 0.03947999999999999, b= 0.045119999999999987, c= 0.05075999999999998, d= 0.05639999999999998 Request successfully executed.
14-10-2024 16:31:59 - INFO - Sending request to Setting Chmaber Zones to a= 0.03951499999999999, b= 0.045159999999999985, c= 0.05080499999999998, d= 0.05644999999999998 with timeout of 5s...
14-10-2024 16:31:59 - INFO - Setting Chmaber Zones to a= 0.03951499999999999, b= 0.045159999999999985, c= 0.05080499999999998, d= 0.05644999999999998 request successfully sent.
14-10-2024 16:31:59 - INFO - Response from moonraker: {'result': 'ok'}
14-10-2024 16:31:59 - INFO - Setting Chmaber Zones to a= 0.03951499999999999, b= 0.045159999999999985, c= 0.05080499999999998, d= 0.05644999999999998 Request successfully executed.
14-10-2024 16:32:00 - INFO - Sending request to Setting Chmaber Zones to a= 0.03951499999999999, b= 0.045159999999999985, c= 0.05080499999999998, d= 0.05644999999999998 with timeout of 5s...
14-10-2024 16:32:00 - INFO - Setting Chmaber Zones to a= 0.03951499999999999, b= 0.045159999999999985, c= 0.05080499999999998, d= 0.05644999999999998 request successfully sent.
14-10-2024 16:32:00 - INFO - Response from moonraker: {'result': 'ok'}
14-10-2024 16:32:00 - INFO - Setting Chmaber Zones to a= 0.03951499999999999, b= 0.045159999999999985, c= 0.05080499999999998, d= 0.05644999999999998 Request successfully executed.
14-10-2024 16:32:00 - INFO - Sending request to Setting Chmaber Zones to a= 0.03951499999999999, b= 0.045159999999999985, c= 0.05080499999999998, d= 0.05644999999999998 with timeout of 5s...
14-10-2024 16:32:00 - INFO - Setting Chmaber Zones to a= 0.03951499999999999, b= 0.045159999999999985, c= 0.05080499999999998, d= 0.05644999999999998 request successfully sent.
14-10-2024 16:32:00 - INFO - Response from moonraker: {'result': 'ok'}
14-10-2024 16:32:00 - INFO - Setting Chmaber Zones to a= 0.03951499999999999, b= 0.045159999999999985, c= 0.05080499999999998, d= 0.05644999999999998 Request successfully executed.
14-10-2024 16:32:00 - INFO - Sending request to Setting Chmaber Zones to a= 0.03951499999999999, b= 0.045159999999999985, c= 0.05080499999999998, d= 0.05644999999999998 with timeout of 5s...
14-10-2024 16:32:00 - INFO - Setting Chmaber Zones to a= 0.03951499999999999, b= 0.045159999999999985, c= 0.05080499999999998, d= 0.05644999999999998 request successfully sent.
14-10-2024 16:32:00 - INFO - Response from moonraker: {'result': 'ok'}
14-10-2024 16:32:00 - INFO - Setting Chmaber Zones to a= 0.03951499999999999, b= 0.045159999999999985, c= 0.05080499999999998, d= 0.05644999999999998 Request successfully executed.
14-10-2024 16:32:00 - INFO - Sending request to Setting Chmaber Zones to a= 0.03951499999999999, b= 0.045159999999999985, c= 0.05080499999999998, d= 0.05644999999999998 with timeout of 5s...
14-10-2024 16:32:00 - INFO - Setting Chmaber Zones to a= 0.03951499999999999, b= 0.045159999999999985, c= 0.05080499999999998, d= 0.05644999999999998 request successfully sent.
14-10-2024 16:32:00 - INFO - Response from moonraker: {'result': 'ok'}
14-10-2024 16:32:00 - INFO - Setting Chmaber Zones to a= 0.03951499999999999, b= 0.045159999999999985, c= 0.05080499999999998, d= 0.05644999999999998 Request successfully executed.
14-10-2024 16:32:00 - INFO - Sending request to Setting Chmaber Zones to a= 0.04201750000000002, b= 0.048020000000000035, c= 0.05402250000000003, d= 0.06002500000000004 with timeout of 5s...
14-10-2024 16:32:00 - INFO - Setting Chmaber Zones to a= 0.04201750000000002, b= 0.048020000000000035, c= 0.05402250000000003, d= 0.06002500000000004 request successfully sent.
14-10-2024 16:32:00 - INFO - Response from moonraker: {'result': 'ok'}
14-10-2024 16:32:00 - INFO - Setting Chmaber Zones to a= 0.04201750000000002, b= 0.048020000000000035, c= 0.05402250000000003, d= 0.06002500000000004 Request successfully executed.
14-10-2024 16:32:01 - INFO - Sending request to Setting Chmaber Zones to a= 0.042000000000000016, b= 0.04800000000000002, c= 0.05400000000000003, d= 0.06000000000000003 with timeout of 5s...
14-10-2024 16:32:01 - INFO - Setting Chmaber Zones to a= 0.042000000000000016, b= 0.04800000000000002, c= 0.05400000000000003, d= 0.06000000000000003 request successfully sent.
14-10-2024 16:32:01 - INFO - Response from moonraker: {'result': 'ok'}
14-10-2024 16:32:01 - INFO - Setting Chmaber Zones to a= 0.042000000000000016, b= 0.04800000000000002, c= 0.05400000000000003, d= 0.06000000000000003 Request successfully executed.
14-10-2024 16:32:01 - INFO - Sending request to Setting Chmaber Zones to a= 0.04201750000000002, b= 0.04802000000000002, c= 0.05402250000000003, d= 0.06002500000000003 with timeout of 5s...
14-10-2024 16:32:01 - INFO - Setting Chmaber Zones to a= 0.04201750000000002, b= 0.04802000000000002, c= 0.05402250000000003, d= 0.06002500000000003 request successfully sent.
14-10-2024 16:32:01 - INFO - Response from moonraker: {'result': 'ok'}
14-10-2024 16:32:01 - INFO - Setting Chmaber Zones to a= 0.04201750000000002, b= 0.04802000000000002, c= 0.05402250000000003, d= 0.06002500000000003 Request successfully executed.
14-10-2024 16:32:01 - INFO - Sending request to Setting Chmaber Zones to a= 0.047039999999999915, b= 0.053759999999999905, c= 0.060479999999999895, d= 0.06719999999999988 with timeout of 5s...
14-10-2024 16:32:01 - INFO - Setting Chmaber Zones to a= 0.047039999999999915, b= 0.053759999999999905, c= 0.060479999999999895, d= 0.06719999999999988 request successfully sent.
14-10-2024 16:32:01 - INFO - Response from moonraker: {'result': 'ok'}
14-10-2024 16:32:01 - INFO - Setting Chmaber Zones to a= 0.047039999999999915, b= 0.053759999999999905, c= 0.060479999999999895, d= 0.06719999999999988 Request successfully executed.
14-10-2024 16:32:01 - INFO - Sending request to Setting Chmaber Zones to a= 0.047022499999999925, b= 0.053739999999999906, c= 0.0604574999999999, d= 0.06717499999999989 with timeout of 5s...
14-10-2024 16:32:01 - INFO - Setting Chmaber Zones to a= 0.047022499999999925, b= 0.053739999999999906, c= 0.0604574999999999, d= 0.06717499999999989 request successfully sent.
14-10-2024 16:32:01 - INFO - Response from moonraker: {'result': 'ok'}
14-10-2024 16:32:01 - INFO - Setting Chmaber Zones to a= 0.047022499999999925, b= 0.053739999999999906, c= 0.0604574999999999, d= 0.06717499999999989 Request successfully executed.
14-10-2024 16:32:01 - INFO - Sending request to Setting Chmaber Zones to a= 0.04707499999999992, b= 0.05379999999999992, c= 0.060524999999999905, d= 0.0672499999999999 with timeout of 5s...
14-10-2024 16:32:01 - INFO - Setting Chmaber Zones to a= 0.04707499999999992, b= 0.05379999999999992, c= 0.060524999999999905, d= 0.0672499999999999 request successfully sent.
14-10-2024 16:32:01 - INFO - Response from moonraker: {'result': 'ok'}
14-10-2024 16:32:01 - INFO - Setting Chmaber Zones to a= 0.04707499999999992, b= 0.05379999999999992, c= 0.060524999999999905, d= 0.0672499999999999 Request successfully executed.
14-10-2024 16:32:02 - INFO - Sending request to Setting Chmaber Zones to a= 0.04712749999999992, b= 0.0538599999999999, c= 0.060592499999999896, d= 0.06732499999999988 with timeout of 5s...
14-10-2024 16:32:02 - INFO - Setting Chmaber Zones to a= 0.04712749999999992, b= 0.0538599999999999, c= 0.060592499999999896, d= 0.06732499999999988 request successfully sent.
14-10-2024 16:32:02 - INFO - Response from moonraker: {'result': 'ok'}
14-10-2024 16:32:02 - INFO - Setting Chmaber Zones to a= 0.04712749999999992, b= 0.0538599999999999, c= 0.060592499999999896, d= 0.06732499999999988 Request successfully executed.
14-10-2024 16:32:02 - INFO - Sending request to Setting Chmaber Zones to a= 0.047179999999999916, b= 0.05391999999999991, c= 0.0606599999999999, d= 0.06739999999999989 with timeout of 5s...
14-10-2024 16:32:02 - INFO - Setting Chmaber Zones to a= 0.047179999999999916, b= 0.05391999999999991, c= 0.0606599999999999, d= 0.06739999999999989 request successfully sent.
14-10-2024 16:32:02 - INFO - Response from moonraker: {'result': 'ok'}
14-10-2024 16:32:02 - INFO - Setting Chmaber Zones to a= 0.047179999999999916, b= 0.05391999999999991, c= 0.0606599999999999, d= 0.06739999999999989 Request successfully executed.
14-10-2024 16:32:02 - INFO - Sending request to Setting Chmaber Zones to a= 0.04723249999999993, b= 0.05397999999999992, c= 0.06072749999999991, d= 0.0674749999999999 with timeout of 5s...
14-10-2024 16:32:02 - INFO - Setting Chmaber Zones to a= 0.04723249999999993, b= 0.05397999999999992, c= 0.06072749999999991, d= 0.0674749999999999 request successfully sent.
14-10-2024 16:32:02 - INFO - Response from moonraker: {'result': 'ok'}
14-10-2024 16:32:02 - INFO - Setting Chmaber Zones to a= 0.04723249999999993, b= 0.05397999999999992, c= 0.06072749999999991, d= 0.0674749999999999 Request successfully executed.
14-10-2024 16:32:02 - INFO - Sending request to Setting Chmaber Zones to a= 0.04978749999999996, b= 0.05689999999999995, c= 0.06401249999999994, d= 0.07112499999999994 with timeout of 5s...
14-10-2024 16:32:02 - INFO - Setting Chmaber Zones to a= 0.04978749999999996, b= 0.05689999999999995, c= 0.06401249999999994, d= 0.07112499999999994 request successfully sent.
14-10-2024 16:32:02 - INFO - Response from moonraker: {'result': 'ok'}
14-10-2024 16:32:02 - INFO - Setting Chmaber Zones to a= 0.04978749999999996, b= 0.05689999999999995, c= 0.06401249999999994, d= 0.07112499999999994 Request successfully executed.
14-10-2024 16:32:02 - INFO - Sending request to Setting Chmaber Zones to a= 0.049822499999999964, b= 0.056939999999999956, c= 0.06405749999999995, d= 0.07117499999999995 with timeout of 5s...
14-10-2024 16:32:02 - INFO - Setting Chmaber Zones to a= 0.049822499999999964, b= 0.056939999999999956, c= 0.06405749999999995, d= 0.07117499999999995 request successfully sent.
14-10-2024 16:32:02 - INFO - Response from moonraker: {'result': 'ok'}
14-10-2024 16:32:02 - INFO - Setting Chmaber Zones to a= 0.049822499999999964, b= 0.056939999999999956, c= 0.06405749999999995, d= 0.07117499999999995 Request successfully executed.
14-10-2024 16:32:03 - INFO - Sending request to Setting Chmaber Zones to a= 0.049892499999999965, b= 0.05701999999999997, c= 0.06414749999999995, d= 0.07127499999999995 with timeout of 5s...
14-10-2024 16:32:03 - INFO - Setting Chmaber Zones to a= 0.049892499999999965, b= 0.05701999999999997, c= 0.06414749999999995, d= 0.07127499999999995 request successfully sent.
14-10-2024 16:32:03 - INFO - Response from moonraker: {'result': 'ok'}
14-10-2024 16:32:03 - INFO - Setting Chmaber Zones to a= 0.049892499999999965, b= 0.05701999999999997, c= 0.06414749999999995, d= 0.07127499999999995 Request successfully executed.
14-10-2024 16:32:03 - INFO - Sending request to Setting Chmaber Zones to a= 0.049962499999999965, b= 0.05709999999999996, c= 0.06423749999999996, d= 0.07137499999999995 with timeout of 5s...
14-10-2024 16:32:03 - INFO - Setting Chmaber Zones to a= 0.049962499999999965, b= 0.05709999999999996, c= 0.06423749999999996, d= 0.07137499999999995 request successfully sent.
14-10-2024 16:32:03 - INFO - Response from moonraker: {'result': 'ok'}
14-10-2024 16:32:03 - INFO - Setting Chmaber Zones to a= 0.049962499999999965, b= 0.05709999999999996, c= 0.06423749999999996, d= 0.07137499999999995 Request successfully executed.
14-10-2024 16:32:03 - INFO - Sending request to Setting Chmaber Zones to a= 0.050032499999999966, b= 0.05717999999999997, c= 0.06432749999999995, d= 0.07147499999999996 with timeout of 5s...
14-10-2024 16:32:03 - INFO - Setting Chmaber Zones to a= 0.050032499999999966, b= 0.05717999999999997, c= 0.06432749999999995, d= 0.07147499999999996 request successfully sent.
14-10-2024 16:32:03 - INFO - Response from moonraker: {'result': 'ok'}
14-10-2024 16:32:03 - INFO - Setting Chmaber Zones to a= 0.050032499999999966, b= 0.05717999999999997, c= 0.06432749999999995, d= 0.07147499999999996 Request successfully executed.
14-10-2024 16:32:03 - INFO - Sending request to Setting Chmaber Zones to a= 0.05010249999999997, b= 0.057259999999999964, c= 0.06441749999999996, d= 0.07157499999999996 with timeout of 5s...
14-10-2024 16:32:03 - INFO - Setting Chmaber Zones to a= 0.05010249999999997, b= 0.057259999999999964, c= 0.06441749999999996, d= 0.07157499999999996 request successfully sent.
14-10-2024 16:32:03 - INFO - Response from moonraker: {'result': 'ok'}
14-10-2024 16:32:03 - INFO - Setting Chmaber Zones to a= 0.05010249999999997, b= 0.057259999999999964, c= 0.06441749999999996, d= 0.07157499999999996 Request successfully executed.
14-10-2024 16:32:03 - INFO - Sending request to Setting Chmaber Zones to a= 0.050172499999999974, b= 0.05733999999999997, c= 0.06450749999999997, d= 0.07167499999999996 with timeout of 5s...
14-10-2024 16:32:03 - INFO - Setting Chmaber Zones to a= 0.050172499999999974, b= 0.05733999999999997, c= 0.06450749999999997, d= 0.07167499999999996 request successfully sent.
14-10-2024 16:32:03 - INFO - Response from moonraker: {'result': 'ok'}
14-10-2024 16:32:03 - INFO - Setting Chmaber Zones to a= 0.050172499999999974, b= 0.05733999999999997, c= 0.06450749999999997, d= 0.07167499999999996 Request successfully executed.
14-10-2024 16:32:04 - INFO - Sending request to Setting Chmaber Zones to a= 0.050242499999999975, b= 0.05741999999999997, c= 0.06459749999999997, d= 0.07177499999999996 with timeout of 5s...
14-10-2024 16:32:04 - INFO - Setting Chmaber Zones to a= 0.050242499999999975, b= 0.05741999999999997, c= 0.06459749999999997, d= 0.07177499999999996 request successfully sent.
14-10-2024 16:32:04 - INFO - Response from moonraker: {'result': 'ok'}
14-10-2024 16:32:04 - INFO - Setting Chmaber Zones to a= 0.050242499999999975, b= 0.05741999999999997, c= 0.06459749999999997, d= 0.07177499999999996 Request successfully executed.
14-10-2024 16:32:04 - INFO - Sending request to Setting Chmaber Zones to a= 0.050312499999999975, b= 0.057499999999999975, c= 0.06468749999999997, d= 0.07187499999999997 with timeout of 5s...
14-10-2024 16:32:04 - INFO - Setting Chmaber Zones to a= 0.050312499999999975, b= 0.057499999999999975, c= 0.06468749999999997, d= 0.07187499999999997 request successfully sent.
14-10-2024 16:32:04 - INFO - Response from moonraker: {'result': 'ok'}
14-10-2024 16:32:04 - INFO - Setting Chmaber Zones to a= 0.050312499999999975, b= 0.057499999999999975, c= 0.06468749999999997, d= 0.07187499999999997 Request successfully executed.
14-10-2024 16:32:04 - INFO - Sending request to Setting Chmaber Zones to a= 0.050382499999999976, b= 0.05757999999999997, c= 0.06477749999999997, d= 0.07197499999999997 with timeout of 5s...
14-10-2024 16:32:04 - INFO - Setting Chmaber Zones to a= 0.050382499999999976, b= 0.05757999999999997, c= 0.06477749999999997, d= 0.07197499999999997 request successfully sent.
14-10-2024 16:32:04 - INFO - Response from moonraker: {'result': 'ok'}
14-10-2024 16:32:04 - INFO - Setting Chmaber Zones to a= 0.050382499999999976, b= 0.05757999999999997, c= 0.06477749999999997, d= 0.07197499999999997 Request successfully executed.
14-10-2024 16:32:04 - INFO - Sending request to Setting Chmaber Zones to a= 0.05045249999999997, b= 0.05765999999999996, c= 0.06486749999999997, d= 0.07207499999999996 with timeout of 5s...
14-10-2024 16:32:04 - INFO - Setting Chmaber Zones to a= 0.05045249999999997, b= 0.05765999999999996, c= 0.06486749999999997, d= 0.07207499999999996 request successfully sent.
14-10-2024 16:32:04 - INFO - Response from moonraker: {'result': 'ok'}
14-10-2024 16:32:04 - INFO - Setting Chmaber Zones to a= 0.05045249999999997, b= 0.05765999999999996, c= 0.06486749999999997, d= 0.07207499999999996 Request successfully executed.
14-10-2024 16:32:04 - INFO - Sending request to Setting Chmaber Zones to a= 0.05052249999999997, b= 0.05773999999999997, c= 0.06495749999999996, d= 0.07217499999999996 with timeout of 5s...
14-10-2024 16:32:04 - INFO - Setting Chmaber Zones to a= 0.05052249999999997, b= 0.05773999999999997, c= 0.06495749999999996, d= 0.07217499999999996 request successfully sent.
14-10-2024 16:32:04 - INFO - Response from moonraker: {'result': 'ok'}
14-10-2024 16:32:04 - INFO - Setting Chmaber Zones to a= 0.05052249999999997, b= 0.05773999999999997, c= 0.06495749999999996, d= 0.07217499999999996 Request successfully executed.
14-10-2024 16:32:06 - INFO - Sending request to Setting Chmaber Zones to a= 0, b= 0, c= 0, d= 0 with timeout of 5s...
14-10-2024 16:32:06 - INFO - Setting Chmaber Zones to a= 0, b= 0, c= 0, d= 0 request successfully sent.
14-10-2024 16:32:06 - INFO - Response from moonraker: {'result': 'ok'}
14-10-2024 16:32:06 - INFO - Setting Chmaber Zones to a= 0, b= 0, c= 0, d= 0 Request successfully executed.
