07-11-2024 10:47:49 - INFO - Sending Laser Window CLOSE request with timeout of 5s...
07-11-2024 10:47:49 - INFO - Laser Window close request successfully sent.
07-11-2024 10:47:49 - INFO - Laser Window CLOSE Request successfully executed.
07-11-2024 10:47:49 - INFO - Laser Window CLOSED!
07-11-2024 10:48:00 - INFO - Sending Laser Window OPEN request with timeout of 5s...
07-11-2024 10:48:00 - INFO - Laser Window close request successfully sent.
07-11-2024 10:48:00 - INFO - Laser Window CLOSE Request successfully executed.
07-11-2024 10:48:00 - INFO - Laser Window CLOSED!
07-11-2024 10:48:08 - INFO - Sending Laser Window OPEN request with timeout of 5s...
07-11-2024 10:48:08 - INFO - Laser Window close request successfully sent.
07-11-2024 10:48:08 - INFO - Laser Window CLOSE Request successfully executed.
07-11-2024 10:48:08 - INFO - Laser Window CLOSED!
07-11-2024 10:48:13 - INFO - Sending Laser Window OPEN request with timeout of 5s...
07-11-2024 10:48:13 - INFO - Laser Window close request successfully sent.
07-11-2024 10:48:13 - INFO - Laser Window CLOSE Request successfully executed.
07-11-2024 10:48:13 - INFO - Laser Window CLOSED!
07-11-2024 10:48:18 - INFO - Sending Laser Window OPEN request with timeout of 5s...
07-11-2024 10:48:18 - INFO - Laser Window close request successfully sent.
07-11-2024 10:48:18 - INFO - Laser Window CLOSE Request successfully executed.
07-11-2024 10:48:18 - INFO - Laser Window CLOSED!
07-11-2024 10:48:30 - INFO - Sending Laser Window OPEN request with timeout of 5s...
07-11-2024 10:48:30 - INFO - Laser Window close request successfully sent.
07-11-2024 10:48:30 - INFO - Laser Window CLOSE Request successfully executed.
07-11-2024 10:48:30 - INFO - Laser Window CLOSED!
