05-12-2024 15:10:46 - INFO - Sending request to Setting Chamber Zones to a= 0, b= 0, c= 0, d= 0 with timeout of 5s...
05-12-2024 15:10:46 - INFO - Sending request to Setting Chamber Zones to a= 0.0, b= 0.0, c= 0.0, d= 0.0 with timeout of 5s...
05-12-2024 15:10:46 - INFO - Setting Chamber Zones to a= 0.0, b= 0.0, c= 0.0, d= 0.0 request successfully sent.
05-12-2024 15:10:46 - INFO - Response from moonraker: {'result': 'ok'}
05-12-2024 15:10:46 - INFO - Setting Chamber Zones to a= 0.0, b= 0.0, c= 0.0, d= 0.0 Request successfully executed.
05-12-2024 15:10:47 - INFO - Sending request to Setting Chamber Zones to a= 0.0, b= 0.0, c= 0.0, d= 0.0 with timeout of 5s...
05-12-2024 15:10:47 - INFO - Setting Chamber Zones to a= 0.0, b= 0.0, c= 0.0, d= 0.0 request successfully sent.
05-12-2024 15:10:47 - INFO - Response from moonraker: {'result': 'ok'}
05-12-2024 15:10:47 - INFO - Setting Chamber Zones to a= 0.0, b= 0.0, c= 0.0, d= 0.0 Request successfully executed.
05-12-2024 15:10:47 - INFO - Sending request to Setting Chamber Zones to a= 0.0, b= 0.0, c= 0.0, d= 0.0 with timeout of 5s...
05-12-2024 15:10:47 - INFO - Setting Chamber Zones to a= 0.0, b= 0.0, c= 0.0, d= 0.0 request successfully sent.
05-12-2024 15:10:47 - INFO - Response from moonraker: {'result': 'ok'}
05-12-2024 15:10:47 - INFO - Setting Chamber Zones to a= 0.0, b= 0.0, c= 0.0, d= 0.0 Request successfully executed.
05-12-2024 15:10:47 - INFO - Sending request to Setting Chamber Zones to a= 0.0, b= 0.0, c= 0.0, d= 0.0 with timeout of 5s...
05-12-2024 15:10:47 - INFO - Setting Chamber Zones to a= 0.0, b= 0.0, c= 0.0, d= 0.0 request successfully sent.
05-12-2024 15:10:47 - INFO - Response from moonraker: {'result': 'ok'}
05-12-2024 15:10:47 - INFO - Setting Chamber Zones to a= 0.0, b= 0.0, c= 0.0, d= 0.0 Request successfully executed.
05-12-2024 15:10:47 - INFO - Sending request to Setting Chamber Zones to a= 0.0, b= 0.0, c= 0.0, d= 0.0 with timeout of 5s...
05-12-2024 15:10:47 - INFO - Setting Chamber Zones to a= 0.0, b= 0.0, c= 0.0, d= 0.0 request successfully sent.
05-12-2024 15:10:47 - INFO - Response from moonraker: {'result': 'ok'}
05-12-2024 15:10:47 - INFO - Setting Chamber Zones to a= 0.0, b= 0.0, c= 0.0, d= 0.0 Request successfully executed.
05-12-2024 15:10:47 - INFO - Sending request to Setting Chamber Zones to a= 0.0, b= 0.0, c= 0.0, d= 0.0 with timeout of 5s...
05-12-2024 15:10:47 - INFO - Setting Chamber Zones to a= 0.0, b= 0.0, c= 0.0, d= 0.0 request successfully sent.
05-12-2024 15:10:47 - INFO - Response from moonraker: {'result': 'ok'}
05-12-2024 15:10:47 - INFO - Setting Chamber Zones to a= 0.0, b= 0.0, c= 0.0, d= 0.0 Request successfully executed.
05-12-2024 15:10:48 - INFO - Sending request to Setting Chamber Zones to a= 0.0, b= 0.0, c= 0.0, d= 0.0 with timeout of 5s...
05-12-2024 15:10:48 - INFO - Setting Chamber Zones to a= 0.0, b= 0.0, c= 0.0, d= 0.0 request successfully sent.
05-12-2024 15:10:48 - INFO - Response from moonraker: {'result': 'ok'}
05-12-2024 15:10:48 - INFO - Setting Chamber Zones to a= 0.0, b= 0.0, c= 0.0, d= 0.0 Request successfully executed.
05-12-2024 15:10:48 - INFO - Sending request to Setting Chamber Zones to a= 0.0, b= 0.0, c= 0.0, d= 0.0 with timeout of 5s...
05-12-2024 15:10:48 - INFO - Setting Chamber Zones to a= 0.0, b= 0.0, c= 0.0, d= 0.0 request successfully sent.
05-12-2024 15:10:48 - INFO - Response from moonraker: {'result': 'ok'}
05-12-2024 15:10:48 - INFO - Setting Chamber Zones to a= 0.0, b= 0.0, c= 0.0, d= 0.0 Request successfully executed.
05-12-2024 15:10:48 - INFO - Sending request to Setting Chamber Zones to a= 0.0, b= 0.0, c= 0.0, d= 0.0 with timeout of 5s...
05-12-2024 15:10:48 - INFO - Setting Chamber Zones to a= 0.0, b= 0.0, c= 0.0, d= 0.0 request successfully sent.
05-12-2024 15:10:48 - INFO - Response from moonraker: {'result': 'ok'}
05-12-2024 15:10:48 - INFO - Setting Chamber Zones to a= 0.0, b= 0.0, c= 0.0, d= 0.0 Request successfully executed.
05-12-2024 15:10:48 - INFO - Sending request to Setting Chamber Zones to a= 0.0, b= 0.0, c= 0.0, d= 0.0 with timeout of 5s...
05-12-2024 15:10:48 - INFO - Setting Chamber Zones to a= 0.0, b= 0.0, c= 0.0, d= 0.0 request successfully sent.
05-12-2024 15:10:48 - INFO - Response from moonraker: {'result': 'ok'}
05-12-2024 15:10:48 - INFO - Setting Chamber Zones to a= 0.0, b= 0.0, c= 0.0, d= 0.0 Request successfully executed.
05-12-2024 15:10:48 - INFO - Sending request to Setting Chamber Zones to a= 0.0, b= 0.0, c= 0.0, d= 0.0 with timeout of 5s...
05-12-2024 15:10:48 - INFO - Setting Chamber Zones to a= 0.0, b= 0.0, c= 0.0, d= 0.0 request successfully sent.
05-12-2024 15:10:48 - INFO - Response from moonraker: {'result': 'ok'}
05-12-2024 15:10:48 - INFO - Setting Chamber Zones to a= 0.0, b= 0.0, c= 0.0, d= 0.0 Request successfully executed.
05-12-2024 15:10:49 - INFO - Sending request to Setting Chamber Zones to a= 0.0, b= 0.0, c= 0.0, d= 0.0 with timeout of 5s...
05-12-2024 15:10:49 - INFO - Setting Chamber Zones to a= 0.0, b= 0.0, c= 0.0, d= 0.0 request successfully sent.
05-12-2024 15:10:49 - INFO - Response from moonraker: {'result': 'ok'}
05-12-2024 15:10:49 - INFO - Setting Chamber Zones to a= 0.0, b= 0.0, c= 0.0, d= 0.0 Request successfully executed.
05-12-2024 15:10:49 - INFO - Sending request to Setting Chamber Zones to a= 0.0, b= 0.0, c= 0.0, d= 0.0 with timeout of 5s...
05-12-2024 15:10:49 - INFO - Setting Chamber Zones to a= 0.0, b= 0.0, c= 0.0, d= 0.0 request successfully sent.
05-12-2024 15:10:49 - INFO - Response from moonraker: {'result': 'ok'}
05-12-2024 15:10:49 - INFO - Setting Chamber Zones to a= 0.0, b= 0.0, c= 0.0, d= 0.0 Request successfully executed.
05-12-2024 15:10:49 - INFO - Sending request to Setting Chamber Zones to a= 0.0, b= 0.0, c= 0.0, d= 0.0 with timeout of 5s...
05-12-2024 15:10:49 - INFO - Setting Chamber Zones to a= 0.0, b= 0.0, c= 0.0, d= 0.0 request successfully sent.
05-12-2024 15:10:49 - INFO - Response from moonraker: {'result': 'ok'}
05-12-2024 15:10:49 - INFO - Setting Chamber Zones to a= 0.0, b= 0.0, c= 0.0, d= 0.0 Request successfully executed.
05-12-2024 15:10:49 - INFO - Sending request to Setting Chamber Zones to a= 0.0, b= 0.0, c= 0.0, d= 0.0 with timeout of 5s...
05-12-2024 15:10:49 - INFO - Setting Chamber Zones to a= 0.0, b= 0.0, c= 0.0, d= 0.0 request successfully sent.
05-12-2024 15:10:49 - INFO - Response from moonraker: {'result': 'ok'}
05-12-2024 15:10:49 - INFO - Setting Chamber Zones to a= 0.0, b= 0.0, c= 0.0, d= 0.0 Request successfully executed.
05-12-2024 15:10:49 - INFO - Sending request to Setting Chamber Zones to a= 0.0, b= 0.0, c= 0.0, d= 0.0 with timeout of 5s...
05-12-2024 15:10:49 - INFO - Setting Chamber Zones to a= 0.0, b= 0.0, c= 0.0, d= 0.0 request successfully sent.
05-12-2024 15:10:49 - INFO - Response from moonraker: {'result': 'ok'}
05-12-2024 15:10:49 - INFO - Setting Chamber Zones to a= 0.0, b= 0.0, c= 0.0, d= 0.0 Request successfully executed.
05-12-2024 15:10:50 - INFO - Sending request to Setting Chamber Zones to a= 0.0, b= 0.0, c= 0.0, d= 0.0 with timeout of 5s...
05-12-2024 15:10:50 - INFO - Setting Chamber Zones to a= 0.0, b= 0.0, c= 0.0, d= 0.0 request successfully sent.
05-12-2024 15:10:50 - INFO - Response from moonraker: {'result': 'ok'}
05-12-2024 15:10:50 - INFO - Setting Chamber Zones to a= 0.0, b= 0.0, c= 0.0, d= 0.0 Request successfully executed.
05-12-2024 15:10:50 - INFO - Sending request to Setting Chamber Zones to a= 0.0, b= 0.0, c= 0.0, d= 0.0 with timeout of 5s...
05-12-2024 15:10:50 - INFO - Setting Chamber Zones to a= 0.0, b= 0.0, c= 0.0, d= 0.0 request successfully sent.
05-12-2024 15:10:50 - INFO - Response from moonraker: {'result': 'ok'}
05-12-2024 15:10:50 - INFO - Setting Chamber Zones to a= 0.0, b= 0.0, c= 0.0, d= 0.0 Request successfully executed.
05-12-2024 15:10:50 - INFO - Sending request to Setting Chamber Zones to a= 0.0, b= 0.0, c= 0.0, d= 0.0 with timeout of 5s...
05-12-2024 15:10:50 - INFO - Setting Chamber Zones to a= 0.0, b= 0.0, c= 0.0, d= 0.0 request successfully sent.
05-12-2024 15:10:50 - INFO - Response from moonraker: {'result': 'ok'}
05-12-2024 15:10:50 - INFO - Setting Chamber Zones to a= 0.0, b= 0.0, c= 0.0, d= 0.0 Request successfully executed.
05-12-2024 15:10:50 - INFO - Sending request to Setting Chamber Zones to a= 0.0, b= 0.0, c= 0.0, d= 0.0 with timeout of 5s...
05-12-2024 15:10:50 - INFO - Setting Chamber Zones to a= 0.0, b= 0.0, c= 0.0, d= 0.0 request successfully sent.
05-12-2024 15:10:50 - INFO - Response from moonraker: {'result': 'ok'}
05-12-2024 15:10:50 - INFO - Setting Chamber Zones to a= 0.0, b= 0.0, c= 0.0, d= 0.0 Request successfully executed.
05-12-2024 15:10:50 - INFO - Sending request to Setting Chamber Zones to a= 0.0, b= 0.0, c= 0.0, d= 0.0 with timeout of 5s...
05-12-2024 15:10:50 - INFO - Setting Chamber Zones to a= 0.0, b= 0.0, c= 0.0, d= 0.0 request successfully sent.
05-12-2024 15:10:50 - INFO - Response from moonraker: {'result': 'ok'}
05-12-2024 15:10:50 - INFO - Setting Chamber Zones to a= 0.0, b= 0.0, c= 0.0, d= 0.0 Request successfully executed.
05-12-2024 15:10:51 - INFO - Sending request to Setting Chamber Zones to a= 0.0, b= 0.0, c= 0.0, d= 0.0 with timeout of 5s...
05-12-2024 15:10:51 - INFO - Setting Chamber Zones to a= 0.0, b= 0.0, c= 0.0, d= 0.0 request successfully sent.
05-12-2024 15:10:51 - INFO - Response from moonraker: {'result': 'ok'}
05-12-2024 15:10:51 - INFO - Setting Chamber Zones to a= 0.0, b= 0.0, c= 0.0, d= 0.0 Request successfully executed.
05-12-2024 15:10:51 - INFO - Sending request to Setting Chamber Zones to a= 0.0, b= 0.0, c= 0.0, d= 0.0 with timeout of 5s...
05-12-2024 15:10:51 - INFO - Setting Chamber Zones to a= 0.0, b= 0.0, c= 0.0, d= 0.0 request successfully sent.
05-12-2024 15:10:51 - INFO - Response from moonraker: {'result': 'ok'}
05-12-2024 15:10:51 - INFO - Setting Chamber Zones to a= 0.0, b= 0.0, c= 0.0, d= 0.0 Request successfully executed.
05-12-2024 15:10:51 - INFO - Sending request to Setting Chamber Zones to a= 0.0, b= 0.0, c= 0.0, d= 0.0 with timeout of 5s...
05-12-2024 15:10:51 - INFO - Setting Chamber Zones to a= 0.0, b= 0.0, c= 0.0, d= 0.0 request successfully sent.
05-12-2024 15:10:51 - INFO - Response from moonraker: {'result': 'ok'}
05-12-2024 15:10:51 - INFO - Setting Chamber Zones to a= 0.0, b= 0.0, c= 0.0, d= 0.0 Request successfully executed.
05-12-2024 15:10:51 - INFO - Sending request to Setting Chamber Zones to a= 0.0, b= 0.0, c= 0.0, d= 0.0 with timeout of 5s...
05-12-2024 15:10:51 - INFO - Setting Chamber Zones to a= 0.0, b= 0.0, c= 0.0, d= 0.0 request successfully sent.
05-12-2024 15:10:51 - INFO - Response from moonraker: {'result': 'ok'}
05-12-2024 15:10:51 - INFO - Setting Chamber Zones to a= 0.0, b= 0.0, c= 0.0, d= 0.0 Request successfully executed.
05-12-2024 15:10:51 - INFO - Sending request to Setting Chamber Zones to a= 0.0, b= 0.0, c= 0.0, d= 0.0 with timeout of 5s...
05-12-2024 15:10:51 - INFO - Setting Chamber Zones to a= 0.0, b= 0.0, c= 0.0, d= 0.0 request successfully sent.
05-12-2024 15:10:51 - INFO - Response from moonraker: {'result': 'ok'}
05-12-2024 15:10:51 - INFO - Setting Chamber Zones to a= 0.0, b= 0.0, c= 0.0, d= 0.0 Request successfully executed.
05-12-2024 15:10:52 - INFO - Sending request to Setting Chamber Zones to a= 0.0, b= 0.0, c= 0.0, d= 0.0 with timeout of 5s...
05-12-2024 15:10:52 - INFO - Setting Chamber Zones to a= 0.0, b= 0.0, c= 0.0, d= 0.0 request successfully sent.
05-12-2024 15:10:52 - INFO - Response from moonraker: {'result': 'ok'}
05-12-2024 15:10:52 - INFO - Setting Chamber Zones to a= 0.0, b= 0.0, c= 0.0, d= 0.0 Request successfully executed.
05-12-2024 15:10:52 - INFO - Sending request to Setting Chamber Zones to a= 0.0, b= 0.0, c= 0.0, d= 0.0 with timeout of 5s...
05-12-2024 15:10:52 - INFO - Setting Chamber Zones to a= 0.0, b= 0.0, c= 0.0, d= 0.0 request successfully sent.
05-12-2024 15:10:52 - INFO - Response from moonraker: {'result': 'ok'}
05-12-2024 15:10:52 - INFO - Setting Chamber Zones to a= 0.0, b= 0.0, c= 0.0, d= 0.0 Request successfully executed.
05-12-2024 15:10:52 - INFO - Sending request to Setting Chamber Zones to a= 0.0, b= 0.0, c= 0.0, d= 0.0 with timeout of 5s...
05-12-2024 15:10:52 - INFO - Setting Chamber Zones to a= 0.0, b= 0.0, c= 0.0, d= 0.0 request successfully sent.
05-12-2024 15:10:52 - INFO - Response from moonraker: {'result': 'ok'}
05-12-2024 15:10:52 - INFO - Setting Chamber Zones to a= 0.0, b= 0.0, c= 0.0, d= 0.0 Request successfully executed.
05-12-2024 15:10:52 - INFO - Sending request to Setting Chamber Zones to a= 0.0, b= 0.0, c= 0.0, d= 0.0 with timeout of 5s...
05-12-2024 15:10:52 - INFO - Setting Chamber Zones to a= 0.0, b= 0.0, c= 0.0, d= 0.0 request successfully sent.
05-12-2024 15:10:52 - INFO - Response from moonraker: {'result': 'ok'}
05-12-2024 15:10:52 - INFO - Setting Chamber Zones to a= 0.0, b= 0.0, c= 0.0, d= 0.0 Request successfully executed.
05-12-2024 15:10:52 - INFO - Sending request to Setting Chamber Zones to a= 0.0, b= 0.0, c= 0.0, d= 0.0 with timeout of 5s...
05-12-2024 15:10:52 - INFO - Setting Chamber Zones to a= 0.0, b= 0.0, c= 0.0, d= 0.0 request successfully sent.
05-12-2024 15:10:52 - INFO - Response from moonraker: {'result': 'ok'}
05-12-2024 15:10:52 - INFO - Setting Chamber Zones to a= 0.0, b= 0.0, c= 0.0, d= 0.0 Request successfully executed.
05-12-2024 15:10:53 - INFO - Sending request to Setting Chamber Zones to a= 0.0, b= 0.0, c= 0.0, d= 0.0 with timeout of 5s...
05-12-2024 15:10:53 - INFO - Setting Chamber Zones to a= 0.0, b= 0.0, c= 0.0, d= 0.0 request successfully sent.
05-12-2024 15:10:53 - INFO - Response from moonraker: {'result': 'ok'}
05-12-2024 15:10:53 - INFO - Setting Chamber Zones to a= 0.0, b= 0.0, c= 0.0, d= 0.0 Request successfully executed.
05-12-2024 15:10:53 - INFO - Sending request to Setting Chamber Zones to a= 0.0, b= 0.0, c= 0.0, d= 0.0 with timeout of 5s...
05-12-2024 15:10:53 - INFO - Setting Chamber Zones to a= 0.0, b= 0.0, c= 0.0, d= 0.0 request successfully sent.
05-12-2024 15:10:53 - INFO - Response from moonraker: {'result': 'ok'}
05-12-2024 15:10:53 - INFO - Setting Chamber Zones to a= 0.0, b= 0.0, c= 0.0, d= 0.0 Request successfully executed.
05-12-2024 15:10:53 - INFO - Sending request to Setting Chamber Zones to a= 0.0, b= 0.0, c= 0.0, d= 0.0 with timeout of 5s...
05-12-2024 15:10:53 - INFO - Setting Chamber Zones to a= 0.0, b= 0.0, c= 0.0, d= 0.0 request successfully sent.
05-12-2024 15:10:53 - INFO - Response from moonraker: {'result': 'ok'}
05-12-2024 15:10:53 - INFO - Setting Chamber Zones to a= 0.0, b= 0.0, c= 0.0, d= 0.0 Request successfully executed.
05-12-2024 15:10:53 - INFO - Sending request to Setting Chamber Zones to a= 0.0, b= 0.0, c= 0.0, d= 0.0 with timeout of 5s...
05-12-2024 15:10:53 - INFO - Setting Chamber Zones to a= 0.0, b= 0.0, c= 0.0, d= 0.0 request successfully sent.
05-12-2024 15:10:53 - INFO - Response from moonraker: {'result': 'ok'}
05-12-2024 15:10:53 - INFO - Setting Chamber Zones to a= 0.0, b= 0.0, c= 0.0, d= 0.0 Request successfully executed.
05-12-2024 15:10:53 - INFO - Sending request to Setting Chamber Zones to a= 0.0, b= 0.0, c= 0.0, d= 0.0 with timeout of 5s...
05-12-2024 15:10:53 - INFO - Setting Chamber Zones to a= 0.0, b= 0.0, c= 0.0, d= 0.0 request successfully sent.
05-12-2024 15:10:53 - INFO - Response from moonraker: {'result': 'ok'}
05-12-2024 15:10:53 - INFO - Setting Chamber Zones to a= 0.0, b= 0.0, c= 0.0, d= 0.0 Request successfully executed.
05-12-2024 15:10:54 - INFO - Sending request to Setting Chamber Zones to a= 0.0, b= 0.0, c= 0.0, d= 0.0 with timeout of 5s...
05-12-2024 15:10:54 - INFO - Setting Chamber Zones to a= 0.0, b= 0.0, c= 0.0, d= 0.0 request successfully sent.
05-12-2024 15:10:54 - INFO - Response from moonraker: {'result': 'ok'}
05-12-2024 15:10:54 - INFO - Setting Chamber Zones to a= 0.0, b= 0.0, c= 0.0, d= 0.0 Request successfully executed.
05-12-2024 15:10:54 - INFO - Sending request to Setting Chamber Zones to a= 0.0, b= 0.0, c= 0.0, d= 0.0 with timeout of 5s...
05-12-2024 15:10:54 - INFO - Setting Chamber Zones to a= 0.0, b= 0.0, c= 0.0, d= 0.0 request successfully sent.
05-12-2024 15:10:54 - INFO - Response from moonraker: {'result': 'ok'}
05-12-2024 15:10:54 - INFO - Setting Chamber Zones to a= 0.0, b= 0.0, c= 0.0, d= 0.0 Request successfully executed.
05-12-2024 15:10:54 - INFO - Sending request to Setting Chamber Zones to a= 0.0, b= 0.0, c= 0.0, d= 0.0 with timeout of 5s...
05-12-2024 15:10:54 - INFO - Setting Chamber Zones to a= 0.0, b= 0.0, c= 0.0, d= 0.0 request successfully sent.
05-12-2024 15:10:54 - INFO - Response from moonraker: {'result': 'ok'}
05-12-2024 15:10:54 - INFO - Setting Chamber Zones to a= 0.0, b= 0.0, c= 0.0, d= 0.0 Request successfully executed.
05-12-2024 15:10:54 - INFO - Sending request to Setting Chamber Zones to a= 0.0, b= 0.0, c= 0.0, d= 0.0 with timeout of 5s...
05-12-2024 15:10:54 - INFO - Setting Chamber Zones to a= 0.0, b= 0.0, c= 0.0, d= 0.0 request successfully sent.
05-12-2024 15:10:54 - INFO - Response from moonraker: {'result': 'ok'}
05-12-2024 15:10:54 - INFO - Setting Chamber Zones to a= 0.0, b= 0.0, c= 0.0, d= 0.0 Request successfully executed.
05-12-2024 15:10:54 - INFO - Sending request to Setting Chamber Zones to a= 0.0, b= 0.0, c= 0.0, d= 0.0 with timeout of 5s...
05-12-2024 15:10:54 - INFO - Setting Chamber Zones to a= 0.0, b= 0.0, c= 0.0, d= 0.0 request successfully sent.
05-12-2024 15:10:54 - INFO - Response from moonraker: {'result': 'ok'}
05-12-2024 15:10:54 - INFO - Setting Chamber Zones to a= 0.0, b= 0.0, c= 0.0, d= 0.0 Request successfully executed.
05-12-2024 15:10:55 - INFO - Sending request to Setting Chamber Zones to a= 0.0, b= 0.0, c= 0.0, d= 0.0 with timeout of 5s...
05-12-2024 15:10:55 - INFO - Setting Chamber Zones to a= 0.0, b= 0.0, c= 0.0, d= 0.0 request successfully sent.
05-12-2024 15:10:55 - INFO - Response from moonraker: {'result': 'ok'}
05-12-2024 15:10:55 - INFO - Setting Chamber Zones to a= 0.0, b= 0.0, c= 0.0, d= 0.0 Request successfully executed.
05-12-2024 15:10:55 - INFO - Sending request to Setting Chamber Zones to a= 0.0, b= 0.0, c= 0.0, d= 0.0 with timeout of 5s...
05-12-2024 15:10:55 - INFO - Setting Chamber Zones to a= 0.0, b= 0.0, c= 0.0, d= 0.0 request successfully sent.
05-12-2024 15:10:55 - INFO - Response from moonraker: {'result': 'ok'}
05-12-2024 15:10:55 - INFO - Setting Chamber Zones to a= 0.0, b= 0.0, c= 0.0, d= 0.0 Request successfully executed.
05-12-2024 15:10:55 - INFO - Sending request to Setting Chamber Zones to a= 0.0, b= 0.0, c= 0.0, d= 0.0 with timeout of 5s...
05-12-2024 15:10:55 - INFO - Setting Chamber Zones to a= 0.0, b= 0.0, c= 0.0, d= 0.0 request successfully sent.
05-12-2024 15:10:55 - INFO - Response from moonraker: {'result': 'ok'}
05-12-2024 15:10:55 - INFO - Setting Chamber Zones to a= 0.0, b= 0.0, c= 0.0, d= 0.0 Request successfully executed.
05-12-2024 15:10:55 - INFO - Sending request to Setting Chamber Zones to a= 0.0, b= 0.0, c= 0.0, d= 0.0 with timeout of 5s...
05-12-2024 15:10:55 - INFO - Setting Chamber Zones to a= 0.0, b= 0.0, c= 0.0, d= 0.0 request successfully sent.
05-12-2024 15:10:55 - INFO - Response from moonraker: {'result': 'ok'}
05-12-2024 15:10:55 - INFO - Setting Chamber Zones to a= 0.0, b= 0.0, c= 0.0, d= 0.0 Request successfully executed.
05-12-2024 15:10:55 - INFO - Sending request to Setting Chamber Zones to a= 0.0, b= 0.0, c= 0.0, d= 0.0 with timeout of 5s...
05-12-2024 15:10:55 - INFO - Setting Chamber Zones to a= 0.0, b= 0.0, c= 0.0, d= 0.0 request successfully sent.
05-12-2024 15:10:55 - INFO - Response from moonraker: {'result': 'ok'}
05-12-2024 15:10:55 - INFO - Setting Chamber Zones to a= 0.0, b= 0.0, c= 0.0, d= 0.0 Request successfully executed.
05-12-2024 15:10:56 - INFO - Sending request to Setting Chamber Zones to a= 0.0, b= 0.0, c= 0.0, d= 0.0 with timeout of 5s...
05-12-2024 15:10:56 - INFO - Setting Chamber Zones to a= 0.0, b= 0.0, c= 0.0, d= 0.0 request successfully sent.
05-12-2024 15:10:56 - INFO - Response from moonraker: {'result': 'ok'}
05-12-2024 15:10:56 - INFO - Setting Chamber Zones to a= 0.0, b= 0.0, c= 0.0, d= 0.0 Request successfully executed.
05-12-2024 15:10:56 - INFO - Sending request to Setting Chamber Zones to a= 0.0, b= 0.0, c= 0.0, d= 0.0 with timeout of 5s...
05-12-2024 15:10:56 - INFO - Setting Chamber Zones to a= 0.0, b= 0.0, c= 0.0, d= 0.0 request successfully sent.
05-12-2024 15:10:56 - INFO - Response from moonraker: {'result': 'ok'}
05-12-2024 15:10:56 - INFO - Setting Chamber Zones to a= 0.0, b= 0.0, c= 0.0, d= 0.0 Request successfully executed.
05-12-2024 15:10:56 - INFO - Sending request to Setting Chamber Zones to a= 0.0, b= 0.0, c= 0.0, d= 0.0 with timeout of 5s...
05-12-2024 15:10:56 - INFO - Setting Chamber Zones to a= 0.0, b= 0.0, c= 0.0, d= 0.0 request successfully sent.
05-12-2024 15:10:56 - INFO - Response from moonraker: {'result': 'ok'}
05-12-2024 15:10:56 - INFO - Setting Chamber Zones to a= 0.0, b= 0.0, c= 0.0, d= 0.0 Request successfully executed.
05-12-2024 15:10:56 - INFO - Sending request to Setting Chamber Zones to a= 0.0, b= 0.0, c= 0.0, d= 0.0 with timeout of 5s...
05-12-2024 15:10:56 - INFO - Setting Chamber Zones to a= 0.0, b= 0.0, c= 0.0, d= 0.0 request successfully sent.
05-12-2024 15:10:56 - INFO - Response from moonraker: {'result': 'ok'}
05-12-2024 15:10:56 - INFO - Setting Chamber Zones to a= 0.0, b= 0.0, c= 0.0, d= 0.0 Request successfully executed.
05-12-2024 15:10:56 - INFO - Sending request to Setting Chamber Zones to a= 0.0, b= 0.0, c= 0.0, d= 0.0 with timeout of 5s...
05-12-2024 15:10:56 - INFO - Setting Chamber Zones to a= 0.0, b= 0.0, c= 0.0, d= 0.0 request successfully sent.
05-12-2024 15:10:56 - INFO - Response from moonraker: {'result': 'ok'}
05-12-2024 15:10:56 - INFO - Setting Chamber Zones to a= 0.0, b= 0.0, c= 0.0, d= 0.0 Request successfully executed.
05-12-2024 15:10:57 - INFO - Sending request to Setting Chamber Zones to a= 0.0, b= 0.0, c= 0.0, d= 0.0 with timeout of 5s...
05-12-2024 15:10:57 - INFO - Setting Chamber Zones to a= 0.0, b= 0.0, c= 0.0, d= 0.0 request successfully sent.
05-12-2024 15:10:57 - INFO - Response from moonraker: {'result': 'ok'}
05-12-2024 15:10:57 - INFO - Setting Chamber Zones to a= 0.0, b= 0.0, c= 0.0, d= 0.0 Request successfully executed.
05-12-2024 15:10:57 - INFO - Sending request to Setting Chamber Zones to a= 0.0, b= 0.0, c= 0.0, d= 0.0 with timeout of 5s...
05-12-2024 15:10:57 - INFO - Setting Chamber Zones to a= 0.0, b= 0.0, c= 0.0, d= 0.0 request successfully sent.
05-12-2024 15:10:57 - INFO - Response from moonraker: {'result': 'ok'}
05-12-2024 15:10:57 - INFO - Setting Chamber Zones to a= 0.0, b= 0.0, c= 0.0, d= 0.0 Request successfully executed.
05-12-2024 15:10:57 - INFO - Sending request to Setting Chamber Zones to a= 0.0, b= 0.0, c= 0.0, d= 0.0 with timeout of 5s...
05-12-2024 15:10:57 - INFO - Setting Chamber Zones to a= 0.0, b= 0.0, c= 0.0, d= 0.0 request successfully sent.
05-12-2024 15:10:57 - INFO - Response from moonraker: {'result': 'ok'}
05-12-2024 15:10:57 - INFO - Setting Chamber Zones to a= 0.0, b= 0.0, c= 0.0, d= 0.0 Request successfully executed.
05-12-2024 15:10:57 - INFO - Sending request to Setting Chamber Zones to a= 0.0, b= 0.0, c= 0.0, d= 0.0 with timeout of 5s...
05-12-2024 15:10:57 - INFO - Setting Chamber Zones to a= 0.0, b= 0.0, c= 0.0, d= 0.0 request successfully sent.
05-12-2024 15:10:57 - INFO - Response from moonraker: {'result': 'ok'}
05-12-2024 15:10:57 - INFO - Setting Chamber Zones to a= 0.0, b= 0.0, c= 0.0, d= 0.0 Request successfully executed.
05-12-2024 15:10:57 - INFO - Sending request to Setting Chamber Zones to a= 0.0, b= 0.0, c= 0.0, d= 0.0 with timeout of 5s...
05-12-2024 15:10:58 - INFO - Setting Chamber Zones to a= 0.0, b= 0.0, c= 0.0, d= 0.0 request successfully sent.
05-12-2024 15:10:58 - INFO - Response from moonraker: {'result': 'ok'}
05-12-2024 15:10:58 - INFO - Setting Chamber Zones to a= 0.0, b= 0.0, c= 0.0, d= 0.0 Request successfully executed.
05-12-2024 15:10:58 - INFO - Sending request to Setting Chamber Zones to a= 0.0, b= 0.0, c= 0.0, d= 0.0 with timeout of 5s...
05-12-2024 15:10:58 - INFO - Setting Chamber Zones to a= 0.0, b= 0.0, c= 0.0, d= 0.0 request successfully sent.
05-12-2024 15:10:58 - INFO - Response from moonraker: {'result': 'ok'}
05-12-2024 15:10:58 - INFO - Setting Chamber Zones to a= 0.0, b= 0.0, c= 0.0, d= 0.0 Request successfully executed.
05-12-2024 15:10:58 - INFO - Sending request to Setting Chamber Zones to a= 0.0, b= 0.0, c= 0.0, d= 0.0 with timeout of 5s...
05-12-2024 15:10:58 - INFO - Setting Chamber Zones to a= 0.0, b= 0.0, c= 0.0, d= 0.0 request successfully sent.
05-12-2024 15:10:58 - INFO - Response from moonraker: {'result': 'ok'}
05-12-2024 15:10:58 - INFO - Setting Chamber Zones to a= 0.0, b= 0.0, c= 0.0, d= 0.0 Request successfully executed.
05-12-2024 15:10:58 - INFO - Sending request to Setting Chamber Zones to a= 0.0, b= 0.0, c= 0.0, d= 0.0 with timeout of 5s...
05-12-2024 15:10:58 - INFO - Setting Chamber Zones to a= 0.0, b= 0.0, c= 0.0, d= 0.0 request successfully sent.
05-12-2024 15:10:58 - INFO - Response from moonraker: {'result': 'ok'}
05-12-2024 15:10:58 - INFO - Setting Chamber Zones to a= 0.0, b= 0.0, c= 0.0, d= 0.0 Request successfully executed.
05-12-2024 15:10:58 - INFO - Sending request to Setting Chamber Zones to a= 0.0, b= 0.0, c= 0.0, d= 0.0 with timeout of 5s...
05-12-2024 15:10:58 - INFO - Setting Chamber Zones to a= 0.0, b= 0.0, c= 0.0, d= 0.0 request successfully sent.
05-12-2024 15:10:58 - INFO - Response from moonraker: {'result': 'ok'}
05-12-2024 15:10:58 - INFO - Setting Chamber Zones to a= 0.0, b= 0.0, c= 0.0, d= 0.0 Request successfully executed.
05-12-2024 15:10:58 - INFO - Sending request to Setting Chamber Zones to a= 0.0, b= 0.0, c= 0.0, d= 0.0 with timeout of 5s...
05-12-2024 15:10:59 - INFO - Setting Chamber Zones to a= 0.0, b= 0.0, c= 0.0, d= 0.0 request successfully sent.
05-12-2024 15:10:59 - INFO - Response from moonraker: {'result': 'ok'}
05-12-2024 15:10:59 - INFO - Setting Chamber Zones to a= 0.0, b= 0.0, c= 0.0, d= 0.0 Request successfully executed.
05-12-2024 15:10:59 - INFO - Sending request to Setting Chamber Zones to a= 0.0, b= 0.0, c= 0.0, d= 0.0 with timeout of 5s...
05-12-2024 15:10:59 - INFO - Setting Chamber Zones to a= 0.0, b= 0.0, c= 0.0, d= 0.0 request successfully sent.
05-12-2024 15:10:59 - INFO - Response from moonraker: {'result': 'ok'}
05-12-2024 15:10:59 - INFO - Setting Chamber Zones to a= 0.0, b= 0.0, c= 0.0, d= 0.0 Request successfully executed.
05-12-2024 15:10:59 - INFO - Sending request to Setting Chamber Zones to a= 0.0, b= 0.0, c= 0.0, d= 0.0 with timeout of 5s...
05-12-2024 15:10:59 - INFO - Setting Chamber Zones to a= 0.0, b= 0.0, c= 0.0, d= 0.0 request successfully sent.
05-12-2024 15:10:59 - INFO - Response from moonraker: {'result': 'ok'}
05-12-2024 15:10:59 - INFO - Setting Chamber Zones to a= 0.0, b= 0.0, c= 0.0, d= 0.0 Request successfully executed.
05-12-2024 15:10:59 - INFO - Sending request to Setting Chamber Zones to a= 0.0, b= 0.0, c= 0.0, d= 0.0 with timeout of 5s...
05-12-2024 15:10:59 - INFO - Setting Chamber Zones to a= 0.0, b= 0.0, c= 0.0, d= 0.0 request successfully sent.
05-12-2024 15:10:59 - INFO - Response from moonraker: {'result': 'ok'}
05-12-2024 15:10:59 - INFO - Setting Chamber Zones to a= 0.0, b= 0.0, c= 0.0, d= 0.0 Request successfully executed.
05-12-2024 15:10:59 - INFO - Sending request to Setting Chamber Zones to a= 0.0, b= 0.0, c= 0.0, d= 0.0 with timeout of 5s...
05-12-2024 15:10:59 - INFO - Setting Chamber Zones to a= 0.0, b= 0.0, c= 0.0, d= 0.0 request successfully sent.
05-12-2024 15:10:59 - INFO - Response from moonraker: {'result': 'ok'}
05-12-2024 15:10:59 - INFO - Setting Chamber Zones to a= 0.0, b= 0.0, c= 0.0, d= 0.0 Request successfully executed.
05-12-2024 15:10:59 - INFO - Sending request to Setting Chamber Zones to a= 0.0, b= 0.0, c= 0.0, d= 0.0 with timeout of 5s...
05-12-2024 15:10:59 - INFO - Setting Chamber Zones to a= 0.0, b= 0.0, c= 0.0, d= 0.0 request successfully sent.
05-12-2024 15:10:59 - INFO - Response from moonraker: {'result': 'ok'}
05-12-2024 15:10:59 - INFO - Setting Chamber Zones to a= 0.0, b= 0.0, c= 0.0, d= 0.0 Request successfully executed.
05-12-2024 15:11:00 - INFO - Sending request to Setting Chamber Zones to a= 0.0, b= 0.0, c= 0.0, d= 0.0 with timeout of 5s...
05-12-2024 15:11:00 - INFO - Setting Chamber Zones to a= 0.0, b= 0.0, c= 0.0, d= 0.0 request successfully sent.
05-12-2024 15:11:00 - INFO - Response from moonraker: {'result': 'ok'}
05-12-2024 15:11:00 - INFO - Setting Chamber Zones to a= 0.0, b= 0.0, c= 0.0, d= 0.0 Request successfully executed.
05-12-2024 15:11:00 - INFO - Sending request to Setting Chamber Zones to a= 0.0, b= 0.0, c= 0.0, d= 0.0 with timeout of 5s...
05-12-2024 15:11:00 - INFO - Setting Chamber Zones to a= 0.0, b= 0.0, c= 0.0, d= 0.0 request successfully sent.
05-12-2024 15:11:00 - INFO - Response from moonraker: {'result': 'ok'}
05-12-2024 15:11:00 - INFO - Setting Chamber Zones to a= 0.0, b= 0.0, c= 0.0, d= 0.0 Request successfully executed.
05-12-2024 15:11:00 - INFO - Sending request to Setting Chamber Zones to a= 0.0, b= 0.0, c= 0.0, d= 0.0 with timeout of 5s...
05-12-2024 15:11:00 - INFO - Setting Chamber Zones to a= 0.0, b= 0.0, c= 0.0, d= 0.0 request successfully sent.
05-12-2024 15:11:00 - INFO - Response from moonraker: {'result': 'ok'}
05-12-2024 15:11:00 - INFO - Setting Chamber Zones to a= 0.0, b= 0.0, c= 0.0, d= 0.0 Request successfully executed.
05-12-2024 15:11:00 - INFO - Sending request to Setting Chamber Zones to a= 0.0, b= 0.0, c= 0.0, d= 0.0 with timeout of 5s...
05-12-2024 15:11:00 - INFO - Setting Chamber Zones to a= 0.0, b= 0.0, c= 0.0, d= 0.0 request successfully sent.
05-12-2024 15:11:00 - INFO - Response from moonraker: {'result': 'ok'}
05-12-2024 15:11:00 - INFO - Setting Chamber Zones to a= 0.0, b= 0.0, c= 0.0, d= 0.0 Request successfully executed.
05-12-2024 15:11:00 - INFO - Sending request to Setting Chamber Zones to a= 0.0, b= 0.0, c= 0.0, d= 0.0 with timeout of 5s...
05-12-2024 15:11:01 - INFO - Setting Chamber Zones to a= 0.0, b= 0.0, c= 0.0, d= 0.0 request successfully sent.
05-12-2024 15:11:01 - INFO - Response from moonraker: {'result': 'ok'}
05-12-2024 15:11:01 - INFO - Setting Chamber Zones to a= 0.0, b= 0.0, c= 0.0, d= 0.0 Request successfully executed.
05-12-2024 15:11:01 - INFO - Sending request to Setting Chamber Zones to a= 0.0, b= 0.0, c= 0.0, d= 0.0 with timeout of 5s...
05-12-2024 15:11:01 - INFO - Setting Chamber Zones to a= 0.0, b= 0.0, c= 0.0, d= 0.0 request successfully sent.
05-12-2024 15:11:01 - INFO - Response from moonraker: {'result': 'ok'}
05-12-2024 15:11:01 - INFO - Setting Chamber Zones to a= 0.0, b= 0.0, c= 0.0, d= 0.0 Request successfully executed.
05-12-2024 15:11:01 - INFO - Sending request to Setting Chamber Zones to a= 0.0, b= 0.0, c= 0.0, d= 0.0 with timeout of 5s...
05-12-2024 15:11:01 - INFO - Setting Chamber Zones to a= 0.0, b= 0.0, c= 0.0, d= 0.0 request successfully sent.
05-12-2024 15:11:01 - INFO - Response from moonraker: {'result': 'ok'}
05-12-2024 15:11:01 - INFO - Setting Chamber Zones to a= 0.0, b= 0.0, c= 0.0, d= 0.0 Request successfully executed.
05-12-2024 15:11:01 - INFO - Sending request to Setting Chamber Zones to a= 0.0, b= 0.0, c= 0.0, d= 0.0 with timeout of 5s...
05-12-2024 15:11:01 - INFO - Setting Chamber Zones to a= 0.0, b= 0.0, c= 0.0, d= 0.0 request successfully sent.
05-12-2024 15:11:01 - INFO - Response from moonraker: {'result': 'ok'}
05-12-2024 15:11:01 - INFO - Setting Chamber Zones to a= 0.0, b= 0.0, c= 0.0, d= 0.0 Request successfully executed.
05-12-2024 15:11:01 - INFO - Sending request to Setting Chamber Zones to a= 0.0, b= 0.0, c= 0.0, d= 0.0 with timeout of 5s...
05-12-2024 15:11:01 - INFO - Setting Chamber Zones to a= 0.0, b= 0.0, c= 0.0, d= 0.0 request successfully sent.
05-12-2024 15:11:01 - INFO - Response from moonraker: {'result': 'ok'}
05-12-2024 15:11:01 - INFO - Setting Chamber Zones to a= 0.0, b= 0.0, c= 0.0, d= 0.0 Request successfully executed.
05-12-2024 15:11:01 - INFO - Sending request to Setting Chamber Zones to a= 0.0, b= 0.0, c= 0.0, d= 0.0 with timeout of 5s...
05-12-2024 15:11:02 - INFO - Setting Chamber Zones to a= 0.0, b= 0.0, c= 0.0, d= 0.0 request successfully sent.
05-12-2024 15:11:02 - INFO - Response from moonraker: {'result': 'ok'}
05-12-2024 15:11:02 - INFO - Setting Chamber Zones to a= 0.0, b= 0.0, c= 0.0, d= 0.0 Request successfully executed.
05-12-2024 15:11:02 - INFO - Sending request to Setting Chamber Zones to a= 0.0, b= 0.0, c= 0.0, d= 0.0 with timeout of 5s...
05-12-2024 15:11:02 - INFO - Setting Chamber Zones to a= 0.0, b= 0.0, c= 0.0, d= 0.0 request successfully sent.
05-12-2024 15:11:02 - INFO - Response from moonraker: {'result': 'ok'}
05-12-2024 15:11:02 - INFO - Setting Chamber Zones to a= 0.0, b= 0.0, c= 0.0, d= 0.0 Request successfully executed.
05-12-2024 15:11:02 - INFO - Sending request to Setting Chamber Zones to a= 0.0, b= 0.0, c= 0.0, d= 0.0 with timeout of 5s...
05-12-2024 15:11:02 - INFO - Setting Chamber Zones to a= 0.0, b= 0.0, c= 0.0, d= 0.0 request successfully sent.
05-12-2024 15:11:02 - INFO - Response from moonraker: {'result': 'ok'}
05-12-2024 15:11:02 - INFO - Setting Chamber Zones to a= 0.0, b= 0.0, c= 0.0, d= 0.0 Request successfully executed.
05-12-2024 15:11:02 - INFO - Sending request to Setting Chamber Zones to a= 0.0, b= 0.0, c= 0.0, d= 0.0 with timeout of 5s...
05-12-2024 15:11:02 - INFO - Setting Chamber Zones to a= 0.0, b= 0.0, c= 0.0, d= 0.0 request successfully sent.
05-12-2024 15:11:02 - INFO - Response from moonraker: {'result': 'ok'}
05-12-2024 15:11:02 - INFO - Setting Chamber Zones to a= 0.0, b= 0.0, c= 0.0, d= 0.0 Request successfully executed.
05-12-2024 15:11:02 - INFO - Sending request to Setting Chamber Zones to a= 0.0, b= 0.0, c= 0.0, d= 0.0 with timeout of 5s...
