13-10-2024 18:14:14 - INFO - Sending request to Setting Chmaber Zones to a= 0.7, b= 0.8, c= 0.9, d= 1.0 with timeout of 5s...
13-10-2024 18:14:14 - INFO - Setting Chmaber Zones to a= 0.7, b= 0.8, c= 0.9, d= 1.0 request successfully sent.
13-10-2024 18:14:14 - INFO - Response from moonraker: {'result': 'ok'}
13-10-2024 18:14:14 - INFO - Setting Chmaber Zones to a= 0.7, b= 0.8, c= 0.9, d= 1.0 Request successfully executed.
13-10-2024 18:14:15 - INFO - Sending request to Setting Chmaber Zones to a= 0.7, b= 0.8, c= 0.9, d= 1.0 with timeout of 5s...
13-10-2024 18:14:15 - INFO - Setting Chmaber Zones to a= 0.7, b= 0.8, c= 0.9, d= 1.0 request successfully sent.
13-10-2024 18:14:15 - INFO - Response from moonraker: {'result': 'ok'}
13-10-2024 18:14:15 - INFO - Setting Chmaber Zones to a= 0.7, b= 0.8, c= 0.9, d= 1.0 Request successfully executed.
13-10-2024 18:14:16 - INFO - Sending request to Setting Chmaber Zones to a= 0.7, b= 0.8, c= 0.9, d= 1.0 with timeout of 5s...
13-10-2024 18:14:16 - INFO - Setting Chmaber Zones to a= 0.7, b= 0.8, c= 0.9, d= 1.0 request successfully sent.
13-10-2024 18:14:16 - INFO - Response from moonraker: {'result': 'ok'}
13-10-2024 18:14:16 - INFO - Setting Chmaber Zones to a= 0.7, b= 0.8, c= 0.9, d= 1.0 Request successfully executed.
13-10-2024 18:14:17 - INFO - Sending request to Setting Chmaber Zones to a= 0.7, b= 0.8, c= 0.9, d= 1.0 with timeout of 5s...
13-10-2024 18:14:17 - INFO - Setting Chmaber Zones to a= 0.7, b= 0.8, c= 0.9, d= 1.0 request successfully sent.
13-10-2024 18:14:17 - INFO - Response from moonraker: {'result': 'ok'}
13-10-2024 18:14:17 - INFO - Setting Chmaber Zones to a= 0.7, b= 0.8, c= 0.9, d= 1.0 Request successfully executed.
13-10-2024 18:14:18 - INFO - Sending request to Setting Chmaber Zones to a= 0.7, b= 0.8, c= 0.9, d= 1.0 with timeout of 5s...
13-10-2024 18:14:18 - INFO - Setting Chmaber Zones to a= 0.7, b= 0.8, c= 0.9, d= 1.0 request successfully sent.
13-10-2024 18:14:18 - INFO - Response from moonraker: {'result': 'ok'}
13-10-2024 18:14:18 - INFO - Setting Chmaber Zones to a= 0.7, b= 0.8, c= 0.9, d= 1.0 Request successfully executed.
13-10-2024 18:14:19 - INFO - Sending request to Setting Chmaber Zones to a= 0.7, b= 0.8, c= 0.9, d= 1.0 with timeout of 5s...
13-10-2024 18:14:19 - INFO - Setting Chmaber Zones to a= 0.7, b= 0.8, c= 0.9, d= 1.0 request successfully sent.
13-10-2024 18:14:19 - INFO - Response from moonraker: {'result': 'ok'}
13-10-2024 18:14:19 - INFO - Setting Chmaber Zones to a= 0.7, b= 0.8, c= 0.9, d= 1.0 Request successfully executed.
13-10-2024 18:14:20 - INFO - Sending request to Setting Chmaber Zones to a= 0.7, b= 0.8, c= 0.9, d= 1.0 with timeout of 5s...
13-10-2024 18:14:20 - INFO - Setting Chmaber Zones to a= 0.7, b= 0.8, c= 0.9, d= 1.0 request successfully sent.
13-10-2024 18:14:20 - INFO - Response from moonraker: {'result': 'ok'}
13-10-2024 18:14:20 - INFO - Setting Chmaber Zones to a= 0.7, b= 0.8, c= 0.9, d= 1.0 Request successfully executed.
13-10-2024 18:14:21 - INFO - Sending request to Setting Chmaber Zones to a= 0.7, b= 0.8, c= 0.9, d= 1.0 with timeout of 5s...
13-10-2024 18:14:21 - INFO - Setting Chmaber Zones to a= 0.7, b= 0.8, c= 0.9, d= 1.0 request successfully sent.
13-10-2024 18:14:21 - INFO - Response from moonraker: {'result': 'ok'}
13-10-2024 18:14:21 - INFO - Setting Chmaber Zones to a= 0.7, b= 0.8, c= 0.9, d= 1.0 Request successfully executed.
13-10-2024 18:14:22 - INFO - Sending request to Setting Chmaber Zones to a= 0.7, b= 0.8, c= 0.9, d= 1.0 with timeout of 5s...
13-10-2024 18:14:22 - INFO - Setting Chmaber Zones to a= 0.7, b= 0.8, c= 0.9, d= 1.0 request successfully sent.
13-10-2024 18:14:22 - INFO - Response from moonraker: {'result': 'ok'}
13-10-2024 18:14:22 - INFO - Setting Chmaber Zones to a= 0.7, b= 0.8, c= 0.9, d= 1.0 Request successfully executed.
13-10-2024 18:14:23 - INFO - Sending request to Setting Chmaber Zones to a= 0.7, b= 0.8, c= 0.9, d= 1.0 with timeout of 5s...
13-10-2024 18:14:23 - INFO - Setting Chmaber Zones to a= 0.7, b= 0.8, c= 0.9, d= 1.0 request successfully sent.
13-10-2024 18:14:23 - INFO - Response from moonraker: {'result': 'ok'}
13-10-2024 18:14:23 - INFO - Setting Chmaber Zones to a= 0.7, b= 0.8, c= 0.9, d= 1.0 Request successfully executed.
13-10-2024 18:14:24 - INFO - Sending request to Setting Chmaber Zones to a= 0.7, b= 0.8, c= 0.9, d= 1.0 with timeout of 5s...
13-10-2024 18:14:24 - INFO - Setting Chmaber Zones to a= 0.7, b= 0.8, c= 0.9, d= 1.0 request successfully sent.
13-10-2024 18:14:24 - INFO - Response from moonraker: {'result': 'ok'}
13-10-2024 18:14:24 - INFO - Setting Chmaber Zones to a= 0.7, b= 0.8, c= 0.9, d= 1.0 Request successfully executed.
13-10-2024 18:14:25 - INFO - Sending request to Setting Chmaber Zones to a= 0.7, b= 0.8, c= 0.9, d= 1.0 with timeout of 5s...
13-10-2024 18:14:25 - INFO - Setting Chmaber Zones to a= 0.7, b= 0.8, c= 0.9, d= 1.0 request successfully sent.
13-10-2024 18:14:25 - INFO - Response from moonraker: {'result': 'ok'}
13-10-2024 18:14:25 - INFO - Setting Chmaber Zones to a= 0.7, b= 0.8, c= 0.9, d= 1.0 Request successfully executed.
13-10-2024 18:14:26 - INFO - Sending request to Setting Chmaber Zones to a= 0.7, b= 0.8, c= 0.9, d= 1.0 with timeout of 5s...
13-10-2024 18:14:26 - INFO - Setting Chmaber Zones to a= 0.7, b= 0.8, c= 0.9, d= 1.0 request successfully sent.
13-10-2024 18:14:26 - INFO - Response from moonraker: {'result': 'ok'}
13-10-2024 18:14:26 - INFO - Setting Chmaber Zones to a= 0.7, b= 0.8, c= 0.9, d= 1.0 Request successfully executed.
13-10-2024 18:14:27 - INFO - Sending request to Setting Chmaber Zones to a= 0.7, b= 0.8, c= 0.9, d= 1.0 with timeout of 5s...
13-10-2024 18:14:27 - INFO - Setting Chmaber Zones to a= 0.7, b= 0.8, c= 0.9, d= 1.0 request successfully sent.
13-10-2024 18:14:27 - INFO - Response from moonraker: {'result': 'ok'}
13-10-2024 18:14:27 - INFO - Setting Chmaber Zones to a= 0.7, b= 0.8, c= 0.9, d= 1.0 Request successfully executed.
13-10-2024 18:14:28 - INFO - Sending request to Setting Chmaber Zones to a= 0.6902000000000005, b= 0.7888000000000006, c= 0.8874000000000006, d= 0.9860000000000008 with timeout of 5s...
13-10-2024 18:14:28 - INFO - Setting Chmaber Zones to a= 0.6902000000000005, b= 0.7888000000000006, c= 0.8874000000000006, d= 0.9860000000000008 request successfully sent.
13-10-2024 18:14:28 - INFO - Response from moonraker: {'result': 'ok'}
13-10-2024 18:14:28 - INFO - Setting Chmaber Zones to a= 0.6902000000000005, b= 0.7888000000000006, c= 0.8874000000000006, d= 0.9860000000000008 Request successfully executed.
13-10-2024 18:14:29 - INFO - Sending request to Setting Chmaber Zones to a= 0.5152000000000002, b= 0.5888000000000002, c= 0.6624000000000002, d= 0.7360000000000003 with timeout of 5s...
13-10-2024 18:14:29 - INFO - Setting Chmaber Zones to a= 0.5152000000000002, b= 0.5888000000000002, c= 0.6624000000000002, d= 0.7360000000000003 request successfully sent.
13-10-2024 18:14:29 - INFO - Response from moonraker: {'result': 'ok'}
13-10-2024 18:14:29 - INFO - Setting Chmaber Zones to a= 0.5152000000000002, b= 0.5888000000000002, c= 0.6624000000000002, d= 0.7360000000000003 Request successfully executed.
13-10-2024 18:14:30 - INFO - Sending request to Setting Chmaber Zones to a= 0.3577000000000004, b= 0.40880000000000044, c= 0.45990000000000053, d= 0.5110000000000006 with timeout of 5s...
13-10-2024 18:14:30 - INFO - Setting Chmaber Zones to a= 0.3577000000000004, b= 0.40880000000000044, c= 0.45990000000000053, d= 0.5110000000000006 request successfully sent.
13-10-2024 18:14:30 - INFO - Response from moonraker: {'result': 'ok'}
13-10-2024 18:14:30 - INFO - Setting Chmaber Zones to a= 0.3577000000000004, b= 0.40880000000000044, c= 0.45990000000000053, d= 0.5110000000000006 Request successfully executed.
13-10-2024 18:14:31 - INFO - Sending request to Setting Chmaber Zones to a= 0.22400000000000034, b= 0.2560000000000004, c= 0.2880000000000005, d= 0.3200000000000005 with timeout of 5s...
13-10-2024 18:14:31 - INFO - Setting Chmaber Zones to a= 0.22400000000000034, b= 0.2560000000000004, c= 0.2880000000000005, d= 0.3200000000000005 request successfully sent.
13-10-2024 18:14:31 - INFO - Response from moonraker: {'result': 'ok'}
13-10-2024 18:14:31 - INFO - Setting Chmaber Zones to a= 0.22400000000000034, b= 0.2560000000000004, c= 0.2880000000000005, d= 0.3200000000000005 Request successfully executed.
13-10-2024 18:14:32 - INFO - Sending request to Setting Chmaber Zones to a= 0.12320000000000046, b= 0.1408000000000005, c= 0.1584000000000006, d= 0.17600000000000066 with timeout of 5s...
13-10-2024 18:14:32 - INFO - Setting Chmaber Zones to a= 0.12320000000000046, b= 0.1408000000000005, c= 0.1584000000000006, d= 0.17600000000000066 request successfully sent.
13-10-2024 18:14:32 - INFO - Response from moonraker: {'result': 'ok'}
13-10-2024 18:14:32 - INFO - Setting Chmaber Zones to a= 0.12320000000000046, b= 0.1408000000000005, c= 0.1584000000000006, d= 0.17600000000000066 Request successfully executed.
13-10-2024 18:14:33 - INFO - Sending request to Setting Chmaber Zones to a= 0.13860000000000047, b= 0.15840000000000054, c= 0.1782000000000006, d= 0.19800000000000068 with timeout of 5s...
13-10-2024 18:14:33 - INFO - Setting Chmaber Zones to a= 0.13860000000000047, b= 0.15840000000000054, c= 0.1782000000000006, d= 0.19800000000000068 request successfully sent.
13-10-2024 18:14:33 - INFO - Response from moonraker: {'result': 'ok'}
13-10-2024 18:14:33 - INFO - Setting Chmaber Zones to a= 0.13860000000000047, b= 0.15840000000000054, c= 0.1782000000000006, d= 0.19800000000000068 Request successfully executed.
13-10-2024 18:14:34 - INFO - Sending request to Setting Chmaber Zones to a= 0.09940000000000052, b= 0.1136000000000006, c= 0.12780000000000066, d= 0.14200000000000074 with timeout of 5s...
13-10-2024 18:14:34 - INFO - Setting Chmaber Zones to a= 0.09940000000000052, b= 0.1136000000000006, c= 0.12780000000000066, d= 0.14200000000000074 request successfully sent.
13-10-2024 18:14:34 - INFO - Response from moonraker: {'result': 'ok'}
13-10-2024 18:14:34 - INFO - Setting Chmaber Zones to a= 0.09940000000000052, b= 0.1136000000000006, c= 0.12780000000000066, d= 0.14200000000000074 Request successfully executed.
13-10-2024 18:14:35 - INFO - Sending request to Setting Chmaber Zones to a= 0.12670000000000053, b= 0.1448000000000006, c= 0.1629000000000007, d= 0.18100000000000077 with timeout of 5s...
13-10-2024 18:14:35 - INFO - Setting Chmaber Zones to a= 0.12670000000000053, b= 0.1448000000000006, c= 0.1629000000000007, d= 0.18100000000000077 request successfully sent.
13-10-2024 18:14:35 - INFO - Response from moonraker: {'result': 'ok'}
13-10-2024 18:14:35 - INFO - Setting Chmaber Zones to a= 0.12670000000000053, b= 0.1448000000000006, c= 0.1629000000000007, d= 0.18100000000000077 Request successfully executed.
13-10-2024 18:14:37 - INFO - Sending request to Setting Chmaber Zones to a= 0, b= 0, c= 0, d= 0 with timeout of 5s...
13-10-2024 18:14:37 - INFO - Setting Chmaber Zones to a= 0, b= 0, c= 0, d= 0 request successfully sent.
13-10-2024 18:14:37 - INFO - Response from moonraker: {'result': 'ok'}
13-10-2024 18:14:37 - INFO - Setting Chmaber Zones to a= 0, b= 0, c= 0, d= 0 Request successfully executed.
