05-12-2024 13:59:17 - INFO - Sending request to Setting Chamber Zones to a= 0, b= 0, c= 0, d= 0 with timeout of 5s...
05-12-2024 13:59:17 - INFO - Sending request to Setting Chamber Zones to a= 0.4451039999999999, b= 0.11127599999999997, c= 0.4451039999999999, d= 0.11127599999999997 with timeout of 5s...
05-12-2024 13:59:17 - INFO - Setting Chamber Zones to a= 0.4451039999999999, b= 0.11127599999999997, c= 0.4451039999999999, d= 0.11127599999999997 request successfully sent.
05-12-2024 13:59:17 - INFO - Response from moonraker: {'result': 'ok'}
05-12-2024 13:59:17 - INFO - Setting Chamber Zones to a= 0.4451039999999999, b= 0.11127599999999997, c= 0.4451039999999999, d= 0.11127599999999997 Request successfully executed.
05-12-2024 13:59:18 - INFO - Sending request to Setting Chamber Zones to a= 0.4414079999999999, b= 0.11035199999999998, c= 0.4414079999999999, d= 0.11035199999999998 with timeout of 5s...
05-12-2024 13:59:18 - INFO - Setting Chamber Zones to a= 0.4414079999999999, b= 0.11035199999999998, c= 0.4414079999999999, d= 0.11035199999999998 request successfully sent.
05-12-2024 13:59:18 - INFO - Response from moonraker: {'result': 'ok'}
05-12-2024 13:59:18 - INFO - Setting Chamber Zones to a= 0.4414079999999999, b= 0.11035199999999998, c= 0.4414079999999999, d= 0.11035199999999998 Request successfully executed.
05-12-2024 13:59:18 - INFO - Sending request to Setting Chamber Zones to a= 0.4421119999999999, b= 0.11052799999999997, c= 0.4421119999999999, d= 0.11052799999999997 with timeout of 5s...
05-12-2024 13:59:18 - INFO - Setting Chamber Zones to a= 0.4421119999999999, b= 0.11052799999999997, c= 0.4421119999999999, d= 0.11052799999999997 request successfully sent.
05-12-2024 13:59:18 - INFO - Response from moonraker: {'result': 'ok'}
05-12-2024 13:59:18 - INFO - Setting Chamber Zones to a= 0.4421119999999999, b= 0.11052799999999997, c= 0.4421119999999999, d= 0.11052799999999997 Request successfully executed.
05-12-2024 13:59:18 - INFO - Sending request to Setting Chamber Zones to a= 0.4428159999999999, b= 0.11070399999999997, c= 0.4428159999999999, d= 0.11070399999999997 with timeout of 5s...
05-12-2024 13:59:18 - INFO - Setting Chamber Zones to a= 0.4428159999999999, b= 0.11070399999999997, c= 0.4428159999999999, d= 0.11070399999999997 request successfully sent.
05-12-2024 13:59:18 - INFO - Response from moonraker: {'result': 'ok'}
05-12-2024 13:59:18 - INFO - Setting Chamber Zones to a= 0.4428159999999999, b= 0.11070399999999997, c= 0.4428159999999999, d= 0.11070399999999997 Request successfully executed.
05-12-2024 13:59:18 - INFO - Sending request to Setting Chamber Zones to a= 0.4435199999999999, b= 0.11087999999999998, c= 0.4435199999999999, d= 0.11087999999999998 with timeout of 5s...
05-12-2024 13:59:18 - INFO - Setting Chamber Zones to a= 0.4435199999999999, b= 0.11087999999999998, c= 0.4435199999999999, d= 0.11087999999999998 request successfully sent.
05-12-2024 13:59:18 - INFO - Response from moonraker: {'result': 'ok'}
05-12-2024 13:59:18 - INFO - Setting Chamber Zones to a= 0.4435199999999999, b= 0.11087999999999998, c= 0.4435199999999999, d= 0.11087999999999998 Request successfully executed.
05-12-2024 13:59:18 - INFO - Sending request to Setting Chamber Zones to a= 0.4442239999999999, b= 0.11105599999999997, c= 0.4442239999999999, d= 0.11105599999999997 with timeout of 5s...
05-12-2024 13:59:18 - INFO - Setting Chamber Zones to a= 0.4442239999999999, b= 0.11105599999999997, c= 0.4442239999999999, d= 0.11105599999999997 request successfully sent.
05-12-2024 13:59:18 - INFO - Response from moonraker: {'result': 'ok'}
05-12-2024 13:59:18 - INFO - Setting Chamber Zones to a= 0.4442239999999999, b= 0.11105599999999997, c= 0.4442239999999999, d= 0.11105599999999997 Request successfully executed.
05-12-2024 13:59:19 - INFO - Sending request to Setting Chamber Zones to a= 0.43987000000000015, b= 0.10996750000000004, c= 0.43987000000000015, d= 0.10996750000000004 with timeout of 5s...
05-12-2024 13:59:19 - INFO - Setting Chamber Zones to a= 0.43987000000000015, b= 0.10996750000000004, c= 0.43987000000000015, d= 0.10996750000000004 request successfully sent.
05-12-2024 13:59:19 - INFO - Response from moonraker: {'result': 'ok'}
05-12-2024 13:59:19 - INFO - Setting Chamber Zones to a= 0.43987000000000015, b= 0.10996750000000004, c= 0.43987000000000015, d= 0.10996750000000004 Request successfully executed.
05-12-2024 13:59:19 - INFO - Sending request to Setting Chamber Zones to a= 0.425442, b= 0.1063605, c= 0.425442, d= 0.1063605 with timeout of 5s...
05-12-2024 13:59:19 - INFO - Setting Chamber Zones to a= 0.425442, b= 0.1063605, c= 0.425442, d= 0.1063605 request successfully sent.
05-12-2024 13:59:19 - INFO - Response from moonraker: {'result': 'ok'}
05-12-2024 13:59:19 - INFO - Setting Chamber Zones to a= 0.425442, b= 0.1063605, c= 0.425442, d= 0.1063605 Request successfully executed.
05-12-2024 13:59:19 - INFO - Sending request to Setting Chamber Zones to a= 0.38074199999999997, b= 0.09518549999999999, c= 0.38074199999999997, d= 0.09518549999999999 with timeout of 5s...
05-12-2024 13:59:19 - INFO - Setting Chamber Zones to a= 0.38074199999999997, b= 0.09518549999999999, c= 0.38074199999999997, d= 0.09518549999999999 request successfully sent.
05-12-2024 13:59:19 - INFO - Response from moonraker: {'result': 'ok'}
05-12-2024 13:59:19 - INFO - Setting Chamber Zones to a= 0.38074199999999997, b= 0.09518549999999999, c= 0.38074199999999997, d= 0.09518549999999999 Request successfully executed.
05-12-2024 13:59:19 - INFO - Sending request to Setting Chamber Zones to a= 0.3615600000000001, b= 0.09039000000000003, c= 0.3615600000000001, d= 0.09039000000000003 with timeout of 5s...
05-12-2024 13:59:19 - INFO - Setting Chamber Zones to a= 0.3615600000000001, b= 0.09039000000000003, c= 0.3615600000000001, d= 0.09039000000000003 request successfully sent.
05-12-2024 13:59:19 - INFO - Response from moonraker: {'result': 'ok'}
05-12-2024 13:59:19 - INFO - Setting Chamber Zones to a= 0.3615600000000001, b= 0.09039000000000003, c= 0.3615600000000001, d= 0.09039000000000003 Request successfully executed.
05-12-2024 13:59:19 - INFO - Sending request to Setting Chamber Zones to a= 0.3471539999999999, b= 0.08678849999999998, c= 0.3471539999999999, d= 0.08678849999999998 with timeout of 5s...
05-12-2024 13:59:19 - INFO - Setting Chamber Zones to a= 0.3471539999999999, b= 0.08678849999999998, c= 0.3471539999999999, d= 0.08678849999999998 request successfully sent.
05-12-2024 13:59:19 - INFO - Response from moonraker: {'result': 'ok'}
05-12-2024 13:59:19 - INFO - Setting Chamber Zones to a= 0.3471539999999999, b= 0.08678849999999998, c= 0.3471539999999999, d= 0.08678849999999998 Request successfully executed.
05-12-2024 13:59:20 - INFO - Sending request to Setting Chamber Zones to a= 0.30232599999999993, b= 0.07558149999999998, c= 0.30232599999999993, d= 0.07558149999999998 with timeout of 5s...
05-12-2024 13:59:20 - INFO - Setting Chamber Zones to a= 0.30232599999999993, b= 0.07558149999999998, c= 0.30232599999999993, d= 0.07558149999999998 request successfully sent.
05-12-2024 13:59:20 - INFO - Response from moonraker: {'result': 'ok'}
05-12-2024 13:59:20 - INFO - Setting Chamber Zones to a= 0.30232599999999993, b= 0.07558149999999998, c= 0.30232599999999993, d= 0.07558149999999998 Request successfully executed.
05-12-2024 13:59:20 - INFO - Sending request to Setting Chamber Zones to a= 0.2880740000000001, b= 0.07201850000000003, c= 0.2880740000000001, d= 0.07201850000000003 with timeout of 5s...
05-12-2024 13:59:20 - INFO - Setting Chamber Zones to a= 0.2880740000000001, b= 0.07201850000000003, c= 0.2880740000000001, d= 0.07201850000000003 request successfully sent.
05-12-2024 13:59:20 - INFO - Response from moonraker: {'result': 'ok'}
05-12-2024 13:59:20 - INFO - Setting Chamber Zones to a= 0.2880740000000001, b= 0.07201850000000003, c= 0.2880740000000001, d= 0.07201850000000003 Request successfully executed.
05-12-2024 13:59:20 - INFO - Sending request to Setting Chamber Zones to a= 0.27349799999999985, b= 0.06837449999999996, c= 0.27349799999999985, d= 0.06837449999999996 with timeout of 5s...
05-12-2024 13:59:20 - INFO - Setting Chamber Zones to a= 0.27349799999999985, b= 0.06837449999999996, c= 0.27349799999999985, d= 0.06837449999999996 request successfully sent.
05-12-2024 13:59:20 - INFO - Response from moonraker: {'result': 'ok'}
05-12-2024 13:59:20 - INFO - Setting Chamber Zones to a= 0.27349799999999985, b= 0.06837449999999996, c= 0.27349799999999985, d= 0.06837449999999996 Request successfully executed.
05-12-2024 13:59:20 - INFO - Sending request to Setting Chamber Zones to a= 0.258898, b= 0.0647245, c= 0.258898, d= 0.0647245 with timeout of 5s...
05-12-2024 13:59:20 - INFO - Setting Chamber Zones to a= 0.258898, b= 0.0647245, c= 0.258898, d= 0.0647245 request successfully sent.
05-12-2024 13:59:20 - INFO - Response from moonraker: {'result': 'ok'}
05-12-2024 13:59:20 - INFO - Setting Chamber Zones to a= 0.258898, b= 0.0647245, c= 0.258898, d= 0.0647245 Request successfully executed.
05-12-2024 13:59:20 - INFO - Sending request to Setting Chamber Zones to a= 0.2493319999999999, b= 0.06233299999999997, c= 0.2493319999999999, d= 0.06233299999999997 with timeout of 5s...
05-12-2024 13:59:20 - INFO - Setting Chamber Zones to a= 0.2493319999999999, b= 0.06233299999999997, c= 0.2493319999999999, d= 0.06233299999999997 request successfully sent.
05-12-2024 13:59:20 - INFO - Response from moonraker: {'result': 'ok'}
05-12-2024 13:59:20 - INFO - Setting Chamber Zones to a= 0.2493319999999999, b= 0.06233299999999997, c= 0.2493319999999999, d= 0.06233299999999997 Request successfully executed.
05-12-2024 13:59:21 - INFO - Sending request to Setting Chamber Zones to a= 0.21946800000000016, b= 0.05486700000000004, c= 0.21946800000000016, d= 0.05486700000000004 with timeout of 5s...
05-12-2024 13:59:21 - INFO - Setting Chamber Zones to a= 0.21946800000000016, b= 0.05486700000000004, c= 0.21946800000000016, d= 0.05486700000000004 request successfully sent.
05-12-2024 13:59:21 - INFO - Response from moonraker: {'result': 'ok'}
05-12-2024 13:59:21 - INFO - Setting Chamber Zones to a= 0.21946800000000016, b= 0.05486700000000004, c= 0.21946800000000016, d= 0.05486700000000004 Request successfully executed.
05-12-2024 13:59:21 - INFO - Sending request to Setting Chamber Zones to a= 0.22010400000000016, b= 0.05502600000000004, c= 0.22010400000000016, d= 0.05502600000000004 with timeout of 5s...
05-12-2024 13:59:21 - INFO - Setting Chamber Zones to a= 0.22010400000000016, b= 0.05502600000000004, c= 0.22010400000000016, d= 0.05502600000000004 request successfully sent.
05-12-2024 13:59:21 - INFO - Response from moonraker: {'result': 'ok'}
05-12-2024 13:59:21 - INFO - Setting Chamber Zones to a= 0.22010400000000016, b= 0.05502600000000004, c= 0.22010400000000016, d= 0.05502600000000004 Request successfully executed.
05-12-2024 13:59:21 - INFO - Sending request to Setting Chamber Zones to a= 0.21032400000000004, b= 0.05258100000000001, c= 0.21032400000000004, d= 0.05258100000000001 with timeout of 5s...
05-12-2024 13:59:21 - INFO - Setting Chamber Zones to a= 0.21032400000000004, b= 0.05258100000000001, c= 0.21032400000000004, d= 0.05258100000000001 request successfully sent.
05-12-2024 13:59:21 - INFO - Response from moonraker: {'result': 'ok'}
05-12-2024 13:59:21 - INFO - Setting Chamber Zones to a= 0.21032400000000004, b= 0.05258100000000001, c= 0.21032400000000004, d= 0.05258100000000001 Request successfully executed.
05-12-2024 13:59:21 - INFO - Sending request to Setting Chamber Zones to a= 0.20568599999999995, b= 0.05142149999999999, c= 0.20568599999999995, d= 0.05142149999999999 with timeout of 5s...
05-12-2024 13:59:21 - INFO - Setting Chamber Zones to a= 0.20568599999999995, b= 0.05142149999999999, c= 0.20568599999999995, d= 0.05142149999999999 request successfully sent.
05-12-2024 13:59:21 - INFO - Response from moonraker: {'result': 'ok'}
05-12-2024 13:59:21 - INFO - Setting Chamber Zones to a= 0.20568599999999995, b= 0.05142149999999999, c= 0.20568599999999995, d= 0.05142149999999999 Request successfully executed.
05-12-2024 13:59:21 - INFO - Sending request to Setting Chamber Zones to a= 0.20098999999999986, b= 0.050247499999999966, c= 0.20098999999999986, d= 0.050247499999999966 with timeout of 5s...
05-12-2024 13:59:21 - INFO - Setting Chamber Zones to a= 0.20098999999999986, b= 0.050247499999999966, c= 0.20098999999999986, d= 0.050247499999999966 request successfully sent.
05-12-2024 13:59:21 - INFO - Response from moonraker: {'result': 'ok'}
05-12-2024 13:59:21 - INFO - Setting Chamber Zones to a= 0.20098999999999986, b= 0.050247499999999966, c= 0.20098999999999986, d= 0.050247499999999966 Request successfully executed.
05-12-2024 13:59:22 - INFO - Sending request to Setting Chamber Zones to a= 0.18617, b= 0.0465425, c= 0.18617, d= 0.0465425 with timeout of 5s...
05-12-2024 13:59:22 - INFO - Setting Chamber Zones to a= 0.18617, b= 0.0465425, c= 0.18617, d= 0.0465425 request successfully sent.
05-12-2024 13:59:22 - INFO - Response from moonraker: {'result': 'ok'}
05-12-2024 13:59:22 - INFO - Setting Chamber Zones to a= 0.18617, b= 0.0465425, c= 0.18617, d= 0.0465425 Request successfully executed.
05-12-2024 13:59:22 - INFO - Sending request to Setting Chamber Zones to a= 0.18154199999999993, b= 0.04538549999999998, c= 0.18154199999999993, d= 0.04538549999999998 with timeout of 5s...
05-12-2024 13:59:22 - INFO - Setting Chamber Zones to a= 0.18154199999999993, b= 0.04538549999999998, c= 0.18154199999999993, d= 0.04538549999999998 request successfully sent.
05-12-2024 13:59:22 - INFO - Response from moonraker: {'result': 'ok'}
05-12-2024 13:59:22 - INFO - Setting Chamber Zones to a= 0.18154199999999993, b= 0.04538549999999998, c= 0.18154199999999993, d= 0.04538549999999998 Request successfully executed.
05-12-2024 13:59:22 - INFO - Sending request to Setting Chamber Zones to a= 0.18186399999999991, b= 0.04546599999999998, c= 0.18186399999999991, d= 0.04546599999999998 with timeout of 5s...
05-12-2024 13:59:22 - INFO - Setting Chamber Zones to a= 0.18186399999999991, b= 0.04546599999999998, c= 0.18186399999999991, d= 0.04546599999999998 request successfully sent.
05-12-2024 13:59:22 - INFO - Response from moonraker: {'result': 'ok'}
05-12-2024 13:59:22 - INFO - Setting Chamber Zones to a= 0.18186399999999991, b= 0.04546599999999998, c= 0.18186399999999991, d= 0.04546599999999998 Request successfully executed.
05-12-2024 13:59:22 - INFO - Sending request to Setting Chamber Zones to a= 0.18213599999999994, b= 0.045533999999999984, c= 0.18213599999999994, d= 0.045533999999999984 with timeout of 5s...
05-12-2024 13:59:22 - INFO - Setting Chamber Zones to a= 0.18213599999999994, b= 0.045533999999999984, c= 0.18213599999999994, d= 0.045533999999999984 request successfully sent.
05-12-2024 13:59:22 - INFO - Response from moonraker: {'result': 'ok'}
05-12-2024 13:59:22 - INFO - Setting Chamber Zones to a= 0.18213599999999994, b= 0.045533999999999984, c= 0.18213599999999994, d= 0.045533999999999984 Request successfully executed.
05-12-2024 13:59:22 - INFO - Sending request to Setting Chamber Zones to a= 0.18240799999999993, b= 0.04560199999999998, c= 0.18240799999999993, d= 0.04560199999999998 with timeout of 5s...
05-12-2024 13:59:22 - INFO - Setting Chamber Zones to a= 0.18240799999999993, b= 0.04560199999999998, c= 0.18240799999999993, d= 0.04560199999999998 request successfully sent.
05-12-2024 13:59:22 - INFO - Response from moonraker: {'result': 'ok'}
05-12-2024 13:59:22 - INFO - Setting Chamber Zones to a= 0.18240799999999993, b= 0.04560199999999998, c= 0.18240799999999993, d= 0.04560199999999998 Request successfully executed.
05-12-2024 13:59:23 - INFO - Sending request to Setting Chamber Zones to a= 0.17256400000000016, b= 0.04314100000000004, c= 0.17256400000000016, d= 0.04314100000000004 with timeout of 5s...
05-12-2024 13:59:23 - INFO - Setting Chamber Zones to a= 0.17256400000000016, b= 0.04314100000000004, c= 0.17256400000000016, d= 0.04314100000000004 request successfully sent.
05-12-2024 13:59:23 - INFO - Response from moonraker: {'result': 'ok'}
05-12-2024 13:59:23 - INFO - Setting Chamber Zones to a= 0.17256400000000016, b= 0.04314100000000004, c= 0.17256400000000016, d= 0.04314100000000004 Request successfully executed.
05-12-2024 13:59:23 - INFO - Sending request to Setting Chamber Zones to a= 0.17292000000000013, b= 0.04323000000000003, c= 0.17292000000000013, d= 0.04323000000000003 with timeout of 5s...
05-12-2024 13:59:23 - INFO - Setting Chamber Zones to a= 0.17292000000000013, b= 0.04323000000000003, c= 0.17292000000000013, d= 0.04323000000000003 request successfully sent.
05-12-2024 13:59:23 - INFO - Response from moonraker: {'result': 'ok'}
05-12-2024 13:59:23 - INFO - Setting Chamber Zones to a= 0.17292000000000013, b= 0.04323000000000003, c= 0.17292000000000013, d= 0.04323000000000003 Request successfully executed.
05-12-2024 13:59:23 - INFO - Sending request to Setting Chamber Zones to a= 0.17317600000000014, b= 0.043294000000000034, c= 0.17317600000000014, d= 0.043294000000000034 with timeout of 5s...
05-12-2024 13:59:23 - INFO - Setting Chamber Zones to a= 0.17317600000000014, b= 0.043294000000000034, c= 0.17317600000000014, d= 0.043294000000000034 request successfully sent.
05-12-2024 13:59:23 - INFO - Response from moonraker: {'result': 'ok'}
05-12-2024 13:59:23 - INFO - Setting Chamber Zones to a= 0.17317600000000014, b= 0.043294000000000034, c= 0.17317600000000014, d= 0.043294000000000034 Request successfully executed.
05-12-2024 13:59:23 - INFO - Sending request to Setting Chamber Zones to a= 0.17343200000000014, b= 0.043358000000000035, c= 0.17343200000000014, d= 0.043358000000000035 with timeout of 5s...
05-12-2024 13:59:23 - INFO - Setting Chamber Zones to a= 0.17343200000000014, b= 0.043358000000000035, c= 0.17343200000000014, d= 0.043358000000000035 request successfully sent.
05-12-2024 13:59:23 - INFO - Response from moonraker: {'result': 'ok'}
05-12-2024 13:59:23 - INFO - Setting Chamber Zones to a= 0.17343200000000014, b= 0.043358000000000035, c= 0.17343200000000014, d= 0.043358000000000035 Request successfully executed.
05-12-2024 13:59:23 - INFO - Sending request to Setting Chamber Zones to a= 0.1686300000000001, b= 0.04215750000000003, c= 0.1686300000000001, d= 0.04215750000000003 with timeout of 5s...
05-12-2024 13:59:23 - INFO - Setting Chamber Zones to a= 0.1686300000000001, b= 0.04215750000000003, c= 0.1686300000000001, d= 0.04215750000000003 request successfully sent.
05-12-2024 13:59:23 - INFO - Response from moonraker: {'result': 'ok'}
05-12-2024 13:59:23 - INFO - Setting Chamber Zones to a= 0.1686300000000001, b= 0.04215750000000003, c= 0.1686300000000001, d= 0.04215750000000003 Request successfully executed.
05-12-2024 13:59:24 - INFO - Sending request to Setting Chamber Zones to a= 0.16892800000000008, b= 0.04223200000000002, c= 0.16892800000000008, d= 0.04223200000000002 with timeout of 5s...
05-12-2024 13:59:24 - INFO - Setting Chamber Zones to a= 0.16892800000000008, b= 0.04223200000000002, c= 0.16892800000000008, d= 0.04223200000000002 request successfully sent.
05-12-2024 13:59:24 - INFO - Response from moonraker: {'result': 'ok'}
05-12-2024 13:59:24 - INFO - Setting Chamber Zones to a= 0.16892800000000008, b= 0.04223200000000002, c= 0.16892800000000008, d= 0.04223200000000002 Request successfully executed.
05-12-2024 13:59:24 - INFO - Sending request to Setting Chamber Zones to a= 0.16917600000000008, b= 0.04229400000000002, c= 0.16917600000000008, d= 0.04229400000000002 with timeout of 5s...
05-12-2024 13:59:24 - INFO - Setting Chamber Zones to a= 0.16917600000000008, b= 0.04229400000000002, c= 0.16917600000000008, d= 0.04229400000000002 request successfully sent.
05-12-2024 13:59:24 - INFO - Response from moonraker: {'result': 'ok'}
05-12-2024 13:59:24 - INFO - Setting Chamber Zones to a= 0.16917600000000008, b= 0.04229400000000002, c= 0.16917600000000008, d= 0.04229400000000002 Request successfully executed.
05-12-2024 13:59:24 - INFO - Sending request to Setting Chamber Zones to a= 0.17448200000000014, b= 0.043620500000000034, c= 0.17448200000000014, d= 0.043620500000000034 with timeout of 5s...
05-12-2024 13:59:24 - INFO - Setting Chamber Zones to a= 0.17448200000000014, b= 0.043620500000000034, c= 0.17448200000000014, d= 0.043620500000000034 request successfully sent.
05-12-2024 13:59:24 - INFO - Response from moonraker: {'result': 'ok'}
05-12-2024 13:59:24 - INFO - Setting Chamber Zones to a= 0.17448200000000014, b= 0.043620500000000034, c= 0.17448200000000014, d= 0.043620500000000034 Request successfully executed.
05-12-2024 13:59:24 - INFO - Sending request to Setting Chamber Zones to a= 0.17468800000000015, b= 0.04367200000000004, c= 0.17468800000000015, d= 0.04367200000000004 with timeout of 5s...
05-12-2024 13:59:24 - INFO - Setting Chamber Zones to a= 0.17468800000000015, b= 0.04367200000000004, c= 0.17468800000000015, d= 0.04367200000000004 request successfully sent.
05-12-2024 13:59:24 - INFO - Response from moonraker: {'result': 'ok'}
05-12-2024 13:59:24 - INFO - Setting Chamber Zones to a= 0.17468800000000015, b= 0.04367200000000004, c= 0.17468800000000015, d= 0.04367200000000004 Request successfully executed.
05-12-2024 13:59:24 - INFO - Sending request to Setting Chamber Zones to a= 0.1698860000000001, b= 0.04247150000000002, c= 0.1698860000000001, d= 0.04247150000000002 with timeout of 5s...
05-12-2024 13:59:25 - INFO - Setting Chamber Zones to a= 0.1698860000000001, b= 0.04247150000000002, c= 0.1698860000000001, d= 0.04247150000000002 request successfully sent.
05-12-2024 13:59:25 - INFO - Response from moonraker: {'result': 'ok'}
05-12-2024 13:59:25 - INFO - Setting Chamber Zones to a= 0.1698860000000001, b= 0.04247150000000002, c= 0.1698860000000001, d= 0.04247150000000002 Request successfully executed.
05-12-2024 13:59:25 - INFO - Sending request to Setting Chamber Zones to a= 0.17018400000000006, b= 0.042546000000000014, c= 0.17018400000000006, d= 0.042546000000000014 with timeout of 5s...
05-12-2024 13:59:25 - INFO - Setting Chamber Zones to a= 0.17018400000000006, b= 0.042546000000000014, c= 0.17018400000000006, d= 0.042546000000000014 request successfully sent.
05-12-2024 13:59:25 - INFO - Response from moonraker: {'result': 'ok'}
05-12-2024 13:59:25 - INFO - Setting Chamber Zones to a= 0.17018400000000006, b= 0.042546000000000014, c= 0.17018400000000006, d= 0.042546000000000014 Request successfully executed.
05-12-2024 13:59:25 - INFO - Sending request to Setting Chamber Zones to a= 0.16537400000000002, b= 0.041343500000000005, c= 0.16537400000000002, d= 0.041343500000000005 with timeout of 5s...
05-12-2024 13:59:25 - INFO - Setting Chamber Zones to a= 0.16537400000000002, b= 0.041343500000000005, c= 0.16537400000000002, d= 0.041343500000000005 request successfully sent.
05-12-2024 13:59:25 - INFO - Response from moonraker: {'result': 'ok'}
05-12-2024 13:59:25 - INFO - Setting Chamber Zones to a= 0.16537400000000002, b= 0.041343500000000005, c= 0.16537400000000002, d= 0.041343500000000005 Request successfully executed.
05-12-2024 13:59:25 - INFO - Sending request to Setting Chamber Zones to a= 0.165664, b= 0.041416, c= 0.165664, d= 0.041416 with timeout of 5s...
05-12-2024 13:59:25 - INFO - Setting Chamber Zones to a= 0.165664, b= 0.041416, c= 0.165664, d= 0.041416 request successfully sent.
05-12-2024 13:59:25 - INFO - Response from moonraker: {'result': 'ok'}
05-12-2024 13:59:25 - INFO - Setting Chamber Zones to a= 0.165664, b= 0.041416, c= 0.165664, d= 0.041416 Request successfully executed.
05-12-2024 13:59:25 - INFO - Sending request to Setting Chamber Zones to a= 0.16590400000000002, b= 0.041476000000000006, c= 0.16590400000000002, d= 0.041476000000000006 with timeout of 5s...
05-12-2024 13:59:25 - INFO - Setting Chamber Zones to a= 0.16590400000000002, b= 0.041476000000000006, c= 0.16590400000000002, d= 0.041476000000000006 request successfully sent.
05-12-2024 13:59:25 - INFO - Response from moonraker: {'result': 'ok'}
05-12-2024 13:59:25 - INFO - Setting Chamber Zones to a= 0.16590400000000002, b= 0.041476000000000006, c= 0.16590400000000002, d= 0.041476000000000006 Request successfully executed.
05-12-2024 13:59:25 - INFO - Sending request to Setting Chamber Zones to a= 0.16108599999999992, b= 0.04027149999999998, c= 0.16108599999999992, d= 0.04027149999999998 with timeout of 5s...
05-12-2024 13:59:26 - INFO - Setting Chamber Zones to a= 0.16108599999999992, b= 0.04027149999999998, c= 0.16108599999999992, d= 0.04027149999999998 request successfully sent.
05-12-2024 13:59:26 - INFO - Response from moonraker: {'result': 'ok'}
05-12-2024 13:59:26 - INFO - Setting Chamber Zones to a= 0.16108599999999992, b= 0.04027149999999998, c= 0.16108599999999992, d= 0.04027149999999998 Request successfully executed.
05-12-2024 13:59:26 - INFO - Sending request to Setting Chamber Zones to a= 0.16136799999999993, b= 0.04034199999999998, c= 0.16136799999999993, d= 0.04034199999999998 with timeout of 5s...
05-12-2024 13:59:26 - INFO - Setting Chamber Zones to a= 0.16136799999999993, b= 0.04034199999999998, c= 0.16136799999999993, d= 0.04034199999999998 request successfully sent.
05-12-2024 13:59:26 - INFO - Response from moonraker: {'result': 'ok'}
05-12-2024 13:59:26 - INFO - Setting Chamber Zones to a= 0.16136799999999993, b= 0.04034199999999998, c= 0.16136799999999993, d= 0.04034199999999998 Request successfully executed.
05-12-2024 13:59:26 - INFO - Sending request to Setting Chamber Zones to a= 0.16159999999999994, b= 0.040399999999999985, c= 0.16159999999999994, d= 0.040399999999999985 with timeout of 5s...
05-12-2024 13:59:26 - INFO - Setting Chamber Zones to a= 0.16159999999999994, b= 0.040399999999999985, c= 0.16159999999999994, d= 0.040399999999999985 request successfully sent.
05-12-2024 13:59:26 - INFO - Response from moonraker: {'result': 'ok'}
05-12-2024 13:59:26 - INFO - Setting Chamber Zones to a= 0.16159999999999994, b= 0.040399999999999985, c= 0.16159999999999994, d= 0.040399999999999985 Request successfully executed.
05-12-2024 13:59:26 - INFO - Sending request to Setting Chamber Zones to a= 0.16183199999999992, b= 0.04045799999999998, c= 0.16183199999999992, d= 0.04045799999999998 with timeout of 5s...
05-12-2024 13:59:26 - INFO - Setting Chamber Zones to a= 0.16183199999999992, b= 0.04045799999999998, c= 0.16183199999999992, d= 0.04045799999999998 request successfully sent.
05-12-2024 13:59:26 - INFO - Response from moonraker: {'result': 'ok'}
05-12-2024 13:59:26 - INFO - Setting Chamber Zones to a= 0.16183199999999992, b= 0.04045799999999998, c= 0.16183199999999992, d= 0.04045799999999998 Request successfully executed.
05-12-2024 13:59:26 - INFO - Sending request to Setting Chamber Zones to a= 0.15700599999999987, b= 0.03925149999999997, c= 0.15700599999999987, d= 0.03925149999999997 with timeout of 5s...
05-12-2024 13:59:26 - INFO - Setting Chamber Zones to a= 0.15700599999999987, b= 0.03925149999999997, c= 0.15700599999999987, d= 0.03925149999999997 request successfully sent.
05-12-2024 13:59:26 - INFO - Response from moonraker: {'result': 'ok'}
05-12-2024 13:59:26 - INFO - Setting Chamber Zones to a= 0.15700599999999987, b= 0.03925149999999997, c= 0.15700599999999987, d= 0.03925149999999997 Request successfully executed.
05-12-2024 13:59:26 - INFO - Sending request to Setting Chamber Zones to a= 0.1471640000000001, b= 0.036791000000000025, c= 0.1471640000000001, d= 0.036791000000000025 with timeout of 5s...
05-12-2024 13:59:27 - INFO - Setting Chamber Zones to a= 0.1471640000000001, b= 0.036791000000000025, c= 0.1471640000000001, d= 0.036791000000000025 request successfully sent.
05-12-2024 13:59:27 - INFO - Response from moonraker: {'result': 'ok'}
05-12-2024 13:59:27 - INFO - Setting Chamber Zones to a= 0.1471640000000001, b= 0.036791000000000025, c= 0.1471640000000001, d= 0.036791000000000025 Request successfully executed.
05-12-2024 13:59:27 - INFO - Sending request to Setting Chamber Zones to a= 0.14747200000000008, b= 0.03686800000000002, c= 0.14747200000000008, d= 0.03686800000000002 with timeout of 5s...
05-12-2024 13:59:27 - INFO - Setting Chamber Zones to a= 0.14747200000000008, b= 0.03686800000000002, c= 0.14747200000000008, d= 0.03686800000000002 request successfully sent.
05-12-2024 13:59:27 - INFO - Response from moonraker: {'result': 'ok'}
05-12-2024 13:59:27 - INFO - Setting Chamber Zones to a= 0.14747200000000008, b= 0.03686800000000002, c= 0.14747200000000008, d= 0.03686800000000002 Request successfully executed.
05-12-2024 13:59:27 - INFO - Sending request to Setting Chamber Zones to a= 0.142622, b= 0.0356555, c= 0.142622, d= 0.0356555 with timeout of 5s...
05-12-2024 13:59:27 - INFO - Setting Chamber Zones to a= 0.142622, b= 0.0356555, c= 0.142622, d= 0.0356555 request successfully sent.
05-12-2024 13:59:27 - INFO - Response from moonraker: {'result': 'ok'}
05-12-2024 13:59:27 - INFO - Setting Chamber Zones to a= 0.142622, b= 0.0356555, c= 0.142622, d= 0.0356555 Request successfully executed.
05-12-2024 13:59:27 - INFO - Sending request to Setting Chamber Zones to a= 0.142872, b= 0.035718, c= 0.142872, d= 0.035718 with timeout of 5s...
05-12-2024 13:59:27 - INFO - Setting Chamber Zones to a= 0.142872, b= 0.035718, c= 0.142872, d= 0.035718 request successfully sent.
05-12-2024 13:59:27 - INFO - Response from moonraker: {'result': 'ok'}
05-12-2024 13:59:27 - INFO - Setting Chamber Zones to a= 0.142872, b= 0.035718, c= 0.142872, d= 0.035718 Request successfully executed.
05-12-2024 13:59:27 - INFO - Sending request to Setting Chamber Zones to a= 0.143072, b= 0.035768, c= 0.143072, d= 0.035768 with timeout of 5s...
05-12-2024 13:59:27 - INFO - Setting Chamber Zones to a= 0.143072, b= 0.035768, c= 0.143072, d= 0.035768 request successfully sent.
05-12-2024 13:59:27 - INFO - Response from moonraker: {'result': 'ok'}
05-12-2024 13:59:27 - INFO - Setting Chamber Zones to a= 0.143072, b= 0.035768, c= 0.143072, d= 0.035768 Request successfully executed.
05-12-2024 13:59:28 - INFO - Sending request to Setting Chamber Zones to a= 0.143272, b= 0.035818, c= 0.143272, d= 0.035818 with timeout of 5s...
05-12-2024 13:59:28 - INFO - Setting Chamber Zones to a= 0.143272, b= 0.035818, c= 0.143272, d= 0.035818 request successfully sent.
05-12-2024 13:59:28 - INFO - Response from moonraker: {'result': 'ok'}
05-12-2024 13:59:28 - INFO - Setting Chamber Zones to a= 0.143272, b= 0.035818, c= 0.143272, d= 0.035818 Request successfully executed.
05-12-2024 13:59:28 - INFO - Sending request to Setting Chamber Zones to a= 0.143472, b= 0.035868, c= 0.143472, d= 0.035868 with timeout of 5s...
05-12-2024 13:59:28 - INFO - Setting Chamber Zones to a= 0.143472, b= 0.035868, c= 0.143472, d= 0.035868 request successfully sent.
05-12-2024 13:59:28 - INFO - Response from moonraker: {'result': 'ok'}
05-12-2024 13:59:28 - INFO - Setting Chamber Zones to a= 0.143472, b= 0.035868, c= 0.143472, d= 0.035868 Request successfully executed.
05-12-2024 13:59:28 - INFO - Sending request to Setting Chamber Zones to a= 0.14873000000000008, b= 0.03718250000000002, c= 0.14873000000000008, d= 0.03718250000000002 with timeout of 5s...
05-12-2024 13:59:28 - INFO - Setting Chamber Zones to a= 0.14873000000000008, b= 0.03718250000000002, c= 0.14873000000000008, d= 0.03718250000000002 request successfully sent.
05-12-2024 13:59:28 - INFO - Response from moonraker: {'result': 'ok'}
05-12-2024 13:59:28 - INFO - Setting Chamber Zones to a= 0.14873000000000008, b= 0.03718250000000002, c= 0.14873000000000008, d= 0.03718250000000002 Request successfully executed.
05-12-2024 13:59:28 - INFO - Sending request to Setting Chamber Zones to a= 0.14888800000000008, b= 0.03722200000000002, c= 0.14888800000000008, d= 0.03722200000000002 with timeout of 5s...
05-12-2024 13:59:28 - INFO - Setting Chamber Zones to a= 0.14888800000000008, b= 0.03722200000000002, c= 0.14888800000000008, d= 0.03722200000000002 request successfully sent.
05-12-2024 13:59:28 - INFO - Response from moonraker: {'result': 'ok'}
05-12-2024 13:59:28 - INFO - Setting Chamber Zones to a= 0.14888800000000008, b= 0.03722200000000002, c= 0.14888800000000008, d= 0.03722200000000002 Request successfully executed.
05-12-2024 13:59:28 - INFO - Sending request to Setting Chamber Zones to a= 0.1490960000000001, b= 0.03727400000000002, c= 0.1490960000000001, d= 0.03727400000000002 with timeout of 5s...
05-12-2024 13:59:28 - INFO - Setting Chamber Zones to a= 0.1490960000000001, b= 0.03727400000000002, c= 0.1490960000000001, d= 0.03727400000000002 request successfully sent.
05-12-2024 13:59:28 - INFO - Response from moonraker: {'result': 'ok'}
05-12-2024 13:59:28 - INFO - Setting Chamber Zones to a= 0.1490960000000001, b= 0.03727400000000002, c= 0.1490960000000001, d= 0.03727400000000002 Request successfully executed.
05-12-2024 13:59:29 - INFO - Sending request to Setting Chamber Zones to a= 0.14930400000000008, b= 0.03732600000000002, c= 0.14930400000000008, d= 0.03732600000000002 with timeout of 5s...
05-12-2024 13:59:29 - INFO - Setting Chamber Zones to a= 0.14930400000000008, b= 0.03732600000000002, c= 0.14930400000000008, d= 0.03732600000000002 request successfully sent.
05-12-2024 13:59:29 - INFO - Response from moonraker: {'result': 'ok'}
05-12-2024 13:59:29 - INFO - Setting Chamber Zones to a= 0.14930400000000008, b= 0.03732600000000002, c= 0.14930400000000008, d= 0.03732600000000002 Request successfully executed.
05-12-2024 13:59:29 - INFO - Sending request to Setting Chamber Zones to a= 0.1495120000000001, b= 0.03737800000000002, c= 0.1495120000000001, d= 0.03737800000000002 with timeout of 5s...
05-12-2024 13:59:29 - INFO - Setting Chamber Zones to a= 0.1495120000000001, b= 0.03737800000000002, c= 0.1495120000000001, d= 0.03737800000000002 request successfully sent.
05-12-2024 13:59:29 - INFO - Response from moonraker: {'result': 'ok'}
05-12-2024 13:59:29 - INFO - Setting Chamber Zones to a= 0.1495120000000001, b= 0.03737800000000002, c= 0.1495120000000001, d= 0.03737800000000002 Request successfully executed.
05-12-2024 13:59:29 - INFO - Sending request to Setting Chamber Zones to a= 0.144662, b= 0.0361655, c= 0.144662, d= 0.0361655 with timeout of 5s...
05-12-2024 13:59:29 - INFO - Setting Chamber Zones to a= 0.144662, b= 0.0361655, c= 0.144662, d= 0.0361655 request successfully sent.
05-12-2024 13:59:29 - INFO - Response from moonraker: {'result': 'ok'}
05-12-2024 13:59:29 - INFO - Setting Chamber Zones to a= 0.144662, b= 0.0361655, c= 0.144662, d= 0.0361655 Request successfully executed.
05-12-2024 13:59:29 - INFO - Sending request to Setting Chamber Zones to a= 0.14491199999999999, b= 0.036227999999999996, c= 0.14491199999999999, d= 0.036227999999999996 with timeout of 5s...
05-12-2024 13:59:29 - INFO - Setting Chamber Zones to a= 0.14491199999999999, b= 0.036227999999999996, c= 0.14491199999999999, d= 0.036227999999999996 request successfully sent.
05-12-2024 13:59:29 - INFO - Response from moonraker: {'result': 'ok'}
05-12-2024 13:59:29 - INFO - Setting Chamber Zones to a= 0.14491199999999999, b= 0.036227999999999996, c= 0.14491199999999999, d= 0.036227999999999996 Request successfully executed.
05-12-2024 13:59:29 - INFO - Sending request to Setting Chamber Zones to a= 0.15017000000000008, b= 0.03754250000000002, c= 0.15017000000000008, d= 0.03754250000000002 with timeout of 5s...
05-12-2024 13:59:29 - INFO - Setting Chamber Zones to a= 0.15017000000000008, b= 0.03754250000000002, c= 0.15017000000000008, d= 0.03754250000000002 request successfully sent.
05-12-2024 13:59:29 - INFO - Response from moonraker: {'result': 'ok'}
05-12-2024 13:59:29 - INFO - Setting Chamber Zones to a= 0.15017000000000008, b= 0.03754250000000002, c= 0.15017000000000008, d= 0.03754250000000002 Request successfully executed.
05-12-2024 13:59:30 - INFO - Sending request to Setting Chamber Zones to a= 0.15032800000000007, b= 0.03758200000000002, c= 0.15032800000000007, d= 0.03758200000000002 with timeout of 5s...
05-12-2024 13:59:30 - INFO - Setting Chamber Zones to a= 0.15032800000000007, b= 0.03758200000000002, c= 0.15032800000000007, d= 0.03758200000000002 request successfully sent.
05-12-2024 13:59:30 - INFO - Response from moonraker: {'result': 'ok'}
05-12-2024 13:59:30 - INFO - Setting Chamber Zones to a= 0.15032800000000007, b= 0.03758200000000002, c= 0.15032800000000007, d= 0.03758200000000002 Request successfully executed.
05-12-2024 13:59:30 - INFO - Sending request to Setting Chamber Zones to a= 0.1505360000000001, b= 0.03763400000000002, c= 0.1505360000000001, d= 0.03763400000000002 with timeout of 5s...
05-12-2024 13:59:30 - INFO - Setting Chamber Zones to a= 0.1505360000000001, b= 0.03763400000000002, c= 0.1505360000000001, d= 0.03763400000000002 request successfully sent.
05-12-2024 13:59:30 - INFO - Response from moonraker: {'result': 'ok'}
05-12-2024 13:59:30 - INFO - Setting Chamber Zones to a= 0.1505360000000001, b= 0.03763400000000002, c= 0.1505360000000001, d= 0.03763400000000002 Request successfully executed.
05-12-2024 13:59:30 - INFO - Sending request to Setting Chamber Zones to a= 0.15074400000000007, b= 0.03768600000000002, c= 0.15074400000000007, d= 0.03768600000000002 with timeout of 5s...
05-12-2024 13:59:30 - INFO - Setting Chamber Zones to a= 0.15074400000000007, b= 0.03768600000000002, c= 0.15074400000000007, d= 0.03768600000000002 request successfully sent.
05-12-2024 13:59:30 - INFO - Response from moonraker: {'result': 'ok'}
05-12-2024 13:59:30 - INFO - Setting Chamber Zones to a= 0.15074400000000007, b= 0.03768600000000002, c= 0.15074400000000007, d= 0.03768600000000002 Request successfully executed.
05-12-2024 13:59:30 - INFO - Sending request to Setting Chamber Zones to a= 0.15095200000000009, b= 0.03773800000000002, c= 0.15095200000000009, d= 0.03773800000000002 with timeout of 5s...
05-12-2024 13:59:30 - INFO - Setting Chamber Zones to a= 0.15095200000000009, b= 0.03773800000000002, c= 0.15095200000000009, d= 0.03773800000000002 request successfully sent.
05-12-2024 13:59:30 - INFO - Response from moonraker: {'result': 'ok'}
05-12-2024 13:59:30 - INFO - Setting Chamber Zones to a= 0.15095200000000009, b= 0.03773800000000002, c= 0.15095200000000009, d= 0.03773800000000002 Request successfully executed.
05-12-2024 13:59:30 - INFO - Sending request to Setting Chamber Zones to a= 0.146102, b= 0.0365255, c= 0.146102, d= 0.0365255 with timeout of 5s...
05-12-2024 13:59:30 - INFO - Setting Chamber Zones to a= 0.146102, b= 0.0365255, c= 0.146102, d= 0.0365255 request successfully sent.
05-12-2024 13:59:30 - INFO - Response from moonraker: {'result': 'ok'}
05-12-2024 13:59:30 - INFO - Setting Chamber Zones to a= 0.146102, b= 0.0365255, c= 0.146102, d= 0.0365255 Request successfully executed.
05-12-2024 13:59:31 - INFO - Sending request to Setting Chamber Zones to a= 0.14635199999999998, b= 0.036587999999999996, c= 0.14635199999999998, d= 0.036587999999999996 with timeout of 5s...
05-12-2024 13:59:31 - INFO - Setting Chamber Zones to a= 0.14635199999999998, b= 0.036587999999999996, c= 0.14635199999999998, d= 0.036587999999999996 request successfully sent.
05-12-2024 13:59:31 - INFO - Response from moonraker: {'result': 'ok'}
05-12-2024 13:59:31 - INFO - Setting Chamber Zones to a= 0.14635199999999998, b= 0.036587999999999996, c= 0.14635199999999998, d= 0.036587999999999996 Request successfully executed.
05-12-2024 13:59:31 - INFO - Sending request to Setting Chamber Zones to a= 0.146552, b= 0.036638, c= 0.146552, d= 0.036638 with timeout of 5s...
05-12-2024 13:59:31 - INFO - Setting Chamber Zones to a= 0.146552, b= 0.036638, c= 0.146552, d= 0.036638 request successfully sent.
05-12-2024 13:59:31 - INFO - Response from moonraker: {'result': 'ok'}
05-12-2024 13:59:31 - INFO - Setting Chamber Zones to a= 0.146552, b= 0.036638, c= 0.146552, d= 0.036638 Request successfully executed.
05-12-2024 13:59:31 - INFO - Sending request to Setting Chamber Zones to a= 0.146752, b= 0.036688, c= 0.146752, d= 0.036688 with timeout of 5s...
05-12-2024 13:59:31 - INFO - Setting Chamber Zones to a= 0.146752, b= 0.036688, c= 0.146752, d= 0.036688 request successfully sent.
05-12-2024 13:59:31 - INFO - Response from moonraker: {'result': 'ok'}
05-12-2024 13:59:31 - INFO - Setting Chamber Zones to a= 0.146752, b= 0.036688, c= 0.146752, d= 0.036688 Request successfully executed.
05-12-2024 13:59:31 - INFO - Sending request to Setting Chamber Zones to a= 0.14189399999999994, b= 0.035473499999999984, c= 0.14189399999999994, d= 0.035473499999999984 with timeout of 5s...
05-12-2024 13:59:31 - INFO - Setting Chamber Zones to a= 0.14189399999999994, b= 0.035473499999999984, c= 0.14189399999999994, d= 0.035473499999999984 request successfully sent.
05-12-2024 13:59:31 - INFO - Response from moonraker: {'result': 'ok'}
05-12-2024 13:59:31 - INFO - Setting Chamber Zones to a= 0.14189399999999994, b= 0.035473499999999984, c= 0.14189399999999994, d= 0.035473499999999984 Request successfully executed.
05-12-2024 13:59:31 - INFO - Sending request to Setting Chamber Zones to a= 0.147194, b= 0.0367985, c= 0.147194, d= 0.0367985 with timeout of 5s...
05-12-2024 13:59:31 - INFO - Setting Chamber Zones to a= 0.147194, b= 0.0367985, c= 0.147194, d= 0.0367985 request successfully sent.
05-12-2024 13:59:31 - INFO - Response from moonraker: {'result': 'ok'}
05-12-2024 13:59:31 - INFO - Setting Chamber Zones to a= 0.147194, b= 0.0367985, c= 0.147194, d= 0.0367985 Request successfully executed.
05-12-2024 13:59:32 - INFO - Sending request to Setting Chamber Zones to a= 0.147344, b= 0.036836, c= 0.147344, d= 0.036836 with timeout of 5s...
05-12-2024 13:59:32 - INFO - Setting Chamber Zones to a= 0.147344, b= 0.036836, c= 0.147344, d= 0.036836 request successfully sent.
05-12-2024 13:59:32 - INFO - Response from moonraker: {'result': 'ok'}
05-12-2024 13:59:32 - INFO - Setting Chamber Zones to a= 0.147344, b= 0.036836, c= 0.147344, d= 0.036836 Request successfully executed.
05-12-2024 13:59:32 - INFO - Sending request to Setting Chamber Zones to a= 0.147544, b= 0.036886, c= 0.147544, d= 0.036886 with timeout of 5s...
05-12-2024 13:59:32 - INFO - Setting Chamber Zones to a= 0.147544, b= 0.036886, c= 0.147544, d= 0.036886 request successfully sent.
05-12-2024 13:59:32 - INFO - Response from moonraker: {'result': 'ok'}
05-12-2024 13:59:32 - INFO - Setting Chamber Zones to a= 0.147544, b= 0.036886, c= 0.147544, d= 0.036886 Request successfully executed.
05-12-2024 13:59:32 - INFO - Sending request to Setting Chamber Zones to a= 0.147744, b= 0.036936, c= 0.147744, d= 0.036936 with timeout of 5s...
05-12-2024 13:59:32 - INFO - Setting Chamber Zones to a= 0.147744, b= 0.036936, c= 0.147744, d= 0.036936 request successfully sent.
05-12-2024 13:59:32 - INFO - Response from moonraker: {'result': 'ok'}
05-12-2024 13:59:32 - INFO - Setting Chamber Zones to a= 0.147744, b= 0.036936, c= 0.147744, d= 0.036936 Request successfully executed.
05-12-2024 13:59:32 - INFO - Sending request to Setting Chamber Zones to a= 0.147944, b= 0.036986, c= 0.147944, d= 0.036986 with timeout of 5s...
05-12-2024 13:59:32 - INFO - Setting Chamber Zones to a= 0.147944, b= 0.036986, c= 0.147944, d= 0.036986 request successfully sent.
05-12-2024 13:59:32 - INFO - Response from moonraker: {'result': 'ok'}
05-12-2024 13:59:32 - INFO - Setting Chamber Zones to a= 0.147944, b= 0.036986, c= 0.147944, d= 0.036986 Request successfully executed.
05-12-2024 13:59:32 - INFO - Sending request to Setting Chamber Zones to a= 0.148144, b= 0.037036, c= 0.148144, d= 0.037036 with timeout of 5s...
05-12-2024 13:59:32 - INFO - Setting Chamber Zones to a= 0.148144, b= 0.037036, c= 0.148144, d= 0.037036 request successfully sent.
05-12-2024 13:59:32 - INFO - Response from moonraker: {'result': 'ok'}
05-12-2024 13:59:32 - INFO - Setting Chamber Zones to a= 0.148144, b= 0.037036, c= 0.148144, d= 0.037036 Request successfully executed.
05-12-2024 13:59:33 - INFO - Sending request to Setting Chamber Zones to a= 0.13822799999999988, b= 0.03455699999999997, c= 0.13822799999999988, d= 0.03455699999999997 with timeout of 5s...
05-12-2024 13:59:33 - INFO - Setting Chamber Zones to a= 0.13822799999999988, b= 0.03455699999999997, c= 0.13822799999999988, d= 0.03455699999999997 request successfully sent.
05-12-2024 13:59:33 - INFO - Response from moonraker: {'result': 'ok'}
05-12-2024 13:59:33 - INFO - Setting Chamber Zones to a= 0.13822799999999988, b= 0.03455699999999997, c= 0.13822799999999988, d= 0.03455699999999997 Request successfully executed.
05-12-2024 13:59:33 - INFO - Sending request to Setting Chamber Zones to a= 0.13851199999999986, b= 0.034627999999999964, c= 0.13851199999999986, d= 0.034627999999999964 with timeout of 5s...
05-12-2024 13:59:33 - INFO - Setting Chamber Zones to a= 0.13851199999999986, b= 0.034627999999999964, c= 0.13851199999999986, d= 0.034627999999999964 request successfully sent.
05-12-2024 13:59:33 - INFO - Response from moonraker: {'result': 'ok'}
05-12-2024 13:59:33 - INFO - Setting Chamber Zones to a= 0.13851199999999986, b= 0.034627999999999964, c= 0.13851199999999986, d= 0.034627999999999964 Request successfully executed.
05-12-2024 13:59:33 - INFO - Sending request to Setting Chamber Zones to a= 0.13869599999999987, b= 0.03467399999999997, c= 0.13869599999999987, d= 0.03467399999999997 with timeout of 5s...
05-12-2024 13:59:33 - INFO - Setting Chamber Zones to a= 0.13869599999999987, b= 0.03467399999999997, c= 0.13869599999999987, d= 0.03467399999999997 request successfully sent.
05-12-2024 13:59:33 - INFO - Response from moonraker: {'result': 'ok'}
05-12-2024 13:59:33 - INFO - Setting Chamber Zones to a= 0.13869599999999987, b= 0.03467399999999997, c= 0.13869599999999987, d= 0.03467399999999997 Request successfully executed.
05-12-2024 13:59:33 - INFO - Sending request to Setting Chamber Zones to a= 0.13887999999999986, b= 0.034719999999999966, c= 0.13887999999999986, d= 0.034719999999999966 with timeout of 5s...
05-12-2024 13:59:33 - INFO - Setting Chamber Zones to a= 0.13887999999999986, b= 0.034719999999999966, c= 0.13887999999999986, d= 0.034719999999999966 request successfully sent.
05-12-2024 13:59:33 - INFO - Response from moonraker: {'result': 'ok'}
05-12-2024 13:59:33 - INFO - Setting Chamber Zones to a= 0.13887999999999986, b= 0.034719999999999966, c= 0.13887999999999986, d= 0.034719999999999966 Request successfully executed.
05-12-2024 13:59:33 - INFO - Sending request to Setting Chamber Zones to a= 0.13906399999999985, b= 0.034765999999999964, c= 0.13906399999999985, d= 0.034765999999999964 with timeout of 5s...
05-12-2024 13:59:33 - INFO - Setting Chamber Zones to a= 0.13906399999999985, b= 0.034765999999999964, c= 0.13906399999999985, d= 0.034765999999999964 request successfully sent.
05-12-2024 13:59:33 - INFO - Response from moonraker: {'result': 'ok'}
05-12-2024 13:59:33 - INFO - Setting Chamber Zones to a= 0.13906399999999985, b= 0.034765999999999964, c= 0.13906399999999985, d= 0.034765999999999964 Request successfully executed.
05-12-2024 13:59:34 - INFO - Sending request to Setting Chamber Zones to a= 0.13924799999999987, b= 0.03481199999999997, c= 0.13924799999999987, d= 0.03481199999999997 with timeout of 5s...
05-12-2024 13:59:34 - INFO - Setting Chamber Zones to a= 0.13924799999999987, b= 0.03481199999999997, c= 0.13924799999999987, d= 0.03481199999999997 request successfully sent.
05-12-2024 13:59:34 - INFO - Response from moonraker: {'result': 'ok'}
05-12-2024 13:59:34 - INFO - Setting Chamber Zones to a= 0.13924799999999987, b= 0.03481199999999997, c= 0.13924799999999987, d= 0.03481199999999997 Request successfully executed.
05-12-2024 13:59:34 - INFO - Sending request to Setting Chamber Zones to a= 0.13943199999999986, b= 0.034857999999999965, c= 0.13943199999999986, d= 0.034857999999999965 with timeout of 5s...
05-12-2024 13:59:34 - INFO - Setting Chamber Zones to a= 0.13943199999999986, b= 0.034857999999999965, c= 0.13943199999999986, d= 0.034857999999999965 request successfully sent.
05-12-2024 13:59:34 - INFO - Response from moonraker: {'result': 'ok'}
05-12-2024 13:59:34 - INFO - Setting Chamber Zones to a= 0.13943199999999986, b= 0.034857999999999965, c= 0.13943199999999986, d= 0.034857999999999965 Request successfully executed.
05-12-2024 13:59:34 - INFO - Sending request to Setting Chamber Zones to a= 0.13455800000000015, b= 0.03363950000000004, c= 0.13455800000000015, d= 0.03363950000000004 with timeout of 5s...
05-12-2024 13:59:34 - INFO - Setting Chamber Zones to a= 0.13455800000000015, b= 0.03363950000000004, c= 0.13455800000000015, d= 0.03363950000000004 request successfully sent.
05-12-2024 13:59:34 - INFO - Response from moonraker: {'result': 'ok'}
05-12-2024 13:59:34 - INFO - Setting Chamber Zones to a= 0.13455800000000015, b= 0.03363950000000004, c= 0.13455800000000015, d= 0.03363950000000004 Request successfully executed.
05-12-2024 13:59:34 - INFO - Sending request to Setting Chamber Zones to a= 0.13478400000000015, b= 0.03369600000000004, c= 0.13478400000000015, d= 0.03369600000000004 with timeout of 5s...
05-12-2024 13:59:34 - INFO - Setting Chamber Zones to a= 0.13478400000000015, b= 0.03369600000000004, c= 0.13478400000000015, d= 0.03369600000000004 request successfully sent.
05-12-2024 13:59:34 - INFO - Response from moonraker: {'result': 'ok'}
05-12-2024 13:59:34 - INFO - Setting Chamber Zones to a= 0.13478400000000015, b= 0.03369600000000004, c= 0.13478400000000015, d= 0.03369600000000004 Request successfully executed.
05-12-2024 13:59:34 - INFO - Sending request to Setting Chamber Zones to a= 0.13496000000000014, b= 0.033740000000000034, c= 0.13496000000000014, d= 0.033740000000000034 with timeout of 5s...
05-12-2024 13:59:34 - INFO - Setting Chamber Zones to a= 0.13496000000000014, b= 0.033740000000000034, c= 0.13496000000000014, d= 0.033740000000000034 request successfully sent.
05-12-2024 13:59:34 - INFO - Response from moonraker: {'result': 'ok'}
05-12-2024 13:59:34 - INFO - Setting Chamber Zones to a= 0.13496000000000014, b= 0.033740000000000034, c= 0.13496000000000014, d= 0.033740000000000034 Request successfully executed.
05-12-2024 13:59:35 - INFO - Sending request to Setting Chamber Zones to a= 0.13007800000000008, b= 0.03251950000000002, c= 0.13007800000000008, d= 0.03251950000000002 with timeout of 5s...
05-12-2024 13:59:35 - INFO - Setting Chamber Zones to a= 0.13007800000000008, b= 0.03251950000000002, c= 0.13007800000000008, d= 0.03251950000000002 request successfully sent.
05-12-2024 13:59:35 - INFO - Response from moonraker: {'result': 'ok'}
05-12-2024 13:59:35 - INFO - Setting Chamber Zones to a= 0.13007800000000008, b= 0.03251950000000002, c= 0.13007800000000008, d= 0.03251950000000002 Request successfully executed.
05-12-2024 13:59:35 - INFO - Sending request to Setting Chamber Zones to a= 0.13029600000000008, b= 0.03257400000000002, c= 0.13029600000000008, d= 0.03257400000000002 with timeout of 5s...
05-12-2024 13:59:35 - INFO - Setting Chamber Zones to a= 0.13029600000000008, b= 0.03257400000000002, c= 0.13029600000000008, d= 0.03257400000000002 request successfully sent.
05-12-2024 13:59:35 - INFO - Response from moonraker: {'result': 'ok'}
05-12-2024 13:59:35 - INFO - Setting Chamber Zones to a= 0.13029600000000008, b= 0.03257400000000002, c= 0.13029600000000008, d= 0.03257400000000002 Request successfully executed.
05-12-2024 13:59:35 - INFO - Sending request to Setting Chamber Zones to a= 0.12540600000000002, b= 0.031351500000000004, c= 0.12540600000000002, d= 0.031351500000000004 with timeout of 5s...
05-12-2024 13:59:35 - INFO - Setting Chamber Zones to a= 0.12540600000000002, b= 0.031351500000000004, c= 0.12540600000000002, d= 0.031351500000000004 request successfully sent.
05-12-2024 13:59:35 - INFO - Response from moonraker: {'result': 'ok'}
05-12-2024 13:59:35 - INFO - Setting Chamber Zones to a= 0.12540600000000002, b= 0.031351500000000004, c= 0.12540600000000002, d= 0.031351500000000004 Request successfully executed.
05-12-2024 13:59:35 - INFO - Sending request to Setting Chamber Zones to a= 0.125616, b= 0.031404, c= 0.125616, d= 0.031404 with timeout of 5s...
05-12-2024 13:59:35 - INFO - Setting Chamber Zones to a= 0.125616, b= 0.031404, c= 0.125616, d= 0.031404 request successfully sent.
05-12-2024 13:59:35 - INFO - Response from moonraker: {'result': 'ok'}
05-12-2024 13:59:35 - INFO - Setting Chamber Zones to a= 0.125616, b= 0.031404, c= 0.125616, d= 0.031404 Request successfully executed.
05-12-2024 13:59:35 - INFO - Sending request to Setting Chamber Zones to a= 0.125776, b= 0.031444, c= 0.125776, d= 0.031444 with timeout of 5s...
05-12-2024 13:59:35 - INFO - Setting Chamber Zones to a= 0.125776, b= 0.031444, c= 0.125776, d= 0.031444 request successfully sent.
05-12-2024 13:59:35 - INFO - Response from moonraker: {'result': 'ok'}
05-12-2024 13:59:35 - INFO - Setting Chamber Zones to a= 0.125776, b= 0.031444, c= 0.125776, d= 0.031444 Request successfully executed.
05-12-2024 13:59:36 - INFO - Sending request to Setting Chamber Zones to a= 0.125936, b= 0.031484, c= 0.125936, d= 0.031484 with timeout of 5s...
05-12-2024 13:59:36 - INFO - Setting Chamber Zones to a= 0.125936, b= 0.031484, c= 0.125936, d= 0.031484 request successfully sent.
05-12-2024 13:59:36 - INFO - Response from moonraker: {'result': 'ok'}
05-12-2024 13:59:36 - INFO - Setting Chamber Zones to a= 0.125936, b= 0.031484, c= 0.125936, d= 0.031484 Request successfully executed.
05-12-2024 13:59:36 - INFO - Sending request to Setting Chamber Zones to a= 0.12103799999999994, b= 0.030259499999999984, c= 0.12103799999999994, d= 0.030259499999999984 with timeout of 5s...
05-12-2024 13:59:36 - INFO - Setting Chamber Zones to a= 0.12103799999999994, b= 0.030259499999999984, c= 0.12103799999999994, d= 0.030259499999999984 request successfully sent.
05-12-2024 13:59:36 - INFO - Response from moonraker: {'result': 'ok'}
05-12-2024 13:59:36 - INFO - Setting Chamber Zones to a= 0.12103799999999994, b= 0.030259499999999984, c= 0.12103799999999994, d= 0.030259499999999984 Request successfully executed.
05-12-2024 13:59:36 - INFO - Sending request to Setting Chamber Zones to a= 0.12123999999999993, b= 0.030309999999999983, c= 0.12123999999999993, d= 0.030309999999999983 with timeout of 5s...
05-12-2024 13:59:36 - INFO - Setting Chamber Zones to a= 0.12123999999999993, b= 0.030309999999999983, c= 0.12123999999999993, d= 0.030309999999999983 request successfully sent.
05-12-2024 13:59:36 - INFO - Response from moonraker: {'result': 'ok'}
05-12-2024 13:59:36 - INFO - Setting Chamber Zones to a= 0.12123999999999993, b= 0.030309999999999983, c= 0.12123999999999993, d= 0.030309999999999983 Request successfully executed.
05-12-2024 13:59:36 - INFO - Sending request to Setting Chamber Zones to a= 0.11633399999999985, b= 0.029083499999999964, c= 0.11633399999999985, d= 0.029083499999999964 with timeout of 5s...
05-12-2024 13:59:36 - INFO - Setting Chamber Zones to a= 0.11633399999999985, b= 0.029083499999999964, c= 0.11633399999999985, d= 0.029083499999999964 request successfully sent.
05-12-2024 13:59:36 - INFO - Response from moonraker: {'result': 'ok'}
05-12-2024 13:59:36 - INFO - Setting Chamber Zones to a= 0.11633399999999985, b= 0.029083499999999964, c= 0.11633399999999985, d= 0.029083499999999964 Request successfully executed.
05-12-2024 13:59:36 - INFO - Sending request to Setting Chamber Zones to a= 0.11652799999999985, b= 0.029131999999999963, c= 0.11652799999999985, d= 0.029131999999999963 with timeout of 5s...
05-12-2024 13:59:36 - INFO - Setting Chamber Zones to a= 0.11652799999999985, b= 0.029131999999999963, c= 0.11652799999999985, d= 0.029131999999999963 request successfully sent.
05-12-2024 13:59:36 - INFO - Response from moonraker: {'result': 'ok'}
05-12-2024 13:59:36 - INFO - Setting Chamber Zones to a= 0.11652799999999985, b= 0.029131999999999963, c= 0.11652799999999985, d= 0.029131999999999963 Request successfully executed.
05-12-2024 13:59:37 - INFO - Sending request to Setting Chamber Zones to a= 0.11667199999999985, b= 0.02916799999999996, c= 0.11667199999999985, d= 0.02916799999999996 with timeout of 5s...
05-12-2024 13:59:37 - INFO - Setting Chamber Zones to a= 0.11667199999999985, b= 0.02916799999999996, c= 0.11667199999999985, d= 0.02916799999999996 request successfully sent.
05-12-2024 13:59:37 - INFO - Response from moonraker: {'result': 'ok'}
05-12-2024 13:59:37 - INFO - Setting Chamber Zones to a= 0.11667199999999985, b= 0.02916799999999996, c= 0.11667199999999985, d= 0.02916799999999996 Request successfully executed.
05-12-2024 13:59:37 - INFO - Sending request to Setting Chamber Zones to a= 0.11681599999999986, b= 0.029203999999999966, c= 0.11681599999999986, d= 0.029203999999999966 with timeout of 5s...
05-12-2024 13:59:37 - INFO - Setting Chamber Zones to a= 0.11681599999999986, b= 0.029203999999999966, c= 0.11681599999999986, d= 0.029203999999999966 request successfully sent.
05-12-2024 13:59:37 - INFO - Response from moonraker: {'result': 'ok'}
05-12-2024 13:59:37 - INFO - Setting Chamber Zones to a= 0.11681599999999986, b= 0.029203999999999966, c= 0.11681599999999986, d= 0.029203999999999966 Request successfully executed.
05-12-2024 13:59:37 - INFO - Sending request to Setting Chamber Zones to a= 0.11695999999999986, b= 0.029239999999999964, c= 0.11695999999999986, d= 0.029239999999999964 with timeout of 5s...
05-12-2024 13:59:37 - INFO - Setting Chamber Zones to a= 0.11695999999999986, b= 0.029239999999999964, c= 0.11695999999999986, d= 0.029239999999999964 request successfully sent.
05-12-2024 13:59:37 - INFO - Response from moonraker: {'result': 'ok'}
05-12-2024 13:59:37 - INFO - Setting Chamber Zones to a= 0.11695999999999986, b= 0.029239999999999964, c= 0.11695999999999986, d= 0.029239999999999964 Request successfully executed.
05-12-2024 13:59:37 - INFO - Sending request to Setting Chamber Zones to a= 0.11710399999999986, b= 0.029275999999999965, c= 0.11710399999999986, d= 0.029275999999999965 with timeout of 5s...
05-12-2024 13:59:37 - INFO - Setting Chamber Zones to a= 0.11710399999999986, b= 0.029275999999999965, c= 0.11710399999999986, d= 0.029275999999999965 request successfully sent.
05-12-2024 13:59:37 - INFO - Response from moonraker: {'result': 'ok'}
05-12-2024 13:59:37 - INFO - Setting Chamber Zones to a= 0.11710399999999986, b= 0.029275999999999965, c= 0.11710399999999986, d= 0.029275999999999965 Request successfully executed.
05-12-2024 13:59:37 - INFO - Sending request to Setting Chamber Zones to a= 0.11724799999999985, b= 0.029311999999999963, c= 0.11724799999999985, d= 0.029311999999999963 with timeout of 5s...
05-12-2024 13:59:37 - INFO - Setting Chamber Zones to a= 0.11724799999999985, b= 0.029311999999999963, c= 0.11724799999999985, d= 0.029311999999999963 request successfully sent.
05-12-2024 13:59:37 - INFO - Response from moonraker: {'result': 'ok'}
05-12-2024 13:59:37 - INFO - Setting Chamber Zones to a= 0.11724799999999985, b= 0.029311999999999963, c= 0.11724799999999985, d= 0.029311999999999963 Request successfully executed.
05-12-2024 13:59:38 - INFO - Sending request to Setting Chamber Zones to a= 0.11233400000000016, b= 0.02808350000000004, c= 0.11233400000000016, d= 0.02808350000000004 with timeout of 5s...
05-12-2024 13:59:38 - INFO - Setting Chamber Zones to a= 0.11233400000000016, b= 0.02808350000000004, c= 0.11233400000000016, d= 0.02808350000000004 request successfully sent.
05-12-2024 13:59:38 - INFO - Response from moonraker: {'result': 'ok'}
05-12-2024 13:59:38 - INFO - Setting Chamber Zones to a= 0.11233400000000016, b= 0.02808350000000004, c= 0.11233400000000016, d= 0.02808350000000004 Request successfully executed.
05-12-2024 13:59:38 - INFO - Sending request to Setting Chamber Zones to a= 0.11252000000000015, b= 0.028130000000000037, c= 0.11252000000000015, d= 0.028130000000000037 with timeout of 5s...
05-12-2024 13:59:38 - INFO - Setting Chamber Zones to a= 0.11252000000000015, b= 0.028130000000000037, c= 0.11252000000000015, d= 0.028130000000000037 request successfully sent.
05-12-2024 13:59:38 - INFO - Response from moonraker: {'result': 'ok'}
05-12-2024 13:59:38 - INFO - Setting Chamber Zones to a= 0.11252000000000015, b= 0.028130000000000037, c= 0.11252000000000015, d= 0.028130000000000037 Request successfully executed.
05-12-2024 13:59:38 - INFO - Sending request to Setting Chamber Zones to a= 0.11265600000000014, b= 0.028164000000000036, c= 0.11265600000000014, d= 0.028164000000000036 with timeout of 5s...
05-12-2024 13:59:38 - INFO - Setting Chamber Zones to a= 0.11265600000000014, b= 0.028164000000000036, c= 0.11265600000000014, d= 0.028164000000000036 request successfully sent.
05-12-2024 13:59:38 - INFO - Response from moonraker: {'result': 'ok'}
05-12-2024 13:59:38 - INFO - Setting Chamber Zones to a= 0.11265600000000014, b= 0.028164000000000036, c= 0.11265600000000014, d= 0.028164000000000036 Request successfully executed.
05-12-2024 13:59:38 - INFO - Sending request to Setting Chamber Zones to a= 0.11279200000000014, b= 0.028198000000000036, c= 0.11279200000000014, d= 0.028198000000000036 with timeout of 5s...
05-12-2024 13:59:38 - INFO - Setting Chamber Zones to a= 0.11279200000000014, b= 0.028198000000000036, c= 0.11279200000000014, d= 0.028198000000000036 request successfully sent.
05-12-2024 13:59:38 - INFO - Response from moonraker: {'result': 'ok'}
05-12-2024 13:59:38 - INFO - Setting Chamber Zones to a= 0.11279200000000014, b= 0.028198000000000036, c= 0.11279200000000014, d= 0.028198000000000036 Request successfully executed.
05-12-2024 13:59:38 - INFO - Sending request to Setting Chamber Zones to a= 0.11292800000000014, b= 0.028232000000000035, c= 0.11292800000000014, d= 0.028232000000000035 with timeout of 5s...
05-12-2024 13:59:38 - INFO - Setting Chamber Zones to a= 0.11292800000000014, b= 0.028232000000000035, c= 0.11292800000000014, d= 0.028232000000000035 request successfully sent.
05-12-2024 13:59:38 - INFO - Response from moonraker: {'result': 'ok'}
05-12-2024 13:59:38 - INFO - Setting Chamber Zones to a= 0.11292800000000014, b= 0.028232000000000035, c= 0.11292800000000014, d= 0.028232000000000035 Request successfully executed.
05-12-2024 13:59:39 - INFO - Sending request to Setting Chamber Zones to a= 0.11306400000000014, b= 0.028266000000000034, c= 0.11306400000000014, d= 0.028266000000000034 with timeout of 5s...
05-12-2024 13:59:39 - INFO - Setting Chamber Zones to a= 0.11306400000000014, b= 0.028266000000000034, c= 0.11306400000000014, d= 0.028266000000000034 request successfully sent.
05-12-2024 13:59:39 - INFO - Response from moonraker: {'result': 'ok'}
05-12-2024 13:59:39 - INFO - Setting Chamber Zones to a= 0.11306400000000014, b= 0.028266000000000034, c= 0.11306400000000014, d= 0.028266000000000034 Request successfully executed.
05-12-2024 13:59:39 - INFO - Sending request to Setting Chamber Zones to a= 0.11320000000000015, b= 0.028300000000000037, c= 0.11320000000000015, d= 0.028300000000000037 with timeout of 5s...
05-12-2024 13:59:39 - INFO - Setting Chamber Zones to a= 0.11320000000000015, b= 0.028300000000000037, c= 0.11320000000000015, d= 0.028300000000000037 request successfully sent.
05-12-2024 13:59:39 - INFO - Response from moonraker: {'result': 'ok'}
05-12-2024 13:59:39 - INFO - Setting Chamber Zones to a= 0.11320000000000015, b= 0.028300000000000037, c= 0.11320000000000015, d= 0.028300000000000037 Request successfully executed.
05-12-2024 13:59:39 - INFO - Sending request to Setting Chamber Zones to a= 0.11333600000000014, b= 0.028334000000000036, c= 0.11333600000000014, d= 0.028334000000000036 with timeout of 5s...
05-12-2024 13:59:39 - INFO - Sending request to Setting Chamber Zones to a= 0.11347200000000016, b= 0.02836800000000004, c= 0.11347200000000016, d= 0.02836800000000004 with timeout of 5s...
05-12-2024 13:59:39 - INFO - Sending request to Setting Chamber Zones to a= 0.11360800000000014, b= 0.028402000000000035, c= 0.11360800000000014, d= 0.028402000000000035 with timeout of 5s...
05-12-2024 13:59:40 - INFO - Sending request to Setting Chamber Zones to a= 0.11374400000000014, b= 0.028436000000000034, c= 0.11374400000000014, d= 0.028436000000000034 with timeout of 5s...
05-12-2024 13:59:40 - INFO - Sending request to Setting Chamber Zones to a= 0.11388000000000015, b= 0.028470000000000037, c= 0.11388000000000015, d= 0.028470000000000037 with timeout of 5s...
05-12-2024 13:59:40 - INFO - Sending request to Setting Chamber Zones to a= 0.11401600000000015, b= 0.028504000000000036, c= 0.11401600000000015, d= 0.028504000000000036 with timeout of 5s...
05-12-2024 13:59:40 - INFO - Sending request to Setting Chamber Zones to a= 0.11415200000000014, b= 0.028538000000000036, c= 0.11415200000000014, d= 0.028538000000000036 with timeout of 5s...
05-12-2024 13:59:40 - INFO - Sending request to Setting Chamber Zones to a= 0.11428800000000013, b= 0.02857200000000003, c= 0.11428800000000013, d= 0.02857200000000003 with timeout of 5s...
05-12-2024 13:59:41 - INFO - Sending request to Setting Chamber Zones to a= 0.11442400000000014, b= 0.028606000000000034, c= 0.11442400000000014, d= 0.028606000000000034 with timeout of 5s...
05-12-2024 13:59:41 - INFO - Sending request to Setting Chamber Zones to a= 0.11456000000000013, b= 0.028640000000000033, c= 0.11456000000000013, d= 0.028640000000000033 with timeout of 5s...
05-12-2024 13:59:41 - INFO - Sending request to Setting Chamber Zones to a= 0.11975399999999985, b= 0.02993849999999996, c= 0.11975399999999985, d= 0.02993849999999996 with timeout of 5s...
05-12-2024 13:59:41 - INFO - Sending request to Setting Chamber Zones to a= 0.11984799999999984, b= 0.02996199999999996, c= 0.11984799999999984, d= 0.02996199999999996 with timeout of 5s...
05-12-2024 13:59:41 - INFO - Sending request to Setting Chamber Zones to a= 0.11999199999999983, b= 0.02999799999999996, c= 0.11999199999999983, d= 0.02999799999999996 with timeout of 5s...
05-12-2024 13:59:42 - INFO - Sending request to Setting Chamber Zones to a= 0.12013599999999985, b= 0.030033999999999964, c= 0.12013599999999985, d= 0.030033999999999964 with timeout of 5s...
05-12-2024 13:59:42 - INFO - Sending request to Setting Chamber Zones to a= 0.12027999999999986, b= 0.030069999999999965, c= 0.12027999999999986, d= 0.030069999999999965 with timeout of 5s...
05-12-2024 13:59:42 - INFO - Sending request to Setting Chamber Zones to a= 0.12042399999999985, b= 0.030105999999999963, c= 0.12042399999999985, d= 0.030105999999999963 with timeout of 5s...
05-12-2024 13:59:42 - INFO - Sending request to Setting Chamber Zones to a= 0.12056799999999984, b= 0.03014199999999996, c= 0.12056799999999984, d= 0.03014199999999996 with timeout of 5s...
05-12-2024 13:59:42 - INFO - Sending request to Setting Chamber Zones to a= 0.11565400000000015, b= 0.028913500000000036, c= 0.11565400000000015, d= 0.028913500000000036 with timeout of 5s...
05-12-2024 13:59:43 - INFO - Sending request to Setting Chamber Zones to a= 0.11078200000000007, b= 0.02769550000000002, c= 0.11078200000000007, d= 0.02769550000000002 with timeout of 5s...
05-12-2024 13:59:43 - INFO - Sending request to Setting Chamber Zones to a= 0.10590200000000001, b= 0.026475500000000003, c= 0.10590200000000001, d= 0.026475500000000003 with timeout of 5s...
05-12-2024 13:59:43 - INFO - Sending request to Setting Chamber Zones to a= 0.106072, b= 0.026518, c= 0.106072, d= 0.026518 with timeout of 5s...
05-12-2024 13:59:43 - INFO - Sending request to Setting Chamber Zones to a= 0.10619200000000001, b= 0.026548000000000002, c= 0.10619200000000001, d= 0.026548000000000002 with timeout of 5s...
05-12-2024 13:59:43 - INFO - Sending request to Setting Chamber Zones to a= 0.10125399999999991, b= 0.02531349999999998, c= 0.10125399999999991, d= 0.02531349999999998 with timeout of 5s...
05-12-2024 13:59:44 - INFO - Sending request to Setting Chamber Zones to a= 0.11153200000000005, b= 0.027883000000000012, c= 0.11153200000000005, d= 0.027883000000000012 with timeout of 5s...
05-12-2024 13:59:44 - INFO - Sending request to Setting Chamber Zones to a= 0.11661800000000014, b= 0.029154500000000035, c= 0.11661800000000014, d= 0.029154500000000035 with timeout of 5s...
05-12-2024 13:59:44 - ERROR - E102 : Setting Chamber Zones to a= 0.11661800000000014, b= 0.029154500000000035, c= 0.11661800000000014, d= 0.029154500000000035 Request to Moonraker Timed out 
 Setting Chamber Zones to a= 0.11661800000000014, b= 0.029154500000000035, c= 0.11661800000000014, d= 0.029154500000000035 not successful
 Initiating firmware restart
05-12-2024 13:59:44 - INFO - Sending request to Setting Chamber Zones to a= 0.11670400000000015, b= 0.02917600000000004, c= 0.11670400000000015, d= 0.02917600000000004 with timeout of 5s...
05-12-2024 13:59:44 - INFO - Sending request to Setting Chamber Zones to a= 0.11684000000000014, b= 0.029210000000000035, c= 0.11684000000000014, d= 0.029210000000000035 with timeout of 5s...
05-12-2024 13:59:44 - INFO - Sending request to Setting Chamber Zones to a= 0.12203399999999984, b= 0.03050849999999996, c= 0.12203399999999984, d= 0.03050849999999996 with timeout of 5s...
05-12-2024 13:59:45 - INFO - Sending request to Setting Chamber Zones to a= 0.12212799999999985, b= 0.030531999999999962, c= 0.12212799999999985, d= 0.030531999999999962 with timeout of 5s...
05-12-2024 13:59:45 - INFO - Sending request to Setting Chamber Zones to a= 0.12227199999999985, b= 0.030567999999999963, c= 0.12227199999999985, d= 0.030567999999999963 with timeout of 5s...
05-12-2024 13:59:45 - INFO - Sending request to Setting Chamber Zones to a= 0.12747399999999992, b= 0.03186849999999998, c= 0.12747399999999992, d= 0.03186849999999998 with timeout of 5s...
05-12-2024 13:59:45 - INFO - Sending request to Setting Chamber Zones to a= 0.1275759999999999, b= 0.03189399999999998, c= 0.1275759999999999, d= 0.03189399999999998 with timeout of 5s...
05-12-2024 13:59:45 - INFO - Sending request to Setting Chamber Zones to a= 0.12772799999999992, b= 0.03193199999999998, c= 0.12772799999999992, d= 0.03193199999999998 with timeout of 5s...
05-12-2024 13:59:46 - INFO - Sending request to Setting Chamber Zones to a= 0.12282199999999985, b= 0.030705499999999962, c= 0.12282199999999985, d= 0.030705499999999962 with timeout of 5s...
05-12-2024 13:59:46 - INFO - Sending request to Setting Chamber Zones to a= 0.12301599999999985, b= 0.030753999999999962, c= 0.12301599999999985, d= 0.030753999999999962 with timeout of 5s...
05-12-2024 13:59:46 - INFO - Sending request to Setting Chamber Zones to a= 0.12315999999999985, b= 0.030789999999999963, c= 0.12315999999999985, d= 0.030789999999999963 with timeout of 5s...
05-12-2024 13:59:46 - INFO - Sending request to Setting Chamber Zones to a= 0.12330399999999987, b= 0.030825999999999968, c= 0.12330399999999987, d= 0.030825999999999968 with timeout of 5s...
05-12-2024 13:59:46 - INFO - Sending request to Setting Chamber Zones to a= 0.12344799999999986, b= 0.030861999999999966, c= 0.12344799999999986, d= 0.030861999999999966 with timeout of 5s...
05-12-2024 13:59:47 - INFO - Sending request to Setting Chamber Zones to a= 0.12359199999999985, b= 0.030897999999999964, c= 0.12359199999999985, d= 0.030897999999999964 with timeout of 5s...
05-12-2024 13:59:47 - INFO - Sending request to Setting Chamber Zones to a= 0.11867800000000014, b= 0.029669500000000036, c= 0.11867800000000014, d= 0.029669500000000036 with timeout of 5s...
05-12-2024 13:59:47 - INFO - Sending request to Setting Chamber Zones to a= 0.11886400000000014, b= 0.029716000000000034, c= 0.11886400000000014, d= 0.029716000000000034 with timeout of 5s...
05-12-2024 13:59:47 - INFO - Sending request to Setting Chamber Zones to a= 0.11900000000000013, b= 0.029750000000000033, c= 0.11900000000000013, d= 0.029750000000000033 with timeout of 5s...
05-12-2024 13:59:47 - INFO - Sending request to Setting Chamber Zones to a= 0.11913600000000013, b= 0.029784000000000033, c= 0.11913600000000013, d= 0.029784000000000033 with timeout of 5s...
05-12-2024 13:59:48 - INFO - Sending request to Setting Chamber Zones to a= 0.11927200000000013, b= 0.029818000000000032, c= 0.11927200000000013, d= 0.029818000000000032 with timeout of 5s...
05-12-2024 13:59:48 - INFO - Sending request to Setting Chamber Zones to a= 0.109292, b= 0.027323, c= 0.109292, d= 0.027323 with timeout of 5s...
05-12-2024 13:59:48 - INFO - Sending request to Setting Chamber Zones to a= 0.10445399999999994, b= 0.026113499999999984, c= 0.10445399999999994, d= 0.026113499999999984 with timeout of 5s...
05-12-2024 13:59:48 - INFO - Sending request to Setting Chamber Zones to a= 0.09955799999999987, b= 0.024889499999999967, c= 0.09955799999999987, d= 0.024889499999999967 with timeout of 5s...
05-12-2024 13:59:48 - INFO - Sending request to Setting Chamber Zones to a= 0.09971199999999986, b= 0.024927999999999964, c= 0.09971199999999986, d= 0.024927999999999964 with timeout of 5s...
05-12-2024 13:59:49 - INFO - Sending request to Setting Chamber Zones to a= 0.09981599999999985, b= 0.024953999999999962, c= 0.09981599999999985, d= 0.024953999999999962 with timeout of 5s...
05-12-2024 13:59:49 - INFO - Sending request to Setting Chamber Zones to a= 0.09991999999999984, b= 0.02497999999999996, c= 0.09991999999999984, d= 0.02497999999999996 with timeout of 5s...
05-12-2024 13:59:49 - INFO - Sending request to Setting Chamber Zones to a= 0.10002399999999985, b= 0.025005999999999962, c= 0.10002399999999985, d= 0.025005999999999962 with timeout of 5s...
05-12-2024 13:59:49 - INFO - Sending request to Setting Chamber Zones to a= 0.10012799999999986, b= 0.025031999999999964, c= 0.10012799999999986, d= 0.025031999999999964 with timeout of 5s...
05-12-2024 13:59:49 - INFO - Sending request to Setting Chamber Zones to a= 0.10023199999999986, b= 0.025057999999999966, c= 0.10023199999999986, d= 0.025057999999999966 with timeout of 5s...
05-12-2024 13:59:50 - INFO - Sending request to Setting Chamber Zones to a= 0.10033599999999987, b= 0.025083999999999967, c= 0.10033599999999987, d= 0.025083999999999967 with timeout of 5s...
05-12-2024 13:59:50 - INFO - Sending request to Setting Chamber Zones to a= 0.10043999999999986, b= 0.025109999999999966, c= 0.10043999999999986, d= 0.025109999999999966 with timeout of 5s...
05-12-2024 13:59:50 - INFO - Sending request to Setting Chamber Zones to a= 0.10054399999999986, b= 0.025135999999999964, c= 0.10054399999999986, d= 0.025135999999999964 with timeout of 5s...
05-12-2024 13:59:50 - INFO - Sending request to Setting Chamber Zones to a= 0.10064799999999986, b= 0.025161999999999966, c= 0.10064799999999986, d= 0.025161999999999966 with timeout of 5s...
05-12-2024 13:59:50 - INFO - Sending request to Setting Chamber Zones to a= 0.10075199999999987, b= 0.025187999999999967, c= 0.10075199999999987, d= 0.025187999999999967 with timeout of 5s...
05-12-2024 13:59:51 - INFO - Sending request to Setting Chamber Zones to a= 0.10085599999999988, b= 0.02521399999999997, c= 0.10085599999999988, d= 0.02521399999999997 with timeout of 5s...
05-12-2024 13:59:51 - INFO - Sending request to Setting Chamber Zones to a= 0.10095999999999988, b= 0.02523999999999997, c= 0.10095999999999988, d= 0.02523999999999997 with timeout of 5s...
05-12-2024 13:59:51 - INFO - Sending request to Setting Chamber Zones to a= 0.10106399999999988, b= 0.02526599999999997, c= 0.10106399999999988, d= 0.02526599999999997 with timeout of 5s...
05-12-2024 13:59:51 - INFO - Sending request to Setting Chamber Zones to a= 0.09611000000000015, b= 0.02402750000000004, c= 0.09611000000000015, d= 0.02402750000000004 with timeout of 5s...
05-12-2024 13:59:51 - INFO - Sending request to Setting Chamber Zones to a= 0.09625600000000015, b= 0.024064000000000037, c= 0.09625600000000015, d= 0.024064000000000037 with timeout of 5s...
05-12-2024 13:59:52 - INFO - Sending request to Setting Chamber Zones to a= 0.09635200000000016, b= 0.02408800000000004, c= 0.09635200000000016, d= 0.02408800000000004 with timeout of 5s...
05-12-2024 13:59:52 - INFO - Sending request to Setting Chamber Zones to a= 0.10150599999999986, b= 0.025376499999999965, c= 0.10150599999999986, d= 0.025376499999999965 with timeout of 5s...
05-12-2024 13:59:52 - INFO - Sending request to Setting Chamber Zones to a= 0.10155999999999989, b= 0.02538999999999997, c= 0.10155999999999989, d= 0.02538999999999997 with timeout of 5s...
05-12-2024 13:59:52 - INFO - Sending request to Setting Chamber Zones to a= 0.10672199999999993, b= 0.026680499999999982, c= 0.10672199999999993, d= 0.026680499999999982 with timeout of 5s...
05-12-2024 13:59:52 - INFO - Sending request to Setting Chamber Zones to a= 0.11690000000000006, b= 0.029225000000000015, c= 0.11690000000000006, d= 0.029225000000000015 with timeout of 5s...
05-12-2024 13:59:53 - INFO - Sending request to Setting Chamber Zones to a= 0.13716, b= 0.03429, c= 0.13716, d= 0.03429 with timeout of 5s...
05-12-2024 13:59:53 - INFO - Sending request to Setting Chamber Zones to a= 0.14723600000000014, b= 0.036809000000000036, c= 0.14723600000000014, d= 0.036809000000000036 with timeout of 5s...
05-12-2024 13:59:53 - INFO - Sending request to Setting Chamber Zones to a= 0.14731200000000017, b= 0.03682800000000004, c= 0.14731200000000017, d= 0.03682800000000004 with timeout of 5s...
05-12-2024 13:59:53 - INFO - Sending request to Setting Chamber Zones to a= 0.7392740000000001, b= 0.18481850000000002, c= 0.7392740000000001, d= 0.18481850000000002 with timeout of 5s...
05-12-2024 13:59:53 - INFO - Sending request to Setting Chamber Zones to a= 0.734536, b= 0.183634, c= 0.734536, d= 0.183634 with timeout of 5s...
05-12-2024 13:59:54 - INFO - Sending request to Setting Chamber Zones to a= 0.7356479999999999, b= 0.18391199999999996, c= 0.7356479999999999, d= 0.18391199999999996 with timeout of 5s...
05-12-2024 13:59:54 - INFO - Sending request to Setting Chamber Zones to a= 0.2410760000000001, b= 0.060269000000000024, c= 0.2410760000000001, d= 0.060269000000000024 with timeout of 5s...
05-12-2024 13:59:54 - ERROR - E102 : Setting Chamber Zones to a= 0.2410760000000001, b= 0.060269000000000024, c= 0.2410760000000001, d= 0.060269000000000024 Request to Moonraker Timed out 
 Setting Chamber Zones to a= 0.2410760000000001, b= 0.060269000000000024, c= 0.2410760000000001, d= 0.060269000000000024 not successful
05-12-2024 13:59:54 - INFO - Sending request to Setting Chamber Zones to a= 0.23112999999999986, b= 0.057782499999999966, c= 0.23112999999999986, d= 0.057782499999999966 with timeout of 5s...
05-12-2024 13:59:54 - INFO - Sending request to Setting Chamber Zones to a= 0.23158399999999987, b= 0.05789599999999997, c= 0.23158399999999987, d= 0.05789599999999997 with timeout of 5s...
05-12-2024 13:59:54 - INFO - Sending request to Setting Chamber Zones to a= 0.23188799999999982, b= 0.057971999999999954, c= 0.23188799999999982, d= 0.057971999999999954 with timeout of 5s...
05-12-2024 13:59:55 - INFO - Sending request to Setting Chamber Zones to a= 0.1714960000000001, b= 0.04287400000000002, c= 0.1714960000000001, d= 0.04287400000000002 with timeout of 5s...
05-12-2024 13:59:55 - INFO - Sending request to Setting Chamber Zones to a= 0.16724600000000003, b= 0.04181150000000001, c= 0.16724600000000003, d= 0.04181150000000001 with timeout of 5s...
05-12-2024 13:59:55 - INFO - Sending request to Setting Chamber Zones to a= 0.16243799999999994, b= 0.040609499999999986, c= 0.16243799999999994, d= 0.040609499999999986 with timeout of 5s...
05-12-2024 13:59:55 - INFO - Sending request to Setting Chamber Zones to a= 0.15762199999999985, b= 0.03940549999999996, c= 0.15762199999999985, d= 0.03940549999999996 with timeout of 5s...
05-12-2024 13:59:55 - INFO - Sending request to Setting Chamber Zones to a= 0.14774000000000007, b= 0.036935000000000016, c= 0.14774000000000007, d= 0.036935000000000016 with timeout of 5s...
05-12-2024 13:59:56 - INFO - Sending request to Setting Chamber Zones to a= 0.14800800000000006, b= 0.037002000000000014, c= 0.14800800000000006, d= 0.037002000000000014 with timeout of 5s...
05-12-2024 13:59:56 - INFO - Sending request to Setting Chamber Zones to a= 0.143118, b= 0.0357795, c= 0.143118, d= 0.0357795 with timeout of 5s...
05-12-2024 13:59:56 - INFO - Sending request to Setting Chamber Zones to a= 0.14332799999999998, b= 0.035831999999999996, c= 0.14332799999999998, d= 0.035831999999999996 with timeout of 5s...
05-12-2024 13:59:56 - INFO - Sending request to Setting Chamber Zones to a= 0.143488, b= 0.035872, c= 0.143488, d= 0.035872 with timeout of 5s...
05-12-2024 13:59:56 - INFO - Sending request to Setting Chamber Zones to a= 0.13858999999999994, b= 0.034647499999999984, c= 0.13858999999999994, d= 0.034647499999999984 with timeout of 5s...
05-12-2024 13:59:57 - INFO - Sending request to Setting Chamber Zones to a= 0.13879199999999992, b= 0.03469799999999998, c= 0.13879199999999992, d= 0.03469799999999998 with timeout of 5s...
05-12-2024 13:59:57 - INFO - Sending request to Setting Chamber Zones to a= 0.1389439999999999, b= 0.034735999999999975, c= 0.1389439999999999, d= 0.034735999999999975 with timeout of 5s...
05-12-2024 13:59:57 - INFO - Sending request to Setting Chamber Zones to a= 0.13403799999999985, b= 0.03350949999999996, c= 0.13403799999999985, d= 0.03350949999999996 with timeout of 5s...
05-12-2024 13:59:57 - INFO - Sending request to Setting Chamber Zones to a= 0.12917400000000012, b= 0.03229350000000003, c= 0.12917400000000012, d= 0.03229350000000003 with timeout of 5s...
05-12-2024 13:59:57 - INFO - Sending request to Setting Chamber Zones to a= 0.10407000000000015, b= 0.026017500000000037, c= 0.10407000000000015, d= 0.026017500000000037 with timeout of 5s...
05-12-2024 13:59:58 - INFO - Sending request to Setting Chamber Zones to a= 0.09429999999999998, b= 0.023574999999999995, c= 0.09429999999999998, d= 0.023574999999999995 with timeout of 5s...
05-12-2024 13:59:58 - INFO - Sending request to Setting Chamber Zones to a= 0.08942199999999993, b= 0.022355499999999983, c= 0.08942199999999993, d= 0.022355499999999983 with timeout of 5s...
05-12-2024 13:59:58 - INFO - Sending request to Setting Chamber Zones to a= 0.08448599999999985, b= 0.021121499999999963, c= 0.08448599999999985, d= 0.021121499999999963 with timeout of 5s...
05-12-2024 13:59:58 - INFO - Sending request to Setting Chamber Zones to a= 0.08459999999999984, b= 0.02114999999999996, c= 0.08459999999999984, d= 0.02114999999999996 with timeout of 5s...
05-12-2024 13:59:59 - INFO - Sending request to Setting Chamber Zones to a= 0.08466399999999984, b= 0.02116599999999996, c= 0.08466399999999984, d= 0.02116599999999996 with timeout of 5s...
05-12-2024 13:59:59 - INFO - Sending request to Setting Chamber Zones to a= 0.08472799999999983, b= 0.021181999999999958, c= 0.08472799999999983, d= 0.021181999999999958 with timeout of 5s...
05-12-2024 13:59:59 - INFO - Sending request to Setting Chamber Zones to a= 0.08984999999999989, b= 0.022462499999999972, c= 0.08984999999999989, d= 0.022462499999999972 with timeout of 5s...
05-12-2024 13:59:59 - INFO - Sending request to Setting Chamber Zones to a= 0.0898719999999999, b= 0.022467999999999974, c= 0.0898719999999999, d= 0.022467999999999974 with timeout of 5s...
05-12-2024 13:59:59 - INFO - Sending request to Setting Chamber Zones to a= 0.10006000000000005, b= 0.025015000000000013, c= 0.10006000000000005, d= 0.025015000000000013 with timeout of 5s...
05-12-2024 14:00:00 - INFO - Sending request to Setting Chamber Zones to a= 0.1051060000000001, b= 0.026276500000000026, c= 0.1051060000000001, d= 0.026276500000000026 with timeout of 5s...
05-12-2024 14:00:00 - INFO - Sending request to Setting Chamber Zones to a= 0.11020999999999984, b= 0.02755249999999996, c= 0.11020999999999984, d= 0.02755249999999996 with timeout of 5s...
05-12-2024 14:00:00 - INFO - Sending request to Setting Chamber Zones to a= 0.11532199999999988, b= 0.02883049999999997, c= 0.11532199999999988, d= 0.02883049999999997 with timeout of 5s...
05-12-2024 14:00:00 - INFO - Sending request to Setting Chamber Zones to a= 0.1153839999999999, b= 0.028845999999999976, c= 0.1153839999999999, d= 0.028845999999999976 with timeout of 5s...
05-12-2024 14:00:00 - INFO - Sending request to Setting Chamber Zones to a= 0.12055399999999997, b= 0.03013849999999999, c= 0.12055399999999997, d= 0.03013849999999999 with timeout of 5s...
05-12-2024 14:00:01 - INFO - Sending request to Setting Chamber Zones to a= 0.1307400000000001, b= 0.03268500000000003, c= 0.1307400000000001, d= 0.03268500000000003 with timeout of 5s...
05-12-2024 14:00:01 - INFO - Sending request to Setting Chamber Zones to a= 0.13077600000000011, b= 0.03269400000000003, c= 0.13077600000000011, d= 0.03269400000000003 with timeout of 5s...
05-12-2024 14:00:01 - INFO - Sending request to Setting Chamber Zones to a= 0.1309120000000001, b= 0.03272800000000003, c= 0.1309120000000001, d= 0.03272800000000003 with timeout of 5s...
05-12-2024 14:00:01 - INFO - Sending request to Setting Chamber Zones to a= 0.1310480000000001, b= 0.03276200000000003, c= 0.1310480000000001, d= 0.03276200000000003 with timeout of 5s...
05-12-2024 14:00:01 - INFO - Sending request to Setting Chamber Zones to a= 0.13624199999999984, b= 0.03406049999999996, c= 0.13624199999999984, d= 0.03406049999999996 with timeout of 5s...
05-12-2024 14:00:02 - INFO - Sending request to Setting Chamber Zones to a= 0.1413939999999999, b= 0.03534849999999998, c= 0.1413939999999999, d= 0.03534849999999998 with timeout of 5s...
05-12-2024 14:00:02 - INFO - Sending request to Setting Chamber Zones to a= 0.14655399999999996, b= 0.03663849999999999, c= 0.14655399999999996, d= 0.03663849999999999 with timeout of 5s...
05-12-2024 14:00:02 - INFO - Sending request to Setting Chamber Zones to a= 0.146664, b= 0.036666, c= 0.146664, d= 0.036666 with timeout of 5s...
05-12-2024 14:00:02 - INFO - Sending request to Setting Chamber Zones to a= 0.14682399999999998, b= 0.036705999999999996, c= 0.14682399999999998, d= 0.036705999999999996 with timeout of 5s...
05-12-2024 14:00:02 - INFO - Sending request to Setting Chamber Zones to a= 0.15204200000000004, b= 0.03801050000000001, c= 0.15204200000000004, d= 0.03801050000000001 with timeout of 5s...
05-12-2024 14:00:03 - INFO - Sending request to Setting Chamber Zones to a= 0.15721800000000014, b= 0.039304500000000034, c= 0.15721800000000014, d= 0.039304500000000034 with timeout of 5s...
05-12-2024 14:00:03 - INFO - Sending request to Setting Chamber Zones to a= 0.15734400000000015, b= 0.03933600000000004, c= 0.15734400000000015, d= 0.03933600000000004 with timeout of 5s...
05-12-2024 14:00:03 - INFO - Sending request to Setting Chamber Zones to a= 0.1625779999999998, b= 0.04064449999999995, c= 0.1625779999999998, d= 0.04064449999999995 with timeout of 5s...
05-12-2024 14:00:03 - INFO - Sending request to Setting Chamber Zones to a= 0.16271199999999986, b= 0.040677999999999964, c= 0.16271199999999986, d= 0.040677999999999964 with timeout of 5s...
05-12-2024 14:00:03 - INFO - Sending request to Setting Chamber Zones to a= 0.1679539999999999, b= 0.04198849999999998, c= 0.1679539999999999, d= 0.04198849999999998 with timeout of 5s...
05-12-2024 14:00:04 - INFO - Sending request to Setting Chamber Zones to a= 0.17315399999999997, b= 0.043288499999999994, c= 0.17315399999999997, d= 0.043288499999999994 with timeout of 5s...
05-12-2024 14:00:04 - INFO - Sending request to Setting Chamber Zones to a= 0.17330399999999999, b= 0.043325999999999996, c= 0.17330399999999999, d= 0.043325999999999996 with timeout of 5s...
05-12-2024 14:00:04 - INFO - Sending request to Setting Chamber Zones to a= 0.17350399999999996, b= 0.04337599999999999, c= 0.17350399999999996, d= 0.04337599999999999 with timeout of 5s...
05-12-2024 14:00:04 - INFO - Sending request to Setting Chamber Zones to a= 0.17876200000000003, b= 0.04469050000000001, c= 0.17876200000000003, d= 0.04469050000000001 with timeout of 5s...
05-12-2024 14:00:04 - INFO - Sending request to Setting Chamber Zones to a= 0.17892000000000008, b= 0.04473000000000002, c= 0.17892000000000008, d= 0.04473000000000002 with timeout of 5s...
05-12-2024 14:00:05 - INFO - Sending request to Setting Chamber Zones to a= 0.18418600000000013, b= 0.04604650000000003, c= 0.18418600000000013, d= 0.04604650000000003 with timeout of 5s...
05-12-2024 14:00:05 - INFO - Sending request to Setting Chamber Zones to a= 0.18435200000000013, b= 0.04608800000000003, c= 0.18435200000000013, d= 0.04608800000000003 with timeout of 5s...
05-12-2024 14:00:05 - INFO - Sending request to Setting Chamber Zones to a= 0.18456800000000012, b= 0.04614200000000003, c= 0.18456800000000012, d= 0.04614200000000003 with timeout of 5s...
05-12-2024 14:00:05 - INFO - Sending request to Setting Chamber Zones to a= 0.18478400000000014, b= 0.046196000000000036, c= 0.18478400000000014, d= 0.046196000000000036 with timeout of 5s...
05-12-2024 14:00:05 - INFO - Sending request to Setting Chamber Zones to a= 0.18500000000000014, b= 0.046250000000000034, c= 0.18500000000000014, d= 0.046250000000000034 with timeout of 5s...
05-12-2024 14:00:06 - INFO - Sending request to Setting Chamber Zones to a= 0.18521600000000016, b= 0.04630400000000004, c= 0.18521600000000016, d= 0.04630400000000004 with timeout of 5s...
05-12-2024 14:00:06 - INFO - Sending request to Setting Chamber Zones to a= 0.18543200000000015, b= 0.04635800000000004, c= 0.18543200000000015, d= 0.04635800000000004 with timeout of 5s...
05-12-2024 14:00:06 - INFO - Sending request to Setting Chamber Zones to a= 0.18564800000000015, b= 0.04641200000000004, c= 0.18564800000000015, d= 0.04641200000000004 with timeout of 5s...
05-12-2024 14:00:06 - INFO - Setting Chamber Zones to a= 0.18564800000000015, b= 0.04641200000000004, c= 0.18564800000000015, d= 0.04641200000000004 request successfully sent.
05-12-2024 14:00:06 - INFO - Response from moonraker: {'result': 'ok'}
05-12-2024 14:00:06 - INFO - Setting Chamber Zones to a= 0.18564800000000015, b= 0.04641200000000004, c= 0.18564800000000015, d= 0.04641200000000004 Request successfully executed.
05-12-2024 14:00:06 - INFO - Sending request to Setting Chamber Zones to a= 0.18586400000000014, b= 0.046466000000000035, c= 0.18586400000000014, d= 0.046466000000000035 with timeout of 5s...
05-12-2024 14:00:06 - INFO - Setting Chamber Zones to a= 0.18586400000000014, b= 0.046466000000000035, c= 0.18586400000000014, d= 0.046466000000000035 request successfully sent.
05-12-2024 14:00:06 - INFO - Response from moonraker: {'result': 'ok'}
05-12-2024 14:00:06 - INFO - Setting Chamber Zones to a= 0.18586400000000014, b= 0.046466000000000035, c= 0.18586400000000014, d= 0.046466000000000035 Request successfully executed.
05-12-2024 14:00:06 - INFO - Sending request to Setting Chamber Zones to a= 0.18608000000000013, b= 0.046520000000000034, c= 0.18608000000000013, d= 0.046520000000000034 with timeout of 5s...
05-12-2024 14:00:06 - INFO - Setting Chamber Zones to a= 0.18608000000000013, b= 0.046520000000000034, c= 0.18608000000000013, d= 0.046520000000000034 request successfully sent.
05-12-2024 14:00:06 - INFO - Response from moonraker: {'result': 'ok'}
05-12-2024 14:00:06 - INFO - Setting Chamber Zones to a= 0.18608000000000013, b= 0.046520000000000034, c= 0.18608000000000013, d= 0.046520000000000034 Request successfully executed.
05-12-2024 14:00:07 - INFO - Sending request to Setting Chamber Zones to a= 0.1913539999999999, b= 0.04783849999999998, c= 0.1913539999999999, d= 0.04783849999999998 with timeout of 5s...
05-12-2024 14:00:07 - INFO - Setting Chamber Zones to a= 0.1913539999999999, b= 0.04783849999999998, c= 0.1913539999999999, d= 0.04783849999999998 request successfully sent.
05-12-2024 14:00:07 - INFO - Response from moonraker: {'result': 'ok'}
05-12-2024 14:00:07 - INFO - Setting Chamber Zones to a= 0.1913539999999999, b= 0.04783849999999998, c= 0.1913539999999999, d= 0.04783849999999998 Request successfully executed.
05-12-2024 14:00:07 - INFO - Sending request to Setting Chamber Zones to a= 0.19152799999999984, b= 0.04788199999999996, c= 0.19152799999999984, d= 0.04788199999999996 with timeout of 5s...
05-12-2024 14:00:07 - INFO - Setting Chamber Zones to a= 0.19152799999999984, b= 0.04788199999999996, c= 0.19152799999999984, d= 0.04788199999999996 request successfully sent.
05-12-2024 14:00:07 - INFO - Response from moonraker: {'result': 'ok'}
05-12-2024 14:00:07 - INFO - Setting Chamber Zones to a= 0.19152799999999984, b= 0.04788199999999996, c= 0.19152799999999984, d= 0.04788199999999996 Request successfully executed.
05-12-2024 14:00:07 - INFO - Sending request to Setting Chamber Zones to a= 0.1816360000000001, b= 0.045409000000000026, c= 0.1816360000000001, d= 0.045409000000000026 with timeout of 5s...
05-12-2024 14:00:07 - INFO - Setting Chamber Zones to a= 0.1816360000000001, b= 0.045409000000000026, c= 0.1816360000000001, d= 0.045409000000000026 request successfully sent.
05-12-2024 14:00:07 - INFO - Response from moonraker: {'result': 'ok'}
05-12-2024 14:00:07 - INFO - Setting Chamber Zones to a= 0.1816360000000001, b= 0.045409000000000026, c= 0.1816360000000001, d= 0.045409000000000026 Request successfully executed.
05-12-2024 14:00:07 - INFO - Sending request to Setting Chamber Zones to a= 0.18194400000000008, b= 0.04548600000000002, c= 0.18194400000000008, d= 0.04548600000000002 with timeout of 5s...
05-12-2024 14:00:07 - INFO - Setting Chamber Zones to a= 0.18194400000000008, b= 0.04548600000000002, c= 0.18194400000000008, d= 0.04548600000000002 request successfully sent.
05-12-2024 14:00:07 - INFO - Response from moonraker: {'result': 'ok'}
05-12-2024 14:00:07 - INFO - Setting Chamber Zones to a= 0.18194400000000008, b= 0.04548600000000002, c= 0.18194400000000008, d= 0.04548600000000002 Request successfully executed.
05-12-2024 14:00:07 - INFO - Sending request to Setting Chamber Zones to a= 0.16697799999999988, b= 0.04174449999999997, c= 0.16697799999999988, d= 0.04174449999999997 with timeout of 5s...
05-12-2024 14:00:07 - INFO - Setting Chamber Zones to a= 0.16697799999999988, b= 0.04174449999999997, c= 0.16697799999999988, d= 0.04174449999999997 request successfully sent.
05-12-2024 14:00:07 - INFO - Response from moonraker: {'result': 'ok'}
05-12-2024 14:00:07 - INFO - Setting Chamber Zones to a= 0.16697799999999988, b= 0.04174449999999997, c= 0.16697799999999988, d= 0.04174449999999997 Request successfully executed.
05-12-2024 14:00:08 - INFO - Sending request to Setting Chamber Zones to a= 0.16731199999999988, b= 0.04182799999999997, c= 0.16731199999999988, d= 0.04182799999999997 with timeout of 5s...
05-12-2024 14:00:08 - INFO - Setting Chamber Zones to a= 0.16731199999999988, b= 0.04182799999999997, c= 0.16731199999999988, d= 0.04182799999999997 request successfully sent.
05-12-2024 14:00:08 - INFO - Response from moonraker: {'result': 'ok'}
05-12-2024 14:00:08 - INFO - Setting Chamber Zones to a= 0.16731199999999988, b= 0.04182799999999997, c= 0.16731199999999988, d= 0.04182799999999997 Request successfully executed.
05-12-2024 14:00:08 - INFO - Sending request to Setting Chamber Zones to a= 0.15232199999999999, b= 0.038080499999999996, c= 0.15232199999999999, d= 0.038080499999999996 with timeout of 5s...
05-12-2024 14:00:08 - INFO - Setting Chamber Zones to a= 0.15232199999999999, b= 0.038080499999999996, c= 0.15232199999999999, d= 0.038080499999999996 request successfully sent.
05-12-2024 14:00:08 - INFO - Response from moonraker: {'result': 'ok'}
05-12-2024 14:00:08 - INFO - Setting Chamber Zones to a= 0.15232199999999999, b= 0.038080499999999996, c= 0.15232199999999999, d= 0.038080499999999996 Request successfully executed.
05-12-2024 14:00:08 - INFO - Sending request to Setting Chamber Zones to a= 0.127342, b= 0.0318355, c= 0.127342, d= 0.0318355 with timeout of 5s...
05-12-2024 14:00:08 - INFO - Setting Chamber Zones to a= 0.127342, b= 0.0318355, c= 0.127342, d= 0.0318355 request successfully sent.
05-12-2024 14:00:08 - INFO - Response from moonraker: {'result': 'ok'}
05-12-2024 14:00:08 - INFO - Setting Chamber Zones to a= 0.127342, b= 0.0318355, c= 0.127342, d= 0.0318355 Request successfully executed.
05-12-2024 14:00:08 - INFO - Sending request to Setting Chamber Zones to a= 0.11759599999999985, b= 0.029398999999999963, c= 0.11759599999999985, d= 0.029398999999999963 with timeout of 5s...
