05-12-2024 15:11:23 - INFO - Sending request to Setting Chamber Zones to a= 0, b= 0, c= 0, d= 0 with timeout of 5s...
05-12-2024 15:11:23 - INFO - Sending request to Setting Chamber Zones to a= 0.0, b= 0.0, c= 0.0, d= 0.0 with timeout of 5s...
05-12-2024 15:11:23 - INFO - Setting Chamber Zones to a= 0.0, b= 0.0, c= 0.0, d= 0.0 request successfully sent.
05-12-2024 15:11:23 - INFO - Response from moonraker: {'result': 'ok'}
05-12-2024 15:11:23 - INFO - Setting Chamber Zones to a= 0.0, b= 0.0, c= 0.0, d= 0.0 Request successfully executed.
05-12-2024 15:11:23 - INFO - Sending request to Setting Chamber Zones to a= 0.0, b= 0.0, c= 0.0, d= 0.0 with timeout of 5s...
05-12-2024 15:11:23 - INFO - Setting Chamber Zones to a= 0.0, b= 0.0, c= 0.0, d= 0.0 request successfully sent.
05-12-2024 15:11:23 - INFO - Response from moonraker: {'result': 'ok'}
05-12-2024 15:11:23 - INFO - Setting Chamber Zones to a= 0.0, b= 0.0, c= 0.0, d= 0.0 Request successfully executed.
05-12-2024 15:11:23 - INFO - Sending request to Setting Chamber Zones to a= 0.0, b= 0.0, c= 0.0, d= 0.0 with timeout of 5s...
05-12-2024 15:11:23 - INFO - Setting Chamber Zones to a= 0.0, b= 0.0, c= 0.0, d= 0.0 request successfully sent.
05-12-2024 15:11:23 - INFO - Response from moonraker: {'result': 'ok'}
05-12-2024 15:11:23 - INFO - Setting Chamber Zones to a= 0.0, b= 0.0, c= 0.0, d= 0.0 Request successfully executed.
05-12-2024 15:11:23 - INFO - Sending request to Setting Chamber Zones to a= 0.0, b= 0.0, c= 0.0, d= 0.0 with timeout of 5s...
05-12-2024 15:11:23 - INFO - Setting Chamber Zones to a= 0.0, b= 0.0, c= 0.0, d= 0.0 request successfully sent.
05-12-2024 15:11:23 - INFO - Response from moonraker: {'result': 'ok'}
05-12-2024 15:11:23 - INFO - Setting Chamber Zones to a= 0.0, b= 0.0, c= 0.0, d= 0.0 Request successfully executed.
05-12-2024 15:11:24 - INFO - Sending request to Setting Chamber Zones to a= 0.0, b= 0.0, c= 0.0, d= 0.0 with timeout of 5s...
05-12-2024 15:11:24 - INFO - Setting Chamber Zones to a= 0.0, b= 0.0, c= 0.0, d= 0.0 request successfully sent.
05-12-2024 15:11:24 - INFO - Response from moonraker: {'result': 'ok'}
05-12-2024 15:11:24 - INFO - Setting Chamber Zones to a= 0.0, b= 0.0, c= 0.0, d= 0.0 Request successfully executed.
05-12-2024 15:11:24 - INFO - Sending request to Setting Chamber Zones to a= 0.0, b= 0.0, c= 0.0, d= 0.0 with timeout of 5s...
05-12-2024 15:11:24 - INFO - Setting Chamber Zones to a= 0.0, b= 0.0, c= 0.0, d= 0.0 request successfully sent.
05-12-2024 15:11:24 - INFO - Response from moonraker: {'result': 'ok'}
05-12-2024 15:11:24 - INFO - Setting Chamber Zones to a= 0.0, b= 0.0, c= 0.0, d= 0.0 Request successfully executed.
05-12-2024 15:11:24 - INFO - Sending request to Setting Chamber Zones to a= 0.0, b= 0.0, c= 0.0, d= 0.0 with timeout of 5s...
05-12-2024 15:11:24 - INFO - Setting Chamber Zones to a= 0.0, b= 0.0, c= 0.0, d= 0.0 request successfully sent.
05-12-2024 15:11:24 - INFO - Response from moonraker: {'result': 'ok'}
05-12-2024 15:11:24 - INFO - Setting Chamber Zones to a= 0.0, b= 0.0, c= 0.0, d= 0.0 Request successfully executed.
05-12-2024 15:11:24 - INFO - Sending request to Setting Chamber Zones to a= 0.0, b= 0.0, c= 0.0, d= 0.0 with timeout of 5s...
05-12-2024 15:11:24 - INFO - Setting Chamber Zones to a= 0.0, b= 0.0, c= 0.0, d= 0.0 request successfully sent.
05-12-2024 15:11:24 - INFO - Response from moonraker: {'result': 'ok'}
05-12-2024 15:11:24 - INFO - Setting Chamber Zones to a= 0.0, b= 0.0, c= 0.0, d= 0.0 Request successfully executed.
05-12-2024 15:11:24 - INFO - Sending request to Setting Chamber Zones to a= 0.0, b= 0.0, c= 0.0, d= 0.0 with timeout of 5s...
05-12-2024 15:11:24 - INFO - Setting Chamber Zones to a= 0.0, b= 0.0, c= 0.0, d= 0.0 request successfully sent.
05-12-2024 15:11:24 - INFO - Response from moonraker: {'result': 'ok'}
05-12-2024 15:11:24 - INFO - Setting Chamber Zones to a= 0.0, b= 0.0, c= 0.0, d= 0.0 Request successfully executed.
05-12-2024 15:11:25 - INFO - Sending request to Setting Chamber Zones to a= 0.0, b= 0.0, c= 0.0, d= 0.0 with timeout of 5s...
05-12-2024 15:11:25 - INFO - Setting Chamber Zones to a= 0.0, b= 0.0, c= 0.0, d= 0.0 request successfully sent.
05-12-2024 15:11:25 - INFO - Response from moonraker: {'result': 'ok'}
05-12-2024 15:11:25 - INFO - Setting Chamber Zones to a= 0.0, b= 0.0, c= 0.0, d= 0.0 Request successfully executed.
05-12-2024 15:11:25 - INFO - Sending request to Setting Chamber Zones to a= 0.0, b= 0.0, c= 0.0, d= 0.0 with timeout of 5s...
05-12-2024 15:11:25 - INFO - Setting Chamber Zones to a= 0.0, b= 0.0, c= 0.0, d= 0.0 request successfully sent.
05-12-2024 15:11:25 - INFO - Response from moonraker: {'result': 'ok'}
05-12-2024 15:11:25 - INFO - Setting Chamber Zones to a= 0.0, b= 0.0, c= 0.0, d= 0.0 Request successfully executed.
05-12-2024 15:11:25 - INFO - Sending request to Setting Chamber Zones to a= 0.0, b= 0.0, c= 0.0, d= 0.0 with timeout of 5s...
05-12-2024 15:11:25 - INFO - Setting Chamber Zones to a= 0.0, b= 0.0, c= 0.0, d= 0.0 request successfully sent.
05-12-2024 15:11:25 - INFO - Response from moonraker: {'result': 'ok'}
05-12-2024 15:11:25 - INFO - Setting Chamber Zones to a= 0.0, b= 0.0, c= 0.0, d= 0.0 Request successfully executed.
05-12-2024 15:11:25 - INFO - Sending request to Setting Chamber Zones to a= 0.0, b= 0.0, c= 0.0, d= 0.0 with timeout of 5s...
05-12-2024 15:11:25 - INFO - Setting Chamber Zones to a= 0.0, b= 0.0, c= 0.0, d= 0.0 request successfully sent.
05-12-2024 15:11:25 - INFO - Response from moonraker: {'result': 'ok'}
05-12-2024 15:11:25 - INFO - Setting Chamber Zones to a= 0.0, b= 0.0, c= 0.0, d= 0.0 Request successfully executed.
05-12-2024 15:11:25 - INFO - Sending request to Setting Chamber Zones to a= 0.0, b= 0.0, c= 0.0, d= 0.0 with timeout of 5s...
05-12-2024 15:11:25 - INFO - Setting Chamber Zones to a= 0.0, b= 0.0, c= 0.0, d= 0.0 request successfully sent.
05-12-2024 15:11:25 - INFO - Response from moonraker: {'result': 'ok'}
05-12-2024 15:11:25 - INFO - Setting Chamber Zones to a= 0.0, b= 0.0, c= 0.0, d= 0.0 Request successfully executed.
05-12-2024 15:11:26 - INFO - Sending request to Setting Chamber Zones to a= 0.0, b= 0.0, c= 0.0, d= 0.0 with timeout of 5s...
05-12-2024 15:11:26 - INFO - Setting Chamber Zones to a= 0.0, b= 0.0, c= 0.0, d= 0.0 request successfully sent.
05-12-2024 15:11:26 - INFO - Response from moonraker: {'result': 'ok'}
05-12-2024 15:11:26 - INFO - Setting Chamber Zones to a= 0.0, b= 0.0, c= 0.0, d= 0.0 Request successfully executed.
05-12-2024 15:11:26 - INFO - Sending request to Setting Chamber Zones to a= 0.0, b= 0.0, c= 0.0, d= 0.0 with timeout of 5s...
05-12-2024 15:11:26 - INFO - Setting Chamber Zones to a= 0.0, b= 0.0, c= 0.0, d= 0.0 request successfully sent.
05-12-2024 15:11:26 - INFO - Response from moonraker: {'result': 'ok'}
05-12-2024 15:11:26 - INFO - Setting Chamber Zones to a= 0.0, b= 0.0, c= 0.0, d= 0.0 Request successfully executed.
05-12-2024 15:11:26 - INFO - Sending request to Setting Chamber Zones to a= 0.0, b= 0.0, c= 0.0, d= 0.0 with timeout of 5s...
05-12-2024 15:11:26 - INFO - Setting Chamber Zones to a= 0.0, b= 0.0, c= 0.0, d= 0.0 request successfully sent.
05-12-2024 15:11:26 - INFO - Response from moonraker: {'result': 'ok'}
05-12-2024 15:11:26 - INFO - Setting Chamber Zones to a= 0.0, b= 0.0, c= 0.0, d= 0.0 Request successfully executed.
05-12-2024 15:11:26 - INFO - Sending request to Setting Chamber Zones to a= 0.0, b= 0.0, c= 0.0, d= 0.0 with timeout of 5s...
05-12-2024 15:11:26 - INFO - Setting Chamber Zones to a= 0.0, b= 0.0, c= 0.0, d= 0.0 request successfully sent.
05-12-2024 15:11:26 - INFO - Response from moonraker: {'result': 'ok'}
05-12-2024 15:11:26 - INFO - Setting Chamber Zones to a= 0.0, b= 0.0, c= 0.0, d= 0.0 Request successfully executed.
05-12-2024 15:11:26 - INFO - Sending request to Setting Chamber Zones to a= 0.0, b= 0.0, c= 0.0, d= 0.0 with timeout of 5s...
05-12-2024 15:11:26 - INFO - Setting Chamber Zones to a= 0.0, b= 0.0, c= 0.0, d= 0.0 request successfully sent.
05-12-2024 15:11:26 - INFO - Response from moonraker: {'result': 'ok'}
05-12-2024 15:11:26 - INFO - Setting Chamber Zones to a= 0.0, b= 0.0, c= 0.0, d= 0.0 Request successfully executed.
05-12-2024 15:11:27 - INFO - Sending request to Setting Chamber Zones to a= 0.0, b= 0.0, c= 0.0, d= 0.0 with timeout of 5s...
05-12-2024 15:11:27 - INFO - Setting Chamber Zones to a= 0.0, b= 0.0, c= 0.0, d= 0.0 request successfully sent.
05-12-2024 15:11:27 - INFO - Response from moonraker: {'result': 'ok'}
05-12-2024 15:11:27 - INFO - Setting Chamber Zones to a= 0.0, b= 0.0, c= 0.0, d= 0.0 Request successfully executed.
05-12-2024 15:11:27 - INFO - Sending request to Setting Chamber Zones to a= 0.0, b= 0.0, c= 0.0, d= 0.0 with timeout of 5s...
05-12-2024 15:11:27 - INFO - Setting Chamber Zones to a= 0.0, b= 0.0, c= 0.0, d= 0.0 request successfully sent.
05-12-2024 15:11:27 - INFO - Response from moonraker: {'result': 'ok'}
05-12-2024 15:11:27 - INFO - Setting Chamber Zones to a= 0.0, b= 0.0, c= 0.0, d= 0.0 Request successfully executed.
05-12-2024 15:11:27 - INFO - Sending request to Setting Chamber Zones to a= 0.0, b= 0.0, c= 0.0, d= 0.0 with timeout of 5s...
05-12-2024 15:11:27 - INFO - Setting Chamber Zones to a= 0.0, b= 0.0, c= 0.0, d= 0.0 request successfully sent.
05-12-2024 15:11:27 - INFO - Response from moonraker: {'result': 'ok'}
05-12-2024 15:11:27 - INFO - Setting Chamber Zones to a= 0.0, b= 0.0, c= 0.0, d= 0.0 Request successfully executed.
05-12-2024 15:11:27 - INFO - Sending request to Setting Chamber Zones to a= 0.0, b= 0.0, c= 0.0, d= 0.0 with timeout of 5s...
05-12-2024 15:11:27 - INFO - Setting Chamber Zones to a= 0.0, b= 0.0, c= 0.0, d= 0.0 request successfully sent.
05-12-2024 15:11:27 - INFO - Response from moonraker: {'result': 'ok'}
05-12-2024 15:11:27 - INFO - Setting Chamber Zones to a= 0.0, b= 0.0, c= 0.0, d= 0.0 Request successfully executed.
05-12-2024 15:11:27 - INFO - Sending request to Setting Chamber Zones to a= 0.0, b= 0.0, c= 0.0, d= 0.0 with timeout of 5s...
05-12-2024 15:11:27 - INFO - Setting Chamber Zones to a= 0.0, b= 0.0, c= 0.0, d= 0.0 request successfully sent.
05-12-2024 15:11:27 - INFO - Response from moonraker: {'result': 'ok'}
05-12-2024 15:11:27 - INFO - Setting Chamber Zones to a= 0.0, b= 0.0, c= 0.0, d= 0.0 Request successfully executed.
05-12-2024 15:11:28 - INFO - Sending request to Setting Chamber Zones to a= 0.0, b= 0.0, c= 0.0, d= 0.0 with timeout of 5s...
05-12-2024 15:11:28 - INFO - Setting Chamber Zones to a= 0.0, b= 0.0, c= 0.0, d= 0.0 request successfully sent.
05-12-2024 15:11:28 - INFO - Response from moonraker: {'result': 'ok'}
05-12-2024 15:11:28 - INFO - Setting Chamber Zones to a= 0.0, b= 0.0, c= 0.0, d= 0.0 Request successfully executed.
05-12-2024 15:11:28 - INFO - Sending request to Setting Chamber Zones to a= 0.0, b= 0.0, c= 0.0, d= 0.0 with timeout of 5s...
05-12-2024 15:11:28 - INFO - Setting Chamber Zones to a= 0.0, b= 0.0, c= 0.0, d= 0.0 request successfully sent.
05-12-2024 15:11:28 - INFO - Response from moonraker: {'result': 'ok'}
05-12-2024 15:11:28 - INFO - Setting Chamber Zones to a= 0.0, b= 0.0, c= 0.0, d= 0.0 Request successfully executed.
05-12-2024 15:11:28 - INFO - Sending request to Setting Chamber Zones to a= 0.0, b= 0.0, c= 0.0, d= 0.0 with timeout of 5s...
05-12-2024 15:11:28 - INFO - Setting Chamber Zones to a= 0.0, b= 0.0, c= 0.0, d= 0.0 request successfully sent.
05-12-2024 15:11:28 - INFO - Response from moonraker: {'result': 'ok'}
05-12-2024 15:11:28 - INFO - Setting Chamber Zones to a= 0.0, b= 0.0, c= 0.0, d= 0.0 Request successfully executed.
05-12-2024 15:11:28 - INFO - Sending request to Setting Chamber Zones to a= 0.0, b= 0.0, c= 0.0, d= 0.0 with timeout of 5s...
05-12-2024 15:11:28 - INFO - Setting Chamber Zones to a= 0.0, b= 0.0, c= 0.0, d= 0.0 request successfully sent.
05-12-2024 15:11:28 - INFO - Response from moonraker: {'result': 'ok'}
05-12-2024 15:11:28 - INFO - Setting Chamber Zones to a= 0.0, b= 0.0, c= 0.0, d= 0.0 Request successfully executed.
05-12-2024 15:11:28 - INFO - Sending request to Setting Chamber Zones to a= 0.0, b= 0.0, c= 0.0, d= 0.0 with timeout of 5s...
05-12-2024 15:11:28 - INFO - Setting Chamber Zones to a= 0.0, b= 0.0, c= 0.0, d= 0.0 request successfully sent.
05-12-2024 15:11:28 - INFO - Response from moonraker: {'result': 'ok'}
05-12-2024 15:11:28 - INFO - Setting Chamber Zones to a= 0.0, b= 0.0, c= 0.0, d= 0.0 Request successfully executed.
05-12-2024 15:11:29 - INFO - Sending request to Setting Chamber Zones to a= 0.0, b= 0.0, c= 0.0, d= 0.0 with timeout of 5s...
05-12-2024 15:11:29 - INFO - Setting Chamber Zones to a= 0.0, b= 0.0, c= 0.0, d= 0.0 request successfully sent.
05-12-2024 15:11:29 - INFO - Response from moonraker: {'result': 'ok'}
05-12-2024 15:11:29 - INFO - Setting Chamber Zones to a= 0.0, b= 0.0, c= 0.0, d= 0.0 Request successfully executed.
05-12-2024 15:11:29 - INFO - Sending request to Setting Chamber Zones to a= 0.0, b= 0.0, c= 0.0, d= 0.0 with timeout of 5s...
05-12-2024 15:11:29 - INFO - Setting Chamber Zones to a= 0.0, b= 0.0, c= 0.0, d= 0.0 request successfully sent.
05-12-2024 15:11:29 - INFO - Response from moonraker: {'result': 'ok'}
05-12-2024 15:11:29 - INFO - Setting Chamber Zones to a= 0.0, b= 0.0, c= 0.0, d= 0.0 Request successfully executed.
05-12-2024 15:11:29 - INFO - Sending request to Setting Chamber Zones to a= 0.0, b= 0.0, c= 0.0, d= 0.0 with timeout of 5s...
05-12-2024 15:11:29 - INFO - Setting Chamber Zones to a= 0.0, b= 0.0, c= 0.0, d= 0.0 request successfully sent.
05-12-2024 15:11:29 - INFO - Response from moonraker: {'result': 'ok'}
05-12-2024 15:11:29 - INFO - Setting Chamber Zones to a= 0.0, b= 0.0, c= 0.0, d= 0.0 Request successfully executed.
05-12-2024 15:11:29 - INFO - Sending request to Setting Chamber Zones to a= 0.0, b= 0.0, c= 0.0, d= 0.0 with timeout of 5s...
05-12-2024 15:11:29 - INFO - Setting Chamber Zones to a= 0.0, b= 0.0, c= 0.0, d= 0.0 request successfully sent.
05-12-2024 15:11:29 - INFO - Response from moonraker: {'result': 'ok'}
05-12-2024 15:11:29 - INFO - Setting Chamber Zones to a= 0.0, b= 0.0, c= 0.0, d= 0.0 Request successfully executed.
05-12-2024 15:11:29 - INFO - Sending request to Setting Chamber Zones to a= 0.0, b= 0.0, c= 0.0, d= 0.0 with timeout of 5s...
05-12-2024 15:11:29 - INFO - Setting Chamber Zones to a= 0.0, b= 0.0, c= 0.0, d= 0.0 request successfully sent.
05-12-2024 15:11:29 - INFO - Response from moonraker: {'result': 'ok'}
05-12-2024 15:11:29 - INFO - Setting Chamber Zones to a= 0.0, b= 0.0, c= 0.0, d= 0.0 Request successfully executed.
05-12-2024 15:11:30 - INFO - Sending request to Setting Chamber Zones to a= 0.0, b= 0.0, c= 0.0, d= 0.0 with timeout of 5s...
05-12-2024 15:11:30 - INFO - Setting Chamber Zones to a= 0.0, b= 0.0, c= 0.0, d= 0.0 request successfully sent.
05-12-2024 15:11:30 - INFO - Response from moonraker: {'result': 'ok'}
05-12-2024 15:11:30 - INFO - Setting Chamber Zones to a= 0.0, b= 0.0, c= 0.0, d= 0.0 Request successfully executed.
05-12-2024 15:11:30 - INFO - Sending request to Setting Chamber Zones to a= 0.0, b= 0.0, c= 0.0, d= 0.0 with timeout of 5s...
05-12-2024 15:11:30 - INFO - Setting Chamber Zones to a= 0.0, b= 0.0, c= 0.0, d= 0.0 request successfully sent.
05-12-2024 15:11:30 - INFO - Response from moonraker: {'result': 'ok'}
05-12-2024 15:11:30 - INFO - Setting Chamber Zones to a= 0.0, b= 0.0, c= 0.0, d= 0.0 Request successfully executed.
05-12-2024 15:11:30 - INFO - Sending request to Setting Chamber Zones to a= 0.0, b= 0.0, c= 0.0, d= 0.0 with timeout of 5s...
05-12-2024 15:11:30 - INFO - Setting Chamber Zones to a= 0.0, b= 0.0, c= 0.0, d= 0.0 request successfully sent.
05-12-2024 15:11:30 - INFO - Response from moonraker: {'result': 'ok'}
05-12-2024 15:11:30 - INFO - Setting Chamber Zones to a= 0.0, b= 0.0, c= 0.0, d= 0.0 Request successfully executed.
05-12-2024 15:11:30 - INFO - Sending request to Setting Chamber Zones to a= 0.0, b= 0.0, c= 0.0, d= 0.0 with timeout of 5s...
05-12-2024 15:11:30 - INFO - Setting Chamber Zones to a= 0.0, b= 0.0, c= 0.0, d= 0.0 request successfully sent.
05-12-2024 15:11:30 - INFO - Response from moonraker: {'result': 'ok'}
05-12-2024 15:11:30 - INFO - Setting Chamber Zones to a= 0.0, b= 0.0, c= 0.0, d= 0.0 Request successfully executed.
05-12-2024 15:11:30 - INFO - Sending request to Setting Chamber Zones to a= 0.0, b= 0.0, c= 0.0, d= 0.0 with timeout of 5s...
05-12-2024 15:11:30 - INFO - Setting Chamber Zones to a= 0.0, b= 0.0, c= 0.0, d= 0.0 request successfully sent.
05-12-2024 15:11:30 - INFO - Response from moonraker: {'result': 'ok'}
05-12-2024 15:11:30 - INFO - Setting Chamber Zones to a= 0.0, b= 0.0, c= 0.0, d= 0.0 Request successfully executed.
05-12-2024 15:11:31 - INFO - Sending request to Setting Chamber Zones to a= 0.0, b= 0.0, c= 0.0, d= 0.0 with timeout of 5s...
05-12-2024 15:11:31 - INFO - Setting Chamber Zones to a= 0.0, b= 0.0, c= 0.0, d= 0.0 request successfully sent.
05-12-2024 15:11:31 - INFO - Response from moonraker: {'result': 'ok'}
05-12-2024 15:11:31 - INFO - Setting Chamber Zones to a= 0.0, b= 0.0, c= 0.0, d= 0.0 Request successfully executed.
05-12-2024 15:11:31 - INFO - Sending request to Setting Chamber Zones to a= 0.0, b= 0.0, c= 0.0, d= 0.0 with timeout of 5s...
05-12-2024 15:11:31 - INFO - Setting Chamber Zones to a= 0.0, b= 0.0, c= 0.0, d= 0.0 request successfully sent.
05-12-2024 15:11:31 - INFO - Response from moonraker: {'result': 'ok'}
05-12-2024 15:11:31 - INFO - Setting Chamber Zones to a= 0.0, b= 0.0, c= 0.0, d= 0.0 Request successfully executed.
05-12-2024 15:11:31 - INFO - Sending request to Setting Chamber Zones to a= 0.0, b= 0.0, c= 0.0, d= 0.0 with timeout of 5s...
05-12-2024 15:11:31 - INFO - Setting Chamber Zones to a= 0.0, b= 0.0, c= 0.0, d= 0.0 request successfully sent.
05-12-2024 15:11:31 - INFO - Response from moonraker: {'result': 'ok'}
05-12-2024 15:11:31 - INFO - Setting Chamber Zones to a= 0.0, b= 0.0, c= 0.0, d= 0.0 Request successfully executed.
05-12-2024 15:11:33 - INFO - Sending request to Setting Chamber Zones to a= 0, b= 0, c= 0, d= 0 with timeout of 5s...
05-12-2024 15:11:33 - INFO - Sending request to Setting Chamber Zones to a= 0.0, b= 0.0, c= 0.0, d= 0.0 with timeout of 5s...
05-12-2024 15:11:33 - INFO - Setting Chamber Zones to a= 0.0, b= 0.0, c= 0.0, d= 0.0 request successfully sent.
05-12-2024 15:11:33 - INFO - Response from moonraker: {'result': 'ok'}
05-12-2024 15:11:33 - INFO - Setting Chamber Zones to a= 0.0, b= 0.0, c= 0.0, d= 0.0 Request successfully executed.
05-12-2024 15:11:33 - INFO - Sending request to Setting Chamber Zones to a= 0.0, b= 0.0, c= 0.0, d= 0.0 with timeout of 5s...
05-12-2024 15:11:33 - INFO - Setting Chamber Zones to a= 0.0, b= 0.0, c= 0.0, d= 0.0 request successfully sent.
05-12-2024 15:11:33 - INFO - Response from moonraker: {'result': 'ok'}
05-12-2024 15:11:33 - INFO - Setting Chamber Zones to a= 0.0, b= 0.0, c= 0.0, d= 0.0 Request successfully executed.
05-12-2024 15:11:34 - INFO - Sending request to Setting Chamber Zones to a= 0.0, b= 0.0, c= 0.0, d= 0.0 with timeout of 5s...
05-12-2024 15:11:34 - INFO - Setting Chamber Zones to a= 0.0, b= 0.0, c= 0.0, d= 0.0 request successfully sent.
05-12-2024 15:11:34 - INFO - Response from moonraker: {'result': 'ok'}
05-12-2024 15:11:34 - INFO - Setting Chamber Zones to a= 0.0, b= 0.0, c= 0.0, d= 0.0 Request successfully executed.
05-12-2024 15:11:34 - INFO - Sending request to Setting Chamber Zones to a= 0.0, b= 0.0, c= 0.0, d= 0.0 with timeout of 5s...
05-12-2024 15:11:34 - INFO - Setting Chamber Zones to a= 0.0, b= 0.0, c= 0.0, d= 0.0 request successfully sent.
05-12-2024 15:11:34 - INFO - Response from moonraker: {'result': 'ok'}
05-12-2024 15:11:34 - INFO - Setting Chamber Zones to a= 0.0, b= 0.0, c= 0.0, d= 0.0 Request successfully executed.
05-12-2024 15:11:34 - INFO - Sending request to Setting Chamber Zones to a= 0.0, b= 0.0, c= 0.0, d= 0.0 with timeout of 5s...
05-12-2024 15:11:34 - INFO - Setting Chamber Zones to a= 0.0, b= 0.0, c= 0.0, d= 0.0 request successfully sent.
05-12-2024 15:11:34 - INFO - Response from moonraker: {'result': 'ok'}
05-12-2024 15:11:34 - INFO - Setting Chamber Zones to a= 0.0, b= 0.0, c= 0.0, d= 0.0 Request successfully executed.
05-12-2024 15:11:34 - INFO - Sending request to Setting Chamber Zones to a= 0.0, b= 0.0, c= 0.0, d= 0.0 with timeout of 5s...
05-12-2024 15:11:34 - INFO - Setting Chamber Zones to a= 0.0, b= 0.0, c= 0.0, d= 0.0 request successfully sent.
05-12-2024 15:11:34 - INFO - Response from moonraker: {'result': 'ok'}
05-12-2024 15:11:34 - INFO - Setting Chamber Zones to a= 0.0, b= 0.0, c= 0.0, d= 0.0 Request successfully executed.
05-12-2024 15:11:34 - INFO - Sending request to Setting Chamber Zones to a= 0.0, b= 0.0, c= 0.0, d= 0.0 with timeout of 5s...
05-12-2024 15:11:34 - INFO - Setting Chamber Zones to a= 0.0, b= 0.0, c= 0.0, d= 0.0 request successfully sent.
05-12-2024 15:11:34 - INFO - Response from moonraker: {'result': 'ok'}
05-12-2024 15:11:34 - INFO - Setting Chamber Zones to a= 0.0, b= 0.0, c= 0.0, d= 0.0 Request successfully executed.
05-12-2024 15:11:35 - INFO - Sending request to Setting Chamber Zones to a= 0.0, b= 0.0, c= 0.0, d= 0.0 with timeout of 5s...
05-12-2024 15:11:35 - INFO - Setting Chamber Zones to a= 0.0, b= 0.0, c= 0.0, d= 0.0 request successfully sent.
05-12-2024 15:11:35 - INFO - Response from moonraker: {'result': 'ok'}
05-12-2024 15:11:35 - INFO - Setting Chamber Zones to a= 0.0, b= 0.0, c= 0.0, d= 0.0 Request successfully executed.
05-12-2024 15:11:35 - INFO - Sending request to Setting Chamber Zones to a= 0.0, b= 0.0, c= 0.0, d= 0.0 with timeout of 5s...
05-12-2024 15:11:35 - INFO - Setting Chamber Zones to a= 0.0, b= 0.0, c= 0.0, d= 0.0 request successfully sent.
05-12-2024 15:11:35 - INFO - Response from moonraker: {'result': 'ok'}
05-12-2024 15:11:35 - INFO - Setting Chamber Zones to a= 0.0, b= 0.0, c= 0.0, d= 0.0 Request successfully executed.
05-12-2024 15:11:35 - INFO - Sending request to Setting Chamber Zones to a= 0.0, b= 0.0, c= 0.0, d= 0.0 with timeout of 5s...
05-12-2024 15:11:35 - INFO - Setting Chamber Zones to a= 0.0, b= 0.0, c= 0.0, d= 0.0 request successfully sent.
05-12-2024 15:11:35 - INFO - Response from moonraker: {'result': 'ok'}
05-12-2024 15:11:35 - INFO - Setting Chamber Zones to a= 0.0, b= 0.0, c= 0.0, d= 0.0 Request successfully executed.
05-12-2024 15:11:35 - INFO - Sending request to Setting Chamber Zones to a= 0.0, b= 0.0, c= 0.0, d= 0.0 with timeout of 5s...
05-12-2024 15:11:35 - INFO - Setting Chamber Zones to a= 0.0, b= 0.0, c= 0.0, d= 0.0 request successfully sent.
05-12-2024 15:11:35 - INFO - Response from moonraker: {'result': 'ok'}
05-12-2024 15:11:35 - INFO - Setting Chamber Zones to a= 0.0, b= 0.0, c= 0.0, d= 0.0 Request successfully executed.
05-12-2024 15:11:35 - INFO - Sending request to Setting Chamber Zones to a= 0.0, b= 0.0, c= 0.0, d= 0.0 with timeout of 5s...
05-12-2024 15:11:35 - INFO - Setting Chamber Zones to a= 0.0, b= 0.0, c= 0.0, d= 0.0 request successfully sent.
05-12-2024 15:11:35 - INFO - Response from moonraker: {'result': 'ok'}
05-12-2024 15:11:35 - INFO - Setting Chamber Zones to a= 0.0, b= 0.0, c= 0.0, d= 0.0 Request successfully executed.
05-12-2024 15:11:36 - INFO - Sending request to Setting Chamber Zones to a= 0.0, b= 0.0, c= 0.0, d= 0.0 with timeout of 5s...
05-12-2024 15:11:36 - INFO - Setting Chamber Zones to a= 0.0, b= 0.0, c= 0.0, d= 0.0 request successfully sent.
05-12-2024 15:11:36 - INFO - Response from moonraker: {'result': 'ok'}
05-12-2024 15:11:36 - INFO - Setting Chamber Zones to a= 0.0, b= 0.0, c= 0.0, d= 0.0 Request successfully executed.
05-12-2024 15:11:36 - INFO - Sending request to Setting Chamber Zones to a= 0.0, b= 0.0, c= 0.0, d= 0.0 with timeout of 5s...
05-12-2024 15:11:36 - INFO - Setting Chamber Zones to a= 0.0, b= 0.0, c= 0.0, d= 0.0 request successfully sent.
05-12-2024 15:11:36 - INFO - Response from moonraker: {'result': 'ok'}
05-12-2024 15:11:36 - INFO - Setting Chamber Zones to a= 0.0, b= 0.0, c= 0.0, d= 0.0 Request successfully executed.
05-12-2024 15:11:36 - INFO - Sending request to Setting Chamber Zones to a= 0.0, b= 0.0, c= 0.0, d= 0.0 with timeout of 5s...
05-12-2024 15:11:36 - INFO - Setting Chamber Zones to a= 0.0, b= 0.0, c= 0.0, d= 0.0 request successfully sent.
05-12-2024 15:11:36 - INFO - Response from moonraker: {'result': 'ok'}
05-12-2024 15:11:36 - INFO - Setting Chamber Zones to a= 0.0, b= 0.0, c= 0.0, d= 0.0 Request successfully executed.
05-12-2024 15:11:36 - INFO - Sending request to Setting Chamber Zones to a= 0.0, b= 0.0, c= 0.0, d= 0.0 with timeout of 5s...
05-12-2024 15:11:36 - INFO - Setting Chamber Zones to a= 0.0, b= 0.0, c= 0.0, d= 0.0 request successfully sent.
05-12-2024 15:11:36 - INFO - Response from moonraker: {'result': 'ok'}
05-12-2024 15:11:36 - INFO - Setting Chamber Zones to a= 0.0, b= 0.0, c= 0.0, d= 0.0 Request successfully executed.
05-12-2024 15:11:36 - INFO - Sending request to Setting Chamber Zones to a= 0.0, b= 0.0, c= 0.0, d= 0.0 with timeout of 5s...
05-12-2024 15:11:36 - INFO - Setting Chamber Zones to a= 0.0, b= 0.0, c= 0.0, d= 0.0 request successfully sent.
05-12-2024 15:11:36 - INFO - Response from moonraker: {'result': 'ok'}
05-12-2024 15:11:36 - INFO - Setting Chamber Zones to a= 0.0, b= 0.0, c= 0.0, d= 0.0 Request successfully executed.
05-12-2024 15:11:37 - INFO - Sending request to Setting Chamber Zones to a= 0.0, b= 0.0, c= 0.0, d= 0.0 with timeout of 5s...
05-12-2024 15:11:37 - INFO - Setting Chamber Zones to a= 0.0, b= 0.0, c= 0.0, d= 0.0 request successfully sent.
05-12-2024 15:11:37 - INFO - Response from moonraker: {'result': 'ok'}
05-12-2024 15:11:37 - INFO - Setting Chamber Zones to a= 0.0, b= 0.0, c= 0.0, d= 0.0 Request successfully executed.
05-12-2024 15:11:37 - INFO - Sending request to Setting Chamber Zones to a= 0.0, b= 0.0, c= 0.0, d= 0.0 with timeout of 5s...
05-12-2024 15:11:37 - INFO - Setting Chamber Zones to a= 0.0, b= 0.0, c= 0.0, d= 0.0 request successfully sent.
05-12-2024 15:11:37 - INFO - Response from moonraker: {'result': 'ok'}
05-12-2024 15:11:37 - INFO - Setting Chamber Zones to a= 0.0, b= 0.0, c= 0.0, d= 0.0 Request successfully executed.
05-12-2024 15:11:37 - INFO - Sending request to Setting Chamber Zones to a= 0.0, b= 0.0, c= 0.0, d= 0.0 with timeout of 5s...
05-12-2024 15:11:37 - INFO - Setting Chamber Zones to a= 0.0, b= 0.0, c= 0.0, d= 0.0 request successfully sent.
05-12-2024 15:11:37 - INFO - Response from moonraker: {'result': 'ok'}
05-12-2024 15:11:37 - INFO - Setting Chamber Zones to a= 0.0, b= 0.0, c= 0.0, d= 0.0 Request successfully executed.
05-12-2024 15:11:37 - INFO - Sending request to Setting Chamber Zones to a= 0.0, b= 0.0, c= 0.0, d= 0.0 with timeout of 5s...
05-12-2024 15:11:37 - INFO - Setting Chamber Zones to a= 0.0, b= 0.0, c= 0.0, d= 0.0 request successfully sent.
05-12-2024 15:11:37 - INFO - Response from moonraker: {'result': 'ok'}
05-12-2024 15:11:37 - INFO - Setting Chamber Zones to a= 0.0, b= 0.0, c= 0.0, d= 0.0 Request successfully executed.
05-12-2024 15:11:37 - INFO - Sending request to Setting Chamber Zones to a= 0.0, b= 0.0, c= 0.0, d= 0.0 with timeout of 5s...
05-12-2024 15:11:38 - INFO - Sending request to Setting Chamber Zones to a= 0.0, b= 0.0, c= 0.0, d= 0.0 with timeout of 5s...
05-12-2024 15:11:38 - INFO - Sending request to Setting Chamber Zones to a= 0.0, b= 0.0, c= 0.0, d= 0.0 with timeout of 5s...
05-12-2024 15:11:38 - INFO - Sending request to Setting Chamber Zones to a= 0.0, b= 0.0, c= 0.0, d= 0.0 with timeout of 5s...
05-12-2024 15:11:38 - INFO - Sending request to Setting Chamber Zones to a= 0.0, b= 0.0, c= 0.0, d= 0.0 with timeout of 5s...
05-12-2024 15:11:38 - INFO - Sending request to Setting Chamber Zones to a= 0.0, b= 0.0, c= 0.0, d= 0.0 with timeout of 5s...
05-12-2024 15:11:39 - INFO - Sending request to Setting Chamber Zones to a= 0.0, b= 0.0, c= 0.0, d= 0.0 with timeout of 5s...
05-12-2024 15:11:39 - INFO - Sending request to Setting Chamber Zones to a= 0.0, b= 0.0, c= 0.0, d= 0.0 with timeout of 5s...
05-12-2024 15:11:39 - INFO - Sending request to Setting Chamber Zones to a= 0.0, b= 0.0, c= 0.0, d= 0.0 with timeout of 5s...
05-12-2024 15:11:39 - INFO - Sending request to Setting Chamber Zones to a= 0.0, b= 0.0, c= 0.0, d= 0.0 with timeout of 5s...
05-12-2024 15:11:39 - INFO - Sending request to Setting Chamber Zones to a= 0.0, b= 0.0, c= 0.0, d= 0.0 with timeout of 5s...
05-12-2024 15:11:40 - INFO - Sending request to Setting Chamber Zones to a= 0.0, b= 0.0, c= 0.0, d= 0.0 with timeout of 5s...
05-12-2024 15:11:40 - INFO - Sending request to Setting Chamber Zones to a= 0.0, b= 0.0, c= 0.0, d= 0.0 with timeout of 5s...
05-12-2024 15:11:40 - INFO - Sending request to Setting Chamber Zones to a= 0.0, b= 0.0, c= 0.0, d= 0.0 with timeout of 5s...
05-12-2024 15:11:40 - INFO - Sending request to Setting Chamber Zones to a= 0.0, b= 0.0, c= 0.0, d= 0.0 with timeout of 5s...
05-12-2024 15:11:40 - INFO - Sending request to Setting Chamber Zones to a= 0.0, b= 0.0, c= 0.0, d= 0.0 with timeout of 5s...
05-12-2024 15:11:41 - INFO - Sending request to Setting Chamber Zones to a= 0.0, b= 0.0, c= 0.0, d= 0.0 with timeout of 5s...
05-12-2024 15:11:41 - INFO - Sending request to Setting Chamber Zones to a= 0.0, b= 0.0, c= 0.0, d= 0.0 with timeout of 5s...
05-12-2024 15:11:41 - INFO - Sending request to Setting Chamber Zones to a= 0.0, b= 0.0, c= 0.0, d= 0.0 with timeout of 5s...
05-12-2024 15:11:41 - INFO - Sending request to Setting Chamber Zones to a= 0.0, b= 0.0, c= 0.0, d= 0.0 with timeout of 5s...
05-12-2024 15:11:41 - INFO - Sending request to Setting Chamber Zones to a= 0.0, b= 0.0, c= 0.0, d= 0.0 with timeout of 5s...
05-12-2024 15:11:42 - INFO - Sending request to Setting Chamber Zones to a= 0.0, b= 0.0, c= 0.0, d= 0.0 with timeout of 5s...
05-12-2024 15:11:42 - INFO - Sending request to Setting Chamber Zones to a= 0.0, b= 0.0, c= 0.0, d= 0.0 with timeout of 5s...
05-12-2024 15:11:42 - INFO - Sending request to Setting Chamber Zones to a= 0.0, b= 0.0, c= 0.0, d= 0.0 with timeout of 5s...
05-12-2024 15:11:42 - INFO - Sending request to Setting Chamber Zones to a= 0.0, b= 0.0, c= 0.0, d= 0.0 with timeout of 5s...
05-12-2024 15:11:42 - INFO - Sending request to Setting Chamber Zones to a= 0.0, b= 0.0, c= 0.0, d= 0.0 with timeout of 5s...
05-12-2024 15:11:42 - ERROR - E102 : Setting Chamber Zones to a= 0.0, b= 0.0, c= 0.0, d= 0.0 Request to Moonraker Timed out 
 Setting Chamber Zones to a= 0.0, b= 0.0, c= 0.0, d= 0.0 not successful
 Initiating firmware restart
05-12-2024 15:11:43 - INFO - Sending request to Setting Chamber Zones to a= 0.0, b= 0.0, c= 0.0, d= 0.0 with timeout of 5s...
05-12-2024 15:11:43 - INFO - Sending request to Setting Chamber Zones to a= 0.0, b= 0.0, c= 0.0, d= 0.0 with timeout of 5s...
05-12-2024 15:11:43 - INFO - Sending request to Setting Chamber Zones to a= 0.0, b= 0.0, c= 0.0, d= 0.0 with timeout of 5s...
05-12-2024 15:11:43 - INFO - Sending request to Setting Chamber Zones to a= 0.0, b= 0.0, c= 0.0, d= 0.0 with timeout of 5s...
05-12-2024 15:11:43 - INFO - Sending request to Setting Chamber Zones to a= 0.0, b= 0.0, c= 0.0, d= 0.0 with timeout of 5s...
05-12-2024 15:11:44 - INFO - Sending request to Setting Chamber Zones to a= 0.0, b= 0.0, c= 0.0, d= 0.0 with timeout of 5s...
05-12-2024 15:11:44 - INFO - Sending request to Setting Chamber Zones to a= 0.0, b= 0.0, c= 0.0, d= 0.0 with timeout of 5s...
05-12-2024 15:11:44 - INFO - Sending request to Setting Chamber Zones to a= 0.0, b= 0.0, c= 0.0, d= 0.0 with timeout of 5s...
05-12-2024 15:11:44 - INFO - Sending request to Setting Chamber Zones to a= 0.0, b= 0.0, c= 0.0, d= 0.0 with timeout of 5s...
05-12-2024 15:11:44 - INFO - Sending request to Setting Chamber Zones to a= 0.0, b= 0.0, c= 0.0, d= 0.0 with timeout of 5s...
05-12-2024 15:11:45 - INFO - Sending request to Setting Chamber Zones to a= 0.0, b= 0.0, c= 0.0, d= 0.0 with timeout of 5s...
05-12-2024 15:11:45 - INFO - Sending request to Setting Chamber Zones to a= 0.0, b= 0.0, c= 0.0, d= 0.0 with timeout of 5s...
05-12-2024 15:11:45 - INFO - Sending request to Setting Chamber Zones to a= 0.0, b= 0.0, c= 0.0, d= 0.0 with timeout of 5s...
05-12-2024 15:11:45 - INFO - Sending request to Setting Chamber Zones to a= 0.0, b= 0.0, c= 0.0, d= 0.0 with timeout of 5s...
05-12-2024 15:11:45 - INFO - Sending request to Setting Chamber Zones to a= 0.0, b= 0.0, c= 0.0, d= 0.0 with timeout of 5s...
05-12-2024 15:11:46 - INFO - Sending request to Setting Chamber Zones to a= 0.0, b= 0.0, c= 0.0, d= 0.0 with timeout of 5s...
05-12-2024 15:11:46 - INFO - Sending request to Setting Chamber Zones to a= 0.0, b= 0.0, c= 0.0, d= 0.0 with timeout of 5s...
05-12-2024 15:11:46 - INFO - Sending request to Setting Chamber Zones to a= 0.0, b= 0.0, c= 0.0, d= 0.0 with timeout of 5s...
05-12-2024 15:11:46 - INFO - Sending request to Setting Chamber Zones to a= 0.0, b= 0.0, c= 0.0, d= 0.0 with timeout of 5s...
05-12-2024 15:11:46 - INFO - Sending request to Setting Chamber Zones to a= 0.0, b= 0.0, c= 0.0, d= 0.0 with timeout of 5s...
05-12-2024 15:11:47 - INFO - Sending request to Setting Chamber Zones to a= 0.0, b= 0.0, c= 0.0, d= 0.0 with timeout of 5s...
05-12-2024 15:11:47 - INFO - Sending request to Setting Chamber Zones to a= 0.0, b= 0.0, c= 0.0, d= 0.0 with timeout of 5s...
05-12-2024 15:11:47 - INFO - Sending request to Setting Chamber Zones to a= 0.0, b= 0.0, c= 0.0, d= 0.0 with timeout of 5s...
05-12-2024 15:11:47 - INFO - Sending request to Setting Chamber Zones to a= 0.0, b= 0.0, c= 0.0, d= 0.0 with timeout of 5s...
05-12-2024 15:11:47 - INFO - Sending request to Setting Chamber Zones to a= 0.0, b= 0.0, c= 0.0, d= 0.0 with timeout of 5s...
05-12-2024 15:11:48 - INFO - Sending request to Setting Chamber Zones to a= 0.0, b= 0.0, c= 0.0, d= 0.0 with timeout of 5s...
05-12-2024 15:11:48 - INFO - Sending request to Setting Chamber Zones to a= 0.0, b= 0.0, c= 0.0, d= 0.0 with timeout of 5s...
05-12-2024 15:11:48 - INFO - Sending request to Setting Chamber Zones to a= 0.0, b= 0.0, c= 0.0, d= 0.0 with timeout of 5s...
05-12-2024 15:11:48 - INFO - Sending request to Setting Chamber Zones to a= 0.0, b= 0.0, c= 0.0, d= 0.0 with timeout of 5s...
05-12-2024 15:11:48 - INFO - Sending request to Setting Chamber Zones to a= 0.0, b= 0.0, c= 0.0, d= 0.0 with timeout of 5s...
05-12-2024 15:11:49 - INFO - Sending request to Setting Chamber Zones to a= 0.0, b= 0.0, c= 0.0, d= 0.0 with timeout of 5s...
05-12-2024 15:11:49 - INFO - Sending request to Setting Chamber Zones to a= 0.0, b= 0.0, c= 0.0, d= 0.0 with timeout of 5s...
05-12-2024 15:11:49 - INFO - Sending request to Setting Chamber Zones to a= 0.0, b= 0.0, c= 0.0, d= 0.0 with timeout of 5s...
05-12-2024 15:11:49 - INFO - Sending request to Setting Chamber Zones to a= 0.0, b= 0.0, c= 0.0, d= 0.0 with timeout of 5s...
05-12-2024 15:11:49 - INFO - Sending request to Setting Chamber Zones to a= 0.0, b= 0.0, c= 0.0, d= 0.0 with timeout of 5s...
05-12-2024 15:11:50 - INFO - Sending request to Setting Chamber Zones to a= 0.0, b= 0.0, c= 0.0, d= 0.0 with timeout of 5s...
05-12-2024 15:11:50 - INFO - Sending request to Setting Chamber Zones to a= 4.200000000007338e-05, b= 1.0500000000018344e-05, c= 4.200000000007338e-05, d= 1.0500000000018344e-05 with timeout of 5s...
05-12-2024 15:11:50 - INFO - Sending request to Setting Chamber Zones to a= 7.28583859910259e-17, b= 1.8214596497756474e-17, c= 7.28583859910259e-17, d= 1.8214596497756474e-17 with timeout of 5s...
05-12-2024 15:11:50 - INFO - Sending request to Setting Chamber Zones to a= 0.005066000000000145, b= 0.0012665000000000363, c= 0.005066000000000145, d= 0.0012665000000000363 with timeout of 5s...
05-12-2024 15:11:50 - INFO - Sending request to Setting Chamber Zones to a= 0.01008999999999986, b= 0.002522499999999965, c= 0.01008999999999986, d= 0.002522499999999965 with timeout of 5s...
05-12-2024 15:11:51 - INFO - Sending request to Setting Chamber Zones to a= 0.010063999999999861, b= 0.0025159999999999653, c= 0.010063999999999861, d= 0.0025159999999999653 with timeout of 5s...
05-12-2024 15:11:51 - INFO - Sending request to Setting Chamber Zones to a= 0.010087999999999861, b= 0.0025219999999999652, c= 0.010087999999999861, d= 0.0025219999999999652 with timeout of 5s...
05-12-2024 15:11:51 - INFO - Sending request to Setting Chamber Zones to a= 0.01011199999999986, b= 0.002527999999999965, c= 0.01011199999999986, d= 0.002527999999999965 with timeout of 5s...
05-12-2024 15:11:51 - INFO - Sending request to Setting Chamber Zones to a= 0.7738940000000001, b= 0.19347350000000002, c= 0.7738940000000001, d= 0.19347350000000002 with timeout of 5s...
05-12-2024 15:11:51 - INFO - Sending request to Setting Chamber Zones to a= 0.772634, b= 0.1931585, c= 0.772634, d= 0.1931585 with timeout of 5s...
05-12-2024 15:11:52 - INFO - Sending request to Setting Chamber Zones to a= 0.7738240000000001, b= 0.19345600000000002, c= 0.7738240000000001, d= 0.19345600000000002 with timeout of 5s...
05-12-2024 15:11:52 - INFO - Sending request to Setting Chamber Zones to a= 0.775064, b= 0.193766, c= 0.775064, d= 0.193766 with timeout of 5s...
05-12-2024 15:11:52 - INFO - Sending request to Setting Chamber Zones to a= 0.3564900000000002, b= 0.08912250000000005, c= 0.3564900000000002, d= 0.08912250000000005 with timeout of 5s...
05-12-2024 15:11:52 - INFO - Sending request to Setting Chamber Zones to a= 0.3359260000000003, b= 0.08398150000000007, c= 0.3359260000000003, d= 0.08398150000000007 with timeout of 5s...
05-12-2024 15:11:52 - INFO - Sending request to Setting Chamber Zones to a= 0.33165400000000006, b= 0.08291350000000001, c= 0.33165400000000006, d= 0.08291350000000001 with timeout of 5s...
05-12-2024 15:11:53 - INFO - Sending request to Setting Chamber Zones to a= 0.3170579999999999, b= 0.07926449999999997, c= 0.3170579999999999, d= 0.07926449999999997 with timeout of 5s...
05-12-2024 15:11:53 - INFO - Setting Chamber Zones to a= 0.3170579999999999, b= 0.07926449999999997, c= 0.3170579999999999, d= 0.07926449999999997 request successfully sent.
05-12-2024 15:11:53 - INFO - Response from moonraker: {'result': 'ok'}
05-12-2024 15:11:53 - INFO - Setting Chamber Zones to a= 0.3170579999999999, b= 0.07926449999999997, c= 0.3170579999999999, d= 0.07926449999999997 Request successfully executed.
05-12-2024 15:11:53 - INFO - Sending request to Setting Chamber Zones to a= 0.29747999999999997, b= 0.07436999999999999, c= 0.29747999999999997, d= 0.07436999999999999 with timeout of 5s...
05-12-2024 15:11:53 - INFO - Setting Chamber Zones to a= 0.29747999999999997, b= 0.07436999999999999, c= 0.29747999999999997, d= 0.07436999999999999 request successfully sent.
05-12-2024 15:11:53 - INFO - Response from moonraker: {'result': 'ok'}
05-12-2024 15:11:53 - INFO - Setting Chamber Zones to a= 0.29747999999999997, b= 0.07436999999999999, c= 0.29747999999999997, d= 0.07436999999999999 Request successfully executed.
05-12-2024 15:11:53 - INFO - Sending request to Setting Chamber Zones to a= 0.2880360000000002, b= 0.07200900000000005, c= 0.2880360000000002, d= 0.07200900000000005 with timeout of 5s...
05-12-2024 15:11:53 - INFO - Setting Chamber Zones to a= 0.2880360000000002, b= 0.07200900000000005, c= 0.2880360000000002, d= 0.07200900000000005 request successfully sent.
05-12-2024 15:11:53 - INFO - Response from moonraker: {'result': 'ok'}
05-12-2024 15:11:53 - INFO - Setting Chamber Zones to a= 0.2880360000000002, b= 0.07200900000000005, c= 0.2880360000000002, d= 0.07200900000000005 Request successfully executed.
05-12-2024 15:11:53 - INFO - Sending request to Setting Chamber Zones to a= 0.25824400000000003, b= 0.06456100000000001, c= 0.25824400000000003, d= 0.06456100000000001 with timeout of 5s...
05-12-2024 15:11:53 - INFO - Setting Chamber Zones to a= 0.25824400000000003, b= 0.06456100000000001, c= 0.25824400000000003, d= 0.06456100000000001 request successfully sent.
05-12-2024 15:11:53 - INFO - Response from moonraker: {'result': 'ok'}
05-12-2024 15:11:53 - INFO - Setting Chamber Zones to a= 0.25824400000000003, b= 0.06456100000000001, c= 0.25824400000000003, d= 0.06456100000000001 Request successfully executed.
05-12-2024 15:11:53 - INFO - Sending request to Setting Chamber Zones to a= 0.253894, b= 0.0634735, c= 0.253894, d= 0.0634735 with timeout of 5s...
05-12-2024 15:11:53 - INFO - Setting Chamber Zones to a= 0.253894, b= 0.0634735, c= 0.253894, d= 0.0634735 request successfully sent.
05-12-2024 15:11:53 - INFO - Response from moonraker: {'result': 'ok'}
05-12-2024 15:11:53 - INFO - Setting Chamber Zones to a= 0.253894, b= 0.0634735, c= 0.253894, d= 0.0634735 Request successfully executed.
05-12-2024 15:11:54 - INFO - Sending request to Setting Chamber Zones to a= 0.24928599999999995, b= 0.06232149999999999, c= 0.24928599999999995, d= 0.06232149999999999 with timeout of 5s...
05-12-2024 15:11:54 - INFO - Setting Chamber Zones to a= 0.24928599999999995, b= 0.06232149999999999, c= 0.24928599999999995, d= 0.06232149999999999 request successfully sent.
05-12-2024 15:11:54 - INFO - Response from moonraker: {'result': 'ok'}
05-12-2024 15:11:54 - INFO - Setting Chamber Zones to a= 0.24928599999999995, b= 0.06232149999999999, c= 0.24928599999999995, d= 0.06232149999999999 Request successfully executed.
05-12-2024 15:11:54 - INFO - Sending request to Setting Chamber Zones to a= 0.23961200000000016, b= 0.05990300000000004, c= 0.23961200000000016, d= 0.05990300000000004 with timeout of 5s...
05-12-2024 15:11:54 - INFO - Setting Chamber Zones to a= 0.23961200000000016, b= 0.05990300000000004, c= 0.23961200000000016, d= 0.05990300000000004 request successfully sent.
05-12-2024 15:11:54 - INFO - Response from moonraker: {'result': 'ok'}
05-12-2024 15:11:54 - INFO - Setting Chamber Zones to a= 0.23961200000000016, b= 0.05990300000000004, c= 0.23961200000000016, d= 0.05990300000000004 Request successfully executed.
05-12-2024 15:11:54 - INFO - Sending request to Setting Chamber Zones to a= 0.24008800000000016, b= 0.06002200000000004, c= 0.24008800000000016, d= 0.06002200000000004 with timeout of 5s...
05-12-2024 15:11:54 - INFO - Setting Chamber Zones to a= 0.24008800000000016, b= 0.06002200000000004, c= 0.24008800000000016, d= 0.06002200000000004 request successfully sent.
05-12-2024 15:11:54 - INFO - Response from moonraker: {'result': 'ok'}
05-12-2024 15:11:54 - INFO - Setting Chamber Zones to a= 0.24008800000000016, b= 0.06002200000000004, c= 0.24008800000000016, d= 0.06002200000000004 Request successfully executed.
05-12-2024 15:11:54 - INFO - Sending request to Setting Chamber Zones to a= 0.23034800000000005, b= 0.05758700000000001, c= 0.23034800000000005, d= 0.05758700000000001 with timeout of 5s...
05-12-2024 15:11:54 - INFO - Setting Chamber Zones to a= 0.23034800000000005, b= 0.05758700000000001, c= 0.23034800000000005, d= 0.05758700000000001 request successfully sent.
05-12-2024 15:11:54 - INFO - Response from moonraker: {'result': 'ok'}
05-12-2024 15:11:54 - INFO - Setting Chamber Zones to a= 0.23034800000000005, b= 0.05758700000000001, c= 0.23034800000000005, d= 0.05758700000000001 Request successfully executed.
05-12-2024 15:11:54 - INFO - Sending request to Setting Chamber Zones to a= 0.22069199999999983, b= 0.05517299999999996, c= 0.22069199999999983, d= 0.05517299999999996 with timeout of 5s...
05-12-2024 15:11:54 - INFO - Setting Chamber Zones to a= 0.22069199999999983, b= 0.05517299999999996, c= 0.22069199999999983, d= 0.05517299999999996 request successfully sent.
05-12-2024 15:11:54 - INFO - Response from moonraker: {'result': 'ok'}
05-12-2024 15:11:54 - INFO - Setting Chamber Zones to a= 0.22069199999999983, b= 0.05517299999999996, c= 0.22069199999999983, d= 0.05517299999999996 Request successfully executed.
05-12-2024 15:11:55 - INFO - Sending request to Setting Chamber Zones to a= 0.2211359999999999, b= 0.05528399999999997, c= 0.2211359999999999, d= 0.05528399999999997 with timeout of 5s...
05-12-2024 15:11:55 - INFO - Setting Chamber Zones to a= 0.2211359999999999, b= 0.05528399999999997, c= 0.2211359999999999, d= 0.05528399999999997 request successfully sent.
05-12-2024 15:11:55 - INFO - Response from moonraker: {'result': 'ok'}
05-12-2024 15:11:55 - INFO - Setting Chamber Zones to a= 0.2211359999999999, b= 0.05528399999999997, c= 0.2211359999999999, d= 0.05528399999999997 Request successfully executed.
05-12-2024 15:11:55 - INFO - Sending request to Setting Chamber Zones to a= 0.21642200000000017, b= 0.05410550000000004, c= 0.21642200000000017, d= 0.05410550000000004 with timeout of 5s...
05-12-2024 15:11:55 - INFO - Setting Chamber Zones to a= 0.21642200000000017, b= 0.05410550000000004, c= 0.21642200000000017, d= 0.05410550000000004 request successfully sent.
05-12-2024 15:11:55 - INFO - Response from moonraker: {'result': 'ok'}
05-12-2024 15:11:55 - INFO - Setting Chamber Zones to a= 0.21642200000000017, b= 0.05410550000000004, c= 0.21642200000000017, d= 0.05410550000000004 Request successfully executed.
05-12-2024 15:11:55 - INFO - Sending request to Setting Chamber Zones to a= 0.21680800000000017, b= 0.05420200000000004, c= 0.21680800000000017, d= 0.05420200000000004 with timeout of 5s...
05-12-2024 15:11:55 - INFO - Setting Chamber Zones to a= 0.21680800000000017, b= 0.05420200000000004, c= 0.21680800000000017, d= 0.05420200000000004 request successfully sent.
05-12-2024 15:11:55 - INFO - Response from moonraker: {'result': 'ok'}
05-12-2024 15:11:55 - INFO - Setting Chamber Zones to a= 0.21680800000000017, b= 0.05420200000000004, c= 0.21680800000000017, d= 0.05420200000000004 Request successfully executed.
05-12-2024 15:11:55 - INFO - Sending request to Setting Chamber Zones to a= 0.20702800000000005, b= 0.05175700000000001, c= 0.20702800000000005, d= 0.05175700000000001 with timeout of 5s...
05-12-2024 15:11:55 - INFO - Setting Chamber Zones to a= 0.20702800000000005, b= 0.05175700000000001, c= 0.20702800000000005, d= 0.05175700000000001 request successfully sent.
05-12-2024 15:11:55 - INFO - Response from moonraker: {'result': 'ok'}
05-12-2024 15:11:55 - INFO - Setting Chamber Zones to a= 0.20702800000000005, b= 0.05175700000000001, c= 0.20702800000000005, d= 0.05175700000000001 Request successfully executed.
05-12-2024 15:11:55 - INFO - Sending request to Setting Chamber Zones to a= 0.20238999999999996, b= 0.05059749999999999, c= 0.20238999999999996, d= 0.05059749999999999 with timeout of 5s...
05-12-2024 15:11:55 - INFO - Setting Chamber Zones to a= 0.20238999999999996, b= 0.05059749999999999, c= 0.20238999999999996, d= 0.05059749999999999 request successfully sent.
05-12-2024 15:11:55 - INFO - Response from moonraker: {'result': 'ok'}
05-12-2024 15:11:55 - INFO - Setting Chamber Zones to a= 0.20238999999999996, b= 0.05059749999999999, c= 0.20238999999999996, d= 0.05059749999999999 Request successfully executed.
05-12-2024 15:11:56 - INFO - Sending request to Setting Chamber Zones to a= 0.19263600000000017, b= 0.04815900000000004, c= 0.19263600000000017, d= 0.04815900000000004 with timeout of 5s...
05-12-2024 15:11:56 - INFO - Setting Chamber Zones to a= 0.19263600000000017, b= 0.04815900000000004, c= 0.19263600000000017, d= 0.04815900000000004 request successfully sent.
05-12-2024 15:11:56 - INFO - Response from moonraker: {'result': 'ok'}
05-12-2024 15:11:56 - INFO - Setting Chamber Zones to a= 0.19263600000000017, b= 0.04815900000000004, c= 0.19263600000000017, d= 0.04815900000000004 Request successfully executed.
05-12-2024 15:11:56 - INFO - Sending request to Setting Chamber Zones to a= 0.16774200000000014, b= 0.041935500000000035, c= 0.16774200000000014, d= 0.041935500000000035 with timeout of 5s...
05-12-2024 15:11:56 - INFO - Setting Chamber Zones to a= 0.16774200000000014, b= 0.041935500000000035, c= 0.16774200000000014, d= 0.041935500000000035 request successfully sent.
05-12-2024 15:11:56 - INFO - Response from moonraker: {'result': 'ok'}
05-12-2024 15:11:56 - INFO - Setting Chamber Zones to a= 0.16774200000000014, b= 0.041935500000000035, c= 0.16774200000000014, d= 0.041935500000000035 Request successfully executed.
05-12-2024 15:11:56 - INFO - Sending request to Setting Chamber Zones to a= 0.14801599999999987, b= 0.03700399999999997, c= 0.14801599999999987, d= 0.03700399999999997 with timeout of 5s...
05-12-2024 15:11:56 - INFO - Setting Chamber Zones to a= 0.14801599999999987, b= 0.03700399999999997, c= 0.14801599999999987, d= 0.03700399999999997 request successfully sent.
05-12-2024 15:11:56 - INFO - Response from moonraker: {'result': 'ok'}
05-12-2024 15:11:56 - INFO - Setting Chamber Zones to a= 0.14801599999999987, b= 0.03700399999999997, c= 0.14801599999999987, d= 0.03700399999999997 Request successfully executed.
05-12-2024 15:11:56 - INFO - Sending request to Setting Chamber Zones to a= 0.12820799999999993, b= 0.03205199999999998, c= 0.12820799999999993, d= 0.03205199999999998 with timeout of 5s...
05-12-2024 15:11:56 - INFO - Setting Chamber Zones to a= 0.12820799999999993, b= 0.03205199999999998, c= 0.12820799999999993, d= 0.03205199999999998 request successfully sent.
05-12-2024 15:11:56 - INFO - Response from moonraker: {'result': 'ok'}
05-12-2024 15:11:56 - INFO - Setting Chamber Zones to a= 0.12820799999999993, b= 0.03205199999999998, c= 0.12820799999999993, d= 0.03205199999999998 Request successfully executed.
05-12-2024 15:11:56 - INFO - Sending request to Setting Chamber Zones to a= 0.11848400000000016, b= 0.02962100000000004, c= 0.11848400000000016, d= 0.02962100000000004 with timeout of 5s...
05-12-2024 15:11:57 - INFO - Setting Chamber Zones to a= 0.11848400000000016, b= 0.02962100000000004, c= 0.11848400000000016, d= 0.02962100000000004 request successfully sent.
05-12-2024 15:11:57 - INFO - Response from moonraker: {'result': 'ok'}
05-12-2024 15:11:57 - INFO - Setting Chamber Zones to a= 0.11848400000000016, b= 0.02962100000000004, c= 0.11848400000000016, d= 0.02962100000000004 Request successfully executed.
05-12-2024 15:11:57 - INFO - Sending request to Setting Chamber Zones to a= 0.10358599999999994, b= 0.025896499999999986, c= 0.10358599999999994, d= 0.025896499999999986 with timeout of 5s...
05-12-2024 15:11:57 - INFO - Setting Chamber Zones to a= 0.10358599999999994, b= 0.025896499999999986, c= 0.10358599999999994, d= 0.025896499999999986 request successfully sent.
05-12-2024 15:11:57 - INFO - Response from moonraker: {'result': 'ok'}
05-12-2024 15:11:57 - INFO - Setting Chamber Zones to a= 0.10358599999999994, b= 0.025896499999999986, c= 0.10358599999999994, d= 0.025896499999999986 Request successfully executed.
05-12-2024 15:11:57 - INFO - Sending request to Setting Chamber Zones to a= 0.10388799999999994, b= 0.025971999999999985, c= 0.10388799999999994, d= 0.025971999999999985 with timeout of 5s...
05-12-2024 15:11:57 - INFO - Setting Chamber Zones to a= 0.10388799999999994, b= 0.025971999999999985, c= 0.10388799999999994, d= 0.025971999999999985 request successfully sent.
05-12-2024 15:11:57 - INFO - Response from moonraker: {'result': 'ok'}
05-12-2024 15:11:57 - INFO - Setting Chamber Zones to a= 0.10388799999999994, b= 0.025971999999999985, c= 0.10388799999999994, d= 0.025971999999999985 Request successfully executed.
05-12-2024 15:11:57 - INFO - Sending request to Setting Chamber Zones to a= 0.09898199999999986, b= 0.024745499999999965, c= 0.09898199999999986, d= 0.024745499999999965 with timeout of 5s...
05-12-2024 15:11:57 - INFO - Setting Chamber Zones to a= 0.09898199999999986, b= 0.024745499999999965, c= 0.09898199999999986, d= 0.024745499999999965 request successfully sent.
05-12-2024 15:11:57 - INFO - Response from moonraker: {'result': 'ok'}
05-12-2024 15:11:57 - INFO - Setting Chamber Zones to a= 0.09898199999999986, b= 0.024745499999999965, c= 0.09898199999999986, d= 0.024745499999999965 Request successfully executed.
05-12-2024 15:11:57 - INFO - Sending request to Setting Chamber Zones to a= 0.09917599999999986, b= 0.024793999999999965, c= 0.09917599999999986, d= 0.024793999999999965 with timeout of 5s...
05-12-2024 15:11:57 - INFO - Setting Chamber Zones to a= 0.09917599999999986, b= 0.024793999999999965, c= 0.09917599999999986, d= 0.024793999999999965 request successfully sent.
05-12-2024 15:11:57 - INFO - Response from moonraker: {'result': 'ok'}
05-12-2024 15:11:57 - INFO - Setting Chamber Zones to a= 0.09917599999999986, b= 0.024793999999999965, c= 0.09917599999999986, d= 0.024793999999999965 Request successfully executed.
05-12-2024 15:11:57 - INFO - Sending request to Setting Chamber Zones to a= 0.08920400000000007, b= 0.02230100000000002, c= 0.08920400000000007, d= 0.02230100000000002 with timeout of 5s...
05-12-2024 15:11:58 - INFO - Setting Chamber Zones to a= 0.08920400000000007, b= 0.02230100000000002, c= 0.08920400000000007, d= 0.02230100000000002 request successfully sent.
05-12-2024 15:11:58 - INFO - Response from moonraker: {'result': 'ok'}
05-12-2024 15:11:58 - INFO - Setting Chamber Zones to a= 0.08920400000000007, b= 0.02230100000000002, c= 0.08920400000000007, d= 0.02230100000000002 Request successfully executed.
05-12-2024 15:11:58 - INFO - Sending request to Setting Chamber Zones to a= 0.07425799999999987, b= 0.018564499999999966, c= 0.07425799999999987, d= 0.018564499999999966 with timeout of 5s...
05-12-2024 15:11:58 - INFO - Setting Chamber Zones to a= 0.07425799999999987, b= 0.018564499999999966, c= 0.07425799999999987, d= 0.018564499999999966 request successfully sent.
05-12-2024 15:11:58 - INFO - Response from moonraker: {'result': 'ok'}
05-12-2024 15:11:58 - INFO - Setting Chamber Zones to a= 0.07425799999999987, b= 0.018564499999999966, c= 0.07425799999999987, d= 0.018564499999999966 Request successfully executed.
05-12-2024 15:11:58 - INFO - Sending request to Setting Chamber Zones to a= 0.06945400000000015, b= 0.01736350000000004, c= 0.06945400000000015, d= 0.01736350000000004 with timeout of 5s...
05-12-2024 15:11:58 - INFO - Setting Chamber Zones to a= 0.06945400000000015, b= 0.01736350000000004, c= 0.06945400000000015, d= 0.01736350000000004 request successfully sent.
05-12-2024 15:11:58 - INFO - Response from moonraker: {'result': 'ok'}
05-12-2024 15:11:58 - INFO - Setting Chamber Zones to a= 0.06945400000000015, b= 0.01736350000000004, c= 0.06945400000000015, d= 0.01736350000000004 Request successfully executed.
05-12-2024 15:11:58 - INFO - Sending request to Setting Chamber Zones to a= 0.06454200000000009, b= 0.01613550000000002, c= 0.06454200000000009, d= 0.01613550000000002 with timeout of 5s...
05-12-2024 15:11:58 - INFO - Setting Chamber Zones to a= 0.06454200000000009, b= 0.01613550000000002, c= 0.06454200000000009, d= 0.01613550000000002 request successfully sent.
05-12-2024 15:11:58 - INFO - Response from moonraker: {'result': 'ok'}
05-12-2024 15:11:58 - INFO - Setting Chamber Zones to a= 0.06454200000000009, b= 0.01613550000000002, c= 0.06454200000000009, d= 0.01613550000000002 Request successfully executed.
05-12-2024 15:11:58 - INFO - Sending request to Setting Chamber Zones to a= 0.06468000000000007, b= 0.016170000000000018, c= 0.06468000000000007, d= 0.016170000000000018 with timeout of 5s...
05-12-2024 15:11:58 - INFO - Setting Chamber Zones to a= 0.06468000000000007, b= 0.016170000000000018, c= 0.06468000000000007, d= 0.016170000000000018 request successfully sent.
05-12-2024 15:11:58 - INFO - Response from moonraker: {'result': 'ok'}
05-12-2024 15:11:58 - INFO - Setting Chamber Zones to a= 0.06468000000000007, b= 0.016170000000000018, c= 0.06468000000000007, d= 0.016170000000000018 Request successfully executed.
05-12-2024 15:11:58 - INFO - Sending request to Setting Chamber Zones to a= 0.05971000000000001, b= 0.014927500000000003, c= 0.05971000000000001, d= 0.014927500000000003 with timeout of 5s...
05-12-2024 15:11:59 - INFO - Setting Chamber Zones to a= 0.05971000000000001, b= 0.014927500000000003, c= 0.05971000000000001, d= 0.014927500000000003 request successfully sent.
05-12-2024 15:11:59 - INFO - Response from moonraker: {'result': 'ok'}
05-12-2024 15:11:59 - INFO - Setting Chamber Zones to a= 0.05971000000000001, b= 0.014927500000000003, c= 0.05971000000000001, d= 0.014927500000000003 Request successfully executed.
05-12-2024 15:11:59 - INFO - Sending request to Setting Chamber Zones to a= 0.05984, b= 0.01496, c= 0.05984, d= 0.01496 with timeout of 5s...
05-12-2024 15:11:59 - INFO - Setting Chamber Zones to a= 0.05984, b= 0.01496, c= 0.05984, d= 0.01496 request successfully sent.
05-12-2024 15:11:59 - INFO - Response from moonraker: {'result': 'ok'}
05-12-2024 15:11:59 - INFO - Setting Chamber Zones to a= 0.05984, b= 0.01496, c= 0.05984, d= 0.01496 Request successfully executed.
05-12-2024 15:11:59 - INFO - Sending request to Setting Chamber Zones to a= 0.05486199999999993, b= 0.013715499999999983, c= 0.05486199999999993, d= 0.013715499999999983 with timeout of 5s...
05-12-2024 15:11:59 - INFO - Setting Chamber Zones to a= 0.05486199999999993, b= 0.013715499999999983, c= 0.05486199999999993, d= 0.013715499999999983 request successfully sent.
05-12-2024 15:11:59 - INFO - Response from moonraker: {'result': 'ok'}
05-12-2024 15:11:59 - INFO - Setting Chamber Zones to a= 0.05486199999999993, b= 0.013715499999999983, c= 0.05486199999999993, d= 0.013715499999999983 Request successfully executed.
05-12-2024 15:11:59 - INFO - Sending request to Setting Chamber Zones to a= 0.04486800000000015, b= 0.011217000000000038, c= 0.04486800000000015, d= 0.011217000000000038 with timeout of 5s...
05-12-2024 15:11:59 - INFO - Setting Chamber Zones to a= 0.04486800000000015, b= 0.011217000000000038, c= 0.04486800000000015, d= 0.011217000000000038 request successfully sent.
05-12-2024 15:11:59 - INFO - Response from moonraker: {'result': 'ok'}
05-12-2024 15:11:59 - INFO - Setting Chamber Zones to a= 0.04486800000000015, b= 0.011217000000000038, c= 0.04486800000000015, d= 0.011217000000000038 Request successfully executed.
05-12-2024 15:11:59 - INFO - Sending request to Setting Chamber Zones to a= 0.04502400000000015, b= 0.011256000000000037, c= 0.04502400000000015, d= 0.011256000000000037 with timeout of 5s...
05-12-2024 15:11:59 - INFO - Setting Chamber Zones to a= 0.04502400000000015, b= 0.011256000000000037, c= 0.04502400000000015, d= 0.011256000000000037 request successfully sent.
05-12-2024 15:11:59 - INFO - Response from moonraker: {'result': 'ok'}
05-12-2024 15:11:59 - INFO - Setting Chamber Zones to a= 0.04502400000000015, b= 0.011256000000000037, c= 0.04502400000000015, d= 0.011256000000000037 Request successfully executed.
05-12-2024 15:11:59 - INFO - Sending request to Setting Chamber Zones to a= 0.04508000000000015, b= 0.011270000000000037, c= 0.04508000000000015, d= 0.011270000000000037 with timeout of 5s...
05-12-2024 15:12:00 - INFO - Setting Chamber Zones to a= 0.04508000000000015, b= 0.011270000000000037, c= 0.04508000000000015, d= 0.011270000000000037 request successfully sent.
05-12-2024 15:12:00 - INFO - Response from moonraker: {'result': 'ok'}
05-12-2024 15:12:00 - INFO - Setting Chamber Zones to a= 0.04508000000000015, b= 0.011270000000000037, c= 0.04508000000000015, d= 0.011270000000000037 Request successfully executed.
05-12-2024 15:12:00 - INFO - Sending request to Setting Chamber Zones to a= 0.04007800000000008, b= 0.01001950000000002, c= 0.04007800000000008, d= 0.01001950000000002 with timeout of 5s...
05-12-2024 15:12:00 - INFO - Setting Chamber Zones to a= 0.04007800000000008, b= 0.01001950000000002, c= 0.04007800000000008, d= 0.01001950000000002 request successfully sent.
05-12-2024 15:12:00 - INFO - Response from moonraker: {'result': 'ok'}
05-12-2024 15:12:00 - INFO - Setting Chamber Zones to a= 0.04007800000000008, b= 0.01001950000000002, c= 0.04007800000000008, d= 0.01001950000000002 Request successfully executed.
05-12-2024 15:12:00 - INFO - Sending request to Setting Chamber Zones to a= 0.035118, b= 0.0087795, c= 0.035118, d= 0.0087795 with timeout of 5s...
05-12-2024 15:12:00 - INFO - Setting Chamber Zones to a= 0.035118, b= 0.0087795, c= 0.035118, d= 0.0087795 request successfully sent.
05-12-2024 15:12:00 - INFO - Response from moonraker: {'result': 'ok'}
05-12-2024 15:12:00 - INFO - Setting Chamber Zones to a= 0.035118, b= 0.0087795, c= 0.035118, d= 0.0087795 Request successfully executed.
05-12-2024 15:12:00 - INFO - Sending request to Setting Chamber Zones to a= 0.030149999999999934, b= 0.0075374999999999834, c= 0.030149999999999934, d= 0.0075374999999999834 with timeout of 5s...
05-12-2024 15:12:00 - INFO - Setting Chamber Zones to a= 0.030149999999999934, b= 0.0075374999999999834, c= 0.030149999999999934, d= 0.0075374999999999834 request successfully sent.
05-12-2024 15:12:00 - INFO - Response from moonraker: {'result': 'ok'}
05-12-2024 15:12:00 - INFO - Setting Chamber Zones to a= 0.030149999999999934, b= 0.0075374999999999834, c= 0.030149999999999934, d= 0.0075374999999999834 Request successfully executed.
05-12-2024 15:12:00 - INFO - Sending request to Setting Chamber Zones to a= 0.02517399999999986, b= 0.006293499999999965, c= 0.02517399999999986, d= 0.006293499999999965 with timeout of 5s...
05-12-2024 15:12:00 - INFO - Setting Chamber Zones to a= 0.02517399999999986, b= 0.006293499999999965, c= 0.02517399999999986, d= 0.006293499999999965 request successfully sent.
05-12-2024 15:12:00 - INFO - Response from moonraker: {'result': 'ok'}
05-12-2024 15:12:00 - INFO - Setting Chamber Zones to a= 0.02517399999999986, b= 0.006293499999999965, c= 0.02517399999999986, d= 0.006293499999999965 Request successfully executed.
05-12-2024 15:12:01 - INFO - Sending request to Setting Chamber Zones to a= 0.02524799999999986, b= 0.006311999999999965, c= 0.02524799999999986, d= 0.006311999999999965 with timeout of 5s...
05-12-2024 15:12:01 - INFO - Setting Chamber Zones to a= 0.02524799999999986, b= 0.006311999999999965, c= 0.02524799999999986, d= 0.006311999999999965 request successfully sent.
05-12-2024 15:12:01 - INFO - Response from moonraker: {'result': 'ok'}
05-12-2024 15:12:01 - INFO - Setting Chamber Zones to a= 0.02524799999999986, b= 0.006311999999999965, c= 0.02524799999999986, d= 0.006311999999999965 Request successfully executed.
05-12-2024 15:12:01 - INFO - Sending request to Setting Chamber Zones to a= 0.025271999999999864, b= 0.006317999999999966, c= 0.025271999999999864, d= 0.006317999999999966 with timeout of 5s...
05-12-2024 15:12:01 - INFO - Setting Chamber Zones to a= 0.025271999999999864, b= 0.006317999999999966, c= 0.025271999999999864, d= 0.006317999999999966 request successfully sent.
05-12-2024 15:12:01 - INFO - Response from moonraker: {'result': 'ok'}
05-12-2024 15:12:01 - INFO - Setting Chamber Zones to a= 0.025271999999999864, b= 0.006317999999999966, c= 0.025271999999999864, d= 0.006317999999999966 Request successfully executed.
05-12-2024 15:12:01 - INFO - Sending request to Setting Chamber Zones to a= 0.03035399999999994, b= 0.007588499999999985, c= 0.03035399999999994, d= 0.007588499999999985 with timeout of 5s...
05-12-2024 15:12:01 - INFO - Setting Chamber Zones to a= 0.03035399999999994, b= 0.007588499999999985, c= 0.03035399999999994, d= 0.007588499999999985 request successfully sent.
05-12-2024 15:12:01 - INFO - Response from moonraker: {'result': 'ok'}
05-12-2024 15:12:01 - INFO - Setting Chamber Zones to a= 0.03035399999999994, b= 0.007588499999999985, c= 0.03035399999999994, d= 0.007588499999999985 Request successfully executed.
05-12-2024 15:12:01 - INFO - Sending request to Setting Chamber Zones to a= 0.02527799999999986, b= 0.006319499999999965, c= 0.02527799999999986, d= 0.006319499999999965 with timeout of 5s...
05-12-2024 15:12:01 - INFO - Setting Chamber Zones to a= 0.02527799999999986, b= 0.006319499999999965, c= 0.02527799999999986, d= 0.006319499999999965 request successfully sent.
05-12-2024 15:12:01 - INFO - Response from moonraker: {'result': 'ok'}
05-12-2024 15:12:01 - INFO - Setting Chamber Zones to a= 0.02527799999999986, b= 0.006319499999999965, c= 0.02527799999999986, d= 0.006319499999999965 Request successfully executed.
05-12-2024 15:12:01 - INFO - Sending request to Setting Chamber Zones to a= 0.02535199999999986, b= 0.006337999999999965, c= 0.02535199999999986, d= 0.006337999999999965 with timeout of 5s...
05-12-2024 15:12:01 - INFO - Setting Chamber Zones to a= 0.02535199999999986, b= 0.006337999999999965, c= 0.02535199999999986, d= 0.006337999999999965 request successfully sent.
05-12-2024 15:12:01 - INFO - Response from moonraker: {'result': 'ok'}
05-12-2024 15:12:01 - INFO - Setting Chamber Zones to a= 0.02535199999999986, b= 0.006337999999999965, c= 0.02535199999999986, d= 0.006337999999999965 Request successfully executed.
05-12-2024 15:12:02 - INFO - Sending request to Setting Chamber Zones to a= 0.025375999999999864, b= 0.006343999999999966, c= 0.025375999999999864, d= 0.006343999999999966 with timeout of 5s...
05-12-2024 15:12:02 - INFO - Setting Chamber Zones to a= 0.025375999999999864, b= 0.006343999999999966, c= 0.025375999999999864, d= 0.006343999999999966 request successfully sent.
05-12-2024 15:12:02 - INFO - Response from moonraker: {'result': 'ok'}
05-12-2024 15:12:02 - INFO - Setting Chamber Zones to a= 0.025375999999999864, b= 0.006343999999999966, c= 0.025375999999999864, d= 0.006343999999999966 Request successfully executed.
05-12-2024 15:12:02 - INFO - Sending request to Setting Chamber Zones to a= 0.025399999999999864, b= 0.006349999999999966, c= 0.025399999999999864, d= 0.006349999999999966 with timeout of 5s...
05-12-2024 15:12:02 - INFO - Setting Chamber Zones to a= 0.025399999999999864, b= 0.006349999999999966, c= 0.025399999999999864, d= 0.006349999999999966 request successfully sent.
05-12-2024 15:12:02 - INFO - Response from moonraker: {'result': 'ok'}
05-12-2024 15:12:02 - INFO - Setting Chamber Zones to a= 0.025399999999999864, b= 0.006349999999999966, c= 0.025399999999999864, d= 0.006349999999999966 Request successfully executed.
05-12-2024 15:12:02 - INFO - Sending request to Setting Chamber Zones to a= 0.03048199999999994, b= 0.007620499999999985, c= 0.03048199999999994, d= 0.007620499999999985 with timeout of 5s...
05-12-2024 15:12:02 - INFO - Setting Chamber Zones to a= 0.03048199999999994, b= 0.007620499999999985, c= 0.03048199999999994, d= 0.007620499999999985 request successfully sent.
05-12-2024 15:12:02 - INFO - Response from moonraker: {'result': 'ok'}
05-12-2024 15:12:02 - INFO - Setting Chamber Zones to a= 0.03048199999999994, b= 0.007620499999999985, c= 0.03048199999999994, d= 0.007620499999999985 Request successfully executed.
05-12-2024 15:12:02 - INFO - Sending request to Setting Chamber Zones to a= 0.030463999999999936, b= 0.007615999999999984, c= 0.030463999999999936, d= 0.007615999999999984 with timeout of 5s...
05-12-2024 15:12:02 - INFO - Setting Chamber Zones to a= 0.030463999999999936, b= 0.007615999999999984, c= 0.030463999999999936, d= 0.007615999999999984 request successfully sent.
05-12-2024 15:12:02 - INFO - Response from moonraker: {'result': 'ok'}
05-12-2024 15:12:02 - INFO - Setting Chamber Zones to a= 0.030463999999999936, b= 0.007615999999999984, c= 0.030463999999999936, d= 0.007615999999999984 Request successfully executed.
05-12-2024 15:12:02 - INFO - Sending request to Setting Chamber Zones to a= 0.025437999999999863, b= 0.006359499999999966, c= 0.025437999999999863, d= 0.006359499999999966 with timeout of 5s...
05-12-2024 15:12:02 - INFO - Setting Chamber Zones to a= 0.025437999999999863, b= 0.006359499999999966, c= 0.025437999999999863, d= 0.006359499999999966 request successfully sent.
05-12-2024 15:12:02 - INFO - Response from moonraker: {'result': 'ok'}
05-12-2024 15:12:02 - INFO - Setting Chamber Zones to a= 0.025437999999999863, b= 0.006359499999999966, c= 0.025437999999999863, d= 0.006359499999999966 Request successfully executed.
05-12-2024 15:12:03 - INFO - Sending request to Setting Chamber Zones to a= 0.025511999999999868, b= 0.006377999999999967, c= 0.025511999999999868, d= 0.006377999999999967 with timeout of 5s...
05-12-2024 15:12:03 - INFO - Setting Chamber Zones to a= 0.025511999999999868, b= 0.006377999999999967, c= 0.025511999999999868, d= 0.006377999999999967 request successfully sent.
05-12-2024 15:12:03 - INFO - Response from moonraker: {'result': 'ok'}
05-12-2024 15:12:03 - INFO - Setting Chamber Zones to a= 0.025511999999999868, b= 0.006377999999999967, c= 0.025511999999999868, d= 0.006377999999999967 Request successfully executed.
05-12-2024 15:12:03 - INFO - Sending request to Setting Chamber Zones to a= 0.020478000000000152, b= 0.005119500000000038, c= 0.020478000000000152, d= 0.005119500000000038 with timeout of 5s...
05-12-2024 15:12:03 - INFO - Setting Chamber Zones to a= 0.020478000000000152, b= 0.005119500000000038, c= 0.020478000000000152, d= 0.005119500000000038 request successfully sent.
05-12-2024 15:12:03 - INFO - Response from moonraker: {'result': 'ok'}
05-12-2024 15:12:03 - INFO - Setting Chamber Zones to a= 0.020478000000000152, b= 0.005119500000000038, c= 0.020478000000000152, d= 0.005119500000000038 Request successfully executed.
05-12-2024 15:12:03 - INFO - Sending request to Setting Chamber Zones to a= 0.02054400000000015, b= 0.005136000000000037, c= 0.02054400000000015, d= 0.005136000000000037 with timeout of 5s...
05-12-2024 15:12:03 - INFO - Setting Chamber Zones to a= 0.02054400000000015, b= 0.005136000000000037, c= 0.02054400000000015, d= 0.005136000000000037 request successfully sent.
05-12-2024 15:12:03 - INFO - Response from moonraker: {'result': 'ok'}
05-12-2024 15:12:03 - INFO - Setting Chamber Zones to a= 0.02054400000000015, b= 0.005136000000000037, c= 0.02054400000000015, d= 0.005136000000000037 Request successfully executed.
05-12-2024 15:12:03 - INFO - Sending request to Setting Chamber Zones to a= 0.020560000000000148, b= 0.005140000000000037, c= 0.020560000000000148, d= 0.005140000000000037 with timeout of 5s...
05-12-2024 15:12:03 - INFO - Setting Chamber Zones to a= 0.020560000000000148, b= 0.005140000000000037, c= 0.020560000000000148, d= 0.005140000000000037 request successfully sent.
05-12-2024 15:12:03 - INFO - Response from moonraker: {'result': 'ok'}
05-12-2024 15:12:03 - INFO - Setting Chamber Zones to a= 0.020560000000000148, b= 0.005140000000000037, c= 0.020560000000000148, d= 0.005140000000000037 Request successfully executed.
05-12-2024 15:12:03 - INFO - Sending request to Setting Chamber Zones to a= 0.020576000000000146, b= 0.0051440000000000366, c= 0.020576000000000146, d= 0.0051440000000000366 with timeout of 5s...
05-12-2024 15:12:03 - INFO - Setting Chamber Zones to a= 0.020576000000000146, b= 0.0051440000000000366, c= 0.020576000000000146, d= 0.0051440000000000366 request successfully sent.
05-12-2024 15:12:03 - INFO - Response from moonraker: {'result': 'ok'}
05-12-2024 15:12:03 - INFO - Setting Chamber Zones to a= 0.020576000000000146, b= 0.0051440000000000366, c= 0.020576000000000146, d= 0.0051440000000000366 Request successfully executed.
05-12-2024 15:12:04 - INFO - Sending request to Setting Chamber Zones to a= 0.020592000000000145, b= 0.005148000000000036, c= 0.020592000000000145, d= 0.005148000000000036 with timeout of 5s...
