12-10-2024 21:35:43 - INFO - Sending request to Setting Chmaber Zones to a= 0.7, b= 0.8, c= 0.9, d= 1.0 with timeout of 5s...
12-10-2024 21:35:43 - INFO - Setting Chmaber Zones to a= 0.7, b= 0.8, c= 0.9, d= 1.0 request successfully sent.
12-10-2024 21:35:43 - INFO - Response from moonraker: {'result': 'ok'}
12-10-2024 21:35:43 - INFO - Setting Chmaber Zones to a= 0.7, b= 0.8, c= 0.9, d= 1.0 Request successfully executed.
12-10-2024 21:35:44 - INFO - Sending request to Setting Chmaber Zones to a= 0.7, b= 0.8, c= 0.9, d= 1.0 with timeout of 5s...
12-10-2024 21:35:44 - INFO - Setting Chmaber Zones to a= 0.7, b= 0.8, c= 0.9, d= 1.0 request successfully sent.
12-10-2024 21:35:44 - INFO - Response from moonraker: {'result': 'ok'}
12-10-2024 21:35:44 - INFO - Setting Chmaber Zones to a= 0.7, b= 0.8, c= 0.9, d= 1.0 Request successfully executed.
12-10-2024 21:35:45 - INFO - Sending request to Setting Chmaber Zones to a= 0.7, b= 0.8, c= 0.9, d= 1.0 with timeout of 5s...
12-10-2024 21:35:46 - INFO - Setting Chmaber Zones to a= 0.7, b= 0.8, c= 0.9, d= 1.0 request successfully sent.
12-10-2024 21:35:46 - INFO - Response from moonraker: {'result': 'ok'}
12-10-2024 21:35:46 - INFO - Setting Chmaber Zones to a= 0.7, b= 0.8, c= 0.9, d= 1.0 Request successfully executed.
12-10-2024 21:35:47 - INFO - Sending request to Setting Chmaber Zones to a= 0.7, b= 0.8, c= 0.9, d= 1.0 with timeout of 5s...
12-10-2024 21:35:47 - INFO - Setting Chmaber Zones to a= 0.7, b= 0.8, c= 0.9, d= 1.0 request successfully sent.
12-10-2024 21:35:47 - INFO - Response from moonraker: {'result': 'ok'}
12-10-2024 21:35:47 - INFO - Setting Chmaber Zones to a= 0.7, b= 0.8, c= 0.9, d= 1.0 Request successfully executed.
12-10-2024 21:35:48 - INFO - Sending request to Setting Chmaber Zones to a= 0.7, b= 0.8, c= 0.9, d= 1.0 with timeout of 5s...
12-10-2024 21:35:48 - INFO - Setting Chmaber Zones to a= 0.7, b= 0.8, c= 0.9, d= 1.0 request successfully sent.
12-10-2024 21:35:48 - INFO - Response from moonraker: {'result': 'ok'}
12-10-2024 21:35:48 - INFO - Setting Chmaber Zones to a= 0.7, b= 0.8, c= 0.9, d= 1.0 Request successfully executed.
12-10-2024 21:35:49 - INFO - Sending request to Setting Chmaber Zones to a= 0.7, b= 0.8, c= 0.9, d= 1.0 with timeout of 5s...
12-10-2024 21:35:49 - INFO - Setting Chmaber Zones to a= 0.7, b= 0.8, c= 0.9, d= 1.0 request successfully sent.
12-10-2024 21:35:49 - INFO - Response from moonraker: {'result': 'ok'}
12-10-2024 21:35:49 - INFO - Setting Chmaber Zones to a= 0.7, b= 0.8, c= 0.9, d= 1.0 Request successfully executed.
12-10-2024 21:35:50 - INFO - Sending request to Setting Chmaber Zones to a= 0.7, b= 0.8, c= 0.9, d= 1.0 with timeout of 5s...
12-10-2024 21:35:50 - INFO - Setting Chmaber Zones to a= 0.7, b= 0.8, c= 0.9, d= 1.0 request successfully sent.
12-10-2024 21:35:50 - INFO - Response from moonraker: {'result': 'ok'}
12-10-2024 21:35:50 - INFO - Setting Chmaber Zones to a= 0.7, b= 0.8, c= 0.9, d= 1.0 Request successfully executed.
12-10-2024 21:35:51 - INFO - Sending request to Setting Chmaber Zones to a= 0.7, b= 0.8, c= 0.9, d= 1.0 with timeout of 5s...
12-10-2024 21:35:51 - INFO - Setting Chmaber Zones to a= 0.7, b= 0.8, c= 0.9, d= 1.0 request successfully sent.
12-10-2024 21:35:51 - INFO - Response from moonraker: {'result': 'ok'}
12-10-2024 21:35:51 - INFO - Setting Chmaber Zones to a= 0.7, b= 0.8, c= 0.9, d= 1.0 Request successfully executed.
12-10-2024 21:35:52 - INFO - Sending request to Setting Chmaber Zones to a= 0.7, b= 0.8, c= 0.9, d= 1.0 with timeout of 5s...
12-10-2024 21:35:52 - INFO - Setting Chmaber Zones to a= 0.7, b= 0.8, c= 0.9, d= 1.0 request successfully sent.
12-10-2024 21:35:52 - INFO - Response from moonraker: {'result': 'ok'}
12-10-2024 21:35:52 - INFO - Setting Chmaber Zones to a= 0.7, b= 0.8, c= 0.9, d= 1.0 Request successfully executed.
12-10-2024 21:35:53 - INFO - Sending request to Setting Chmaber Zones to a= 0.7, b= 0.8, c= 0.9, d= 1.0 with timeout of 5s...
12-10-2024 21:35:53 - INFO - Setting Chmaber Zones to a= 0.7, b= 0.8, c= 0.9, d= 1.0 request successfully sent.
12-10-2024 21:35:53 - INFO - Response from moonraker: {'result': 'ok'}
12-10-2024 21:35:53 - INFO - Setting Chmaber Zones to a= 0.7, b= 0.8, c= 0.9, d= 1.0 Request successfully executed.
12-10-2024 21:35:54 - INFO - Sending request to Setting Chmaber Zones to a= 0.7, b= 0.8, c= 0.9, d= 1.0 with timeout of 5s...
12-10-2024 21:35:54 - INFO - Setting Chmaber Zones to a= 0.7, b= 0.8, c= 0.9, d= 1.0 request successfully sent.
12-10-2024 21:35:54 - INFO - Response from moonraker: {'result': 'ok'}
12-10-2024 21:35:54 - INFO - Setting Chmaber Zones to a= 0.7, b= 0.8, c= 0.9, d= 1.0 Request successfully executed.
12-10-2024 21:35:55 - INFO - Sending request to Setting Chmaber Zones to a= 0.7, b= 0.8, c= 0.9, d= 1.0 with timeout of 5s...
12-10-2024 21:35:55 - INFO - Setting Chmaber Zones to a= 0.7, b= 0.8, c= 0.9, d= 1.0 request successfully sent.
12-10-2024 21:35:55 - INFO - Response from moonraker: {'result': 'ok'}
12-10-2024 21:35:55 - INFO - Setting Chmaber Zones to a= 0.7, b= 0.8, c= 0.9, d= 1.0 Request successfully executed.
12-10-2024 21:35:56 - INFO - Sending request to Setting Chmaber Zones to a= 0.6957999999999994, b= 0.7951999999999992, c= 0.8945999999999992, d= 0.9939999999999991 with timeout of 5s...
12-10-2024 21:35:56 - INFO - Setting Chmaber Zones to a= 0.6957999999999994, b= 0.7951999999999992, c= 0.8945999999999992, d= 0.9939999999999991 request successfully sent.
12-10-2024 21:35:56 - INFO - Response from moonraker: {'result': 'ok'}
12-10-2024 21:35:56 - INFO - Setting Chmaber Zones to a= 0.6957999999999994, b= 0.7951999999999992, c= 0.8945999999999992, d= 0.9939999999999991 Request successfully executed.
12-10-2024 21:35:57 - INFO - Sending request to Setting Chmaber Zones to a= 0.5606999999999995, b= 0.6407999999999994, c= 0.7208999999999993, d= 0.8009999999999993 with timeout of 5s...
12-10-2024 21:35:57 - INFO - Setting Chmaber Zones to a= 0.5606999999999995, b= 0.6407999999999994, c= 0.7208999999999993, d= 0.8009999999999993 request successfully sent.
12-10-2024 21:35:57 - INFO - Response from moonraker: {'result': 'ok'}
12-10-2024 21:35:57 - INFO - Setting Chmaber Zones to a= 0.5606999999999995, b= 0.6407999999999994, c= 0.7208999999999993, d= 0.8009999999999993 Request successfully executed.
12-10-2024 21:35:58 - INFO - Sending request to Setting Chmaber Zones to a= 0.4073999999999996, b= 0.4655999999999995, c= 0.5237999999999995, d= 0.5819999999999994 with timeout of 5s...
12-10-2024 21:35:58 - INFO - Setting Chmaber Zones to a= 0.4073999999999996, b= 0.4655999999999995, c= 0.5237999999999995, d= 0.5819999999999994 request successfully sent.
12-10-2024 21:35:58 - INFO - Response from moonraker: {'result': 'ok'}
12-10-2024 21:35:58 - INFO - Setting Chmaber Zones to a= 0.4073999999999996, b= 0.4655999999999995, c= 0.5237999999999995, d= 0.5819999999999994 Request successfully executed.
12-10-2024 21:36:02 - INFO - Sending request to Setting Chmaber Zones to a= 0, b= 0, c= 0, d= 0 with timeout of 5s...
12-10-2024 21:36:02 - INFO - Setting Chmaber Zones to a= 0, b= 0, c= 0, d= 0 request successfully sent.
12-10-2024 21:36:02 - INFO - Response from moonraker: {'result': 'ok'}
12-10-2024 21:36:02 - INFO - Setting Chmaber Zones to a= 0, b= 0, c= 0, d= 0 Request successfully executed.
12-10-2024 21:36:04 - INFO - Sending request to Setting Chmaber Zones to a= 0, b= 0, c= 0, d= 0 with timeout of 5s...
12-10-2024 21:36:04 - INFO - Setting Chmaber Zones to a= 0, b= 0, c= 0, d= 0 request successfully sent.
12-10-2024 21:36:04 - INFO - Response from moonraker: {'result': 'ok'}
12-10-2024 21:36:04 - INFO - Setting Chmaber Zones to a= 0, b= 0, c= 0, d= 0 Request successfully executed.
