05-12-2024 14:05:12 - INFO - Sending request to Setting Chamber Zones to a= 0, b= 0, c= 0, d= 0 with timeout of 5s...
05-12-2024 14:05:12 - INFO - Sending request to Setting Chamber Zones to a= 0.10116, b= 0.02529, c= 0.10116, d= 0.02529 with timeout of 5s...
05-12-2024 14:05:12 - INFO - Setting Chamber Zones to a= 0.10116, b= 0.02529, c= 0.10116, d= 0.02529 request successfully sent.
05-12-2024 14:05:12 - INFO - Response from moonraker: {'result': 'ok'}
05-12-2024 14:05:12 - INFO - Setting Chamber Zones to a= 0.10116, b= 0.02529, c= 0.10116, d= 0.02529 Request successfully executed.
05-12-2024 14:05:12 - ERROR - E102 : Setting Chamber Zones to a= 0.10116, b= 0.02529, c= 0.10116, d= 0.02529 Request to Moonraker Timed out 
 Setting Chamber Zones to a= 0.10116, b= 0.02529, c= 0.10116, d= 0.02529 not successful
 Initiating firmware restart
05-12-2024 14:05:12 - INFO - Sending request to Setting Chamber Zones to a= 0.10032, b= 0.02508, c= 0.10032, d= 0.02508 with timeout of 5s...
05-12-2024 14:05:12 - INFO - Sending request to Setting Chamber Zones to a= 0.10048, b= 0.02512, c= 0.10048, d= 0.02512 with timeout of 5s...
05-12-2024 14:05:12 - INFO - Sending request to Setting Chamber Zones to a= 0.10064000000000001, b= 0.025160000000000002, c= 0.10064000000000001, d= 0.025160000000000002 with timeout of 5s...
05-12-2024 14:05:12 - INFO - Sending request to Setting Chamber Zones to a= 0.1008, b= 0.0252, c= 0.1008, d= 0.0252 with timeout of 5s...
05-12-2024 14:05:13 - INFO - Sending request to Setting Chamber Zones to a= 0.10096, b= 0.02524, c= 0.10096, d= 0.02524 with timeout of 5s...
05-12-2024 14:05:13 - INFO - Setting Chamber Zones to a= 0.10096, b= 0.02524, c= 0.10096, d= 0.02524 request successfully sent.
05-12-2024 14:05:13 - INFO - Response from moonraker: {'result': 'ok'}
05-12-2024 14:05:13 - INFO - Setting Chamber Zones to a= 0.10096, b= 0.02524, c= 0.10096, d= 0.02524 Request successfully executed.
05-12-2024 14:05:13 - INFO - Sending request to Setting Chamber Zones to a= 0.10112, b= 0.02528, c= 0.10112, d= 0.02528 with timeout of 5s...
05-12-2024 14:05:13 - INFO - Sending request to Setting Chamber Zones to a= 0.10128, b= 0.02532, c= 0.10128, d= 0.02532 with timeout of 5s...
05-12-2024 14:05:13 - INFO - Sending request to Setting Chamber Zones to a= 0.10144, b= 0.02536, c= 0.10144, d= 0.02536 with timeout of 5s...
05-12-2024 14:05:13 - INFO - Sending request to Setting Chamber Zones to a= 0.1016, b= 0.0254, c= 0.1016, d= 0.0254 with timeout of 5s...
05-12-2024 14:05:14 - INFO - Sending request to Setting Chamber Zones to a= 0.10681800000000008, b= 0.02670450000000002, c= 0.10681800000000008, d= 0.02670450000000002 with timeout of 5s...
05-12-2024 14:05:14 - INFO - Sending request to Setting Chamber Zones to a= 0.10693600000000009, b= 0.02673400000000002, c= 0.10693600000000009, d= 0.02673400000000002 with timeout of 5s...
05-12-2024 14:05:14 - INFO - Sending request to Setting Chamber Zones to a= 0.11216200000000015, b= 0.028040500000000038, c= 0.11216200000000015, d= 0.028040500000000038 with timeout of 5s...
05-12-2024 14:05:14 - INFO - Sending request to Setting Chamber Zones to a= 0.11734599999999987, b= 0.029336499999999967, c= 0.11734599999999987, d= 0.029336499999999967 with timeout of 5s...
05-12-2024 14:05:14 - INFO - Sending request to Setting Chamber Zones to a= 0.11747999999999986, b= 0.029369999999999966, c= 0.11747999999999986, d= 0.029369999999999966 with timeout of 5s...
05-12-2024 14:05:15 - INFO - Sending request to Setting Chamber Zones to a= 0.11766399999999987, b= 0.029415999999999966, c= 0.11766399999999987, d= 0.029415999999999966 with timeout of 5s...
05-12-2024 14:05:15 - INFO - Sending request to Setting Chamber Zones to a= 0.12290599999999992, b= 0.03072649999999998, c= 0.12290599999999992, d= 0.03072649999999998 with timeout of 5s...
05-12-2024 14:05:15 - INFO - Sending request to Setting Chamber Zones to a= 0.12304799999999994, b= 0.030761999999999984, c= 0.12304799999999994, d= 0.030761999999999984 with timeout of 5s...
05-12-2024 14:05:15 - INFO - Sending request to Setting Chamber Zones to a= 0.12323999999999993, b= 0.030809999999999983, c= 0.12323999999999993, d= 0.030809999999999983 with timeout of 5s...
05-12-2024 14:05:15 - INFO - Sending request to Setting Chamber Zones to a= 0.12343199999999994, b= 0.030857999999999986, c= 0.12343199999999994, d= 0.030857999999999986 with timeout of 5s...
05-12-2024 14:05:16 - INFO - Sending request to Setting Chamber Zones to a= 0.12362399999999994, b= 0.030905999999999986, c= 0.12362399999999994, d= 0.030905999999999986 with timeout of 5s...
05-12-2024 14:05:16 - INFO - Sending request to Setting Chamber Zones to a= 0.128874, b= 0.0322185, c= 0.128874, d= 0.0322185 with timeout of 5s...
05-12-2024 14:05:16 - INFO - Sending request to Setting Chamber Zones to a= 0.129024, b= 0.032256, c= 0.129024, d= 0.032256 with timeout of 5s...
05-12-2024 14:05:16 - INFO - Sending request to Setting Chamber Zones to a= 0.129224, b= 0.032306, c= 0.129224, d= 0.032306 with timeout of 5s...
05-12-2024 14:05:16 - INFO - Sending request to Setting Chamber Zones to a= 0.129424, b= 0.032356, c= 0.129424, d= 0.032356 with timeout of 5s...
05-12-2024 14:05:17 - INFO - Sending request to Setting Chamber Zones to a= 0.129624, b= 0.032406, c= 0.129624, d= 0.032406 with timeout of 5s...
05-12-2024 14:05:17 - INFO - Sending request to Setting Chamber Zones to a= 0.129824, b= 0.032456, c= 0.129824, d= 0.032456 with timeout of 5s...
05-12-2024 14:05:17 - INFO - Sending request to Setting Chamber Zones to a= 0.130024, b= 0.032506, c= 0.130024, d= 0.032506 with timeout of 5s...
05-12-2024 14:05:17 - INFO - Sending request to Setting Chamber Zones to a= 0.13528200000000007, b= 0.03382050000000002, c= 0.13528200000000007, d= 0.03382050000000002 with timeout of 5s...
05-12-2024 14:05:17 - INFO - Sending request to Setting Chamber Zones to a= 0.1354400000000001, b= 0.03386000000000002, c= 0.1354400000000001, d= 0.03386000000000002 with timeout of 5s...
05-12-2024 14:05:18 - INFO - Sending request to Setting Chamber Zones to a= 0.14070600000000014, b= 0.035176500000000034, c= 0.14070600000000014, d= 0.035176500000000034 with timeout of 5s...
05-12-2024 14:05:18 - INFO - Sending request to Setting Chamber Zones to a= 0.14087200000000014, b= 0.035218000000000034, c= 0.14087200000000014, d= 0.035218000000000034 with timeout of 5s...
05-12-2024 14:05:18 - INFO - Sending request to Setting Chamber Zones to a= 0.14108800000000016, b= 0.03527200000000004, c= 0.14108800000000016, d= 0.03527200000000004 with timeout of 5s...
05-12-2024 14:05:18 - INFO - Sending request to Setting Chamber Zones to a= 0.14130400000000015, b= 0.03532600000000004, c= 0.14130400000000015, d= 0.03532600000000004 with timeout of 5s...
05-12-2024 14:05:18 - INFO - Sending request to Setting Chamber Zones to a= 0.14152000000000015, b= 0.035380000000000036, c= 0.14152000000000015, d= 0.035380000000000036 with timeout of 5s...
05-12-2024 14:05:19 - INFO - Sending request to Setting Chamber Zones to a= 0.14173600000000014, b= 0.035434000000000035, c= 0.14173600000000014, d= 0.035434000000000035 with timeout of 5s...
05-12-2024 14:05:19 - INFO - Sending request to Setting Chamber Zones to a= 0.14195200000000016, b= 0.03548800000000004, c= 0.14195200000000016, d= 0.03548800000000004 with timeout of 5s...
05-12-2024 14:05:19 - INFO - Sending request to Setting Chamber Zones to a= 0.14216800000000016, b= 0.03554200000000004, c= 0.14216800000000016, d= 0.03554200000000004 with timeout of 5s...
05-12-2024 14:05:19 - INFO - Sending request to Setting Chamber Zones to a= 0.14238400000000015, b= 0.03559600000000004, c= 0.14238400000000015, d= 0.03559600000000004 with timeout of 5s...
05-12-2024 14:05:19 - INFO - Sending request to Setting Chamber Zones to a= 0.14765799999999987, b= 0.03691449999999997, c= 0.14765799999999987, d= 0.03691449999999997 with timeout of 5s...
05-12-2024 14:05:20 - INFO - Sending request to Setting Chamber Zones to a= 0.14783199999999988, b= 0.03695799999999997, c= 0.14783199999999988, d= 0.03695799999999997 with timeout of 5s...
05-12-2024 14:05:20 - INFO - Sending request to Setting Chamber Zones to a= 0.14805599999999988, b= 0.03701399999999997, c= 0.14805599999999988, d= 0.03701399999999997 with timeout of 5s...
05-12-2024 14:05:20 - INFO - Sending request to Setting Chamber Zones to a= 0.14827999999999988, b= 0.03706999999999997, c= 0.14827999999999988, d= 0.03706999999999997 with timeout of 5s...
05-12-2024 14:05:20 - INFO - Sending request to Setting Chamber Zones to a= 0.14850399999999989, b= 0.03712599999999997, c= 0.14850399999999989, d= 0.03712599999999997 with timeout of 5s...
05-12-2024 14:05:20 - INFO - Sending request to Setting Chamber Zones to a= 0.15378599999999992, b= 0.03844649999999998, c= 0.15378599999999992, d= 0.03844649999999998 with timeout of 5s...
05-12-2024 14:05:21 - INFO - Sending request to Setting Chamber Zones to a= 0.16408400000000006, b= 0.041021000000000016, c= 0.16408400000000006, d= 0.041021000000000016 with timeout of 5s...
05-12-2024 14:05:21 - INFO - Sending request to Setting Chamber Zones to a= 0.16423200000000007, b= 0.04105800000000002, c= 0.16423200000000007, d= 0.04105800000000002 with timeout of 5s...
05-12-2024 14:05:21 - INFO - Sending request to Setting Chamber Zones to a= 0.16448000000000007, b= 0.04112000000000002, c= 0.16448000000000007, d= 0.04112000000000002 with timeout of 5s...
05-12-2024 14:05:21 - INFO - Sending request to Setting Chamber Zones to a= 0.1647280000000001, b= 0.041182000000000024, c= 0.1647280000000001, d= 0.041182000000000024 with timeout of 5s...
05-12-2024 14:05:21 - INFO - Sending request to Setting Chamber Zones to a= 0.1649760000000001, b= 0.041244000000000024, c= 0.1649760000000001, d= 0.041244000000000024 with timeout of 5s...
05-12-2024 14:05:22 - INFO - Sending request to Setting Chamber Zones to a= 0.1652240000000001, b= 0.04130600000000002, c= 0.1652240000000001, d= 0.04130600000000002 with timeout of 5s...
05-12-2024 14:05:22 - INFO - Sending request to Setting Chamber Zones to a= 0.16547200000000012, b= 0.04136800000000003, c= 0.16547200000000012, d= 0.04136800000000003 with timeout of 5s...
05-12-2024 14:05:22 - INFO - Sending request to Setting Chamber Zones to a= 0.1657200000000001, b= 0.04143000000000002, c= 0.1657200000000001, d= 0.04143000000000002 with timeout of 5s...
05-12-2024 14:05:22 - INFO - Sending request to Setting Chamber Zones to a= 0.1659680000000001, b= 0.04149200000000002, c= 0.1659680000000001, d= 0.04149200000000002 with timeout of 5s...
05-12-2024 14:05:22 - INFO - Sending request to Setting Chamber Zones to a= 0.16621600000000009, b= 0.04155400000000002, c= 0.16621600000000009, d= 0.04155400000000002 with timeout of 5s...
05-12-2024 14:05:23 - INFO - Sending request to Setting Chamber Zones to a= 0.17152200000000015, b= 0.04288050000000004, c= 0.17152200000000015, d= 0.04288050000000004 with timeout of 5s...
05-12-2024 14:05:23 - INFO - Setting Chamber Zones to a= 0.17152200000000015, b= 0.04288050000000004, c= 0.17152200000000015, d= 0.04288050000000004 request successfully sent.
05-12-2024 14:05:23 - INFO - Response from moonraker: {'result': 'ok'}
05-12-2024 14:05:23 - INFO - Setting Chamber Zones to a= 0.17152200000000015, b= 0.04288050000000004, c= 0.17152200000000015, d= 0.04288050000000004 Request successfully executed.
05-12-2024 14:05:23 - ERROR - E102 : Setting Chamber Zones to a= 0.17152200000000015, b= 0.04288050000000004, c= 0.17152200000000015, d= 0.04288050000000004 Request to Moonraker Timed out 
 Setting Chamber Zones to a= 0.17152200000000015, b= 0.04288050000000004, c= 0.17152200000000015, d= 0.04288050000000004 not successful
 Initiating firmware restart
05-12-2024 14:05:23 - INFO - Sending request to Setting Chamber Zones to a= 0.17172800000000013, b= 0.04293200000000003, c= 0.17172800000000013, d= 0.04293200000000003 with timeout of 5s...
05-12-2024 14:05:23 - INFO - Sending request to Setting Chamber Zones to a= 0.17198400000000014, b= 0.042996000000000034, c= 0.17198400000000014, d= 0.042996000000000034 with timeout of 5s...
05-12-2024 14:05:23 - INFO - Sending request to Setting Chamber Zones to a= 0.17224000000000014, b= 0.043060000000000036, c= 0.17224000000000014, d= 0.043060000000000036 with timeout of 5s...
05-12-2024 14:05:23 - INFO - Sending request to Setting Chamber Zones to a= 0.17249600000000015, b= 0.04312400000000004, c= 0.17249600000000015, d= 0.04312400000000004 with timeout of 5s...
05-12-2024 14:05:24 - INFO - Sending request to Setting Chamber Zones to a= 0.1676940000000001, b= 0.04192350000000002, c= 0.1676940000000001, d= 0.04192350000000002 with timeout of 5s...
05-12-2024 14:05:24 - INFO - Setting Chamber Zones to a= 0.1676940000000001, b= 0.04192350000000002, c= 0.1676940000000001, d= 0.04192350000000002 request successfully sent.
05-12-2024 14:05:24 - INFO - Response from moonraker: {'result': 'ok'}
05-12-2024 14:05:24 - INFO - Setting Chamber Zones to a= 0.1676940000000001, b= 0.04192350000000002, c= 0.1676940000000001, d= 0.04192350000000002 Request successfully executed.
05-12-2024 14:05:24 - INFO - Sending request to Setting Chamber Zones to a= 0.16293400000000002, b= 0.040733500000000006, c= 0.16293400000000002, d= 0.040733500000000006 with timeout of 5s...
05-12-2024 14:05:24 - INFO - Sending request to Setting Chamber Zones to a= 0.15310799999999988, b= 0.03827699999999997, c= 0.15310799999999988, d= 0.03827699999999997 with timeout of 5s...
05-12-2024 14:05:24 - INFO - Sending request to Setting Chamber Zones to a= 0.14331600000000008, b= 0.03582900000000002, c= 0.14331600000000008, d= 0.03582900000000002 with timeout of 5s...
05-12-2024 14:05:24 - INFO - Sending request to Setting Chamber Zones to a= 0.14362400000000008, b= 0.03590600000000002, c= 0.14362400000000008, d= 0.03590600000000002 with timeout of 5s...
05-12-2024 14:05:25 - INFO - Sending request to Setting Chamber Zones to a= 0.14383200000000007, b= 0.03595800000000002, c= 0.14383200000000007, d= 0.03595800000000002 with timeout of 5s...
05-12-2024 14:05:25 - INFO - Sending request to Setting Chamber Zones to a= 0.138982, b= 0.0347455, c= 0.138982, d= 0.0347455 with timeout of 5s...
05-12-2024 14:05:25 - INFO - Sending request to Setting Chamber Zones to a= 0.139232, b= 0.034808, c= 0.139232, d= 0.034808 with timeout of 5s...
05-12-2024 14:05:25 - INFO - Sending request to Setting Chamber Zones to a= 0.139432, b= 0.034858, c= 0.139432, d= 0.034858 with timeout of 5s...
05-12-2024 14:05:25 - INFO - Sending request to Setting Chamber Zones to a= 0.13963199999999998, b= 0.034907999999999995, c= 0.13963199999999998, d= 0.034907999999999995 with timeout of 5s...
05-12-2024 14:05:26 - INFO - Sending request to Setting Chamber Zones to a= 0.14489000000000007, b= 0.03622250000000002, c= 0.14489000000000007, d= 0.03622250000000002 with timeout of 5s...
05-12-2024 14:05:26 - INFO - Sending request to Setting Chamber Zones to a= 0.14504800000000007, b= 0.036262000000000016, c= 0.14504800000000007, d= 0.036262000000000016 with timeout of 5s...
05-12-2024 14:05:26 - INFO - Sending request to Setting Chamber Zones to a= 0.14525600000000008, b= 0.03631400000000002, c= 0.14525600000000008, d= 0.03631400000000002 with timeout of 5s...
05-12-2024 14:05:26 - INFO - Sending request to Setting Chamber Zones to a= 0.15052200000000013, b= 0.03763050000000003, c= 0.15052200000000013, d= 0.03763050000000003 with timeout of 5s...
05-12-2024 14:05:26 - INFO - Sending request to Setting Chamber Zones to a= 0.15068800000000013, b= 0.03767200000000003, c= 0.15068800000000013, d= 0.03767200000000003 with timeout of 5s...
05-12-2024 14:05:27 - INFO - Sending request to Setting Chamber Zones to a= 0.15090400000000015, b= 0.03772600000000004, c= 0.15090400000000015, d= 0.03772600000000004 with timeout of 5s...
05-12-2024 14:05:27 - INFO - Sending request to Setting Chamber Zones to a= 0.15617799999999987, b= 0.03904449999999997, c= 0.15617799999999987, d= 0.03904449999999997 with timeout of 5s...
05-12-2024 14:05:27 - INFO - Sending request to Setting Chamber Zones to a= 0.16140999999999991, b= 0.04035249999999998, c= 0.16140999999999991, d= 0.04035249999999998 with timeout of 5s...
05-12-2024 14:05:27 - INFO - Sending request to Setting Chamber Zones to a= 0.15653399999999987, b= 0.03913349999999997, c= 0.15653399999999987, d= 0.03913349999999997 with timeout of 5s...
05-12-2024 14:05:27 - INFO - Sending request to Setting Chamber Zones to a= 0.15680799999999986, b= 0.039201999999999966, c= 0.15680799999999986, d= 0.039201999999999966 with timeout of 5s...
05-12-2024 14:05:28 - INFO - Sending request to Setting Chamber Zones to a= 0.15703199999999987, b= 0.03925799999999997, c= 0.15703199999999987, d= 0.03925799999999997 with timeout of 5s...
05-12-2024 14:05:28 - INFO - Sending request to Setting Chamber Zones to a= 0.15725599999999987, b= 0.03931399999999997, c= 0.15725599999999987, d= 0.03931399999999997 with timeout of 5s...
05-12-2024 14:05:28 - INFO - Sending request to Setting Chamber Zones to a= 0.16253799999999996, b= 0.04063449999999999, c= 0.16253799999999996, d= 0.04063449999999999 with timeout of 5s...
05-12-2024 14:05:28 - INFO - Sending request to Setting Chamber Zones to a= 0.17283600000000007, b= 0.04320900000000002, c= 0.17283600000000007, d= 0.04320900000000002 with timeout of 5s...
05-12-2024 14:05:28 - INFO - Sending request to Setting Chamber Zones to a= 0.17298400000000008, b= 0.04324600000000002, c= 0.17298400000000008, d= 0.04324600000000002 with timeout of 5s...
05-12-2024 14:05:29 - INFO - Sending request to Setting Chamber Zones to a= 0.17323200000000008, b= 0.04330800000000002, c= 0.17323200000000008, d= 0.04330800000000002 with timeout of 5s...
05-12-2024 14:05:29 - INFO - Sending request to Setting Chamber Zones to a= 0.17348000000000005, b= 0.04337000000000001, c= 0.17348000000000005, d= 0.04337000000000001 with timeout of 5s...
05-12-2024 14:05:29 - INFO - Sending request to Setting Chamber Zones to a= 0.17372800000000008, b= 0.04343200000000002, c= 0.17372800000000008, d= 0.04343200000000002 with timeout of 5s...
05-12-2024 14:05:29 - INFO - Sending request to Setting Chamber Zones to a= 0.17397600000000008, b= 0.04349400000000002, c= 0.17397600000000008, d= 0.04349400000000002 with timeout of 5s...
05-12-2024 14:05:29 - INFO - Sending request to Setting Chamber Zones to a= 0.17422400000000007, b= 0.04355600000000002, c= 0.17422400000000007, d= 0.04355600000000002 with timeout of 5s...
05-12-2024 14:05:30 - INFO - Sending request to Setting Chamber Zones to a= 0.17447200000000007, b= 0.04361800000000002, c= 0.17447200000000007, d= 0.04361800000000002 with timeout of 5s...
05-12-2024 14:05:30 - INFO - Sending request to Setting Chamber Zones to a= 0.1747200000000001, b= 0.043680000000000024, c= 0.1747200000000001, d= 0.043680000000000024 with timeout of 5s...
05-12-2024 14:05:30 - INFO - Sending request to Setting Chamber Zones to a= 0.17496800000000007, b= 0.04374200000000002, c= 0.17496800000000007, d= 0.04374200000000002 with timeout of 5s...
05-12-2024 14:05:30 - INFO - Sending request to Setting Chamber Zones to a= 0.17521600000000007, b= 0.04380400000000002, c= 0.17521600000000007, d= 0.04380400000000002 with timeout of 5s...
05-12-2024 14:05:31 - INFO - Sending request to Setting Chamber Zones to a= 0.18052200000000013, b= 0.04513050000000003, c= 0.18052200000000013, d= 0.04513050000000003 with timeout of 5s...
05-12-2024 14:05:31 - INFO - Sending request to Setting Chamber Zones to a= 0.18072800000000014, b= 0.045182000000000035, c= 0.18072800000000014, d= 0.045182000000000035 with timeout of 5s...
05-12-2024 14:05:31 - INFO - Sending request to Setting Chamber Zones to a= 0.18098400000000012, b= 0.04524600000000003, c= 0.18098400000000012, d= 0.04524600000000003 with timeout of 5s...
05-12-2024 14:05:31 - INFO - Sending request to Setting Chamber Zones to a= 0.18629799999999985, b= 0.04657449999999996, c= 0.18629799999999985, d= 0.04657449999999996 with timeout of 5s...
05-12-2024 14:05:31 - INFO - Sending request to Setting Chamber Zones to a= 0.1915699999999999, b= 0.04789249999999998, c= 0.1915699999999999, d= 0.04789249999999998 with timeout of 5s...
05-12-2024 14:05:32 - INFO - Sending request to Setting Chamber Zones to a= 0.1917919999999999, b= 0.04794799999999998, c= 0.1917919999999999, d= 0.04794799999999998 with timeout of 5s...
05-12-2024 14:05:32 - INFO - Sending request to Setting Chamber Zones to a= 0.1920639999999999, b= 0.048015999999999975, c= 0.1920639999999999, d= 0.048015999999999975 with timeout of 5s...
05-12-2024 14:05:32 - INFO - Sending request to Setting Chamber Zones to a= 0.1923359999999999, b= 0.048083999999999974, c= 0.1923359999999999, d= 0.048083999999999974 with timeout of 5s...
05-12-2024 14:05:32 - INFO - Sending request to Setting Chamber Zones to a= 0.1926079999999999, b= 0.04815199999999997, c= 0.1926079999999999, d= 0.04815199999999997 with timeout of 5s...
05-12-2024 14:05:32 - INFO - Sending request to Setting Chamber Zones to a= 0.19287999999999988, b= 0.04821999999999997, c= 0.19287999999999988, d= 0.04821999999999997 with timeout of 5s...
05-12-2024 14:05:33 - INFO - Sending request to Setting Chamber Zones to a= 0.1931519999999999, b= 0.04828799999999998, c= 0.1931519999999999, d= 0.04828799999999998 with timeout of 5s...
05-12-2024 14:05:33 - INFO - Sending request to Setting Chamber Zones to a= 0.198482, b= 0.0496205, c= 0.198482, d= 0.0496205 with timeout of 5s...
05-12-2024 14:05:33 - INFO - Sending request to Setting Chamber Zones to a= 0.19871200000000003, b= 0.04967800000000001, c= 0.19871200000000003, d= 0.04967800000000001 with timeout of 5s...
05-12-2024 14:05:33 - INFO - Sending request to Setting Chamber Zones to a= 0.198992, b= 0.049748, c= 0.198992, d= 0.049748 with timeout of 5s...
05-12-2024 14:05:33 - INFO - Sending request to Setting Chamber Zones to a= 0.199272, b= 0.049818, c= 0.199272, d= 0.049818 with timeout of 5s...
05-12-2024 14:05:34 - INFO - Sending request to Setting Chamber Zones to a= 0.20461000000000007, b= 0.05115250000000002, c= 0.20461000000000007, d= 0.05115250000000002 with timeout of 5s...
05-12-2024 14:05:34 - INFO - Sending request to Setting Chamber Zones to a= 0.20484800000000006, b= 0.051212000000000014, c= 0.20484800000000006, d= 0.051212000000000014 with timeout of 5s...
05-12-2024 14:05:34 - INFO - Setting Chamber Zones to a= 0.20484800000000006, b= 0.051212000000000014, c= 0.20484800000000006, d= 0.051212000000000014 request successfully sent.
05-12-2024 14:05:34 - INFO - Response from moonraker: {'result': 'ok'}
05-12-2024 14:05:34 - INFO - Setting Chamber Zones to a= 0.20484800000000006, b= 0.051212000000000014, c= 0.20484800000000006, d= 0.051212000000000014 Request successfully executed.
05-12-2024 14:05:34 - ERROR - E102 : Setting Chamber Zones to a= 0.20484800000000006, b= 0.051212000000000014, c= 0.20484800000000006, d= 0.051212000000000014 Request to Moonraker Timed out 
 Setting Chamber Zones to a= 0.20484800000000006, b= 0.051212000000000014, c= 0.20484800000000006, d= 0.051212000000000014 not successful
 Initiating firmware restart
05-12-2024 14:05:34 - INFO - Sending request to Setting Chamber Zones to a= 0.20513600000000004, b= 0.05128400000000001, c= 0.20513600000000004, d= 0.05128400000000001 with timeout of 5s...
05-12-2024 14:05:34 - INFO - Sending request to Setting Chamber Zones to a= 0.20542400000000005, b= 0.05135600000000001, c= 0.20542400000000005, d= 0.05135600000000001 with timeout of 5s...
05-12-2024 14:05:34 - INFO - Sending request to Setting Chamber Zones to a= 0.20571200000000003, b= 0.05142800000000001, c= 0.20571200000000003, d= 0.05142800000000001 with timeout of 5s...
05-12-2024 14:05:35 - INFO - Sending request to Setting Chamber Zones to a= 0.20600000000000007, b= 0.05150000000000002, c= 0.20600000000000007, d= 0.05150000000000002 with timeout of 5s...
05-12-2024 14:05:35 - INFO - Sending request to Setting Chamber Zones to a= 0.20628800000000005, b= 0.051572000000000014, c= 0.20628800000000005, d= 0.051572000000000014 with timeout of 5s...
05-12-2024 14:05:35 - INFO - Sending request to Setting Chamber Zones to a= 0.1964599999999999, b= 0.04911499999999998, c= 0.1964599999999999, d= 0.04911499999999998 with timeout of 5s...
05-12-2024 14:05:35 - INFO - Setting Chamber Zones to a= 0.1964599999999999, b= 0.04911499999999998, c= 0.1964599999999999, d= 0.04911499999999998 request successfully sent.
05-12-2024 14:05:35 - INFO - Response from moonraker: {'result': 'ok'}
05-12-2024 14:05:35 - INFO - Setting Chamber Zones to a= 0.1964599999999999, b= 0.04911499999999998, c= 0.1964599999999999, d= 0.04911499999999998 Request successfully executed.
05-12-2024 14:05:35 - INFO - Sending request to Setting Chamber Zones to a= 0.19177399999999983, b= 0.04794349999999996, c= 0.19177399999999983, d= 0.04794349999999996 with timeout of 5s...
05-12-2024 14:05:35 - INFO - Sending request to Setting Chamber Zones to a= 0.18703000000000014, b= 0.046757500000000035, c= 0.18703000000000014, d= 0.046757500000000035 with timeout of 5s...
05-12-2024 14:05:36 - INFO - Sending request to Setting Chamber Zones to a= 0.18227800000000008, b= 0.04556950000000002, c= 0.18227800000000008, d= 0.04556950000000002 with timeout of 5s...
05-12-2024 14:05:36 - INFO - Sending request to Setting Chamber Zones to a= 0.18257600000000007, b= 0.04564400000000002, c= 0.18257600000000007, d= 0.04564400000000002 with timeout of 5s...
05-12-2024 14:05:36 - INFO - Sending request to Setting Chamber Zones to a= 0.177766, b= 0.0444415, c= 0.177766, d= 0.0444415 with timeout of 5s...
05-12-2024 14:05:36 - INFO - Sending request to Setting Chamber Zones to a= 0.17805600000000002, b= 0.044514000000000005, c= 0.17805600000000002, d= 0.044514000000000005 with timeout of 5s...
05-12-2024 14:05:36 - INFO - Sending request to Setting Chamber Zones to a= 0.17829599999999998, b= 0.044573999999999996, c= 0.17829599999999998, d= 0.044573999999999996 with timeout of 5s...
05-12-2024 14:05:37 - INFO - Sending request to Setting Chamber Zones to a= 0.1734779999999999, b= 0.04336949999999998, c= 0.1734779999999999, d= 0.04336949999999998 with timeout of 5s...
05-12-2024 14:05:37 - INFO - Sending request to Setting Chamber Zones to a= 0.17375999999999991, b= 0.04343999999999998, c= 0.17375999999999991, d= 0.04343999999999998 with timeout of 5s...
05-12-2024 14:05:37 - INFO - Sending request to Setting Chamber Zones to a= 0.17905, b= 0.0447625, c= 0.17905, d= 0.0447625 with timeout of 5s...
05-12-2024 14:05:37 - INFO - Sending request to Setting Chamber Zones to a= 0.17923999999999998, b= 0.044809999999999996, c= 0.17923999999999998, d= 0.044809999999999996 with timeout of 5s...
05-12-2024 14:05:37 - INFO - Sending request to Setting Chamber Zones to a= 0.18453800000000004, b= 0.04613450000000001, c= 0.18453800000000004, d= 0.04613450000000001 with timeout of 5s...
05-12-2024 14:05:38 - INFO - Sending request to Setting Chamber Zones to a= 0.1847360000000001, b= 0.046184000000000024, c= 0.1847360000000001, d= 0.046184000000000024 with timeout of 5s...
05-12-2024 14:05:38 - INFO - Sending request to Setting Chamber Zones to a= 0.18498400000000007, b= 0.046246000000000016, c= 0.18498400000000007, d= 0.046246000000000016 with timeout of 5s...
05-12-2024 14:05:38 - INFO - Sending request to Setting Chamber Zones to a= 0.18523200000000006, b= 0.046308000000000016, c= 0.18523200000000006, d= 0.046308000000000016 with timeout of 5s...
05-12-2024 14:05:38 - INFO - Sending request to Setting Chamber Zones to a= 0.1854800000000001, b= 0.04637000000000002, c= 0.1854800000000001, d= 0.04637000000000002 with timeout of 5s...
05-12-2024 14:05:38 - INFO - Sending request to Setting Chamber Zones to a= 0.1857280000000001, b= 0.04643200000000002, c= 0.1857280000000001, d= 0.04643200000000002 with timeout of 5s...
05-12-2024 14:05:39 - INFO - Sending request to Setting Chamber Zones to a= 0.19103400000000012, b= 0.04775850000000003, c= 0.19103400000000012, d= 0.04775850000000003 with timeout of 5s...
05-12-2024 14:05:39 - INFO - Sending request to Setting Chamber Zones to a= 0.19124000000000013, b= 0.04781000000000003, c= 0.19124000000000013, d= 0.04781000000000003 with timeout of 5s...
05-12-2024 14:05:39 - INFO - Sending request to Setting Chamber Zones to a= 0.19149600000000014, b= 0.047874000000000035, c= 0.19149600000000014, d= 0.047874000000000035 with timeout of 5s...
05-12-2024 14:05:39 - INFO - Sending request to Setting Chamber Zones to a= 0.19175200000000014, b= 0.047938000000000036, c= 0.19175200000000014, d= 0.047938000000000036 with timeout of 5s...
05-12-2024 14:05:39 - INFO - Sending request to Setting Chamber Zones to a= 0.19706599999999985, b= 0.04926649999999996, c= 0.19706599999999985, d= 0.04926649999999996 with timeout of 5s...
05-12-2024 14:05:40 - INFO - Sending request to Setting Chamber Zones to a= 0.19727999999999987, b= 0.04931999999999997, c= 0.19727999999999987, d= 0.04931999999999997 with timeout of 5s...
05-12-2024 14:05:40 - INFO - Sending request to Setting Chamber Zones to a= 0.19754399999999986, b= 0.049385999999999965, c= 0.19754399999999986, d= 0.049385999999999965 with timeout of 5s...
05-12-2024 14:05:40 - INFO - Sending request to Setting Chamber Zones to a= 0.20286599999999988, b= 0.05071649999999997, c= 0.20286599999999988, d= 0.05071649999999997 with timeout of 5s...
05-12-2024 14:05:40 - INFO - Sending request to Setting Chamber Zones to a= 0.20308799999999994, b= 0.050771999999999984, c= 0.20308799999999994, d= 0.050771999999999984 with timeout of 5s...
05-12-2024 14:05:40 - INFO - Sending request to Setting Chamber Zones to a= 0.2033599999999999, b= 0.050839999999999975, c= 0.2033599999999999, d= 0.050839999999999975 with timeout of 5s...
05-12-2024 14:05:41 - INFO - Sending request to Setting Chamber Zones to a= 0.20363199999999992, b= 0.05090799999999998, c= 0.20363199999999992, d= 0.05090799999999998 with timeout of 5s...
05-12-2024 14:05:41 - INFO - Sending request to Setting Chamber Zones to a= 0.20390399999999992, b= 0.05097599999999998, c= 0.20390399999999992, d= 0.05097599999999998 with timeout of 5s...
05-12-2024 14:05:41 - INFO - Sending request to Setting Chamber Zones to a= 0.20417599999999994, b= 0.051043999999999985, c= 0.20417599999999994, d= 0.051043999999999985 with timeout of 5s...
05-12-2024 14:05:41 - INFO - Sending request to Setting Chamber Zones to a= 0.2044479999999999, b= 0.05111199999999998, c= 0.2044479999999999, d= 0.05111199999999998 with timeout of 5s...
05-12-2024 14:05:41 - INFO - Sending request to Setting Chamber Zones to a= 0.2047199999999999, b= 0.051179999999999976, c= 0.2047199999999999, d= 0.051179999999999976 with timeout of 5s...
05-12-2024 14:05:42 - INFO - Sending request to Setting Chamber Zones to a= 0.20499199999999992, b= 0.05124799999999998, c= 0.20499199999999992, d= 0.05124799999999998 with timeout of 5s...
05-12-2024 14:05:42 - INFO - Sending request to Setting Chamber Zones to a= 0.210322, b= 0.0525805, c= 0.210322, d= 0.0525805 with timeout of 5s...
05-12-2024 14:05:42 - INFO - Sending request to Setting Chamber Zones to a= 0.210552, b= 0.052638, c= 0.210552, d= 0.052638 with timeout of 5s...
05-12-2024 14:05:42 - INFO - Sending request to Setting Chamber Zones to a= 0.210832, b= 0.052708, c= 0.210832, d= 0.052708 with timeout of 5s...
05-12-2024 14:05:42 - INFO - Sending request to Setting Chamber Zones to a= 0.211112, b= 0.052778, c= 0.211112, d= 0.052778 with timeout of 5s...
05-12-2024 14:05:43 - INFO - Sending request to Setting Chamber Zones to a= 0.211392, b= 0.052848, c= 0.211392, d= 0.052848 with timeout of 5s...
05-12-2024 14:05:43 - INFO - Sending request to Setting Chamber Zones to a= 0.211672, b= 0.052918, c= 0.211672, d= 0.052918 with timeout of 5s...
05-12-2024 14:05:43 - INFO - Sending request to Setting Chamber Zones to a= 0.21701000000000004, b= 0.05425250000000001, c= 0.21701000000000004, d= 0.05425250000000001 with timeout of 5s...
05-12-2024 14:05:43 - INFO - Sending request to Setting Chamber Zones to a= 0.21724800000000005, b= 0.05431200000000001, c= 0.21724800000000005, d= 0.05431200000000001 with timeout of 5s...
05-12-2024 14:05:43 - INFO - Sending request to Setting Chamber Zones to a= 0.21753600000000006, b= 0.054384000000000016, c= 0.21753600000000006, d= 0.054384000000000016 with timeout of 5s...
05-12-2024 14:05:44 - INFO - Sending request to Setting Chamber Zones to a= 0.22288200000000014, b= 0.055720500000000034, c= 0.22288200000000014, d= 0.055720500000000034 with timeout of 5s...
05-12-2024 14:05:44 - INFO - Sending request to Setting Chamber Zones to a= 0.22312800000000016, b= 0.05578200000000004, c= 0.22312800000000016, d= 0.05578200000000004 with timeout of 5s...
05-12-2024 14:05:44 - INFO - Sending request to Setting Chamber Zones to a= 0.22848199999999985, b= 0.05712049999999996, c= 0.22848199999999985, d= 0.05712049999999996 with timeout of 5s...
05-12-2024 14:05:44 - INFO - Sending request to Setting Chamber Zones to a= 0.22873599999999986, b= 0.057183999999999964, c= 0.22873599999999986, d= 0.057183999999999964 with timeout of 5s...
05-12-2024 14:05:44 - INFO - Sending request to Setting Chamber Zones to a= 0.22903999999999985, b= 0.057259999999999964, c= 0.22903999999999985, d= 0.057259999999999964 with timeout of 5s...
05-12-2024 14:05:45 - INFO - Sending request to Setting Chamber Zones to a= 0.22934399999999985, b= 0.05733599999999996, c= 0.22934399999999985, d= 0.05733599999999996 with timeout of 5s...
05-12-2024 14:05:45 - INFO - Sending request to Setting Chamber Zones to a= 0.22964799999999985, b= 0.05741199999999996, c= 0.22964799999999985, d= 0.05741199999999996 with timeout of 5s...
05-12-2024 14:05:45 - INFO - Setting Chamber Zones to a= 0.22964799999999985, b= 0.05741199999999996, c= 0.22964799999999985, d= 0.05741199999999996 request successfully sent.
05-12-2024 14:05:45 - INFO - Response from moonraker: {'result': 'ok'}
05-12-2024 14:05:45 - INFO - Setting Chamber Zones to a= 0.22964799999999985, b= 0.05741199999999996, c= 0.22964799999999985, d= 0.05741199999999996 Request successfully executed.
05-12-2024 14:05:45 - ERROR - E102 : Setting Chamber Zones to a= 0.22964799999999985, b= 0.05741199999999996, c= 0.22964799999999985, d= 0.05741199999999996 Request to Moonraker Timed out 
 Setting Chamber Zones to a= 0.22964799999999985, b= 0.05741199999999996, c= 0.22964799999999985, d= 0.05741199999999996 not successful
 Initiating firmware restart
05-12-2024 14:05:45 - INFO - Sending request to Setting Chamber Zones to a= 0.22995199999999985, b= 0.05748799999999996, c= 0.22995199999999985, d= 0.05748799999999996 with timeout of 5s...
05-12-2024 14:05:45 - INFO - Sending request to Setting Chamber Zones to a= 0.23025599999999988, b= 0.05756399999999997, c= 0.23025599999999988, d= 0.05756399999999997 with timeout of 5s...
05-12-2024 14:05:45 - INFO - Sending request to Setting Chamber Zones to a= 0.23055999999999982, b= 0.057639999999999955, c= 0.23055999999999982, d= 0.057639999999999955 with timeout of 5s...
05-12-2024 14:05:46 - INFO - Sending request to Setting Chamber Zones to a= 0.23086399999999985, b= 0.05771599999999996, c= 0.23086399999999985, d= 0.05771599999999996 with timeout of 5s...
05-12-2024 14:05:46 - INFO - Sending request to Setting Chamber Zones to a= 0.23116799999999985, b= 0.05779199999999996, c= 0.23116799999999985, d= 0.05779199999999996 with timeout of 5s...
05-12-2024 14:05:46 - INFO - Sending request to Setting Chamber Zones to a= 0.2264140000000002, b= 0.05660350000000005, c= 0.2264140000000002, d= 0.05660350000000005 with timeout of 5s...
05-12-2024 14:05:46 - INFO - Setting Chamber Zones to a= 0.2264140000000002, b= 0.05660350000000005, c= 0.2264140000000002, d= 0.05660350000000005 request successfully sent.
05-12-2024 14:05:46 - INFO - Response from moonraker: {'result': 'ok'}
05-12-2024 14:05:46 - INFO - Setting Chamber Zones to a= 0.2264140000000002, b= 0.05660350000000005, c= 0.2264140000000002, d= 0.05660350000000005 Request successfully executed.
05-12-2024 14:05:46 - INFO - Sending request to Setting Chamber Zones to a= 0.2217020000000001, b= 0.05542550000000002, c= 0.2217020000000001, d= 0.05542550000000002 with timeout of 5s...
05-12-2024 14:05:46 - INFO - Sending request to Setting Chamber Zones to a= 0.20686599999999986, b= 0.051716499999999964, c= 0.20686599999999986, d= 0.051716499999999964 with timeout of 5s...
05-12-2024 14:05:47 - INFO - Sending request to Setting Chamber Zones to a= 0.20222200000000012, b= 0.05055550000000003, c= 0.20222200000000012, d= 0.05055550000000003 with timeout of 5s...
05-12-2024 14:05:47 - INFO - Sending request to Setting Chamber Zones to a= 0.19747000000000012, b= 0.04936750000000003, c= 0.19747000000000012, d= 0.04936750000000003 with timeout of 5s...
05-12-2024 14:05:47 - INFO - Sending request to Setting Chamber Zones to a= 0.19776800000000008, b= 0.04944200000000002, c= 0.19776800000000008, d= 0.04944200000000002 with timeout of 5s...
05-12-2024 14:05:47 - INFO - Sending request to Setting Chamber Zones to a= 0.19801600000000008, b= 0.04950400000000002, c= 0.19801600000000008, d= 0.04950400000000002 with timeout of 5s...
05-12-2024 14:05:47 - INFO - Sending request to Setting Chamber Zones to a= 0.19826400000000008, b= 0.04956600000000002, c= 0.19826400000000008, d= 0.04956600000000002 with timeout of 5s...
05-12-2024 14:05:48 - INFO - Sending request to Setting Chamber Zones to a= 0.1985120000000001, b= 0.049628000000000026, c= 0.1985120000000001, d= 0.049628000000000026 with timeout of 5s...
05-12-2024 14:05:48 - INFO - Sending request to Setting Chamber Zones to a= 0.19876000000000008, b= 0.04969000000000002, c= 0.19876000000000008, d= 0.04969000000000002 with timeout of 5s...
05-12-2024 14:05:48 - INFO - Sending request to Setting Chamber Zones to a= 0.19900800000000007, b= 0.04975200000000002, c= 0.19900800000000007, d= 0.04975200000000002 with timeout of 5s...
05-12-2024 14:05:48 - INFO - Sending request to Setting Chamber Zones to a= 0.2043140000000002, b= 0.05107850000000005, c= 0.2043140000000002, d= 0.05107850000000005 with timeout of 5s...
05-12-2024 14:05:48 - INFO - Sending request to Setting Chamber Zones to a= 0.20452000000000015, b= 0.05113000000000004, c= 0.20452000000000015, d= 0.05113000000000004 with timeout of 5s...
05-12-2024 14:05:49 - INFO - Sending request to Setting Chamber Zones to a= 0.20983399999999988, b= 0.05245849999999997, c= 0.20983399999999988, d= 0.05245849999999997 with timeout of 5s...
05-12-2024 14:05:49 - INFO - Sending request to Setting Chamber Zones to a= 0.21510599999999994, b= 0.053776499999999984, c= 0.21510599999999994, d= 0.053776499999999984 with timeout of 5s...
05-12-2024 14:05:49 - INFO - Sending request to Setting Chamber Zones to a= 0.21532799999999994, b= 0.053831999999999984, c= 0.21532799999999994, d= 0.053831999999999984 with timeout of 5s...
05-12-2024 14:05:49 - INFO - Sending request to Setting Chamber Zones to a= 0.2155999999999999, b= 0.053899999999999976, c= 0.2155999999999999, d= 0.053899999999999976 with timeout of 5s...
05-12-2024 14:05:49 - INFO - Sending request to Setting Chamber Zones to a= 0.21587199999999993, b= 0.05396799999999998, c= 0.21587199999999993, d= 0.05396799999999998 with timeout of 5s...
05-12-2024 14:05:50 - INFO - Sending request to Setting Chamber Zones to a= 0.221202, b= 0.0553005, c= 0.221202, d= 0.0553005 with timeout of 5s...
05-12-2024 14:05:50 - INFO - Sending request to Setting Chamber Zones to a= 0.221432, b= 0.055358, c= 0.221432, d= 0.055358 with timeout of 5s...
05-12-2024 14:05:50 - INFO - Sending request to Setting Chamber Zones to a= 0.22171200000000002, b= 0.055428000000000005, c= 0.22171200000000002, d= 0.055428000000000005 with timeout of 5s...
05-12-2024 14:05:50 - INFO - Sending request to Setting Chamber Zones to a= 0.22199200000000002, b= 0.055498000000000006, c= 0.22199200000000002, d= 0.055498000000000006 with timeout of 5s...
05-12-2024 14:05:50 - INFO - Sending request to Setting Chamber Zones to a= 0.22227200000000003, b= 0.055568000000000006, c= 0.22227200000000003, d= 0.055568000000000006 with timeout of 5s...
05-12-2024 14:05:51 - INFO - Sending request to Setting Chamber Zones to a= 0.22255200000000003, b= 0.05563800000000001, c= 0.22255200000000003, d= 0.05563800000000001 with timeout of 5s...
05-12-2024 14:05:51 - INFO - Sending request to Setting Chamber Zones to a= 0.22283200000000003, b= 0.05570800000000001, c= 0.22283200000000003, d= 0.05570800000000001 with timeout of 5s...
05-12-2024 14:05:51 - INFO - Sending request to Setting Chamber Zones to a= 0.22817000000000007, b= 0.05704250000000002, c= 0.22817000000000007, d= 0.05704250000000002 with timeout of 5s...
05-12-2024 14:05:51 - INFO - Sending request to Setting Chamber Zones to a= 0.22840800000000008, b= 0.05710200000000002, c= 0.22840800000000008, d= 0.05710200000000002 with timeout of 5s...
05-12-2024 14:05:51 - INFO - Sending request to Setting Chamber Zones to a= 0.2286960000000001, b= 0.05717400000000002, c= 0.2286960000000001, d= 0.05717400000000002 with timeout of 5s...
05-12-2024 14:05:52 - INFO - Sending request to Setting Chamber Zones to a= 0.22392600000000001, b= 0.055981500000000003, c= 0.22392600000000001, d= 0.055981500000000003 with timeout of 5s...
05-12-2024 14:05:52 - INFO - Sending request to Setting Chamber Zones to a= 0.22931400000000007, b= 0.05732850000000002, c= 0.22931400000000007, d= 0.05732850000000002 with timeout of 5s...
05-12-2024 14:05:52 - INFO - Sending request to Setting Chamber Zones to a= 0.2295520000000001, b= 0.05738800000000002, c= 0.2295520000000001, d= 0.05738800000000002 with timeout of 5s...
05-12-2024 14:05:52 - INFO - Sending request to Setting Chamber Zones to a= 0.2298400000000001, b= 0.057460000000000025, c= 0.2298400000000001, d= 0.057460000000000025 with timeout of 5s...
05-12-2024 14:05:52 - INFO - Sending request to Setting Chamber Zones to a= 0.23012800000000008, b= 0.05753200000000002, c= 0.23012800000000008, d= 0.05753200000000002 with timeout of 5s...
05-12-2024 14:05:53 - INFO - Sending request to Setting Chamber Zones to a= 0.23547400000000018, b= 0.058868500000000046, c= 0.23547400000000018, d= 0.058868500000000046 with timeout of 5s...
05-12-2024 14:05:53 - INFO - Sending request to Setting Chamber Zones to a= 0.24077799999999988, b= 0.06019449999999997, c= 0.24077799999999988, d= 0.06019449999999997 with timeout of 5s...
05-12-2024 14:05:53 - INFO - Sending request to Setting Chamber Zones to a= 0.24103199999999986, b= 0.060257999999999964, c= 0.24103199999999986, d= 0.060257999999999964 with timeout of 5s...
05-12-2024 14:05:53 - INFO - Sending request to Setting Chamber Zones to a= 0.24133599999999988, b= 0.06033399999999997, c= 0.24133599999999988, d= 0.06033399999999997 with timeout of 5s...
05-12-2024 14:05:53 - INFO - Sending request to Setting Chamber Zones to a= 0.24163999999999988, b= 0.06040999999999997, c= 0.24163999999999988, d= 0.06040999999999997 with timeout of 5s...
05-12-2024 14:05:54 - INFO - Sending request to Setting Chamber Zones to a= 0.24194399999999988, b= 0.06048599999999997, c= 0.24194399999999988, d= 0.06048599999999997 with timeout of 5s...
05-12-2024 14:05:54 - INFO - Sending request to Setting Chamber Zones to a= 0.24224799999999985, b= 0.06056199999999996, c= 0.24224799999999985, d= 0.06056199999999996 with timeout of 5s...
05-12-2024 14:05:54 - INFO - Sending request to Setting Chamber Zones to a= 0.24255199999999985, b= 0.06063799999999996, c= 0.24255199999999985, d= 0.06063799999999996 with timeout of 5s...
05-12-2024 14:05:54 - INFO - Sending request to Setting Chamber Zones to a= 0.24285599999999985, b= 0.06071399999999996, c= 0.24285599999999985, d= 0.06071399999999996 with timeout of 5s...
05-12-2024 14:05:54 - INFO - Sending request to Setting Chamber Zones to a= 0.24315999999999985, b= 0.06078999999999996, c= 0.24315999999999985, d= 0.06078999999999996 with timeout of 5s...
05-12-2024 14:05:55 - INFO - Sending request to Setting Chamber Zones to a= 0.24346399999999985, b= 0.06086599999999996, c= 0.24346399999999985, d= 0.06086599999999996 with timeout of 5s...
05-12-2024 14:05:55 - INFO - Sending request to Setting Chamber Zones to a= 0.24376799999999985, b= 0.06094199999999996, c= 0.24376799999999985, d= 0.06094199999999996 with timeout of 5s...
05-12-2024 14:05:55 - INFO - Sending request to Setting Chamber Zones to a= 0.24407199999999984, b= 0.06101799999999996, c= 0.24407199999999984, d= 0.06101799999999996 with timeout of 5s...
05-12-2024 14:05:55 - INFO - Sending request to Setting Chamber Zones to a= 0.24437599999999984, b= 0.06109399999999996, c= 0.24437599999999984, d= 0.06109399999999996 with timeout of 5s...
05-12-2024 14:05:56 - INFO - Sending request to Setting Chamber Zones to a= 0.24467999999999987, b= 0.06116999999999997, c= 0.24467999999999987, d= 0.06116999999999997 with timeout of 5s...
05-12-2024 14:05:56 - INFO - Sending request to Setting Chamber Zones to a= 0.2449839999999998, b= 0.06124599999999995, c= 0.2449839999999998, d= 0.06124599999999995 with timeout of 5s...
05-12-2024 14:05:56 - INFO - Sending request to Setting Chamber Zones to a= 0.24528799999999984, b= 0.06132199999999996, c= 0.24528799999999984, d= 0.06132199999999996 with timeout of 5s...
05-12-2024 14:05:56 - INFO - Sending request to Setting Chamber Zones to a= 0.24559199999999984, b= 0.06139799999999996, c= 0.24559199999999984, d= 0.06139799999999996 with timeout of 5s...
05-12-2024 14:05:56 - INFO - Setting Chamber Zones to a= 0.24559199999999984, b= 0.06139799999999996, c= 0.24559199999999984, d= 0.06139799999999996 request successfully sent.
05-12-2024 14:05:56 - INFO - Response from moonraker: {'result': 'ok'}
05-12-2024 14:05:56 - INFO - Setting Chamber Zones to a= 0.24559199999999984, b= 0.06139799999999996, c= 0.24559199999999984, d= 0.06139799999999996 Request successfully executed.
05-12-2024 14:05:56 - ERROR - E102 : Setting Chamber Zones to a= 0.24559199999999984, b= 0.06139799999999996, c= 0.24559199999999984, d= 0.06139799999999996 Request to Moonraker Timed out 
 Setting Chamber Zones to a= 0.24559199999999984, b= 0.06139799999999996, c= 0.24559199999999984, d= 0.06139799999999996 not successful
 Initiating firmware restart
05-12-2024 14:05:56 - INFO - Sending request to Setting Chamber Zones to a= 0.24589599999999978, b= 0.061473999999999945, c= 0.24589599999999978, d= 0.061473999999999945 with timeout of 5s...
05-12-2024 14:05:57 - INFO - Sending request to Setting Chamber Zones to a= 0.2461999999999998, b= 0.06154999999999995, c= 0.2461999999999998, d= 0.06154999999999995 with timeout of 5s...
05-12-2024 14:05:57 - INFO - Sending request to Setting Chamber Zones to a= 0.2465039999999998, b= 0.06162599999999995, c= 0.2465039999999998, d= 0.06162599999999995 with timeout of 5s...
05-12-2024 14:05:57 - INFO - Sending request to Setting Chamber Zones to a= 0.2468079999999998, b= 0.06170199999999995, c= 0.2468079999999998, d= 0.06170199999999995 with timeout of 5s...
05-12-2024 14:05:57 - INFO - Sending request to Setting Chamber Zones to a= 0.2420540000000001, b= 0.060513500000000026, c= 0.2420540000000001, d= 0.060513500000000026 with timeout of 5s...
05-12-2024 14:05:57 - INFO - Setting Chamber Zones to a= 0.2420540000000001, b= 0.060513500000000026, c= 0.2420540000000001, d= 0.060513500000000026 request successfully sent.
05-12-2024 14:05:57 - INFO - Response from moonraker: {'result': 'ok'}
05-12-2024 14:05:57 - INFO - Setting Chamber Zones to a= 0.2420540000000001, b= 0.060513500000000026, c= 0.2420540000000001, d= 0.060513500000000026 Request successfully executed.
05-12-2024 14:05:57 - INFO - Sending request to Setting Chamber Zones to a= 0.23734200000000003, b= 0.059335500000000006, c= 0.23734200000000003, d= 0.059335500000000006 with timeout of 5s...
05-12-2024 14:05:58 - INFO - Sending request to Setting Chamber Zones to a= 0.23262199999999997, b= 0.05815549999999999, c= 0.23262199999999997, d= 0.05815549999999999 with timeout of 5s...
05-12-2024 14:05:58 - INFO - Sending request to Setting Chamber Zones to a= 0.2228359999999998, b= 0.05570899999999995, c= 0.2228359999999998, d= 0.05570899999999995 with timeout of 5s...
05-12-2024 14:05:58 - INFO - Sending request to Setting Chamber Zones to a= 0.21308400000000005, b= 0.05327100000000001, c= 0.21308400000000005, d= 0.05327100000000001 with timeout of 5s...
05-12-2024 14:05:58 - INFO - Sending request to Setting Chamber Zones to a= 0.21343200000000004, b= 0.05335800000000001, c= 0.21343200000000004, d= 0.05335800000000001 with timeout of 5s...
05-12-2024 14:05:58 - INFO - Sending request to Setting Chamber Zones to a= 0.21368, b= 0.05342, c= 0.21368, d= 0.05342 with timeout of 5s...
05-12-2024 14:05:59 - INFO - Sending request to Setting Chamber Zones to a= 0.21392800000000003, b= 0.05348200000000001, c= 0.21392800000000003, d= 0.05348200000000001 with timeout of 5s...
05-12-2024 14:05:59 - INFO - Sending request to Setting Chamber Zones to a= 0.21417600000000003, b= 0.05354400000000001, c= 0.21417600000000003, d= 0.05354400000000001 with timeout of 5s...
05-12-2024 14:05:59 - INFO - Sending request to Setting Chamber Zones to a= 0.21442400000000003, b= 0.05360600000000001, c= 0.21442400000000003, d= 0.05360600000000001 with timeout of 5s...
05-12-2024 14:05:59 - INFO - Sending request to Setting Chamber Zones to a= 0.21467200000000003, b= 0.05366800000000001, c= 0.21467200000000003, d= 0.05366800000000001 with timeout of 5s...
05-12-2024 14:05:59 - INFO - Sending request to Setting Chamber Zones to a= 0.21492000000000006, b= 0.053730000000000014, c= 0.21492000000000006, d= 0.053730000000000014 with timeout of 5s...
05-12-2024 14:06:00 - INFO - Sending request to Setting Chamber Zones to a= 0.21516800000000008, b= 0.05379200000000002, c= 0.21516800000000008, d= 0.05379200000000002 with timeout of 5s...
05-12-2024 14:06:00 - INFO - Sending request to Setting Chamber Zones to a= 0.21541600000000005, b= 0.05385400000000001, c= 0.21541600000000005, d= 0.05385400000000001 with timeout of 5s...
05-12-2024 14:06:00 - INFO - Sending request to Setting Chamber Zones to a= 0.21566400000000005, b= 0.05391600000000001, c= 0.21566400000000005, d= 0.05391600000000001 with timeout of 5s...
05-12-2024 14:06:00 - INFO - Sending request to Setting Chamber Zones to a= 0.21591200000000005, b= 0.05397800000000001, c= 0.21591200000000005, d= 0.05397800000000001 with timeout of 5s...
05-12-2024 14:06:00 - INFO - Sending request to Setting Chamber Zones to a= 0.21616000000000002, b= 0.054040000000000005, c= 0.21616000000000002, d= 0.054040000000000005 with timeout of 5s...
05-12-2024 14:06:01 - INFO - Sending request to Setting Chamber Zones to a= 0.21640800000000004, b= 0.05410200000000001, c= 0.21640800000000004, d= 0.05410200000000001 with timeout of 5s...
05-12-2024 14:06:01 - INFO - Sending request to Setting Chamber Zones to a= 0.22171400000000008, b= 0.05542850000000002, c= 0.22171400000000008, d= 0.05542850000000002 with timeout of 5s...
05-12-2024 14:06:01 - INFO - Sending request to Setting Chamber Zones to a= 0.22192000000000012, b= 0.05548000000000003, c= 0.22192000000000012, d= 0.05548000000000003 with timeout of 5s...
05-12-2024 14:06:01 - INFO - Sending request to Setting Chamber Zones to a= 0.22217600000000012, b= 0.05554400000000003, c= 0.22217600000000012, d= 0.05554400000000003 with timeout of 5s...
05-12-2024 14:06:01 - INFO - Sending request to Setting Chamber Zones to a= 0.22748999999999986, b= 0.056872499999999965, c= 0.22748999999999986, d= 0.056872499999999965 with timeout of 5s...
05-12-2024 14:06:02 - INFO - Sending request to Setting Chamber Zones to a= 0.22770399999999985, b= 0.05692599999999996, c= 0.22770399999999985, d= 0.05692599999999996 with timeout of 5s...
05-12-2024 14:06:02 - INFO - Sending request to Setting Chamber Zones to a= 0.2330259999999999, b= 0.058256499999999975, c= 0.2330259999999999, d= 0.058256499999999975 with timeout of 5s...
05-12-2024 14:06:02 - INFO - Sending request to Setting Chamber Zones to a= 0.2332479999999999, b= 0.058311999999999975, c= 0.2332479999999999, d= 0.058311999999999975 with timeout of 5s...
05-12-2024 14:06:02 - INFO - Sending request to Setting Chamber Zones to a= 0.2335199999999999, b= 0.058379999999999974, c= 0.2335199999999999, d= 0.058379999999999974 with timeout of 5s...
05-12-2024 14:06:02 - INFO - Sending request to Setting Chamber Zones to a= 0.2337919999999999, b= 0.05844799999999997, c= 0.2337919999999999, d= 0.05844799999999997 with timeout of 5s...
05-12-2024 14:06:03 - INFO - Sending request to Setting Chamber Zones to a= 0.23406399999999988, b= 0.05851599999999997, c= 0.23406399999999988, d= 0.05851599999999997 with timeout of 5s...
05-12-2024 14:06:03 - INFO - Sending request to Setting Chamber Zones to a= 0.239394, b= 0.0598485, c= 0.239394, d= 0.0598485 with timeout of 5s...
05-12-2024 14:06:03 - INFO - Sending request to Setting Chamber Zones to a= 0.23962399999999998, b= 0.059905999999999994, c= 0.23962399999999998, d= 0.059905999999999994 with timeout of 5s...
05-12-2024 14:06:03 - INFO - Sending request to Setting Chamber Zones to a= 0.23990399999999998, b= 0.059975999999999995, c= 0.23990399999999998, d= 0.059975999999999995 with timeout of 5s...
05-12-2024 14:06:03 - INFO - Sending request to Setting Chamber Zones to a= 0.240184, b= 0.060046, c= 0.240184, d= 0.060046 with timeout of 5s...
05-12-2024 14:06:04 - INFO - Sending request to Setting Chamber Zones to a= 0.24046399999999998, b= 0.060115999999999996, c= 0.24046399999999998, d= 0.060115999999999996 with timeout of 5s...
05-12-2024 14:06:04 - INFO - Sending request to Setting Chamber Zones to a= 0.24580200000000002, b= 0.061450500000000005, c= 0.24580200000000002, d= 0.061450500000000005 with timeout of 5s...
05-12-2024 14:06:04 - INFO - Sending request to Setting Chamber Zones to a= 0.24604000000000004, b= 0.06151000000000001, c= 0.24604000000000004, d= 0.06151000000000001 with timeout of 5s...
05-12-2024 14:06:04 - INFO - Sending request to Setting Chamber Zones to a= 0.24632800000000002, b= 0.061582000000000005, c= 0.24632800000000002, d= 0.061582000000000005 with timeout of 5s...
05-12-2024 14:06:04 - INFO - Sending request to Setting Chamber Zones to a= 0.24661600000000006, b= 0.061654000000000014, c= 0.24661600000000006, d= 0.061654000000000014 with timeout of 5s...
05-12-2024 14:06:05 - INFO - Sending request to Setting Chamber Zones to a= 0.24690400000000007, b= 0.06172600000000002, c= 0.24690400000000007, d= 0.06172600000000002 with timeout of 5s...
05-12-2024 14:06:05 - INFO - Sending request to Setting Chamber Zones to a= 0.24719200000000005, b= 0.06179800000000001, c= 0.24719200000000005, d= 0.06179800000000001 with timeout of 5s...
05-12-2024 14:06:05 - INFO - Sending request to Setting Chamber Zones to a= 0.24748000000000003, b= 0.06187000000000001, c= 0.24748000000000003, d= 0.06187000000000001 with timeout of 5s...
05-12-2024 14:06:05 - INFO - Sending request to Setting Chamber Zones to a= 0.2528260000000001, b= 0.06320650000000003, c= 0.2528260000000001, d= 0.06320650000000003 with timeout of 5s...
05-12-2024 14:06:05 - INFO - Sending request to Setting Chamber Zones to a= 0.25307200000000013, b= 0.06326800000000003, c= 0.25307200000000013, d= 0.06326800000000003 with timeout of 5s...
05-12-2024 14:06:06 - INFO - Sending request to Setting Chamber Zones to a= 0.25336800000000015, b= 0.06334200000000004, c= 0.25336800000000015, d= 0.06334200000000004 with timeout of 5s...
05-12-2024 14:06:06 - INFO - Sending request to Setting Chamber Zones to a= 0.25366400000000017, b= 0.06341600000000004, c= 0.25366400000000017, d= 0.06341600000000004 with timeout of 5s...
05-12-2024 14:06:06 - INFO - Sending request to Setting Chamber Zones to a= 0.2539600000000002, b= 0.06349000000000005, c= 0.2539600000000002, d= 0.06349000000000005 with timeout of 5s...
05-12-2024 14:06:06 - INFO - Sending request to Setting Chamber Zones to a= 0.25425600000000015, b= 0.06356400000000004, c= 0.25425600000000015, d= 0.06356400000000004 with timeout of 5s...
05-12-2024 14:06:06 - INFO - Sending request to Setting Chamber Zones to a= 0.25455200000000017, b= 0.06363800000000004, c= 0.25455200000000017, d= 0.06363800000000004 with timeout of 5s...
05-12-2024 14:06:07 - INFO - Sending request to Setting Chamber Zones to a= 0.2548480000000002, b= 0.06371200000000005, c= 0.2548480000000002, d= 0.06371200000000005 with timeout of 5s...
05-12-2024 14:06:07 - INFO - Sending request to Setting Chamber Zones to a= 0.2602019999999999, b= 0.06505049999999997, c= 0.2602019999999999, d= 0.06505049999999997 with timeout of 5s...
05-12-2024 14:06:07 - INFO - Sending request to Setting Chamber Zones to a= 0.26045599999999985, b= 0.06511399999999996, c= 0.26045599999999985, d= 0.06511399999999996 with timeout of 5s...
05-12-2024 14:06:07 - INFO - Sending request to Setting Chamber Zones to a= 0.2607599999999999, b= 0.06518999999999997, c= 0.2607599999999999, d= 0.06518999999999997 with timeout of 5s...
05-12-2024 14:06:07 - INFO - Setting Chamber Zones to a= 0.2607599999999999, b= 0.06518999999999997, c= 0.2607599999999999, d= 0.06518999999999997 request successfully sent.
05-12-2024 14:06:07 - INFO - Response from moonraker: {'result': 'ok'}
05-12-2024 14:06:07 - INFO - Setting Chamber Zones to a= 0.2607599999999999, b= 0.06518999999999997, c= 0.2607599999999999, d= 0.06518999999999997 Request successfully executed.
05-12-2024 14:06:07 - ERROR - E102 : Setting Chamber Zones to a= 0.2607599999999999, b= 0.06518999999999997, c= 0.2607599999999999, d= 0.06518999999999997 Request to Moonraker Timed out 
 Setting Chamber Zones to a= 0.2607599999999999, b= 0.06518999999999997, c= 0.2607599999999999, d= 0.06518999999999997 not successful
 Initiating firmware restart
05-12-2024 14:06:07 - INFO - Sending request to Setting Chamber Zones to a= 0.26106399999999985, b= 0.06526599999999996, c= 0.26106399999999985, d= 0.06526599999999996 with timeout of 5s...
05-12-2024 14:06:08 - INFO - Sending request to Setting Chamber Zones to a= 0.2613679999999998, b= 0.06534199999999996, c= 0.2613679999999998, d= 0.06534199999999996 with timeout of 5s...
05-12-2024 14:06:08 - INFO - Sending request to Setting Chamber Zones to a= 0.26167199999999985, b= 0.06541799999999996, c= 0.26167199999999985, d= 0.06541799999999996 with timeout of 5s...
05-12-2024 14:06:08 - INFO - Sending request to Setting Chamber Zones to a= 0.2619759999999999, b= 0.06549399999999997, c= 0.2619759999999999, d= 0.06549399999999997 with timeout of 5s...
05-12-2024 14:06:08 - INFO - Sending request to Setting Chamber Zones to a= 0.26227999999999985, b= 0.06556999999999996, c= 0.26227999999999985, d= 0.06556999999999996 with timeout of 5s...
05-12-2024 14:06:08 - INFO - Sending request to Setting Chamber Zones to a= 0.2625839999999998, b= 0.06564599999999995, c= 0.2625839999999998, d= 0.06564599999999995 with timeout of 5s...
05-12-2024 14:06:08 - INFO - Setting Chamber Zones to a= 0.2625839999999998, b= 0.06564599999999995, c= 0.2625839999999998, d= 0.06564599999999995 request successfully sent.
05-12-2024 14:06:08 - INFO - Response from moonraker: {'result': 'ok'}
05-12-2024 14:06:08 - INFO - Setting Chamber Zones to a= 0.2625839999999998, b= 0.06564599999999995, c= 0.2625839999999998, d= 0.06564599999999995 Request successfully executed.
05-12-2024 14:06:09 - INFO - Sending request to Setting Chamber Zones to a= 0.24265599999999987, b= 0.06066399999999997, c= 0.24265599999999987, d= 0.06066399999999997 with timeout of 5s...
05-12-2024 14:06:09 - INFO - Sending request to Setting Chamber Zones to a= 0.22795400000000005, b= 0.05698850000000001, c= 0.22795400000000005, d= 0.05698850000000001 with timeout of 5s...
05-12-2024 14:06:09 - INFO - Sending request to Setting Chamber Zones to a= 0.22835200000000003, b= 0.05708800000000001, c= 0.22835200000000003, d= 0.05708800000000001 with timeout of 5s...
05-12-2024 14:06:09 - INFO - Sending request to Setting Chamber Zones to a= 0.22860000000000005, b= 0.05715000000000001, c= 0.22860000000000005, d= 0.05715000000000001 with timeout of 5s...
05-12-2024 14:06:09 - INFO - Sending request to Setting Chamber Zones to a= 0.22884800000000005, b= 0.05721200000000001, c= 0.22884800000000005, d= 0.05721200000000001 with timeout of 5s...
05-12-2024 14:06:10 - INFO - Sending request to Setting Chamber Zones to a= 0.22909600000000008, b= 0.05727400000000002, c= 0.22909600000000008, d= 0.05727400000000002 with timeout of 5s...
05-12-2024 14:06:10 - INFO - Sending request to Setting Chamber Zones to a= 0.22934400000000005, b= 0.05733600000000001, c= 0.22934400000000005, d= 0.05733600000000001 with timeout of 5s...
05-12-2024 14:06:10 - INFO - Sending request to Setting Chamber Zones to a= 0.22959200000000007, b= 0.05739800000000002, c= 0.22959200000000007, d= 0.05739800000000002 with timeout of 5s...
05-12-2024 14:06:10 - INFO - Sending request to Setting Chamber Zones to a= 0.2298400000000001, b= 0.057460000000000025, c= 0.2298400000000001, d= 0.057460000000000025 with timeout of 5s...
05-12-2024 14:06:10 - INFO - Sending request to Setting Chamber Zones to a= 0.23008800000000007, b= 0.05752200000000002, c= 0.23008800000000007, d= 0.05752200000000002 with timeout of 5s...
05-12-2024 14:06:11 - INFO - Sending request to Setting Chamber Zones to a= 0.23033600000000007, b= 0.05758400000000002, c= 0.23033600000000007, d= 0.05758400000000002 with timeout of 5s...
05-12-2024 14:06:11 - INFO - Sending request to Setting Chamber Zones to a= 0.23058400000000007, b= 0.05764600000000002, c= 0.23058400000000007, d= 0.05764600000000002 with timeout of 5s...
05-12-2024 14:06:11 - INFO - Sending request to Setting Chamber Zones to a= 0.2308320000000001, b= 0.05770800000000002, c= 0.2308320000000001, d= 0.05770800000000002 with timeout of 5s...
05-12-2024 14:06:11 - INFO - Sending request to Setting Chamber Zones to a= 0.23108000000000006, b= 0.057770000000000016, c= 0.23108000000000006, d= 0.057770000000000016 with timeout of 5s...
05-12-2024 14:06:11 - INFO - Sending request to Setting Chamber Zones to a= 0.23638600000000015, b= 0.05909650000000004, c= 0.23638600000000015, d= 0.05909650000000004 with timeout of 5s...
05-12-2024 14:06:12 - INFO - Sending request to Setting Chamber Zones to a= 0.24164999999999984, b= 0.06041249999999996, c= 0.24164999999999984, d= 0.06041249999999996 with timeout of 5s...
05-12-2024 14:06:12 - INFO - Sending request to Setting Chamber Zones to a= 0.24186399999999986, b= 0.060465999999999964, c= 0.24186399999999986, d= 0.060465999999999964 with timeout of 5s...
05-12-2024 14:06:12 - INFO - Sending request to Setting Chamber Zones to a= 0.24212799999999984, b= 0.06053199999999996, c= 0.24212799999999984, d= 0.06053199999999996 with timeout of 5s...
05-12-2024 14:06:12 - INFO - Sending request to Setting Chamber Zones to a= 0.24239199999999986, b= 0.060597999999999964, c= 0.24239199999999986, d= 0.060597999999999964 with timeout of 5s...
05-12-2024 14:06:12 - INFO - Sending request to Setting Chamber Zones to a= 0.24265599999999987, b= 0.06066399999999997, c= 0.24265599999999987, d= 0.06066399999999997 with timeout of 5s...
05-12-2024 14:06:13 - INFO - Sending request to Setting Chamber Zones to a= 0.24797799999999992, b= 0.06199449999999998, c= 0.24797799999999992, d= 0.06199449999999998 with timeout of 5s...
05-12-2024 14:06:13 - INFO - Sending request to Setting Chamber Zones to a= 0.24819999999999992, b= 0.06204999999999998, c= 0.24819999999999992, d= 0.06204999999999998 with timeout of 5s...
05-12-2024 14:06:13 - INFO - Sending request to Setting Chamber Zones to a= 0.24847199999999992, b= 0.06211799999999998, c= 0.24847199999999992, d= 0.06211799999999998 with timeout of 5s...
05-12-2024 14:06:13 - INFO - Sending request to Setting Chamber Zones to a= 0.2487439999999999, b= 0.06218599999999998, c= 0.2487439999999999, d= 0.06218599999999998 with timeout of 5s...
05-12-2024 14:06:13 - INFO - Sending request to Setting Chamber Zones to a= 0.2490159999999999, b= 0.062253999999999976, c= 0.2490159999999999, d= 0.062253999999999976 with timeout of 5s...
05-12-2024 14:06:14 - INFO - Sending request to Setting Chamber Zones to a= 0.24928799999999987, b= 0.06232199999999997, c= 0.24928799999999987, d= 0.06232199999999997 with timeout of 5s...
05-12-2024 14:06:14 - INFO - Sending request to Setting Chamber Zones to a= 0.254618, b= 0.0636545, c= 0.254618, d= 0.0636545 with timeout of 5s...
05-12-2024 14:06:14 - INFO - Sending request to Setting Chamber Zones to a= 0.25484799999999996, b= 0.06371199999999999, c= 0.25484799999999996, d= 0.06371199999999999 with timeout of 5s...
05-12-2024 14:06:14 - INFO - Sending request to Setting Chamber Zones to a= 0.255128, b= 0.063782, c= 0.255128, d= 0.063782 with timeout of 5s...
05-12-2024 14:06:14 - INFO - Sending request to Setting Chamber Zones to a= 0.26046600000000003, b= 0.06511650000000001, c= 0.26046600000000003, d= 0.06511650000000001 with timeout of 5s...
05-12-2024 14:06:15 - INFO - Sending request to Setting Chamber Zones to a= 0.26070400000000005, b= 0.06517600000000001, c= 0.26070400000000005, d= 0.06517600000000001 with timeout of 5s...
05-12-2024 14:06:15 - INFO - Sending request to Setting Chamber Zones to a= 0.26099200000000006, b= 0.06524800000000001, c= 0.26099200000000006, d= 0.06524800000000001 with timeout of 5s...
05-12-2024 14:06:15 - INFO - Sending request to Setting Chamber Zones to a= 0.26633800000000013, b= 0.06658450000000003, c= 0.26633800000000013, d= 0.06658450000000003 with timeout of 5s...
05-12-2024 14:06:15 - INFO - Sending request to Setting Chamber Zones to a= 0.26658400000000015, b= 0.06664600000000004, c= 0.26658400000000015, d= 0.06664600000000004 with timeout of 5s...
05-12-2024 14:06:15 - INFO - Sending request to Setting Chamber Zones to a= 0.2668800000000002, b= 0.06672000000000004, c= 0.2668800000000002, d= 0.06672000000000004 with timeout of 5s...
05-12-2024 14:06:16 - INFO - Sending request to Setting Chamber Zones to a= 0.27223399999999986, b= 0.06805849999999997, c= 0.27223399999999986, d= 0.06805849999999997 with timeout of 5s...
05-12-2024 14:06:16 - INFO - Sending request to Setting Chamber Zones to a= 0.27248799999999984, b= 0.06812199999999996, c= 0.27248799999999984, d= 0.06812199999999996 with timeout of 5s...
05-12-2024 14:06:16 - INFO - Sending request to Setting Chamber Zones to a= 0.2727919999999998, b= 0.06819799999999995, c= 0.2727919999999998, d= 0.06819799999999995 with timeout of 5s...
05-12-2024 14:06:16 - INFO - Sending request to Setting Chamber Zones to a= 0.27309599999999984, b= 0.06827399999999996, c= 0.27309599999999984, d= 0.06827399999999996 with timeout of 5s...
05-12-2024 14:06:16 - INFO - Sending request to Setting Chamber Zones to a= 0.27339999999999987, b= 0.06834999999999997, c= 0.27339999999999987, d= 0.06834999999999997 with timeout of 5s...
05-12-2024 14:06:17 - INFO - Sending request to Setting Chamber Zones to a= 0.27370399999999984, b= 0.06842599999999996, c= 0.27370399999999984, d= 0.06842599999999996 with timeout of 5s...
05-12-2024 14:06:17 - INFO - Sending request to Setting Chamber Zones to a= 0.2740079999999998, b= 0.06850199999999995, c= 0.2740079999999998, d= 0.06850199999999995 with timeout of 5s...
05-12-2024 14:06:17 - INFO - Sending request to Setting Chamber Zones to a= 0.27431199999999983, b= 0.06857799999999996, c= 0.27431199999999983, d= 0.06857799999999996 with timeout of 5s...
05-12-2024 14:06:17 - INFO - Sending request to Setting Chamber Zones to a= 0.2746159999999998, b= 0.06865399999999995, c= 0.2746159999999998, d= 0.06865399999999995 with timeout of 5s...
05-12-2024 14:06:17 - INFO - Sending request to Setting Chamber Zones to a= 0.27491999999999983, b= 0.06872999999999996, c= 0.27491999999999983, d= 0.06872999999999996 with timeout of 5s...
05-12-2024 14:06:18 - INFO - Sending request to Setting Chamber Zones to a= 0.2752239999999998, b= 0.06880599999999995, c= 0.2752239999999998, d= 0.06880599999999995 with timeout of 5s...
05-12-2024 14:06:18 - INFO - Sending request to Setting Chamber Zones to a= 0.27552799999999983, b= 0.06888199999999996, c= 0.27552799999999983, d= 0.06888199999999996 with timeout of 5s...
05-12-2024 14:06:18 - INFO - Sending request to Setting Chamber Zones to a= 0.2758319999999998, b= 0.06895799999999995, c= 0.2758319999999998, d= 0.06895799999999995 with timeout of 5s...
05-12-2024 14:06:18 - INFO - Sending request to Setting Chamber Zones to a= 0.2761359999999998, b= 0.06903399999999996, c= 0.2761359999999998, d= 0.06903399999999996 with timeout of 5s...
05-12-2024 14:06:18 - INFO - Sending request to Setting Chamber Zones to a= 0.2764399999999998, b= 0.06910999999999995, c= 0.2764399999999998, d= 0.06910999999999995 with timeout of 5s...
05-12-2024 14:06:19 - INFO - Setting Chamber Zones to a= 0.2764399999999998, b= 0.06910999999999995, c= 0.2764399999999998, d= 0.06910999999999995 request successfully sent.
05-12-2024 14:06:19 - INFO - Response from moonraker: {'result': 'ok'}
05-12-2024 14:06:19 - INFO - Setting Chamber Zones to a= 0.2764399999999998, b= 0.06910999999999995, c= 0.2764399999999998, d= 0.06910999999999995 Request successfully executed.
05-12-2024 14:06:19 - ERROR - E102 : Setting Chamber Zones to a= 0.2764399999999998, b= 0.06910999999999995, c= 0.2764399999999998, d= 0.06910999999999995 Request to Moonraker Timed out 
 Setting Chamber Zones to a= 0.2764399999999998, b= 0.06910999999999995, c= 0.2764399999999998, d= 0.06910999999999995 not successful
 Initiating firmware restart
05-12-2024 14:06:19 - INFO - Sending request to Setting Chamber Zones to a= 0.27674399999999977, b= 0.06918599999999994, c= 0.27674399999999977, d= 0.06918599999999994 with timeout of 5s...
05-12-2024 14:06:19 - INFO - Sending request to Setting Chamber Zones to a= 0.2770479999999998, b= 0.06926199999999995, c= 0.2770479999999998, d= 0.06926199999999995 with timeout of 5s...
05-12-2024 14:06:19 - INFO - Sending request to Setting Chamber Zones to a= 0.2773519999999998, b= 0.06933799999999996, c= 0.2773519999999998, d= 0.06933799999999996 with timeout of 5s...
05-12-2024 14:06:19 - INFO - Sending request to Setting Chamber Zones to a= 0.2827139999999999, b= 0.07067849999999998, c= 0.2827139999999999, d= 0.07067849999999998 with timeout of 5s...
05-12-2024 14:06:20 - INFO - Sending request to Setting Chamber Zones to a= 0.2779179999999998, b= 0.06947949999999994, c= 0.2779179999999998, d= 0.06947949999999994 with timeout of 5s...
05-12-2024 14:06:20 - INFO - Setting Chamber Zones to a= 0.2779179999999998, b= 0.06947949999999994, c= 0.2779179999999998, d= 0.06947949999999994 request successfully sent.
05-12-2024 14:06:20 - INFO - Response from moonraker: {'result': 'ok'}
05-12-2024 14:06:20 - INFO - Setting Chamber Zones to a= 0.2779179999999998, b= 0.06947949999999994, c= 0.2779179999999998, d= 0.06947949999999994 Request successfully executed.
05-12-2024 14:06:20 - INFO - Sending request to Setting Chamber Zones to a= 0.27321400000000007, b= 0.06830350000000002, c= 0.27321400000000007, d= 0.06830350000000002 with timeout of 5s...
05-12-2024 14:06:20 - INFO - Sending request to Setting Chamber Zones to a= 0.2583859999999999, b= 0.06459649999999997, c= 0.2583859999999999, d= 0.06459649999999997 with timeout of 5s...
05-12-2024 14:06:20 - INFO - Sending request to Setting Chamber Zones to a= 0.24869200000000005, b= 0.06217300000000001, c= 0.24869200000000005, d= 0.06217300000000001 with timeout of 5s...
05-12-2024 14:06:20 - INFO - Sending request to Setting Chamber Zones to a= 0.24399000000000004, b= 0.06099750000000001, c= 0.24399000000000004, d= 0.06099750000000001 with timeout of 5s...
05-12-2024 14:06:21 - INFO - Sending request to Setting Chamber Zones to a= 0.24428799999999998, b= 0.061071999999999994, c= 0.24428799999999998, d= 0.061071999999999994 with timeout of 5s...
05-12-2024 14:06:21 - INFO - Sending request to Setting Chamber Zones to a= 0.244536, b= 0.061134, c= 0.244536, d= 0.061134 with timeout of 5s...
05-12-2024 14:06:21 - INFO - Sending request to Setting Chamber Zones to a= 0.244784, b= 0.061196, c= 0.244784, d= 0.061196 with timeout of 5s...
05-12-2024 14:06:21 - INFO - Sending request to Setting Chamber Zones to a= 0.24503199999999997, b= 0.06125799999999999, c= 0.24503199999999997, d= 0.06125799999999999 with timeout of 5s...
05-12-2024 14:06:21 - INFO - Sending request to Setting Chamber Zones to a= 0.24528, b= 0.06132, c= 0.24528, d= 0.06132 with timeout of 5s...
05-12-2024 14:06:22 - INFO - Sending request to Setting Chamber Zones to a= 0.24552799999999997, b= 0.06138199999999999, c= 0.24552799999999997, d= 0.06138199999999999 with timeout of 5s...
05-12-2024 14:06:22 - INFO - Sending request to Setting Chamber Zones to a= 0.24577599999999997, b= 0.06144399999999999, c= 0.24577599999999997, d= 0.06144399999999999 with timeout of 5s...
05-12-2024 14:06:22 - INFO - Sending request to Setting Chamber Zones to a= 0.251082, b= 0.0627705, c= 0.251082, d= 0.0627705 with timeout of 5s...
05-12-2024 14:06:22 - INFO - Sending request to Setting Chamber Zones to a= 0.25128800000000007, b= 0.06282200000000002, c= 0.25128800000000007, d= 0.06282200000000002 with timeout of 5s...
05-12-2024 14:06:22 - INFO - Sending request to Setting Chamber Zones to a= 0.25154400000000005, b= 0.06288600000000001, c= 0.25154400000000005, d= 0.06288600000000001 with timeout of 5s...
05-12-2024 14:06:23 - INFO - Sending request to Setting Chamber Zones to a= 0.2518, b= 0.06295, c= 0.2518, d= 0.06295 with timeout of 5s...
05-12-2024 14:06:23 - INFO - Sending request to Setting Chamber Zones to a= 0.25711399999999973, b= 0.06427849999999993, c= 0.25711399999999973, d= 0.06427849999999993 with timeout of 5s...
05-12-2024 14:06:23 - INFO - Sending request to Setting Chamber Zones to a= 0.2573279999999998, b= 0.06433199999999994, c= 0.2573279999999998, d= 0.06433199999999994 with timeout of 5s...
05-12-2024 14:06:23 - INFO - Sending request to Setting Chamber Zones to a= 0.25759199999999977, b= 0.06439799999999994, c= 0.25759199999999977, d= 0.06439799999999994 with timeout of 5s...
05-12-2024 14:06:23 - INFO - Sending request to Setting Chamber Zones to a= 0.25785599999999975, b= 0.06446399999999994, c= 0.25785599999999975, d= 0.06446399999999994 with timeout of 5s...
05-12-2024 14:06:24 - INFO - Sending request to Setting Chamber Zones to a= 0.25811999999999974, b= 0.06452999999999993, c= 0.25811999999999974, d= 0.06452999999999993 with timeout of 5s...
05-12-2024 14:06:24 - INFO - Sending request to Setting Chamber Zones to a= 0.2583839999999997, b= 0.06459599999999993, c= 0.2583839999999997, d= 0.06459599999999993 with timeout of 5s...
05-12-2024 14:06:24 - INFO - Sending request to Setting Chamber Zones to a= 0.2637059999999998, b= 0.06592649999999994, c= 0.2637059999999998, d= 0.06592649999999994 with timeout of 5s...
05-12-2024 14:06:24 - INFO - Sending request to Setting Chamber Zones to a= 0.26392799999999983, b= 0.06598199999999996, c= 0.26392799999999983, d= 0.06598199999999996 with timeout of 5s...
05-12-2024 14:06:24 - INFO - Sending request to Setting Chamber Zones to a= 0.2641999999999998, b= 0.06604999999999996, c= 0.2641999999999998, d= 0.06604999999999996 with timeout of 5s...
05-12-2024 14:06:25 - INFO - Sending request to Setting Chamber Zones to a= 0.2644719999999998, b= 0.06611799999999995, c= 0.2644719999999998, d= 0.06611799999999995 with timeout of 5s...
05-12-2024 14:06:25 - INFO - Sending request to Setting Chamber Zones to a= 0.26980199999999993, b= 0.06745049999999998, c= 0.26980199999999993, d= 0.06745049999999998 with timeout of 5s...
05-12-2024 14:06:25 - INFO - Sending request to Setting Chamber Zones to a= 0.27003199999999994, b= 0.06750799999999998, c= 0.27003199999999994, d= 0.06750799999999998 with timeout of 5s...
05-12-2024 14:06:25 - INFO - Sending request to Setting Chamber Zones to a= 0.27031199999999994, b= 0.06757799999999999, c= 0.27031199999999994, d= 0.06757799999999999 with timeout of 5s...
05-12-2024 14:06:25 - INFO - Sending request to Setting Chamber Zones to a= 0.27059199999999994, b= 0.06764799999999999, c= 0.27059199999999994, d= 0.06764799999999999 with timeout of 5s...
05-12-2024 14:06:26 - INFO - Sending request to Setting Chamber Zones to a= 0.2708719999999999, b= 0.06771799999999997, c= 0.2708719999999999, d= 0.06771799999999997 with timeout of 5s...
05-12-2024 14:06:26 - INFO - Sending request to Setting Chamber Zones to a= 0.27115199999999995, b= 0.06778799999999999, c= 0.27115199999999995, d= 0.06778799999999999 with timeout of 5s...
05-12-2024 14:06:26 - INFO - Sending request to Setting Chamber Zones to a= 0.27648999999999996, b= 0.06912249999999999, c= 0.27648999999999996, d= 0.06912249999999999 with timeout of 5s...
05-12-2024 14:06:26 - INFO - Sending request to Setting Chamber Zones to a= 0.276728, b= 0.069182, c= 0.276728, d= 0.069182 with timeout of 5s...
05-12-2024 14:06:26 - INFO - Sending request to Setting Chamber Zones to a= 0.27701599999999993, b= 0.06925399999999998, c= 0.27701599999999993, d= 0.06925399999999998 with timeout of 5s...
05-12-2024 14:06:27 - INFO - Sending request to Setting Chamber Zones to a= 0.28236200000000006, b= 0.07059050000000001, c= 0.28236200000000006, d= 0.07059050000000001 with timeout of 5s...
05-12-2024 14:06:27 - INFO - Sending request to Setting Chamber Zones to a= 0.28766599999999976, b= 0.07191649999999994, c= 0.28766599999999976, d= 0.07191649999999994 with timeout of 5s...
05-12-2024 14:06:27 - INFO - Sending request to Setting Chamber Zones to a= 0.28791999999999973, b= 0.07197999999999993, c= 0.28791999999999973, d= 0.07197999999999993 with timeout of 5s...
05-12-2024 14:06:27 - INFO - Sending request to Setting Chamber Zones to a= 0.28822399999999976, b= 0.07205599999999994, c= 0.28822399999999976, d= 0.07205599999999994 with timeout of 5s...
05-12-2024 14:06:27 - INFO - Sending request to Setting Chamber Zones to a= 0.28852799999999973, b= 0.07213199999999993, c= 0.28852799999999973, d= 0.07213199999999993 with timeout of 5s...
05-12-2024 14:06:28 - INFO - Sending request to Setting Chamber Zones to a= 0.28883199999999976, b= 0.07220799999999994, c= 0.28883199999999976, d= 0.07220799999999994 with timeout of 5s...
05-12-2024 14:06:28 - INFO - Sending request to Setting Chamber Zones to a= 0.2891359999999997, b= 0.07228399999999993, c= 0.2891359999999997, d= 0.07228399999999993 with timeout of 5s...
05-12-2024 14:06:28 - INFO - Sending request to Setting Chamber Zones to a= 0.2894399999999997, b= 0.07235999999999992, c= 0.2894399999999997, d= 0.07235999999999992 with timeout of 5s...
05-12-2024 14:06:28 - INFO - Sending request to Setting Chamber Zones to a= 0.2897439999999997, b= 0.07243599999999993, c= 0.2897439999999997, d= 0.07243599999999993 with timeout of 5s...
05-12-2024 14:06:28 - INFO - Sending request to Setting Chamber Zones to a= 0.29004799999999975, b= 0.07251199999999994, c= 0.29004799999999975, d= 0.07251199999999994 with timeout of 5s...
05-12-2024 14:06:29 - INFO - Sending request to Setting Chamber Zones to a= 0.2903519999999997, b= 0.07258799999999993, c= 0.2903519999999997, d= 0.07258799999999993 with timeout of 5s...
05-12-2024 14:06:29 - INFO - Sending request to Setting Chamber Zones to a= 0.2906559999999997, b= 0.07266399999999992, c= 0.2906559999999997, d= 0.07266399999999992 with timeout of 5s...
05-12-2024 14:06:29 - INFO - Sending request to Setting Chamber Zones to a= 0.2909599999999997, b= 0.07273999999999993, c= 0.2909599999999997, d= 0.07273999999999993 with timeout of 5s...
05-12-2024 14:06:29 - INFO - Sending request to Setting Chamber Zones to a= 0.2963219999999998, b= 0.07408049999999995, c= 0.2963219999999998, d= 0.07408049999999995 with timeout of 5s...
05-12-2024 14:06:29 - INFO - Sending request to Setting Chamber Zones to a= 0.2965839999999998, b= 0.07414599999999995, c= 0.2965839999999998, d= 0.07414599999999995 with timeout of 5s...
05-12-2024 14:06:30 - INFO - Sending request to Setting Chamber Zones to a= 0.2968959999999998, b= 0.07422399999999996, c= 0.2968959999999998, d= 0.07422399999999996 with timeout of 5s...
05-12-2024 14:06:30 - INFO - Setting Chamber Zones to a= 0.2968959999999998, b= 0.07422399999999996, c= 0.2968959999999998, d= 0.07422399999999996 request successfully sent.
05-12-2024 14:06:30 - INFO - Response from moonraker: {'result': 'ok'}
05-12-2024 14:06:30 - INFO - Setting Chamber Zones to a= 0.2968959999999998, b= 0.07422399999999996, c= 0.2968959999999998, d= 0.07422399999999996 Request successfully executed.
05-12-2024 14:06:30 - ERROR - E102 : Setting Chamber Zones to a= 0.2968959999999998, b= 0.07422399999999996, c= 0.2968959999999998, d= 0.07422399999999996 Request to Moonraker Timed out 
 Setting Chamber Zones to a= 0.2968959999999998, b= 0.07422399999999996, c= 0.2968959999999998, d= 0.07422399999999996 not successful
 Initiating firmware restart
05-12-2024 14:06:30 - INFO - Sending request to Setting Chamber Zones to a= 0.2972079999999998, b= 0.07430199999999995, c= 0.2972079999999998, d= 0.07430199999999995 with timeout of 5s...
05-12-2024 14:06:30 - INFO - Sending request to Setting Chamber Zones to a= 0.29751999999999984, b= 0.07437999999999996, c= 0.29751999999999984, d= 0.07437999999999996 with timeout of 5s...
05-12-2024 14:06:30 - INFO - Sending request to Setting Chamber Zones to a= 0.2978319999999998, b= 0.07445799999999995, c= 0.2978319999999998, d= 0.07445799999999995 with timeout of 5s...
05-12-2024 14:06:30 - INFO - Sending request to Setting Chamber Zones to a= 0.29814399999999985, b= 0.07453599999999996, c= 0.29814399999999985, d= 0.07453599999999996 with timeout of 5s...
05-12-2024 14:06:31 - INFO - Sending request to Setting Chamber Zones to a= 0.29845599999999983, b= 0.07461399999999996, c= 0.29845599999999983, d= 0.07461399999999996 with timeout of 5s...
05-12-2024 14:06:31 - INFO - Setting Chamber Zones to a= 0.29845599999999983, b= 0.07461399999999996, c= 0.29845599999999983, d= 0.07461399999999996 request successfully sent.
05-12-2024 14:06:31 - INFO - Response from moonraker: {'result': 'ok'}
05-12-2024 14:06:31 - INFO - Setting Chamber Zones to a= 0.29845599999999983, b= 0.07461399999999996, c= 0.29845599999999983, d= 0.07461399999999996 Request successfully executed.
05-12-2024 14:06:31 - INFO - Sending request to Setting Chamber Zones to a= 0.283594, b= 0.0708985, c= 0.283594, d= 0.0708985 with timeout of 5s...
05-12-2024 14:06:31 - INFO - Sending request to Setting Chamber Zones to a= 0.27897399999999994, b= 0.06974349999999999, c= 0.27897399999999994, d= 0.06974349999999999 with timeout of 5s...
05-12-2024 14:06:31 - INFO - Sending request to Setting Chamber Zones to a= 0.2742459999999998, b= 0.06856149999999996, c= 0.2742459999999998, d= 0.06856149999999996 with timeout of 5s...
05-12-2024 14:06:31 - INFO - Sending request to Setting Chamber Zones to a= 0.2695099999999998, b= 0.06737749999999995, c= 0.2695099999999998, d= 0.06737749999999995 with timeout of 5s...
05-12-2024 14:06:32 - INFO - Sending request to Setting Chamber Zones to a= 0.26476600000000006, b= 0.06619150000000001, c= 0.26476600000000006, d= 0.06619150000000001 with timeout of 5s...
05-12-2024 14:06:32 - INFO - Sending request to Setting Chamber Zones to a= 0.26507200000000003, b= 0.06626800000000001, c= 0.26507200000000003, d= 0.06626800000000001 with timeout of 5s...
05-12-2024 14:06:32 - INFO - Sending request to Setting Chamber Zones to a= 0.26532800000000006, b= 0.06633200000000002, c= 0.26532800000000006, d= 0.06633200000000002 with timeout of 5s...
05-12-2024 14:06:32 - INFO - Sending request to Setting Chamber Zones to a= 0.26558400000000004, b= 0.06639600000000001, c= 0.26558400000000004, d= 0.06639600000000001 with timeout of 5s...
05-12-2024 14:06:32 - INFO - Sending request to Setting Chamber Zones to a= 0.2658400000000001, b= 0.06646000000000002, c= 0.2658400000000001, d= 0.06646000000000002 with timeout of 5s...
05-12-2024 14:06:33 - INFO - Sending request to Setting Chamber Zones to a= 0.26609600000000005, b= 0.06652400000000001, c= 0.26609600000000005, d= 0.06652400000000001 with timeout of 5s...
05-12-2024 14:06:33 - INFO - Sending request to Setting Chamber Zones to a= 0.26635200000000003, b= 0.06658800000000001, c= 0.26635200000000003, d= 0.06658800000000001 with timeout of 5s...
05-12-2024 14:06:33 - INFO - Sending request to Setting Chamber Zones to a= 0.26660800000000007, b= 0.06665200000000002, c= 0.26660800000000007, d= 0.06665200000000002 with timeout of 5s...
05-12-2024 14:06:33 - INFO - Sending request to Setting Chamber Zones to a= 0.2668640000000001, b= 0.06671600000000003, c= 0.2668640000000001, d= 0.06671600000000003 with timeout of 5s...
05-12-2024 14:06:33 - INFO - Sending request to Setting Chamber Zones to a= 0.2671200000000001, b= 0.06678000000000002, c= 0.2671200000000001, d= 0.06678000000000002 with timeout of 5s...
05-12-2024 14:06:34 - INFO - Sending request to Setting Chamber Zones to a= 0.26737600000000006, b= 0.06684400000000001, c= 0.26737600000000006, d= 0.06684400000000001 with timeout of 5s...
05-12-2024 14:06:34 - INFO - Sending request to Setting Chamber Zones to a= 0.2676320000000001, b= 0.06690800000000002, c= 0.2676320000000001, d= 0.06690800000000002 with timeout of 5s...
05-12-2024 14:06:34 - INFO - Sending request to Setting Chamber Zones to a= 0.26788800000000007, b= 0.06697200000000002, c= 0.26788800000000007, d= 0.06697200000000002 with timeout of 5s...
05-12-2024 14:06:34 - INFO - Sending request to Setting Chamber Zones to a= 0.27320199999999983, b= 0.06830049999999996, c= 0.27320199999999983, d= 0.06830049999999996 with timeout of 5s...
05-12-2024 14:06:34 - INFO - Sending request to Setting Chamber Zones to a= 0.2734159999999998, b= 0.06835399999999996, c= 0.2734159999999998, d= 0.06835399999999996 with timeout of 5s...
05-12-2024 14:06:35 - INFO - Sending request to Setting Chamber Zones to a= 0.2736799999999998, b= 0.06841999999999995, c= 0.2736799999999998, d= 0.06841999999999995 with timeout of 5s...
05-12-2024 14:06:35 - INFO - Sending request to Setting Chamber Zones to a= 0.2739439999999998, b= 0.06848599999999995, c= 0.2739439999999998, d= 0.06848599999999995 with timeout of 5s...
05-12-2024 14:06:35 - INFO - Sending request to Setting Chamber Zones to a= 0.2742079999999998, b= 0.06855199999999995, c= 0.2742079999999998, d= 0.06855199999999995 with timeout of 5s...
05-12-2024 14:06:35 - INFO - Sending request to Setting Chamber Zones to a= 0.2744719999999998, b= 0.06861799999999996, c= 0.2744719999999998, d= 0.06861799999999996 with timeout of 5s...
05-12-2024 14:06:35 - INFO - Sending request to Setting Chamber Zones to a= 0.27473599999999976, b= 0.06868399999999994, c= 0.27473599999999976, d= 0.06868399999999994 with timeout of 5s...
05-12-2024 14:06:36 - INFO - Sending request to Setting Chamber Zones to a= 0.2749999999999998, b= 0.06874999999999995, c= 0.2749999999999998, d= 0.06874999999999995 with timeout of 5s...
05-12-2024 14:06:36 - INFO - Sending request to Setting Chamber Zones to a= 0.2752639999999998, b= 0.06881599999999995, c= 0.2752639999999998, d= 0.06881599999999995 with timeout of 5s...
05-12-2024 14:06:36 - INFO - Sending request to Setting Chamber Zones to a= 0.2755279999999998, b= 0.06888199999999994, c= 0.2755279999999998, d= 0.06888199999999994 with timeout of 5s...
05-12-2024 14:06:36 - INFO - Sending request to Setting Chamber Zones to a= 0.27579199999999976, b= 0.06894799999999994, c= 0.27579199999999976, d= 0.06894799999999994 with timeout of 5s...
05-12-2024 14:06:36 - INFO - Sending request to Setting Chamber Zones to a= 0.27605599999999975, b= 0.06901399999999994, c= 0.27605599999999975, d= 0.06901399999999994 with timeout of 5s...
05-12-2024 14:06:37 - INFO - Sending request to Setting Chamber Zones to a= 0.2763199999999998, b= 0.06907999999999995, c= 0.2763199999999998, d= 0.06907999999999995 with timeout of 5s...
