07-11-2024 11:54:27 - INFO - Count value updated in GUI!
07-11-2024 11:54:37 - INFO - Sending request to Homing Z axis - command 1/4 with timeout of 360s...
07-11-2024 11:55:37 - ERROR - E104: Error while executing Homing Z axis - command 1/4 
 504 Server Error: Gateway Time-out for url: http://192.168.0.231/printer/gcode/script?script=G28+Z0
07-11-2024 11:55:37 - INFO - Sending request to Homing Z axis - command 2/4 with timeout of 360s...
07-11-2024 11:56:38 - ERROR - E104: Error while executing Homing Z axis - command 2/4 
 504 Server Error: Gateway Time-out for url: http://192.168.0.231/printer/gcode/script?script=G90
07-11-2024 11:56:38 - INFO - Sending request to Homing Z axis - command 3/4 with timeout of 360s...
07-11-2024 11:57:38 - ERROR - E104: Error while executing Homing Z axis - command 3/4 
 504 Server Error: Gateway Time-out for url: http://192.168.0.231/printer/gcode/script?script=G0+Z0
07-11-2024 11:57:38 - INFO - Sending request to Homing Z axis - command 4/4 with timeout of 360s...
07-11-2024 11:58:19 - INFO - Homing Z axis - command 4/4 request successfully sent.
07-11-2024 11:58:19 - INFO - Response from moonraker: {'result': 'ok'}
07-11-2024 11:58:19 - INFO - Homing Z axis - command 4/4 Request successfully executed.
07-11-2024 11:58:19 - INFO - Sending request to Recoater go LEFT with timeout of 5s...
07-11-2024 11:58:24 - ERROR - E102 : Recoater go LEFT Request to Moonraker Timed out 
 Recoater go LEFT not successful
07-11-2024 11:58:29 - INFO - Sending request to pre-layer-gcodes with timeout of 5s...
07-11-2024 11:58:34 - ERROR - E102 : pre-layer-gcodes Request to Moonraker Timed out 
 pre-layer-gcodes not successful
07-11-2024 11:58:34 - INFO - Sending request to pre-layer-gcodes with timeout of 5s...
07-11-2024 11:58:39 - ERROR - E102 : pre-layer-gcodes Request to Moonraker Timed out 
 pre-layer-gcodes not successful
07-11-2024 11:58:39 - INFO - Sending request to pre-layer-gcodes with timeout of 5s...
07-11-2024 11:58:44 - ERROR - E102 : pre-layer-gcodes Request to Moonraker Timed out 
 pre-layer-gcodes not successful
07-11-2024 11:58:44 - INFO - Sending request to Moving left hopper motors 0.1mm - stage 1 with timeout of 5s...
07-11-2024 11:58:49 - ERROR - E102 : Moving left hopper motors 0.1mm - stage 1 Request to Moonraker Timed out 
 Moving left hopper motors 0.1mm - stage 1 not successful
07-11-2024 11:58:49 - INFO - Sending request to Dwell for 100.0 with timeout of 5s...
07-11-2024 11:58:54 - ERROR - E102 : Dwell for 100.0 Request to Moonraker Timed out 
 Dwell for 100.0 not successful
07-11-2024 11:58:54 - INFO - Sending request to Moving left hopper motors - stage 2 with timeout of 5s...
07-11-2024 11:58:59 - ERROR - E102 : Moving left hopper motors - stage 2 Request to Moonraker Timed out 
 Moving left hopper motors - stage 2 not successful
07-11-2024 11:59:01 - INFO - Sending request to Recoater go RIGHT with timeout of 5s...
07-11-2024 11:59:06 - ERROR - E102 : Recoater go RIGHT Request to Moonraker Timed out 
 Recoater go RIGHT not successful
07-11-2024 11:59:11 - INFO - Sending request to pre-layer-gcodes with timeout of 5s...
07-11-2024 11:59:16 - ERROR - E102 : pre-layer-gcodes Request to Moonraker Timed out 
 pre-layer-gcodes not successful
07-11-2024 11:59:16 - INFO - Sending request to pre-layer-gcodes with timeout of 5s...
07-11-2024 11:59:21 - ERROR - E102 : pre-layer-gcodes Request to Moonraker Timed out 
 pre-layer-gcodes not successful
07-11-2024 11:59:21 - INFO - Sending request to pre-layer-gcodes with timeout of 5s...
07-11-2024 11:59:26 - ERROR - E102 : pre-layer-gcodes Request to Moonraker Timed out 
 pre-layer-gcodes not successful
07-11-2024 11:59:26 - INFO - Sending request to Moving right hopper motor 0.1mm - stage 1 with timeout of 5s...
07-11-2024 11:59:31 - ERROR - E102 : Moving right hopper motor 0.1mm - stage 1 Request to Moonraker Timed out 
 Moving right hopper motor 0.1mm - stage 1 not successful
07-11-2024 11:59:31 - INFO - Sending request to Dwell for 100.0 with timeout of 5s...
07-11-2024 11:59:36 - ERROR - E102 : Dwell for 100.0 Request to Moonraker Timed out 
 Dwell for 100.0 not successful
07-11-2024 11:59:36 - INFO - Sending request to Moving right hopper motors - stage 2 with timeout of 5s...
07-11-2024 11:59:41 - ERROR - E102 : Moving right hopper motors - stage 2 Request to Moonraker Timed out 
 Moving right hopper motors - stage 2 not successful
07-11-2024 11:59:43 - INFO - Sending request to Recoater go LEFT with timeout of 5s...
07-11-2024 11:59:48 - ERROR - E102 : Recoater go LEFT Request to Moonraker Timed out 
 Recoater go LEFT not successful
07-11-2024 11:59:53 - INFO - Sending request to Moving left hopper motors 0.1mm - stage 1 with timeout of 5s...
07-11-2024 11:59:58 - ERROR - E102 : Moving left hopper motors 0.1mm - stage 1 Request to Moonraker Timed out 
 Moving left hopper motors 0.1mm - stage 1 not successful
07-11-2024 11:59:58 - INFO - Sending request to Dwell for 100.0 with timeout of 5s...
07-11-2024 12:00:03 - ERROR - E102 : Dwell for 100.0 Request to Moonraker Timed out 
 Dwell for 100.0 not successful
07-11-2024 12:00:03 - INFO - Sending request to Moving left hopper motors - stage 2 with timeout of 5s...
07-11-2024 12:00:08 - ERROR - E102 : Moving left hopper motors - stage 2 Request to Moonraker Timed out 
 Moving left hopper motors - stage 2 not successful
07-11-2024 12:00:10 - INFO - Sending request to Recoater go RIGHT with timeout of 5s...
07-11-2024 12:00:15 - ERROR - E102 : Recoater go RIGHT Request to Moonraker Timed out 
 Recoater go RIGHT not successful
07-11-2024 12:00:20 - INFO - Sending request to Turning on heater with timeout of 5s...
07-11-2024 12:00:25 - ERROR - E102 : Turning on heater Request to Moonraker Timed out 
 Turning on heater not successful
07-11-2024 12:00:26 - INFO - Sending request to Turning off heater with timeout of 5s...
07-11-2024 12:00:29 - INFO - Turning off heater request successfully sent.
07-11-2024 12:00:29 - INFO - Response from moonraker: {'result': 'ok'}
07-11-2024 12:00:29 - INFO - Turning off heater Request successfully executed.
