08-11-2024 11:43:58 - INFO - Sending request to Homing Z axis - command 1/4 with timeout of 360s...
08-11-2024 11:44:58 - ERROR - E104: Error while executing Homing Z axis - command 1/4 
 504 Server Error: Gateway Time-out for url: http://192.168.0.231/printer/gcode/script?script=G28+Z0
08-11-2024 11:44:58 - INFO - Sending request to Homing Z axis - command 2/4 with timeout of 360s...
08-11-2024 11:45:58 - ERROR - E104: Error while executing Homing Z axis - command 2/4 
 504 Server Error: Gateway Time-out for url: http://192.168.0.231/printer/gcode/script?script=G90
08-11-2024 11:45:58 - INFO - Sending request to Homing Z axis - command 3/4 with timeout of 360s...
08-11-2024 11:46:58 - ERROR - E104: Error while executing Homing Z axis - command 3/4 
 504 Server Error: Gateway Time-out for url: http://192.168.0.231/printer/gcode/script?script=G0+Z0
08-11-2024 11:46:58 - INFO - Sending request to Homing Z axis - command 4/4 with timeout of 360s...
08-11-2024 11:47:40 - INFO - Homing Z axis - command 4/4 request successfully sent.
08-11-2024 11:47:40 - INFO - Response from moonraker: {'result': 'ok'}
08-11-2024 11:47:40 - INFO - Homing Z axis - command 4/4 Request successfully executed.
08-11-2024 11:47:40 - INFO - Delay of 105 s
08-11-2024 11:49:25 - INFO - Sending request to Recoater go LEFT with timeout of 5s...
08-11-2024 11:49:29 - INFO - Recoater go LEFT request successfully sent.
08-11-2024 11:49:29 - INFO - Response from moonraker: {'result': 'ok'}
08-11-2024 11:49:29 - INFO - Recoater go LEFT Request successfully executed.
08-11-2024 11:49:34 - INFO - Sending request to pre-layer-gcodes with timeout of 5s...
08-11-2024 11:49:36 - INFO - pre-layer-gcodes request successfully sent.
08-11-2024 11:49:36 - INFO - Response from moonraker: {'result': 'ok'}
08-11-2024 11:49:36 - INFO - pre-layer-gcodes Request successfully executed.
08-11-2024 11:49:36 - INFO - Sending request to pre-layer-gcodes with timeout of 5s...
08-11-2024 11:49:37 - INFO - pre-layer-gcodes request successfully sent.
08-11-2024 11:49:37 - INFO - Response from moonraker: {'result': 'ok'}
08-11-2024 11:49:37 - INFO - pre-layer-gcodes Request successfully executed.
08-11-2024 11:49:37 - INFO - Sending request to pre-layer-gcodes with timeout of 5s...
08-11-2024 11:49:41 - INFO - pre-layer-gcodes request successfully sent.
08-11-2024 11:49:41 - INFO - Response from moonraker: {'result': 'ok'}
08-11-2024 11:49:41 - INFO - pre-layer-gcodes Request successfully executed.
08-11-2024 11:49:41 - INFO - Sending request to Moving left hopper motors 0.1mm - stage 1 with timeout of 5s...
08-11-2024 11:49:41 - INFO - Moving left hopper motors 0.1mm - stage 1 request successfully sent.
08-11-2024 11:49:41 - INFO - Response from moonraker: {'result': 'ok'}
08-11-2024 11:49:41 - INFO - Moving left hopper motors 0.1mm - stage 1 Request successfully executed.
08-11-2024 11:49:41 - INFO - Sending request to Dwell for 100.0 with timeout of 5s...
08-11-2024 11:49:41 - INFO - Dwell for 100.0 request successfully sent.
08-11-2024 11:49:41 - INFO - Response from moonraker: {'result': 'ok'}
08-11-2024 11:49:41 - INFO - Dwell for 100.0 Request successfully executed.
08-11-2024 11:49:41 - INFO - Sending request to Moving left hopper motors - stage 2 with timeout of 5s...
08-11-2024 11:49:41 - INFO - Moving left hopper motors - stage 2 request successfully sent.
08-11-2024 11:49:41 - INFO - Response from moonraker: {'result': 'ok'}
08-11-2024 11:49:41 - INFO - Moving left hopper motors - stage 2 Request successfully executed.
08-11-2024 11:49:51 - INFO - Sending request to Recoater go RIGHT with timeout of 5s...
08-11-2024 11:49:55 - INFO - Recoater go RIGHT request successfully sent.
08-11-2024 11:49:55 - INFO - Response from moonraker: {'result': 'ok'}
08-11-2024 11:49:55 - INFO - Recoater go RIGHT Request successfully executed.
08-11-2024 11:50:00 - INFO - Sending request to pre-layer-gcodes with timeout of 5s...
08-11-2024 11:50:03 - INFO - pre-layer-gcodes request successfully sent.
08-11-2024 11:50:03 - INFO - Response from moonraker: {'result': 'ok'}
08-11-2024 11:50:03 - INFO - pre-layer-gcodes Request successfully executed.
08-11-2024 11:50:03 - INFO - Sending request to pre-layer-gcodes with timeout of 5s...
08-11-2024 11:50:04 - INFO - pre-layer-gcodes request successfully sent.
08-11-2024 11:50:04 - INFO - Response from moonraker: {'result': 'ok'}
08-11-2024 11:50:04 - INFO - pre-layer-gcodes Request successfully executed.
08-11-2024 11:50:04 - INFO - Sending request to pre-layer-gcodes with timeout of 5s...
08-11-2024 11:50:08 - INFO - pre-layer-gcodes request successfully sent.
08-11-2024 11:50:08 - INFO - Response from moonraker: {'result': 'ok'}
08-11-2024 11:50:08 - INFO - pre-layer-gcodes Request successfully executed.
08-11-2024 11:50:08 - INFO - Sending request to Moving right hopper motor 0.1mm - stage 1 with timeout of 5s...
08-11-2024 11:50:08 - INFO - Moving right hopper motor 0.1mm - stage 1 request successfully sent.
08-11-2024 11:50:08 - INFO - Response from moonraker: {'result': 'ok'}
08-11-2024 11:50:08 - INFO - Moving right hopper motor 0.1mm - stage 1 Request successfully executed.
08-11-2024 11:50:08 - INFO - Sending request to Dwell for 100.0 with timeout of 5s...
08-11-2024 11:50:08 - INFO - Dwell for 100.0 request successfully sent.
08-11-2024 11:50:08 - INFO - Response from moonraker: {'result': 'ok'}
08-11-2024 11:50:08 - INFO - Dwell for 100.0 Request successfully executed.
08-11-2024 11:50:08 - INFO - Sending request to Moving right hopper motors - stage 2 with timeout of 5s...
08-11-2024 11:50:08 - INFO - Moving right hopper motors - stage 2 request successfully sent.
08-11-2024 11:50:08 - INFO - Response from moonraker: {'result': 'ok'}
08-11-2024 11:50:08 - INFO - Moving right hopper motors - stage 2 Request successfully executed.
08-11-2024 11:50:18 - INFO - Sending request to Recoater go LEFT with timeout of 5s...
08-11-2024 11:50:22 - INFO - Recoater go LEFT request successfully sent.
08-11-2024 11:50:22 - INFO - Response from moonraker: {'result': 'ok'}
08-11-2024 11:50:22 - INFO - Recoater go LEFT Request successfully executed.
08-11-2024 11:50:27 - INFO - Sending request to pre-layer-gcodes with timeout of 5s...
08-11-2024 11:50:29 - INFO - pre-layer-gcodes request successfully sent.
08-11-2024 11:50:29 - INFO - Response from moonraker: {'result': 'ok'}
08-11-2024 11:50:29 - INFO - pre-layer-gcodes Request successfully executed.
08-11-2024 11:50:29 - INFO - Sending request to pre-layer-gcodes with timeout of 5s...
08-11-2024 11:50:30 - INFO - pre-layer-gcodes request successfully sent.
08-11-2024 11:50:30 - INFO - Response from moonraker: {'result': 'ok'}
08-11-2024 11:50:30 - INFO - pre-layer-gcodes Request successfully executed.
08-11-2024 11:50:30 - INFO - Sending request to pre-layer-gcodes with timeout of 5s...
08-11-2024 11:50:34 - INFO - pre-layer-gcodes request successfully sent.
08-11-2024 11:50:34 - INFO - Response from moonraker: {'result': 'ok'}
08-11-2024 11:50:34 - INFO - pre-layer-gcodes Request successfully executed.
08-11-2024 11:50:34 - INFO - Sending request to Moving left hopper motors 0.1mm - stage 1 with timeout of 5s...
08-11-2024 11:50:34 - INFO - Moving left hopper motors 0.1mm - stage 1 request successfully sent.
08-11-2024 11:50:34 - INFO - Response from moonraker: {'result': 'ok'}
08-11-2024 11:50:34 - INFO - Moving left hopper motors 0.1mm - stage 1 Request successfully executed.
08-11-2024 11:50:34 - INFO - Sending request to Dwell for 100.0 with timeout of 5s...
08-11-2024 11:50:34 - INFO - Dwell for 100.0 request successfully sent.
08-11-2024 11:50:34 - INFO - Response from moonraker: {'result': 'ok'}
08-11-2024 11:50:34 - INFO - Dwell for 100.0 Request successfully executed.
08-11-2024 11:50:34 - INFO - Sending request to Moving left hopper motors - stage 2 with timeout of 5s...
08-11-2024 11:50:34 - INFO - Moving left hopper motors - stage 2 request successfully sent.
08-11-2024 11:50:34 - INFO - Response from moonraker: {'result': 'ok'}
08-11-2024 11:50:34 - INFO - Moving left hopper motors - stage 2 Request successfully executed.
08-11-2024 11:50:45 - INFO - Sending request to Recoater go RIGHT with timeout of 5s...
08-11-2024 11:50:49 - INFO - Recoater go RIGHT request successfully sent.
08-11-2024 11:50:49 - INFO - Response from moonraker: {'result': 'ok'}
08-11-2024 11:50:49 - INFO - Recoater go RIGHT Request successfully executed.
08-11-2024 11:50:54 - INFO - Sending request to Turning on heater with timeout of 5s...
08-11-2024 11:50:54 - INFO - Turning on heater request successfully sent.
08-11-2024 11:50:54 - INFO - Response from moonraker: {'result': 'ok'}
08-11-2024 11:50:54 - INFO - Turning on heater Request successfully executed.
08-11-2024 11:50:55 - INFO - Sending request to Turning off heater with timeout of 5s...
08-11-2024 11:50:55 - INFO - Turning off heater request successfully sent.
08-11-2024 11:50:55 - INFO - Response from moonraker: {'result': 'ok'}
08-11-2024 11:50:55 - INFO - Turning off heater Request successfully executed.
08-11-2024 11:51:36 - INFO - Sending request to Setting Chamber Zones to a= 0, b= 0, c= 0, d= 0 with timeout of 5s...
08-11-2024 11:51:36 - INFO - Sending request to Setting Chamber Zones to a= 1.0, b= 0.25, c= 1.0, d= 0.25 with timeout of 5s...
08-11-2024 11:51:36 - INFO - Setting Chamber Zones to a= 1.0, b= 0.25, c= 1.0, d= 0.25 request successfully sent.
08-11-2024 11:51:36 - INFO - Response from moonraker: {'result': 'ok'}
08-11-2024 11:51:36 - INFO - Setting Chamber Zones to a= 1.0, b= 0.25, c= 1.0, d= 0.25 Request successfully executed.
08-11-2024 11:51:36 - INFO - Setting Chamber Zones to a= 1.0, b= 0.25, c= 1.0, d= 0.25 request successfully sent.
08-11-2024 11:51:36 - INFO - Response from moonraker: {'result': 'ok'}
08-11-2024 11:51:36 - INFO - Setting Chamber Zones to a= 1.0, b= 0.25, c= 1.0, d= 0.25 Request successfully executed.
08-11-2024 11:51:36 - INFO - Sending request to Setting Chamber Zones to a= 1.0, b= 0.25, c= 1.0, d= 0.25 with timeout of 5s...
08-11-2024 11:51:36 - INFO - Setting Chamber Zones to a= 1.0, b= 0.25, c= 1.0, d= 0.25 request successfully sent.
08-11-2024 11:51:36 - INFO - Response from moonraker: {'result': 'ok'}
08-11-2024 11:51:36 - INFO - Setting Chamber Zones to a= 1.0, b= 0.25, c= 1.0, d= 0.25 Request successfully executed.
08-11-2024 11:51:37 - INFO - Sending request to Setting Chamber Zones to a= 1.0, b= 0.25, c= 1.0, d= 0.25 with timeout of 5s...
08-11-2024 11:51:37 - INFO - Setting Chamber Zones to a= 1.0, b= 0.25, c= 1.0, d= 0.25 request successfully sent.
08-11-2024 11:51:37 - INFO - Response from moonraker: {'result': 'ok'}
08-11-2024 11:51:37 - INFO - Setting Chamber Zones to a= 1.0, b= 0.25, c= 1.0, d= 0.25 Request successfully executed.
08-11-2024 11:51:37 - INFO - Sending request to Setting Chamber Zones to a= 1.0, b= 0.25, c= 1.0, d= 0.25 with timeout of 5s...
08-11-2024 11:51:37 - INFO - Setting Chamber Zones to a= 1.0, b= 0.25, c= 1.0, d= 0.25 request successfully sent.
08-11-2024 11:51:37 - INFO - Response from moonraker: {'result': 'ok'}
08-11-2024 11:51:37 - INFO - Setting Chamber Zones to a= 1.0, b= 0.25, c= 1.0, d= 0.25 Request successfully executed.
08-11-2024 11:51:37 - INFO - Sending request to Setting Chamber Zones to a= 1.0, b= 0.25, c= 1.0, d= 0.25 with timeout of 5s...
08-11-2024 11:51:37 - INFO - Setting Chamber Zones to a= 1.0, b= 0.25, c= 1.0, d= 0.25 request successfully sent.
08-11-2024 11:51:37 - INFO - Response from moonraker: {'result': 'ok'}
08-11-2024 11:51:37 - INFO - Setting Chamber Zones to a= 1.0, b= 0.25, c= 1.0, d= 0.25 Request successfully executed.
08-11-2024 11:51:37 - INFO - Sending request to Setting Chamber Zones to a= 1.0, b= 0.25, c= 1.0, d= 0.25 with timeout of 5s...
08-11-2024 11:51:37 - INFO - Setting Chamber Zones to a= 1.0, b= 0.25, c= 1.0, d= 0.25 request successfully sent.
08-11-2024 11:51:37 - INFO - Response from moonraker: {'result': 'ok'}
08-11-2024 11:51:37 - INFO - Setting Chamber Zones to a= 1.0, b= 0.25, c= 1.0, d= 0.25 Request successfully executed.
08-11-2024 11:51:37 - INFO - Sending request to Setting Chamber Zones to a= 1.0, b= 0.25, c= 1.0, d= 0.25 with timeout of 5s...
08-11-2024 11:51:37 - INFO - Setting Chamber Zones to a= 1.0, b= 0.25, c= 1.0, d= 0.25 request successfully sent.
08-11-2024 11:51:37 - INFO - Response from moonraker: {'result': 'ok'}
08-11-2024 11:51:37 - INFO - Setting Chamber Zones to a= 1.0, b= 0.25, c= 1.0, d= 0.25 Request successfully executed.
08-11-2024 11:51:38 - INFO - Sending request to Setting Chamber Zones to a= 1.0, b= 0.25, c= 1.0, d= 0.25 with timeout of 5s...
08-11-2024 11:51:38 - INFO - Setting Chamber Zones to a= 1.0, b= 0.25, c= 1.0, d= 0.25 request successfully sent.
08-11-2024 11:51:38 - INFO - Response from moonraker: {'result': 'ok'}
08-11-2024 11:51:38 - INFO - Setting Chamber Zones to a= 1.0, b= 0.25, c= 1.0, d= 0.25 Request successfully executed.
08-11-2024 11:51:38 - INFO - Sending request to Setting Chamber Zones to a= 1.0, b= 0.25, c= 1.0, d= 0.25 with timeout of 5s...
08-11-2024 11:51:38 - INFO - Setting Chamber Zones to a= 1.0, b= 0.25, c= 1.0, d= 0.25 request successfully sent.
08-11-2024 11:51:38 - INFO - Response from moonraker: {'result': 'ok'}
08-11-2024 11:51:38 - INFO - Setting Chamber Zones to a= 1.0, b= 0.25, c= 1.0, d= 0.25 Request successfully executed.
08-11-2024 11:51:38 - INFO - Sending request to Setting Chamber Zones to a= 1.0, b= 0.25, c= 1.0, d= 0.25 with timeout of 5s...
08-11-2024 11:51:38 - INFO - Setting Chamber Zones to a= 1.0, b= 0.25, c= 1.0, d= 0.25 request successfully sent.
08-11-2024 11:51:38 - INFO - Response from moonraker: {'result': 'ok'}
08-11-2024 11:51:38 - INFO - Setting Chamber Zones to a= 1.0, b= 0.25, c= 1.0, d= 0.25 Request successfully executed.
08-11-2024 11:51:38 - INFO - Sending request to Setting Chamber Zones to a= 1.0, b= 0.25, c= 1.0, d= 0.25 with timeout of 5s...
08-11-2024 11:51:38 - INFO - Setting Chamber Zones to a= 1.0, b= 0.25, c= 1.0, d= 0.25 request successfully sent.
08-11-2024 11:51:38 - INFO - Response from moonraker: {'result': 'ok'}
08-11-2024 11:51:38 - INFO - Setting Chamber Zones to a= 1.0, b= 0.25, c= 1.0, d= 0.25 Request successfully executed.
08-11-2024 11:51:38 - INFO - Sending request to Setting Chamber Zones to a= 1.0, b= 0.25, c= 1.0, d= 0.25 with timeout of 5s...
08-11-2024 11:51:38 - INFO - Setting Chamber Zones to a= 1.0, b= 0.25, c= 1.0, d= 0.25 request successfully sent.
08-11-2024 11:51:38 - INFO - Response from moonraker: {'result': 'ok'}
08-11-2024 11:51:38 - INFO - Setting Chamber Zones to a= 1.0, b= 0.25, c= 1.0, d= 0.25 Request successfully executed.
08-11-2024 11:51:39 - INFO - Sending request to Setting Chamber Zones to a= 1.0, b= 0.25, c= 1.0, d= 0.25 with timeout of 5s...
08-11-2024 11:51:39 - INFO - Setting Chamber Zones to a= 1.0, b= 0.25, c= 1.0, d= 0.25 request successfully sent.
08-11-2024 11:51:39 - INFO - Response from moonraker: {'result': 'ok'}
08-11-2024 11:51:39 - INFO - Setting Chamber Zones to a= 1.0, b= 0.25, c= 1.0, d= 0.25 Request successfully executed.
08-11-2024 11:51:39 - INFO - Sending request to Setting Chamber Zones to a= 1.0, b= 0.25, c= 1.0, d= 0.25 with timeout of 5s...
08-11-2024 11:51:39 - INFO - Setting Chamber Zones to a= 1.0, b= 0.25, c= 1.0, d= 0.25 request successfully sent.
08-11-2024 11:51:39 - INFO - Response from moonraker: {'result': 'ok'}
08-11-2024 11:51:39 - INFO - Setting Chamber Zones to a= 1.0, b= 0.25, c= 1.0, d= 0.25 Request successfully executed.
08-11-2024 11:51:39 - INFO - Sending request to Setting Chamber Zones to a= 1.0, b= 0.25, c= 1.0, d= 0.25 with timeout of 5s...
08-11-2024 11:51:39 - INFO - Setting Chamber Zones to a= 1.0, b= 0.25, c= 1.0, d= 0.25 request successfully sent.
08-11-2024 11:51:39 - INFO - Response from moonraker: {'result': 'ok'}
08-11-2024 11:51:39 - INFO - Setting Chamber Zones to a= 1.0, b= 0.25, c= 1.0, d= 0.25 Request successfully executed.
08-11-2024 11:51:39 - INFO - Sending request to Setting Chamber Zones to a= 1.0, b= 0.25, c= 1.0, d= 0.25 with timeout of 5s...
08-11-2024 11:51:39 - INFO - Setting Chamber Zones to a= 1.0, b= 0.25, c= 1.0, d= 0.25 request successfully sent.
08-11-2024 11:51:39 - INFO - Response from moonraker: {'result': 'ok'}
08-11-2024 11:51:39 - INFO - Setting Chamber Zones to a= 1.0, b= 0.25, c= 1.0, d= 0.25 Request successfully executed.
08-11-2024 11:51:39 - INFO - Sending request to Setting Chamber Zones to a= 1.0, b= 0.25, c= 1.0, d= 0.25 with timeout of 5s...
08-11-2024 11:51:39 - INFO - Setting Chamber Zones to a= 1.0, b= 0.25, c= 1.0, d= 0.25 request successfully sent.
08-11-2024 11:51:39 - INFO - Response from moonraker: {'result': 'ok'}
08-11-2024 11:51:39 - INFO - Setting Chamber Zones to a= 1.0, b= 0.25, c= 1.0, d= 0.25 Request successfully executed.
08-11-2024 11:51:40 - INFO - Sending request to Setting Chamber Zones to a= 1.0, b= 0.25, c= 1.0, d= 0.25 with timeout of 5s...
08-11-2024 11:51:40 - INFO - Setting Chamber Zones to a= 1.0, b= 0.25, c= 1.0, d= 0.25 request successfully sent.
08-11-2024 11:51:40 - INFO - Response from moonraker: {'result': 'ok'}
08-11-2024 11:51:40 - INFO - Setting Chamber Zones to a= 1.0, b= 0.25, c= 1.0, d= 0.25 Request successfully executed.
08-11-2024 11:51:40 - INFO - Sending request to Setting Chamber Zones to a= 1.0, b= 0.25, c= 1.0, d= 0.25 with timeout of 5s...
08-11-2024 11:51:40 - INFO - Setting Chamber Zones to a= 1.0, b= 0.25, c= 1.0, d= 0.25 request successfully sent.
08-11-2024 11:51:40 - INFO - Response from moonraker: {'result': 'ok'}
08-11-2024 11:51:40 - INFO - Setting Chamber Zones to a= 1.0, b= 0.25, c= 1.0, d= 0.25 Request successfully executed.
08-11-2024 11:51:40 - INFO - Sending request to Setting Chamber Zones to a= 1.0, b= 0.25, c= 1.0, d= 0.25 with timeout of 5s...
08-11-2024 11:51:40 - INFO - Setting Chamber Zones to a= 1.0, b= 0.25, c= 1.0, d= 0.25 request successfully sent.
08-11-2024 11:51:40 - INFO - Response from moonraker: {'result': 'ok'}
08-11-2024 11:51:40 - INFO - Setting Chamber Zones to a= 1.0, b= 0.25, c= 1.0, d= 0.25 Request successfully executed.
08-11-2024 11:51:40 - INFO - Sending request to Setting Chamber Zones to a= 1.0, b= 0.25, c= 1.0, d= 0.25 with timeout of 5s...
08-11-2024 11:51:40 - INFO - Setting Chamber Zones to a= 1.0, b= 0.25, c= 1.0, d= 0.25 request successfully sent.
08-11-2024 11:51:40 - INFO - Response from moonraker: {'result': 'ok'}
08-11-2024 11:51:40 - INFO - Setting Chamber Zones to a= 1.0, b= 0.25, c= 1.0, d= 0.25 Request successfully executed.
08-11-2024 11:51:40 - INFO - Sending request to Setting Chamber Zones to a= 1.0, b= 0.25, c= 1.0, d= 0.25 with timeout of 5s...
08-11-2024 11:51:40 - INFO - Setting Chamber Zones to a= 1.0, b= 0.25, c= 1.0, d= 0.25 request successfully sent.
08-11-2024 11:51:40 - INFO - Response from moonraker: {'result': 'ok'}
08-11-2024 11:51:40 - INFO - Setting Chamber Zones to a= 1.0, b= 0.25, c= 1.0, d= 0.25 Request successfully executed.
08-11-2024 11:51:41 - INFO - Sending request to Setting Chamber Zones to a= 1.0, b= 0.25, c= 1.0, d= 0.25 with timeout of 5s...
08-11-2024 11:51:41 - INFO - Setting Chamber Zones to a= 1.0, b= 0.25, c= 1.0, d= 0.25 request successfully sent.
08-11-2024 11:51:41 - INFO - Response from moonraker: {'result': 'ok'}
08-11-2024 11:51:41 - INFO - Setting Chamber Zones to a= 1.0, b= 0.25, c= 1.0, d= 0.25 Request successfully executed.
08-11-2024 11:51:41 - INFO - Sending request to Setting Chamber Zones to a= 1.0, b= 0.25, c= 1.0, d= 0.25 with timeout of 5s...
08-11-2024 11:51:41 - INFO - Setting Chamber Zones to a= 1.0, b= 0.25, c= 1.0, d= 0.25 request successfully sent.
08-11-2024 11:51:41 - INFO - Response from moonraker: {'result': 'ok'}
08-11-2024 11:51:41 - INFO - Setting Chamber Zones to a= 1.0, b= 0.25, c= 1.0, d= 0.25 Request successfully executed.
08-11-2024 11:51:41 - INFO - Sending request to Setting Chamber Zones to a= 1.0, b= 0.25, c= 1.0, d= 0.25 with timeout of 5s...
08-11-2024 11:51:41 - INFO - Setting Chamber Zones to a= 1.0, b= 0.25, c= 1.0, d= 0.25 request successfully sent.
08-11-2024 11:51:41 - INFO - Response from moonraker: {'result': 'ok'}
08-11-2024 11:51:41 - INFO - Setting Chamber Zones to a= 1.0, b= 0.25, c= 1.0, d= 0.25 Request successfully executed.
08-11-2024 11:51:41 - INFO - Sending request to Setting Chamber Zones to a= 1.0, b= 0.25, c= 1.0, d= 0.25 with timeout of 5s...
08-11-2024 11:51:41 - INFO - Setting Chamber Zones to a= 1.0, b= 0.25, c= 1.0, d= 0.25 request successfully sent.
08-11-2024 11:51:41 - INFO - Response from moonraker: {'result': 'ok'}
08-11-2024 11:51:41 - INFO - Setting Chamber Zones to a= 1.0, b= 0.25, c= 1.0, d= 0.25 Request successfully executed.
08-11-2024 11:51:41 - INFO - Sending request to Setting Chamber Zones to a= 1.0, b= 0.25, c= 1.0, d= 0.25 with timeout of 5s...
08-11-2024 11:51:41 - INFO - Setting Chamber Zones to a= 1.0, b= 0.25, c= 1.0, d= 0.25 request successfully sent.
08-11-2024 11:51:41 - INFO - Response from moonraker: {'result': 'ok'}
08-11-2024 11:51:41 - INFO - Setting Chamber Zones to a= 1.0, b= 0.25, c= 1.0, d= 0.25 Request successfully executed.
08-11-2024 11:51:42 - INFO - Sending request to Setting Chamber Zones to a= 1.0, b= 0.25, c= 1.0, d= 0.25 with timeout of 5s...
08-11-2024 11:51:42 - INFO - Setting Chamber Zones to a= 1.0, b= 0.25, c= 1.0, d= 0.25 request successfully sent.
08-11-2024 11:51:42 - INFO - Response from moonraker: {'result': 'ok'}
08-11-2024 11:51:42 - INFO - Setting Chamber Zones to a= 1.0, b= 0.25, c= 1.0, d= 0.25 Request successfully executed.
08-11-2024 11:51:42 - INFO - Sending request to Setting Chamber Zones to a= 1.0, b= 0.25, c= 1.0, d= 0.25 with timeout of 5s...
08-11-2024 11:51:42 - INFO - Setting Chamber Zones to a= 1.0, b= 0.25, c= 1.0, d= 0.25 request successfully sent.
08-11-2024 11:51:42 - INFO - Response from moonraker: {'result': 'ok'}
08-11-2024 11:51:42 - INFO - Setting Chamber Zones to a= 1.0, b= 0.25, c= 1.0, d= 0.25 Request successfully executed.
08-11-2024 11:51:42 - INFO - Sending request to Setting Chamber Zones to a= 1.0, b= 0.25, c= 1.0, d= 0.25 with timeout of 5s...
08-11-2024 11:51:42 - INFO - Setting Chamber Zones to a= 1.0, b= 0.25, c= 1.0, d= 0.25 request successfully sent.
08-11-2024 11:51:42 - INFO - Response from moonraker: {'result': 'ok'}
08-11-2024 11:51:42 - INFO - Setting Chamber Zones to a= 1.0, b= 0.25, c= 1.0, d= 0.25 Request successfully executed.
08-11-2024 11:51:42 - INFO - Sending request to Setting Chamber Zones to a= 1.0, b= 0.25, c= 1.0, d= 0.25 with timeout of 5s...
08-11-2024 11:51:42 - INFO - Setting Chamber Zones to a= 1.0, b= 0.25, c= 1.0, d= 0.25 request successfully sent.
08-11-2024 11:51:42 - INFO - Response from moonraker: {'result': 'ok'}
08-11-2024 11:51:42 - INFO - Setting Chamber Zones to a= 1.0, b= 0.25, c= 1.0, d= 0.25 Request successfully executed.
08-11-2024 11:51:42 - INFO - Sending request to Setting Chamber Zones to a= 1.0, b= 0.25, c= 1.0, d= 0.25 with timeout of 5s...
08-11-2024 11:51:42 - INFO - Setting Chamber Zones to a= 1.0, b= 0.25, c= 1.0, d= 0.25 request successfully sent.
08-11-2024 11:51:42 - INFO - Response from moonraker: {'result': 'ok'}
08-11-2024 11:51:42 - INFO - Setting Chamber Zones to a= 1.0, b= 0.25, c= 1.0, d= 0.25 Request successfully executed.
08-11-2024 11:51:43 - INFO - Sending request to Setting Chamber Zones to a= 1.0, b= 0.25, c= 1.0, d= 0.25 with timeout of 5s...
08-11-2024 11:51:43 - INFO - Setting Chamber Zones to a= 1.0, b= 0.25, c= 1.0, d= 0.25 request successfully sent.
08-11-2024 11:51:43 - INFO - Response from moonraker: {'result': 'ok'}
08-11-2024 11:51:43 - INFO - Setting Chamber Zones to a= 1.0, b= 0.25, c= 1.0, d= 0.25 Request successfully executed.
08-11-2024 11:51:43 - INFO - Sending request to Setting Chamber Zones to a= 1.0, b= 0.25, c= 1.0, d= 0.25 with timeout of 5s...
08-11-2024 11:51:43 - INFO - Setting Chamber Zones to a= 1.0, b= 0.25, c= 1.0, d= 0.25 request successfully sent.
08-11-2024 11:51:43 - INFO - Response from moonraker: {'result': 'ok'}
08-11-2024 11:51:43 - INFO - Setting Chamber Zones to a= 1.0, b= 0.25, c= 1.0, d= 0.25 Request successfully executed.
08-11-2024 11:51:43 - INFO - Sending request to Setting Chamber Zones to a= 1.0, b= 0.25, c= 1.0, d= 0.25 with timeout of 5s...
08-11-2024 11:51:43 - INFO - Setting Chamber Zones to a= 1.0, b= 0.25, c= 1.0, d= 0.25 request successfully sent.
08-11-2024 11:51:43 - INFO - Response from moonraker: {'result': 'ok'}
08-11-2024 11:51:43 - INFO - Setting Chamber Zones to a= 1.0, b= 0.25, c= 1.0, d= 0.25 Request successfully executed.
08-11-2024 11:51:43 - INFO - Sending request to Setting Chamber Zones to a= 1.0, b= 0.25, c= 1.0, d= 0.25 with timeout of 5s...
08-11-2024 11:51:43 - INFO - Setting Chamber Zones to a= 1.0, b= 0.25, c= 1.0, d= 0.25 request successfully sent.
08-11-2024 11:51:43 - INFO - Response from moonraker: {'result': 'ok'}
08-11-2024 11:51:43 - INFO - Setting Chamber Zones to a= 1.0, b= 0.25, c= 1.0, d= 0.25 Request successfully executed.
08-11-2024 11:51:43 - INFO - Sending request to Setting Chamber Zones to a= 1.0, b= 0.25, c= 1.0, d= 0.25 with timeout of 5s...
08-11-2024 11:51:43 - INFO - Setting Chamber Zones to a= 1.0, b= 0.25, c= 1.0, d= 0.25 request successfully sent.
08-11-2024 11:51:43 - INFO - Response from moonraker: {'result': 'ok'}
08-11-2024 11:51:43 - INFO - Setting Chamber Zones to a= 1.0, b= 0.25, c= 1.0, d= 0.25 Request successfully executed.
08-11-2024 11:51:44 - INFO - Sending request to Setting Chamber Zones to a= 1.0, b= 0.25, c= 1.0, d= 0.25 with timeout of 5s...
08-11-2024 11:51:44 - INFO - Setting Chamber Zones to a= 1.0, b= 0.25, c= 1.0, d= 0.25 request successfully sent.
08-11-2024 11:51:44 - INFO - Response from moonraker: {'result': 'ok'}
08-11-2024 11:51:44 - INFO - Setting Chamber Zones to a= 1.0, b= 0.25, c= 1.0, d= 0.25 Request successfully executed.
08-11-2024 11:51:44 - INFO - Sending request to Setting Chamber Zones to a= 1.0, b= 0.25, c= 1.0, d= 0.25 with timeout of 5s...
08-11-2024 11:51:44 - INFO - Setting Chamber Zones to a= 1.0, b= 0.25, c= 1.0, d= 0.25 request successfully sent.
08-11-2024 11:51:44 - INFO - Response from moonraker: {'result': 'ok'}
08-11-2024 11:51:44 - INFO - Setting Chamber Zones to a= 1.0, b= 0.25, c= 1.0, d= 0.25 Request successfully executed.
08-11-2024 11:51:44 - INFO - Sending request to Setting Chamber Zones to a= 1.0, b= 0.25, c= 1.0, d= 0.25 with timeout of 5s...
08-11-2024 11:51:44 - INFO - Setting Chamber Zones to a= 1.0, b= 0.25, c= 1.0, d= 0.25 request successfully sent.
08-11-2024 11:51:44 - INFO - Response from moonraker: {'result': 'ok'}
08-11-2024 11:51:44 - INFO - Setting Chamber Zones to a= 1.0, b= 0.25, c= 1.0, d= 0.25 Request successfully executed.
08-11-2024 11:51:44 - INFO - Sending request to Setting Chamber Zones to a= 1.0, b= 0.25, c= 1.0, d= 0.25 with timeout of 5s...
08-11-2024 11:51:44 - INFO - Setting Chamber Zones to a= 1.0, b= 0.25, c= 1.0, d= 0.25 request successfully sent.
08-11-2024 11:51:44 - INFO - Response from moonraker: {'result': 'ok'}
08-11-2024 11:51:44 - INFO - Setting Chamber Zones to a= 1.0, b= 0.25, c= 1.0, d= 0.25 Request successfully executed.
08-11-2024 11:51:44 - INFO - Sending request to Setting Chamber Zones to a= 1.0, b= 0.25, c= 1.0, d= 0.25 with timeout of 5s...
08-11-2024 11:51:45 - INFO - Setting Chamber Zones to a= 1.0, b= 0.25, c= 1.0, d= 0.25 request successfully sent.
08-11-2024 11:51:45 - INFO - Response from moonraker: {'result': 'ok'}
08-11-2024 11:51:45 - INFO - Setting Chamber Zones to a= 1.0, b= 0.25, c= 1.0, d= 0.25 Request successfully executed.
08-11-2024 11:51:45 - INFO - Sending request to Setting Chamber Zones to a= 1.0, b= 0.25, c= 1.0, d= 0.25 with timeout of 5s...
08-11-2024 11:51:45 - INFO - Setting Chamber Zones to a= 1.0, b= 0.25, c= 1.0, d= 0.25 request successfully sent.
08-11-2024 11:51:45 - INFO - Response from moonraker: {'result': 'ok'}
08-11-2024 11:51:45 - INFO - Setting Chamber Zones to a= 1.0, b= 0.25, c= 1.0, d= 0.25 Request successfully executed.
08-11-2024 11:51:45 - INFO - Sending request to Homing Z axis - command 1/4 with timeout of 360s...
08-11-2024 11:51:45 - INFO - Sending request to Setting Chamber Zones to a= 1.0, b= 0.25, c= 1.0, d= 0.25 with timeout of 5s...
08-11-2024 11:51:45 - INFO - Sending request to Setting Chamber Zones to a= 1.0, b= 0.25, c= 1.0, d= 0.25 with timeout of 5s...
08-11-2024 11:51:45 - INFO - Sending request to Setting Chamber Zones to a= 1.0, b= 0.25, c= 1.0, d= 0.25 with timeout of 5s...
08-11-2024 11:51:45 - INFO - Sending request to Setting Chamber Zones to a= 1.0, b= 0.25, c= 1.0, d= 0.25 with timeout of 5s...
08-11-2024 11:51:46 - INFO - Sending request to Setting Chamber Zones to a= 1.0, b= 0.25, c= 1.0, d= 0.25 with timeout of 5s...
08-11-2024 11:51:46 - INFO - Sending request to Setting Chamber Zones to a= 1.0, b= 0.25, c= 1.0, d= 0.25 with timeout of 5s...
08-11-2024 11:51:46 - INFO - Sending request to Setting Chamber Zones to a= 1.0, b= 0.25, c= 1.0, d= 0.25 with timeout of 5s...
08-11-2024 11:51:46 - INFO - Sending request to Setting Chamber Zones to a= 1.0, b= 0.25, c= 1.0, d= 0.25 with timeout of 5s...
08-11-2024 11:51:46 - INFO - Sending request to Setting Chamber Zones to a= 1.0, b= 0.25, c= 1.0, d= 0.25 with timeout of 5s...
08-11-2024 11:51:47 - INFO - Sending request to Setting Chamber Zones to a= 1.0, b= 0.25, c= 1.0, d= 0.25 with timeout of 5s...
08-11-2024 11:51:47 - INFO - Sending request to Setting Chamber Zones to a= 1.0, b= 0.25, c= 1.0, d= 0.25 with timeout of 5s...
08-11-2024 11:51:47 - INFO - Sending request to Setting Chamber Zones to a= 1.0, b= 0.25, c= 1.0, d= 0.25 with timeout of 5s...
08-11-2024 11:51:47 - INFO - Sending request to Setting Chamber Zones to a= 1.0, b= 0.25, c= 1.0, d= 0.25 with timeout of 5s...
08-11-2024 11:51:48 - INFO - Sending request to Setting Chamber Zones to a= 1.0, b= 0.25, c= 1.0, d= 0.25 with timeout of 5s...
08-11-2024 11:51:48 - INFO - Sending request to Setting Chamber Zones to a= 1.0, b= 0.25, c= 1.0, d= 0.25 with timeout of 5s...
08-11-2024 11:51:48 - INFO - Sending request to Setting Chamber Zones to a= 1.0, b= 0.25, c= 1.0, d= 0.25 with timeout of 5s...
08-11-2024 11:51:48 - INFO - Sending request to Setting Chamber Zones to a= 1.0, b= 0.25, c= 1.0, d= 0.25 with timeout of 5s...
08-11-2024 11:51:48 - INFO - Sending request to Setting Chamber Zones to a= 1.0, b= 0.25, c= 1.0, d= 0.25 with timeout of 5s...
08-11-2024 11:51:49 - INFO - Sending request to Setting Chamber Zones to a= 1.0, b= 0.25, c= 1.0, d= 0.25 with timeout of 5s...
08-11-2024 11:51:49 - INFO - Sending request to Setting Chamber Zones to a= 1.0, b= 0.25, c= 1.0, d= 0.25 with timeout of 5s...
08-11-2024 11:51:49 - INFO - Sending request to Setting Chamber Zones to a= 1.0, b= 0.25, c= 1.0, d= 0.25 with timeout of 5s...
08-11-2024 11:51:49 - INFO - Sending request to Setting Chamber Zones to a= 1.0, b= 0.25, c= 1.0, d= 0.25 with timeout of 5s...
08-11-2024 11:51:49 - INFO - Sending request to Setting Chamber Zones to a= 1.0, b= 0.25, c= 1.0, d= 0.25 with timeout of 5s...
08-11-2024 11:51:50 - INFO - Sending request to Setting Chamber Zones to a= 1.0, b= 0.25, c= 1.0, d= 0.25 with timeout of 5s...
08-11-2024 11:51:50 - INFO - Sending request to Setting Chamber Zones to a= 1.0, b= 0.25, c= 1.0, d= 0.25 with timeout of 5s...
08-11-2024 11:51:50 - ERROR - E102 : Setting Chamber Zones to a= 1.0, b= 0.25, c= 1.0, d= 0.25 Request to Moonraker Timed out 
 Setting Chamber Zones to a= 1.0, b= 0.25, c= 1.0, d= 0.25 not successful
 Initiating firmware restart
08-11-2024 11:51:50 - INFO - Sending request to Setting Chamber Zones to a= 1.0, b= 0.25, c= 1.0, d= 0.25 with timeout of 5s...
08-11-2024 11:51:50 - ERROR - E102 : Setting Chamber Zones to a= 1.0, b= 0.25, c= 1.0, d= 0.25 Request to Moonraker Timed out 
 Setting Chamber Zones to a= 1.0, b= 0.25, c= 1.0, d= 0.25 not successful
 Initiating firmware restart
08-11-2024 11:51:50 - INFO - Sending request to Setting Chamber Zones to a= 1.0, b= 0.25, c= 1.0, d= 0.25 with timeout of 5s...
08-11-2024 11:51:50 - ERROR - E102 : Setting Chamber Zones to a= 1.0, b= 0.25, c= 1.0, d= 0.25 Request to Moonraker Timed out 
 Setting Chamber Zones to a= 1.0, b= 0.25, c= 1.0, d= 0.25 not successful
 Initiating firmware restart
08-11-2024 11:51:50 - INFO - Sending request to Setting Chamber Zones to a= 1.0, b= 0.25, c= 1.0, d= 0.25 with timeout of 5s...
08-11-2024 11:51:51 - ERROR - E102 : Setting Chamber Zones to a= 1.0, b= 0.25, c= 1.0, d= 0.25 Request to Moonraker Timed out 
 Setting Chamber Zones to a= 1.0, b= 0.25, c= 1.0, d= 0.25 not successful
 Initiating firmware restart
08-11-2024 11:51:51 - INFO - Sending request to Setting Chamber Zones to a= 1.0, b= 0.25, c= 1.0, d= 0.25 with timeout of 5s...
08-11-2024 11:51:51 - ERROR - E102 : Setting Chamber Zones to a= 1.0, b= 0.25, c= 1.0, d= 0.25 Request to Moonraker Timed out 
 Setting Chamber Zones to a= 1.0, b= 0.25, c= 1.0, d= 0.25 not successful
 Initiating firmware restart
08-11-2024 11:51:51 - INFO - Sending request to Setting Chamber Zones to a= 1.0, b= 0.25, c= 1.0, d= 0.25 with timeout of 5s...
08-11-2024 11:51:51 - ERROR - E102 : Setting Chamber Zones to a= 1.0, b= 0.25, c= 1.0, d= 0.25 Request to Moonraker Timed out 
 Setting Chamber Zones to a= 1.0, b= 0.25, c= 1.0, d= 0.25 not successful
 Initiating firmware restart
08-11-2024 11:51:51 - INFO - Sending request to Setting Chamber Zones to a= 1.0, b= 0.25, c= 1.0, d= 0.25 with timeout of 5s...
08-11-2024 11:51:51 - ERROR - E102 : Setting Chamber Zones to a= 1.0, b= 0.25, c= 1.0, d= 0.25 Request to Moonraker Timed out 
 Setting Chamber Zones to a= 1.0, b= 0.25, c= 1.0, d= 0.25 not successful
 Initiating firmware restart
08-11-2024 11:51:51 - INFO - Sending request to Setting Chamber Zones to a= 1.0, b= 0.25, c= 1.0, d= 0.25 with timeout of 5s...
08-11-2024 11:51:51 - ERROR - E102 : Setting Chamber Zones to a= 1.0, b= 0.25, c= 1.0, d= 0.25 Request to Moonraker Timed out 
 Setting Chamber Zones to a= 1.0, b= 0.25, c= 1.0, d= 0.25 not successful
 Initiating firmware restart
08-11-2024 11:51:51 - INFO - Sending request to Setting Chamber Zones to a= 1.0, b= 0.25, c= 1.0, d= 0.25 with timeout of 5s...
08-11-2024 11:51:52 - ERROR - E102 : Setting Chamber Zones to a= 1.0, b= 0.25, c= 1.0, d= 0.25 Request to Moonraker Timed out 
 Setting Chamber Zones to a= 1.0, b= 0.25, c= 1.0, d= 0.25 not successful
 Initiating firmware restart
08-11-2024 11:51:52 - INFO - Sending request to Setting Chamber Zones to a= 1.0, b= 0.25, c= 1.0, d= 0.25 with timeout of 5s...
08-11-2024 11:51:52 - ERROR - E102 : Setting Chamber Zones to a= 1.0, b= 0.25, c= 1.0, d= 0.25 Request to Moonraker Timed out 
 Setting Chamber Zones to a= 1.0, b= 0.25, c= 1.0, d= 0.25 not successful
 Initiating firmware restart
08-11-2024 11:51:52 - INFO - Sending request to Setting Chamber Zones to a= 1.0, b= 0.25, c= 1.0, d= 0.25 with timeout of 5s...
08-11-2024 11:51:52 - ERROR - E102 : Setting Chamber Zones to a= 1.0, b= 0.25, c= 1.0, d= 0.25 Request to Moonraker Timed out 
 Setting Chamber Zones to a= 1.0, b= 0.25, c= 1.0, d= 0.25 not successful
 Initiating firmware restart
08-11-2024 11:51:52 - INFO - Sending request to Setting Chamber Zones to a= 1.0, b= 0.25, c= 1.0, d= 0.25 with timeout of 5s...
08-11-2024 11:51:52 - ERROR - E102 : Setting Chamber Zones to a= 1.0, b= 0.25, c= 1.0, d= 0.25 Request to Moonraker Timed out 
 Setting Chamber Zones to a= 1.0, b= 0.25, c= 1.0, d= 0.25 not successful
 Initiating firmware restart
08-11-2024 11:51:52 - INFO - Sending request to Setting Chamber Zones to a= 1.0, b= 0.25, c= 1.0, d= 0.25 with timeout of 5s...
08-11-2024 11:51:52 - ERROR - E102 : Setting Chamber Zones to a= 1.0, b= 0.25, c= 1.0, d= 0.25 Request to Moonraker Timed out 
 Setting Chamber Zones to a= 1.0, b= 0.25, c= 1.0, d= 0.25 not successful
 Initiating firmware restart
08-11-2024 11:51:52 - INFO - Sending request to Setting Chamber Zones to a= 1.0, b= 0.25, c= 1.0, d= 0.25 with timeout of 5s...
08-11-2024 11:51:53 - ERROR - E102 : Setting Chamber Zones to a= 1.0, b= 0.25, c= 1.0, d= 0.25 Request to Moonraker Timed out 
 Setting Chamber Zones to a= 1.0, b= 0.25, c= 1.0, d= 0.25 not successful
 Initiating firmware restart
08-11-2024 11:51:53 - INFO - Sending request to Setting Chamber Zones to a= 1.0, b= 0.25, c= 1.0, d= 0.25 with timeout of 5s...
08-11-2024 11:51:53 - INFO - Sending request to Setting Chamber Zones to a= 1.0, b= 0.25, c= 1.0, d= 0.25 with timeout of 5s...
08-11-2024 11:51:53 - ERROR - E102 : Setting Chamber Zones to a= 1.0, b= 0.25, c= 1.0, d= 0.25 Request to Moonraker Timed out 
 Setting Chamber Zones to a= 1.0, b= 0.25, c= 1.0, d= 0.25 not successful
 Initiating firmware restart
08-11-2024 11:51:53 - INFO - Sending request to Setting Chamber Zones to a= 1.0, b= 0.25, c= 1.0, d= 0.25 with timeout of 5s...
08-11-2024 11:51:53 - ERROR - E102 : Setting Chamber Zones to a= 1.0, b= 0.25, c= 1.0, d= 0.25 Request to Moonraker Timed out 
 Setting Chamber Zones to a= 1.0, b= 0.25, c= 1.0, d= 0.25 not successful
 Initiating firmware restart
08-11-2024 11:51:53 - ERROR - E102 : mechanical Firmware restart Request to Moonraker Timed out 
 mechanical Firmware restart not successful
 Initiating firmware restart
08-11-2024 11:51:53 - INFO - Sending request to Setting Chamber Zones to a= 1.0, b= 0.25, c= 1.0, d= 0.25 with timeout of 5s...
08-11-2024 11:51:53 - ERROR - E102 : Setting Chamber Zones to a= 1.0, b= 0.25, c= 1.0, d= 0.25 Request to Moonraker Timed out 
 Setting Chamber Zones to a= 1.0, b= 0.25, c= 1.0, d= 0.25 not successful
 Initiating firmware restart
08-11-2024 11:51:53 - INFO - Sending request to Setting Chamber Zones to a= 1.0, b= 0.25, c= 1.0, d= 0.25 with timeout of 5s...
08-11-2024 11:51:54 - ERROR - E102 : Setting Chamber Zones to a= 1.0, b= 0.25, c= 1.0, d= 0.25 Request to Moonraker Timed out 
 Setting Chamber Zones to a= 1.0, b= 0.25, c= 1.0, d= 0.25 not successful
 Initiating firmware restart
08-11-2024 11:51:54 - INFO - Sending request to Setting Chamber Zones to a= 1.0, b= 0.25, c= 1.0, d= 0.25 with timeout of 5s...
08-11-2024 11:51:54 - ERROR - E102 : Setting Chamber Zones to a= 1.0, b= 0.25, c= 1.0, d= 0.25 Request to Moonraker Timed out 
 Setting Chamber Zones to a= 1.0, b= 0.25, c= 1.0, d= 0.25 not successful
 Initiating firmware restart
08-11-2024 11:51:54 - INFO - Sending request to Setting Chamber Zones to a= 1.0, b= 0.25, c= 1.0, d= 0.25 with timeout of 5s...
08-11-2024 11:51:54 - ERROR - E102 : Setting Chamber Zones to a= 1.0, b= 0.25, c= 1.0, d= 0.25 Request to Moonraker Timed out 
 Setting Chamber Zones to a= 1.0, b= 0.25, c= 1.0, d= 0.25 not successful
 Initiating firmware restart
08-11-2024 11:51:54 - INFO - Sending request to Setting Chamber Zones to a= 1.0, b= 0.25, c= 1.0, d= 0.25 with timeout of 5s...
08-11-2024 11:51:54 - ERROR - E102 : Setting Chamber Zones to a= 1.0, b= 0.25, c= 1.0, d= 0.25 Request to Moonraker Timed out 
 Setting Chamber Zones to a= 1.0, b= 0.25, c= 1.0, d= 0.25 not successful
 Initiating firmware restart
08-11-2024 11:51:54 - INFO - Sending request to Setting Chamber Zones to a= 1.0, b= 0.25, c= 1.0, d= 0.25 with timeout of 5s...
08-11-2024 11:51:54 - ERROR - E102 : Setting Chamber Zones to a= 1.0, b= 0.25, c= 1.0, d= 0.25 Request to Moonraker Timed out 
 Setting Chamber Zones to a= 1.0, b= 0.25, c= 1.0, d= 0.25 not successful
 Initiating firmware restart
08-11-2024 11:51:54 - INFO - Sending request to Setting Chamber Zones to a= 1.0, b= 0.25, c= 1.0, d= 0.25 with timeout of 5s...
08-11-2024 11:51:55 - ERROR - E102 : Setting Chamber Zones to a= 1.0, b= 0.25, c= 1.0, d= 0.25 Request to Moonraker Timed out 
 Setting Chamber Zones to a= 1.0, b= 0.25, c= 1.0, d= 0.25 not successful
 Initiating firmware restart
08-11-2024 11:51:55 - INFO - Sending request to Setting Chamber Zones to a= 1.0, b= 0.25, c= 1.0, d= 0.25 with timeout of 5s...
08-11-2024 11:51:55 - INFO - Sending request to Setting Chamber Zones to a= 1.0, b= 0.25, c= 1.0, d= 0.25 with timeout of 5s...
08-11-2024 11:51:55 - ERROR - E102 : Setting Chamber Zones to a= 1.0, b= 0.25, c= 1.0, d= 0.25 Request to Moonraker Timed out 
 Setting Chamber Zones to a= 1.0, b= 0.25, c= 1.0, d= 0.25 not successful
 Initiating firmware restart
08-11-2024 11:51:55 - INFO - Emergency stop request successfully sent.
08-11-2024 11:51:55 - INFO - Response from moonraker: {'result': 'ok'}
08-11-2024 11:51:55 - INFO - Emergency stop Request successfully executed.
08-11-2024 11:51:55 - ERROR - E102 : mechanical Firmware restart Request to Moonraker Timed out 
 mechanical Firmware restart not successful
 Initiating firmware restart
08-11-2024 11:51:55 - INFO - Sending request to Setting Chamber Zones to a= 1.0, b= 0.25, c= 1.0, d= 0.25 with timeout of 5s...
08-11-2024 11:51:55 - ERROR - E102 : Setting Chamber Zones to a= 1.0, b= 0.25, c= 1.0, d= 0.25 Request to Moonraker Timed out 
 Setting Chamber Zones to a= 1.0, b= 0.25, c= 1.0, d= 0.25 not successful
 Initiating firmware restart
08-11-2024 11:51:55 - INFO - Sending request to Setting Chamber Zones to a= 1.0, b= 0.25, c= 1.0, d= 0.25 with timeout of 5s...
08-11-2024 11:51:55 - INFO - Setting Chamber Zones to a= 1.0, b= 0.25, c= 1.0, d= 0.25 request successfully sent.
08-11-2024 11:51:55 - INFO - Response from moonraker: {'result': 'ok'}
08-11-2024 11:51:55 - INFO - Setting Chamber Zones to a= 1.0, b= 0.25, c= 1.0, d= 0.25 Request successfully executed.
08-11-2024 11:51:55 - INFO - Setting Chamber Zones to a= 1.0, b= 0.25, c= 1.0, d= 0.25 request successfully sent.
08-11-2024 11:51:55 - INFO - Response from moonraker: {'result': 'ok'}
08-11-2024 11:51:55 - INFO - Setting Chamber Zones to a= 1.0, b= 0.25, c= 1.0, d= 0.25 Request successfully executed.
08-11-2024 11:51:55 - INFO - Setting Chamber Zones to a= 1.0, b= 0.25, c= 1.0, d= 0.25 request successfully sent.
08-11-2024 11:51:55 - INFO - Response from moonraker: {'result': 'ok'}
08-11-2024 11:51:55 - INFO - Setting Chamber Zones to a= 1.0, b= 0.25, c= 1.0, d= 0.25 Request successfully executed.
08-11-2024 11:51:55 - INFO - Setting Chamber Zones to a= 1.0, b= 0.25, c= 1.0, d= 0.25 request successfully sent.
08-11-2024 11:51:55 - INFO - Response from moonraker: {'result': 'ok'}
08-11-2024 11:51:55 - INFO - Setting Chamber Zones to a= 1.0, b= 0.25, c= 1.0, d= 0.25 Request successfully executed.
08-11-2024 11:51:55 - INFO - Setting Chamber Zones to a= 1.0, b= 0.25, c= 1.0, d= 0.25 request successfully sent.
08-11-2024 11:51:55 - INFO - Response from moonraker: {'result': 'ok'}
08-11-2024 11:51:55 - INFO - Setting Chamber Zones to a= 1.0, b= 0.25, c= 1.0, d= 0.25 Request successfully executed.
08-11-2024 11:51:55 - INFO - Setting Chamber Zones to a= 1.0, b= 0.25, c= 1.0, d= 0.25 request successfully sent.
08-11-2024 11:51:55 - INFO - Response from moonraker: {'result': 'ok'}
08-11-2024 11:51:55 - INFO - Setting Chamber Zones to a= 1.0, b= 0.25, c= 1.0, d= 0.25 Request successfully executed.
08-11-2024 11:51:55 - INFO - Setting Chamber Zones to a= 1.0, b= 0.25, c= 1.0, d= 0.25 request successfully sent.
08-11-2024 11:51:55 - INFO - Response from moonraker: {'result': 'ok'}
08-11-2024 11:51:55 - INFO - Setting Chamber Zones to a= 1.0, b= 0.25, c= 1.0, d= 0.25 Request successfully executed.
08-11-2024 11:51:55 - INFO - Setting Chamber Zones to a= 1.0, b= 0.25, c= 1.0, d= 0.25 request successfully sent.
08-11-2024 11:51:55 - INFO - Response from moonraker: {'result': 'ok'}
08-11-2024 11:51:55 - INFO - Setting Chamber Zones to a= 1.0, b= 0.25, c= 1.0, d= 0.25 Request successfully executed.
08-11-2024 11:51:55 - INFO - Setting Chamber Zones to a= 1.0, b= 0.25, c= 1.0, d= 0.25 request successfully sent.
08-11-2024 11:51:55 - INFO - Response from moonraker: {'result': 'ok'}
08-11-2024 11:51:55 - INFO - Setting Chamber Zones to a= 1.0, b= 0.25, c= 1.0, d= 0.25 Request successfully executed.
08-11-2024 11:51:55 - INFO - Setting Chamber Zones to a= 1.0, b= 0.25, c= 1.0, d= 0.25 request successfully sent.
08-11-2024 11:51:55 - INFO - Response from moonraker: {'result': 'ok'}
08-11-2024 11:51:55 - INFO - Setting Chamber Zones to a= 1.0, b= 0.25, c= 1.0, d= 0.25 Request successfully executed.
08-11-2024 11:51:55 - INFO - Setting Chamber Zones to a= 1.0, b= 0.25, c= 1.0, d= 0.25 request successfully sent.
08-11-2024 11:51:55 - INFO - Response from moonraker: {'result': 'ok'}
08-11-2024 11:51:55 - INFO - Setting Chamber Zones to a= 1.0, b= 0.25, c= 1.0, d= 0.25 Request successfully executed.
08-11-2024 11:51:55 - INFO - Setting Chamber Zones to a= 1.0, b= 0.25, c= 1.0, d= 0.25 request successfully sent.
08-11-2024 11:51:55 - INFO - Response from moonraker: {'result': 'ok'}
08-11-2024 11:51:55 - INFO - Setting Chamber Zones to a= 1.0, b= 0.25, c= 1.0, d= 0.25 Request successfully executed.
08-11-2024 11:51:55 - INFO - Setting Chamber Zones to a= 1.0, b= 0.25, c= 1.0, d= 0.25 request successfully sent.
08-11-2024 11:51:55 - INFO - Setting Chamber Zones to a= 1.0, b= 0.25, c= 1.0, d= 0.25 request successfully sent.
08-11-2024 11:51:55 - INFO - Response from moonraker: {'result': 'ok'}
08-11-2024 11:51:55 - INFO - Response from moonraker: {'result': 'ok'}
08-11-2024 11:51:55 - INFO - Setting Chamber Zones to a= 1.0, b= 0.25, c= 1.0, d= 0.25 Request successfully executed.
08-11-2024 11:51:55 - INFO - Setting Chamber Zones to a= 1.0, b= 0.25, c= 1.0, d= 0.25 Request successfully executed.
08-11-2024 11:51:55 - INFO - Setting Chamber Zones to a= 1.0, b= 0.25, c= 1.0, d= 0.25 request successfully sent.
08-11-2024 11:51:55 - INFO - Response from moonraker: {'result': 'ok'}
08-11-2024 11:51:55 - INFO - Setting Chamber Zones to a= 1.0, b= 0.25, c= 1.0, d= 0.25 Request successfully executed.
08-11-2024 11:51:55 - INFO - Setting Chamber Zones to a= 1.0, b= 0.25, c= 1.0, d= 0.25 request successfully sent.
08-11-2024 11:51:55 - INFO - Response from moonraker: {'result': 'ok'}
08-11-2024 11:51:55 - INFO - Setting Chamber Zones to a= 1.0, b= 0.25, c= 1.0, d= 0.25 Request successfully executed.
08-11-2024 11:51:55 - INFO - Setting Chamber Zones to a= 1.0, b= 0.25, c= 1.0, d= 0.25 request successfully sent.
08-11-2024 11:51:55 - INFO - Response from moonraker: {'result': 'ok'}
08-11-2024 11:51:55 - INFO - Setting Chamber Zones to a= 1.0, b= 0.25, c= 1.0, d= 0.25 Request successfully executed.
08-11-2024 11:51:55 - INFO - Setting Chamber Zones to a= 1.0, b= 0.25, c= 1.0, d= 0.25 request successfully sent.
08-11-2024 11:51:55 - INFO - Response from moonraker: {'result': 'ok'}
08-11-2024 11:51:55 - INFO - Setting Chamber Zones to a= 1.0, b= 0.25, c= 1.0, d= 0.25 Request successfully executed.
08-11-2024 11:51:55 - INFO - Setting Chamber Zones to a= 1.0, b= 0.25, c= 1.0, d= 0.25 request successfully sent.
08-11-2024 11:51:55 - INFO - Response from moonraker: {'result': 'ok'}
08-11-2024 11:51:55 - INFO - Setting Chamber Zones to a= 1.0, b= 0.25, c= 1.0, d= 0.25 Request successfully executed.
08-11-2024 11:51:55 - INFO - Setting Chamber Zones to a= 1.0, b= 0.25, c= 1.0, d= 0.25 request successfully sent.
08-11-2024 11:51:55 - INFO - Response from moonraker: {'result': 'ok'}
08-11-2024 11:51:55 - INFO - Setting Chamber Zones to a= 1.0, b= 0.25, c= 1.0, d= 0.25 Request successfully executed.
08-11-2024 11:51:55 - INFO - Sending request to Setting Chamber Zones to a= 1.0, b= 0.25, c= 1.0, d= 0.25 with timeout of 5s...
08-11-2024 11:51:55 - INFO - Setting Chamber Zones to a= 1.0, b= 0.25, c= 1.0, d= 0.25 request successfully sent.
08-11-2024 11:51:55 - INFO - Response from moonraker: {'result': 'ok'}
08-11-2024 11:51:55 - INFO - Setting Chamber Zones to a= 1.0, b= 0.25, c= 1.0, d= 0.25 Request successfully executed.
08-11-2024 11:51:55 - INFO - Setting Chamber Zones to a= 1.0, b= 0.25, c= 1.0, d= 0.25 request successfully sent.
08-11-2024 11:51:55 - INFO - Response from moonraker: {'result': 'ok'}
08-11-2024 11:51:55 - INFO - Setting Chamber Zones to a= 1.0, b= 0.25, c= 1.0, d= 0.25 Request successfully executed.
08-11-2024 11:51:55 - INFO - Setting Chamber Zones to a= 1.0, b= 0.25, c= 1.0, d= 0.25 request successfully sent.
08-11-2024 11:51:55 - INFO - Response from moonraker: {'result': 'ok'}
08-11-2024 11:51:55 - INFO - Setting Chamber Zones to a= 1.0, b= 0.25, c= 1.0, d= 0.25 Request successfully executed.
08-11-2024 11:51:55 - INFO - Setting Chamber Zones to a= 1.0, b= 0.25, c= 1.0, d= 0.25 request successfully sent.
08-11-2024 11:51:55 - INFO - Setting Chamber Zones to a= 1.0, b= 0.25, c= 1.0, d= 0.25 request successfully sent.
08-11-2024 11:51:55 - INFO - Setting Chamber Zones to a= 1.0, b= 0.25, c= 1.0, d= 0.25 request successfully sent.
08-11-2024 11:51:55 - INFO - Response from moonraker: {'result': 'ok'}
08-11-2024 11:51:55 - INFO - Response from moonraker: {'result': 'ok'}
08-11-2024 11:51:55 - INFO - Response from moonraker: {'result': 'ok'}
08-11-2024 11:51:55 - INFO - Setting Chamber Zones to a= 1.0, b= 0.25, c= 1.0, d= 0.25 Request successfully executed.
08-11-2024 11:51:55 - INFO - Setting Chamber Zones to a= 1.0, b= 0.25, c= 1.0, d= 0.25 Request successfully executed.
08-11-2024 11:51:55 - INFO - Setting Chamber Zones to a= 1.0, b= 0.25, c= 1.0, d= 0.25 Request successfully executed.
08-11-2024 11:51:55 - INFO - Response from moonraker: {'error': {'code': 503, 'message': 'Klippy Write Request Error', 'traceback': 'Traceback (most recent call last):\n\n  File "/home/pi/moonraker/moonraker/components/application.py", line 700, in _process_http_request\n    result = await self.api_defintion.request(\n\n  File "/home/pi/moonraker/moonraker/components/klippy_apis.py", line 100, in _gcode_firmware_restart\n    return await self.do_restart("FIRMWARE_RESTART")\n\n  File "/home/pi/moonraker/moonraker/components/klippy_apis.py", line 186, in do_restart\n    result = await self.run_gcode(gc)\n\n  File "/home/pi/moonraker/moonraker/components/klippy_apis.py", line 123, in run_gcode\n    result = await self._send_klippy_request(\n\n  File "/home/pi/moonraker/moonraker/components/klippy_apis.py", line 111, in _send_klippy_request\n    result = await self.klippy.request(req)\n\n  File "/home/pi/moonraker/moonraker/components/klippy_connection.py", line 617, in request\n    return await self._request_standard(web_request)\n\n  File "/home/pi/moonraker/moonraker/components/klippy_connection.py", line 711, in _request_standard\n    return await base_request.wait(timeout)\n\n  File "/home/pi/moonraker/moonraker/components/klippy_connection.py", line 822, in wait\n    return await asyncio.wait_for(asyncio.shield(self._fut), to)\n\n  File "/usr/lib/python3.9/asyncio/tasks.py", line 481, in wait_for\n    return fut.result()\n\nmoonraker.utils.exceptions.ServerError: Klippy Write Request Error\n\n\nThe above exception was the direct cause of the following exception:\n\n\nTraceback (most recent call last):\n\n  File "/home/pi/moonraker-env/lib/python3.9/site-packages/tornado/web.py", line 1790, in _execute\n    result = await result\n\n  File "/home/pi/moonraker/moonraker/components/application.py", line 686, in post\n    await self._process_http_request(RequestType.POST)\n\n  File "/home/pi/moonraker/moonraker/components/application.py", line 704, in _process_http_request\n    raise tornado.web.HTTPError(\n\ntornado.web.HTTPError: HTTP 503: Klippy Write Request Error\n'}}
08-11-2024 11:51:55 - ERROR - E101: Moonraker response in unexpected format 
 Setting Chamber Zones to a= 1.0, b= 0.25, c= 1.0, d= 0.25 not successful
08-11-2024 11:51:56 - INFO - Sending request to Setting Chamber Zones to a= 1.0, b= 0.25, c= 1.0, d= 0.25 with timeout of 5s...
08-11-2024 11:51:56 - INFO - Sending request to Setting Chamber Zones to a= 1.0, b= 0.25, c= 1.0, d= 0.25 with timeout of 5s...
08-11-2024 11:51:56 - INFO - Sending request to Setting Chamber Zones to a= 1.0, b= 0.25, c= 1.0, d= 0.25 with timeout of 5s...
08-11-2024 11:51:56 - INFO - Sending request to Setting Chamber Zones to a= 1.0, b= 0.25, c= 1.0, d= 0.25 with timeout of 5s...
08-11-2024 11:51:56 - INFO - Sending request to Setting Chamber Zones to a= 1.0, b= 0.25, c= 1.0, d= 0.25 with timeout of 5s...
08-11-2024 11:51:57 - INFO - Sending request to Setting Chamber Zones to a= 1.0, b= 0.25, c= 1.0, d= 0.25 with timeout of 5s...
08-11-2024 11:51:57 - INFO - Sending request to Setting Chamber Zones to a= 1.0, b= 0.25, c= 1.0, d= 0.25 with timeout of 5s...
08-11-2024 11:51:57 - INFO - Sending request to Setting Chamber Zones to a= 1.0, b= 0.25, c= 1.0, d= 0.25 with timeout of 5s...
08-11-2024 11:51:57 - INFO - Sending request to Setting Chamber Zones to a= 1.0, b= 0.25, c= 1.0, d= 0.25 with timeout of 5s...
08-11-2024 11:51:57 - INFO - Sending request to Setting Chamber Zones to a= 1.0, b= 0.25, c= 1.0, d= 0.25 with timeout of 5s...
08-11-2024 11:51:58 - INFO - Sending request to Setting Chamber Zones to a= 1.0, b= 0.25, c= 1.0, d= 0.25 with timeout of 5s...
08-11-2024 11:51:58 - INFO - Sending request to Setting Chamber Zones to a= 1.0, b= 0.25, c= 1.0, d= 0.25 with timeout of 5s...
08-11-2024 11:51:58 - INFO - Sending request to Setting Chamber Zones to a= 1.0, b= 0.25, c= 1.0, d= 0.25 with timeout of 5s...
08-11-2024 11:51:58 - INFO - Sending request to Setting Chamber Zones to a= 1.0, b= 0.25, c= 1.0, d= 0.25 with timeout of 5s...
08-11-2024 11:51:58 - INFO - Sending request to Setting Chamber Zones to a= 1.0, b= 0.25, c= 1.0, d= 0.25 with timeout of 5s...
08-11-2024 11:51:59 - INFO - Sending request to Setting Chamber Zones to a= 1.0, b= 0.25, c= 1.0, d= 0.25 with timeout of 5s...
08-11-2024 11:51:59 - INFO - Sending request to Setting Chamber Zones to a= 1.0, b= 0.25, c= 1.0, d= 0.25 with timeout of 5s...
08-11-2024 11:51:59 - INFO - Setting Chamber Zones to a= 1.0, b= 0.25, c= 1.0, d= 0.25 request successfully sent.
08-11-2024 11:51:59 - INFO - Response from moonraker: {'result': 'ok'}
08-11-2024 11:51:59 - INFO - Setting Chamber Zones to a= 1.0, b= 0.25, c= 1.0, d= 0.25 Request successfully executed.
08-11-2024 11:51:59 - INFO - Sending request to Setting Chamber Zones to a= 1.0, b= 0.25, c= 1.0, d= 0.25 with timeout of 5s...
08-11-2024 11:51:59 - INFO - Setting Chamber Zones to a= 1.0, b= 0.25, c= 1.0, d= 0.25 request successfully sent.
08-11-2024 11:51:59 - INFO - Response from moonraker: {'result': 'ok'}
08-11-2024 11:51:59 - INFO - Setting Chamber Zones to a= 1.0, b= 0.25, c= 1.0, d= 0.25 Request successfully executed.
08-11-2024 11:51:59 - INFO - Sending request to Setting Chamber Zones to a= 1.0, b= 0.25, c= 1.0, d= 0.25 with timeout of 5s...
08-11-2024 11:51:59 - INFO - Setting Chamber Zones to a= 1.0, b= 0.25, c= 1.0, d= 0.25 request successfully sent.
08-11-2024 11:51:59 - INFO - Response from moonraker: {'result': 'ok'}
08-11-2024 11:51:59 - INFO - Setting Chamber Zones to a= 1.0, b= 0.25, c= 1.0, d= 0.25 Request successfully executed.
08-11-2024 11:51:59 - INFO - Sending request to Setting Chamber Zones to a= 1.0, b= 0.25, c= 1.0, d= 0.25 with timeout of 5s...
08-11-2024 11:51:59 - INFO - Setting Chamber Zones to a= 1.0, b= 0.25, c= 1.0, d= 0.25 request successfully sent.
08-11-2024 11:51:59 - INFO - Response from moonraker: {'result': 'ok'}
08-11-2024 11:51:59 - INFO - Setting Chamber Zones to a= 1.0, b= 0.25, c= 1.0, d= 0.25 Request successfully executed.
08-11-2024 11:52:00 - INFO - Sending request to Setting Chamber Zones to a= 1.0, b= 0.25, c= 1.0, d= 0.25 with timeout of 5s...
08-11-2024 11:52:00 - INFO - Setting Chamber Zones to a= 1.0, b= 0.25, c= 1.0, d= 0.25 request successfully sent.
08-11-2024 11:52:00 - INFO - Response from moonraker: {'result': 'ok'}
08-11-2024 11:52:00 - INFO - Setting Chamber Zones to a= 1.0, b= 0.25, c= 1.0, d= 0.25 Request successfully executed.
08-11-2024 11:52:00 - INFO - Sending request to Setting Chamber Zones to a= 1.0, b= 0.25, c= 1.0, d= 0.25 with timeout of 5s...
08-11-2024 11:52:00 - INFO - Setting Chamber Zones to a= 1.0, b= 0.25, c= 1.0, d= 0.25 request successfully sent.
08-11-2024 11:52:00 - INFO - Response from moonraker: {'result': 'ok'}
08-11-2024 11:52:00 - INFO - Setting Chamber Zones to a= 1.0, b= 0.25, c= 1.0, d= 0.25 Request successfully executed.
08-11-2024 11:52:00 - INFO - Sending request to Setting Chamber Zones to a= 1.0, b= 0.25, c= 1.0, d= 0.25 with timeout of 5s...
08-11-2024 11:52:00 - INFO - Setting Chamber Zones to a= 1.0, b= 0.25, c= 1.0, d= 0.25 request successfully sent.
08-11-2024 11:52:00 - INFO - Response from moonraker: {'result': 'ok'}
08-11-2024 11:52:00 - INFO - Setting Chamber Zones to a= 1.0, b= 0.25, c= 1.0, d= 0.25 Request successfully executed.
08-11-2024 11:52:00 - INFO - Sending request to Setting Chamber Zones to a= 1.0, b= 0.25, c= 1.0, d= 0.25 with timeout of 5s...
08-11-2024 11:52:00 - INFO - Setting Chamber Zones to a= 1.0, b= 0.25, c= 1.0, d= 0.25 request successfully sent.
08-11-2024 11:52:00 - INFO - Response from moonraker: {'result': 'ok'}
08-11-2024 11:52:00 - INFO - Setting Chamber Zones to a= 1.0, b= 0.25, c= 1.0, d= 0.25 Request successfully executed.
08-11-2024 11:52:00 - INFO - Sending request to Setting Chamber Zones to a= 1.0, b= 0.25, c= 1.0, d= 0.25 with timeout of 5s...
08-11-2024 11:52:00 - INFO - Setting Chamber Zones to a= 1.0, b= 0.25, c= 1.0, d= 0.25 request successfully sent.
08-11-2024 11:52:00 - INFO - Response from moonraker: {'result': 'ok'}
08-11-2024 11:52:00 - INFO - Setting Chamber Zones to a= 1.0, b= 0.25, c= 1.0, d= 0.25 Request successfully executed.
08-11-2024 11:52:01 - INFO - Sending request to Setting Chamber Zones to a= 1.0, b= 0.25, c= 1.0, d= 0.25 with timeout of 5s...
08-11-2024 11:52:01 - INFO - Setting Chamber Zones to a= 1.0, b= 0.25, c= 1.0, d= 0.25 request successfully sent.
08-11-2024 11:52:01 - INFO - Response from moonraker: {'result': 'ok'}
08-11-2024 11:52:01 - INFO - Setting Chamber Zones to a= 1.0, b= 0.25, c= 1.0, d= 0.25 Request successfully executed.
08-11-2024 11:52:01 - INFO - Sending request to Setting Chamber Zones to a= 1.0, b= 0.25, c= 1.0, d= 0.25 with timeout of 5s...
08-11-2024 11:52:01 - INFO - Setting Chamber Zones to a= 1.0, b= 0.25, c= 1.0, d= 0.25 request successfully sent.
08-11-2024 11:52:01 - INFO - Response from moonraker: {'result': 'ok'}
08-11-2024 11:52:01 - INFO - Setting Chamber Zones to a= 1.0, b= 0.25, c= 1.0, d= 0.25 Request successfully executed.
08-11-2024 11:52:01 - INFO - Sending request to Setting Chamber Zones to a= 1.0, b= 0.25, c= 1.0, d= 0.25 with timeout of 5s...
08-11-2024 11:52:01 - INFO - Setting Chamber Zones to a= 1.0, b= 0.25, c= 1.0, d= 0.25 request successfully sent.
08-11-2024 11:52:01 - INFO - Response from moonraker: {'result': 'ok'}
08-11-2024 11:52:01 - INFO - Setting Chamber Zones to a= 1.0, b= 0.25, c= 1.0, d= 0.25 Request successfully executed.
08-11-2024 11:52:01 - INFO - Sending request to Setting Chamber Zones to a= 1.0, b= 0.25, c= 1.0, d= 0.25 with timeout of 5s...
08-11-2024 11:52:01 - INFO - Setting Chamber Zones to a= 1.0, b= 0.25, c= 1.0, d= 0.25 request successfully sent.
08-11-2024 11:52:01 - INFO - Response from moonraker: {'result': 'ok'}
08-11-2024 11:52:01 - INFO - Setting Chamber Zones to a= 1.0, b= 0.25, c= 1.0, d= 0.25 Request successfully executed.
08-11-2024 11:52:01 - INFO - Sending request to Setting Chamber Zones to a= 1.0, b= 0.25, c= 1.0, d= 0.25 with timeout of 5s...
08-11-2024 11:52:01 - INFO - Setting Chamber Zones to a= 1.0, b= 0.25, c= 1.0, d= 0.25 request successfully sent.
08-11-2024 11:52:01 - INFO - Response from moonraker: {'result': 'ok'}
08-11-2024 11:52:01 - INFO - Setting Chamber Zones to a= 1.0, b= 0.25, c= 1.0, d= 0.25 Request successfully executed.
08-11-2024 11:52:02 - INFO - Sending request to Setting Chamber Zones to a= 1.0, b= 0.25, c= 1.0, d= 0.25 with timeout of 5s...
08-11-2024 11:52:02 - INFO - Setting Chamber Zones to a= 1.0, b= 0.25, c= 1.0, d= 0.25 request successfully sent.
08-11-2024 11:52:02 - INFO - Response from moonraker: {'result': 'ok'}
08-11-2024 11:52:02 - INFO - Setting Chamber Zones to a= 1.0, b= 0.25, c= 1.0, d= 0.25 Request successfully executed.
08-11-2024 11:52:02 - INFO - Sending request to Setting Chamber Zones to a= 1.0, b= 0.25, c= 1.0, d= 0.25 with timeout of 5s...
08-11-2024 11:52:02 - INFO - Setting Chamber Zones to a= 1.0, b= 0.25, c= 1.0, d= 0.25 request successfully sent.
08-11-2024 11:52:02 - INFO - Response from moonraker: {'result': 'ok'}
08-11-2024 11:52:02 - INFO - Setting Chamber Zones to a= 1.0, b= 0.25, c= 1.0, d= 0.25 Request successfully executed.
08-11-2024 11:52:02 - INFO - Sending request to Setting Chamber Zones to a= 1.0, b= 0.25, c= 1.0, d= 0.25 with timeout of 5s...
08-11-2024 11:52:02 - INFO - Setting Chamber Zones to a= 1.0, b= 0.25, c= 1.0, d= 0.25 request successfully sent.
08-11-2024 11:52:02 - INFO - Response from moonraker: {'result': 'ok'}
08-11-2024 11:52:02 - INFO - Setting Chamber Zones to a= 1.0, b= 0.25, c= 1.0, d= 0.25 Request successfully executed.
08-11-2024 11:52:02 - INFO - Sending request to Setting Chamber Zones to a= 1.0, b= 0.25, c= 1.0, d= 0.25 with timeout of 5s...
08-11-2024 11:52:02 - INFO - Setting Chamber Zones to a= 1.0, b= 0.25, c= 1.0, d= 0.25 request successfully sent.
08-11-2024 11:52:02 - INFO - Response from moonraker: {'result': 'ok'}
08-11-2024 11:52:02 - INFO - Setting Chamber Zones to a= 1.0, b= 0.25, c= 1.0, d= 0.25 Request successfully executed.
08-11-2024 11:52:02 - INFO - Sending request to Setting Chamber Zones to a= 1.0, b= 0.25, c= 1.0, d= 0.25 with timeout of 5s...
08-11-2024 11:52:02 - INFO - Setting Chamber Zones to a= 1.0, b= 0.25, c= 1.0, d= 0.25 request successfully sent.
08-11-2024 11:52:02 - INFO - Response from moonraker: {'result': 'ok'}
08-11-2024 11:52:02 - INFO - Setting Chamber Zones to a= 1.0, b= 0.25, c= 1.0, d= 0.25 Request successfully executed.
08-11-2024 11:52:03 - INFO - Sending request to Setting Chamber Zones to a= 1.0, b= 0.25, c= 1.0, d= 0.25 with timeout of 5s...
08-11-2024 11:52:03 - INFO - Setting Chamber Zones to a= 1.0, b= 0.25, c= 1.0, d= 0.25 request successfully sent.
08-11-2024 11:52:03 - INFO - Response from moonraker: {'result': 'ok'}
08-11-2024 11:52:03 - INFO - Setting Chamber Zones to a= 1.0, b= 0.25, c= 1.0, d= 0.25 Request successfully executed.
08-11-2024 11:52:03 - INFO - Sending request to Setting Chamber Zones to a= 1.0, b= 0.25, c= 1.0, d= 0.25 with timeout of 5s...
08-11-2024 11:52:03 - INFO - Setting Chamber Zones to a= 1.0, b= 0.25, c= 1.0, d= 0.25 request successfully sent.
08-11-2024 11:52:03 - INFO - Response from moonraker: {'result': 'ok'}
08-11-2024 11:52:03 - INFO - Setting Chamber Zones to a= 1.0, b= 0.25, c= 1.0, d= 0.25 Request successfully executed.
08-11-2024 11:52:03 - INFO - Sending request to Setting Chamber Zones to a= 1.0, b= 0.25, c= 1.0, d= 0.25 with timeout of 5s...
08-11-2024 11:52:03 - INFO - Setting Chamber Zones to a= 1.0, b= 0.25, c= 1.0, d= 0.25 request successfully sent.
08-11-2024 11:52:03 - INFO - Response from moonraker: {'result': 'ok'}
08-11-2024 11:52:03 - INFO - Setting Chamber Zones to a= 1.0, b= 0.25, c= 1.0, d= 0.25 Request successfully executed.
08-11-2024 11:52:03 - INFO - Sending request to Setting Chamber Zones to a= 1.0, b= 0.25, c= 1.0, d= 0.25 with timeout of 5s...
08-11-2024 11:52:03 - INFO - Setting Chamber Zones to a= 1.0, b= 0.25, c= 1.0, d= 0.25 request successfully sent.
08-11-2024 11:52:03 - INFO - Response from moonraker: {'result': 'ok'}
08-11-2024 11:52:03 - INFO - Setting Chamber Zones to a= 1.0, b= 0.25, c= 1.0, d= 0.25 Request successfully executed.
08-11-2024 11:52:03 - INFO - Sending request to Setting Chamber Zones to a= 1.0, b= 0.25, c= 1.0, d= 0.25 with timeout of 5s...
08-11-2024 11:52:03 - INFO - Setting Chamber Zones to a= 1.0, b= 0.25, c= 1.0, d= 0.25 request successfully sent.
08-11-2024 11:52:03 - INFO - Response from moonraker: {'result': 'ok'}
08-11-2024 11:52:03 - INFO - Setting Chamber Zones to a= 1.0, b= 0.25, c= 1.0, d= 0.25 Request successfully executed.
08-11-2024 11:52:04 - INFO - Sending request to Setting Chamber Zones to a= 1.0, b= 0.25, c= 1.0, d= 0.25 with timeout of 5s...
08-11-2024 11:52:04 - INFO - Setting Chamber Zones to a= 1.0, b= 0.25, c= 1.0, d= 0.25 request successfully sent.
08-11-2024 11:52:04 - INFO - Response from moonraker: {'result': 'ok'}
08-11-2024 11:52:04 - INFO - Setting Chamber Zones to a= 1.0, b= 0.25, c= 1.0, d= 0.25 Request successfully executed.
08-11-2024 11:52:04 - INFO - Sending request to Setting Chamber Zones to a= 1.0, b= 0.25, c= 1.0, d= 0.25 with timeout of 5s...
08-11-2024 11:52:04 - INFO - Setting Chamber Zones to a= 1.0, b= 0.25, c= 1.0, d= 0.25 request successfully sent.
08-11-2024 11:52:04 - INFO - Response from moonraker: {'result': 'ok'}
08-11-2024 11:52:04 - INFO - Setting Chamber Zones to a= 1.0, b= 0.25, c= 1.0, d= 0.25 Request successfully executed.
08-11-2024 11:52:04 - INFO - Sending request to Setting Chamber Zones to a= 1.0, b= 0.25, c= 1.0, d= 0.25 with timeout of 5s...
08-11-2024 11:52:04 - INFO - Setting Chamber Zones to a= 1.0, b= 0.25, c= 1.0, d= 0.25 request successfully sent.
08-11-2024 11:52:04 - INFO - Response from moonraker: {'result': 'ok'}
08-11-2024 11:52:04 - INFO - Setting Chamber Zones to a= 1.0, b= 0.25, c= 1.0, d= 0.25 Request successfully executed.
08-11-2024 11:52:04 - INFO - Sending request to Setting Chamber Zones to a= 1.0, b= 0.25, c= 1.0, d= 0.25 with timeout of 5s...
08-11-2024 11:52:04 - INFO - Setting Chamber Zones to a= 1.0, b= 0.25, c= 1.0, d= 0.25 request successfully sent.
08-11-2024 11:52:04 - INFO - Response from moonraker: {'result': 'ok'}
08-11-2024 11:52:04 - INFO - Setting Chamber Zones to a= 1.0, b= 0.25, c= 1.0, d= 0.25 Request successfully executed.
08-11-2024 11:52:04 - INFO - Sending request to Setting Chamber Zones to a= 1.0, b= 0.25, c= 1.0, d= 0.25 with timeout of 5s...
08-11-2024 11:52:04 - INFO - Setting Chamber Zones to a= 1.0, b= 0.25, c= 1.0, d= 0.25 request successfully sent.
08-11-2024 11:52:04 - INFO - Response from moonraker: {'result': 'ok'}
08-11-2024 11:52:04 - INFO - Setting Chamber Zones to a= 1.0, b= 0.25, c= 1.0, d= 0.25 Request successfully executed.
08-11-2024 11:52:05 - INFO - Sending request to Setting Chamber Zones to a= 1.0, b= 0.25, c= 1.0, d= 0.25 with timeout of 5s...
08-11-2024 11:52:05 - INFO - Setting Chamber Zones to a= 1.0, b= 0.25, c= 1.0, d= 0.25 request successfully sent.
08-11-2024 11:52:05 - INFO - Response from moonraker: {'result': 'ok'}
08-11-2024 11:52:05 - INFO - Setting Chamber Zones to a= 1.0, b= 0.25, c= 1.0, d= 0.25 Request successfully executed.
08-11-2024 11:52:05 - INFO - Sending request to Setting Chamber Zones to a= 1.0, b= 0.25, c= 1.0, d= 0.25 with timeout of 5s...
08-11-2024 11:52:05 - INFO - Setting Chamber Zones to a= 1.0, b= 0.25, c= 1.0, d= 0.25 request successfully sent.
08-11-2024 11:52:05 - INFO - Response from moonraker: {'result': 'ok'}
08-11-2024 11:52:05 - INFO - Setting Chamber Zones to a= 1.0, b= 0.25, c= 1.0, d= 0.25 Request successfully executed.
08-11-2024 11:52:05 - INFO - Sending request to Setting Chamber Zones to a= 1.0, b= 0.25, c= 1.0, d= 0.25 with timeout of 5s...
08-11-2024 11:52:05 - INFO - Setting Chamber Zones to a= 1.0, b= 0.25, c= 1.0, d= 0.25 request successfully sent.
08-11-2024 11:52:05 - INFO - Response from moonraker: {'result': 'ok'}
08-11-2024 11:52:05 - INFO - Setting Chamber Zones to a= 1.0, b= 0.25, c= 1.0, d= 0.25 Request successfully executed.
08-11-2024 11:52:05 - INFO - Sending request to Setting Chamber Zones to a= 1.0, b= 0.25, c= 1.0, d= 0.25 with timeout of 5s...
08-11-2024 11:52:05 - INFO - Setting Chamber Zones to a= 1.0, b= 0.25, c= 1.0, d= 0.25 request successfully sent.
08-11-2024 11:52:05 - INFO - Response from moonraker: {'result': 'ok'}
08-11-2024 11:52:05 - INFO - Setting Chamber Zones to a= 1.0, b= 0.25, c= 1.0, d= 0.25 Request successfully executed.
08-11-2024 11:52:05 - INFO - Sending request to Setting Chamber Zones to a= 1.0, b= 0.25, c= 1.0, d= 0.25 with timeout of 5s...
08-11-2024 11:52:05 - INFO - Setting Chamber Zones to a= 1.0, b= 0.25, c= 1.0, d= 0.25 request successfully sent.
08-11-2024 11:52:05 - INFO - Response from moonraker: {'result': 'ok'}
08-11-2024 11:52:05 - INFO - Setting Chamber Zones to a= 1.0, b= 0.25, c= 1.0, d= 0.25 Request successfully executed.
08-11-2024 11:52:06 - INFO - Sending request to Setting Chamber Zones to a= 1.0, b= 0.25, c= 1.0, d= 0.25 with timeout of 5s...
08-11-2024 11:52:06 - INFO - Setting Chamber Zones to a= 1.0, b= 0.25, c= 1.0, d= 0.25 request successfully sent.
08-11-2024 11:52:06 - INFO - Response from moonraker: {'result': 'ok'}
08-11-2024 11:52:06 - INFO - Setting Chamber Zones to a= 1.0, b= 0.25, c= 1.0, d= 0.25 Request successfully executed.
08-11-2024 11:52:06 - INFO - Sending request to Setting Chamber Zones to a= 1.0, b= 0.25, c= 1.0, d= 0.25 with timeout of 5s...
08-11-2024 11:52:06 - INFO - Setting Chamber Zones to a= 1.0, b= 0.25, c= 1.0, d= 0.25 request successfully sent.
08-11-2024 11:52:06 - INFO - Response from moonraker: {'result': 'ok'}
08-11-2024 11:52:06 - INFO - Setting Chamber Zones to a= 1.0, b= 0.25, c= 1.0, d= 0.25 Request successfully executed.
08-11-2024 11:52:06 - INFO - Sending request to Setting Chamber Zones to a= 1.0, b= 0.25, c= 1.0, d= 0.25 with timeout of 5s...
08-11-2024 11:52:06 - INFO - Setting Chamber Zones to a= 1.0, b= 0.25, c= 1.0, d= 0.25 request successfully sent.
08-11-2024 11:52:06 - INFO - Response from moonraker: {'result': 'ok'}
08-11-2024 11:52:06 - INFO - Setting Chamber Zones to a= 1.0, b= 0.25, c= 1.0, d= 0.25 Request successfully executed.
08-11-2024 11:52:06 - INFO - Sending request to Setting Chamber Zones to a= 1.0, b= 0.25, c= 1.0, d= 0.25 with timeout of 5s...
08-11-2024 11:52:06 - INFO - Setting Chamber Zones to a= 1.0, b= 0.25, c= 1.0, d= 0.25 request successfully sent.
08-11-2024 11:52:06 - INFO - Response from moonraker: {'result': 'ok'}
08-11-2024 11:52:06 - INFO - Setting Chamber Zones to a= 1.0, b= 0.25, c= 1.0, d= 0.25 Request successfully executed.
08-11-2024 11:52:06 - INFO - Sending request to Setting Chamber Zones to a= 1.0, b= 0.25, c= 1.0, d= 0.25 with timeout of 5s...
08-11-2024 11:52:06 - INFO - Setting Chamber Zones to a= 1.0, b= 0.25, c= 1.0, d= 0.25 request successfully sent.
08-11-2024 11:52:06 - INFO - Response from moonraker: {'result': 'ok'}
08-11-2024 11:52:06 - INFO - Setting Chamber Zones to a= 1.0, b= 0.25, c= 1.0, d= 0.25 Request successfully executed.
08-11-2024 11:52:07 - INFO - Sending request to Setting Chamber Zones to a= 1.0, b= 0.25, c= 1.0, d= 0.25 with timeout of 5s...
08-11-2024 11:52:07 - INFO - Setting Chamber Zones to a= 1.0, b= 0.25, c= 1.0, d= 0.25 request successfully sent.
08-11-2024 11:52:07 - INFO - Response from moonraker: {'result': 'ok'}
08-11-2024 11:52:07 - INFO - Setting Chamber Zones to a= 1.0, b= 0.25, c= 1.0, d= 0.25 Request successfully executed.
08-11-2024 11:52:09 - INFO - Sending request to Setting Chamber Zones to a= 0, b= 0, c= 0, d= 0 with timeout of 5s...
08-11-2024 11:52:09 - INFO - Setting Chamber Zones to a= 0, b= 0, c= 0, d= 0 request successfully sent.
08-11-2024 11:52:09 - INFO - Response from moonraker: {'result': 'ok'}
08-11-2024 11:52:09 - INFO - Setting Chamber Zones to a= 0, b= 0, c= 0, d= 0 Request successfully executed.
08-11-2024 11:52:13 - INFO - mechanical Firmware restart request successfully sent.
08-11-2024 11:52:13 - INFO - Response from moonraker: {'result': 'ok'}
08-11-2024 11:52:13 - INFO - mechanical Firmware restart Request successfully executed.
