05-12-2024 15:16:01 - INFO - Sending request to Setting Chamber Zones to a= 0, b= 0, c= 0, d= 0 with timeout of 5s...
05-12-2024 15:16:01 - INFO - Setting Chamber Zones to a= 0, b= 0, c= 0, d= 0 request successfully sent.
05-12-2024 15:16:01 - INFO - Response from moonraker: {'result': 'ok'}
05-12-2024 15:16:01 - INFO - Setting Chamber Zones to a= 0, b= 0, c= 0, d= 0 Request successfully executed.
05-12-2024 15:22:03 - INFO - Sending request to Setting Chamber Zones to a= 0, b= 0, c= 0, d= 0 with timeout of 5s...
05-12-2024 15:22:03 - INFO - Sending request to Setting Chamber Zones to a= 1.0, b= 0.25, c= 1.0, d= 0.25 with timeout of 5s...
05-12-2024 15:22:03 - INFO - Setting Chamber Zones to a= 1.0, b= 0.25, c= 1.0, d= 0.25 request successfully sent.
05-12-2024 15:22:03 - INFO - Response from moonraker: {'result': 'ok'}
05-12-2024 15:22:03 - INFO - Setting Chamber Zones to a= 1.0, b= 0.25, c= 1.0, d= 0.25 Request successfully executed.
05-12-2024 15:22:03 - INFO - Sending request to Setting Chamber Zones to a= 1.0, b= 0.25, c= 1.0, d= 0.25 with timeout of 5s...
05-12-2024 15:22:03 - INFO - Setting Chamber Zones to a= 1.0, b= 0.25, c= 1.0, d= 0.25 request successfully sent.
05-12-2024 15:22:03 - INFO - Response from moonraker: {'result': 'ok'}
05-12-2024 15:22:03 - INFO - Setting Chamber Zones to a= 1.0, b= 0.25, c= 1.0, d= 0.25 Request successfully executed.
05-12-2024 15:22:03 - INFO - Sending request to Setting Chamber Zones to a= 1.0, b= 0.25, c= 1.0, d= 0.25 with timeout of 5s...
05-12-2024 15:22:03 - INFO - Setting Chamber Zones to a= 1.0, b= 0.25, c= 1.0, d= 0.25 request successfully sent.
05-12-2024 15:22:03 - INFO - Response from moonraker: {'result': 'ok'}
05-12-2024 15:22:03 - INFO - Setting Chamber Zones to a= 1.0, b= 0.25, c= 1.0, d= 0.25 Request successfully executed.
05-12-2024 15:22:03 - INFO - Sending request to Setting Chamber Zones to a= 1.0, b= 0.25, c= 1.0, d= 0.25 with timeout of 5s...
05-12-2024 15:22:03 - INFO - Setting Chamber Zones to a= 1.0, b= 0.25, c= 1.0, d= 0.25 request successfully sent.
05-12-2024 15:22:03 - INFO - Response from moonraker: {'result': 'ok'}
05-12-2024 15:22:03 - INFO - Setting Chamber Zones to a= 1.0, b= 0.25, c= 1.0, d= 0.25 Request successfully executed.
05-12-2024 15:22:04 - INFO - Sending request to Setting Chamber Zones to a= 1.0, b= 0.25, c= 1.0, d= 0.25 with timeout of 5s...
05-12-2024 15:22:04 - INFO - Setting Chamber Zones to a= 1.0, b= 0.25, c= 1.0, d= 0.25 request successfully sent.
05-12-2024 15:22:04 - INFO - Response from moonraker: {'result': 'ok'}
05-12-2024 15:22:04 - INFO - Setting Chamber Zones to a= 1.0, b= 0.25, c= 1.0, d= 0.25 Request successfully executed.
05-12-2024 15:22:04 - INFO - Sending request to Setting Chamber Zones to a= 1.0, b= 0.25, c= 1.0, d= 0.25 with timeout of 5s...
05-12-2024 15:22:04 - INFO - Setting Chamber Zones to a= 1.0, b= 0.25, c= 1.0, d= 0.25 request successfully sent.
05-12-2024 15:22:04 - INFO - Response from moonraker: {'result': 'ok'}
05-12-2024 15:22:04 - INFO - Setting Chamber Zones to a= 1.0, b= 0.25, c= 1.0, d= 0.25 Request successfully executed.
05-12-2024 15:22:04 - INFO - Sending request to Setting Chamber Zones to a= 1.0, b= 0.25, c= 1.0, d= 0.25 with timeout of 5s...
05-12-2024 15:22:04 - INFO - Setting Chamber Zones to a= 1.0, b= 0.25, c= 1.0, d= 0.25 request successfully sent.
05-12-2024 15:22:04 - INFO - Response from moonraker: {'result': 'ok'}
05-12-2024 15:22:04 - INFO - Setting Chamber Zones to a= 1.0, b= 0.25, c= 1.0, d= 0.25 Request successfully executed.
05-12-2024 15:22:04 - INFO - Sending request to Setting Chamber Zones to a= 1.0, b= 0.25, c= 1.0, d= 0.25 with timeout of 5s...
05-12-2024 15:22:04 - INFO - Setting Chamber Zones to a= 1.0, b= 0.25, c= 1.0, d= 0.25 request successfully sent.
05-12-2024 15:22:04 - INFO - Response from moonraker: {'result': 'ok'}
05-12-2024 15:22:04 - INFO - Setting Chamber Zones to a= 1.0, b= 0.25, c= 1.0, d= 0.25 Request successfully executed.
05-12-2024 15:22:04 - INFO - Sending request to Setting Chamber Zones to a= 1.0, b= 0.25, c= 1.0, d= 0.25 with timeout of 5s...
05-12-2024 15:22:04 - INFO - Setting Chamber Zones to a= 1.0, b= 0.25, c= 1.0, d= 0.25 request successfully sent.
05-12-2024 15:22:04 - INFO - Response from moonraker: {'result': 'ok'}
05-12-2024 15:22:04 - INFO - Setting Chamber Zones to a= 1.0, b= 0.25, c= 1.0, d= 0.25 Request successfully executed.
05-12-2024 15:22:05 - INFO - Sending request to Setting Chamber Zones to a= 1.0, b= 0.25, c= 1.0, d= 0.25 with timeout of 5s...
05-12-2024 15:22:05 - INFO - Setting Chamber Zones to a= 1.0, b= 0.25, c= 1.0, d= 0.25 request successfully sent.
05-12-2024 15:22:05 - INFO - Response from moonraker: {'result': 'ok'}
05-12-2024 15:22:05 - INFO - Setting Chamber Zones to a= 1.0, b= 0.25, c= 1.0, d= 0.25 Request successfully executed.
05-12-2024 15:22:05 - INFO - Sending request to Setting Chamber Zones to a= 1.0, b= 0.25, c= 1.0, d= 0.25 with timeout of 5s...
05-12-2024 15:22:05 - INFO - Setting Chamber Zones to a= 1.0, b= 0.25, c= 1.0, d= 0.25 request successfully sent.
05-12-2024 15:22:05 - INFO - Response from moonraker: {'result': 'ok'}
05-12-2024 15:22:05 - INFO - Setting Chamber Zones to a= 1.0, b= 0.25, c= 1.0, d= 0.25 Request successfully executed.
05-12-2024 15:22:05 - INFO - Sending request to Setting Chamber Zones to a= 1.0, b= 0.25, c= 1.0, d= 0.25 with timeout of 5s...
05-12-2024 15:22:05 - INFO - Setting Chamber Zones to a= 1.0, b= 0.25, c= 1.0, d= 0.25 request successfully sent.
05-12-2024 15:22:05 - INFO - Response from moonraker: {'result': 'ok'}
05-12-2024 15:22:05 - INFO - Setting Chamber Zones to a= 1.0, b= 0.25, c= 1.0, d= 0.25 Request successfully executed.
05-12-2024 15:22:05 - INFO - Sending request to Setting Chamber Zones to a= 1.0, b= 0.25, c= 1.0, d= 0.25 with timeout of 5s...
05-12-2024 15:22:05 - INFO - Setting Chamber Zones to a= 1.0, b= 0.25, c= 1.0, d= 0.25 request successfully sent.
05-12-2024 15:22:05 - INFO - Response from moonraker: {'result': 'ok'}
05-12-2024 15:22:05 - INFO - Setting Chamber Zones to a= 1.0, b= 0.25, c= 1.0, d= 0.25 Request successfully executed.
05-12-2024 15:22:05 - INFO - Sending request to Setting Chamber Zones to a= 1.0, b= 0.25, c= 1.0, d= 0.25 with timeout of 5s...
05-12-2024 15:22:05 - INFO - Setting Chamber Zones to a= 1.0, b= 0.25, c= 1.0, d= 0.25 request successfully sent.
05-12-2024 15:22:05 - INFO - Response from moonraker: {'result': 'ok'}
05-12-2024 15:22:05 - INFO - Setting Chamber Zones to a= 1.0, b= 0.25, c= 1.0, d= 0.25 Request successfully executed.
05-12-2024 15:22:06 - INFO - Sending request to Setting Chamber Zones to a= 1.0, b= 0.25, c= 1.0, d= 0.25 with timeout of 5s...
05-12-2024 15:22:06 - INFO - Setting Chamber Zones to a= 1.0, b= 0.25, c= 1.0, d= 0.25 request successfully sent.
05-12-2024 15:22:06 - INFO - Response from moonraker: {'result': 'ok'}
05-12-2024 15:22:06 - INFO - Setting Chamber Zones to a= 1.0, b= 0.25, c= 1.0, d= 0.25 Request successfully executed.
05-12-2024 15:22:06 - INFO - Sending request to Setting Chamber Zones to a= 1.0, b= 0.25, c= 1.0, d= 0.25 with timeout of 5s...
05-12-2024 15:22:06 - INFO - Setting Chamber Zones to a= 1.0, b= 0.25, c= 1.0, d= 0.25 request successfully sent.
05-12-2024 15:22:06 - INFO - Response from moonraker: {'result': 'ok'}
05-12-2024 15:22:06 - INFO - Setting Chamber Zones to a= 1.0, b= 0.25, c= 1.0, d= 0.25 Request successfully executed.
05-12-2024 15:22:06 - INFO - Sending request to Setting Chamber Zones to a= 1.0, b= 0.25, c= 1.0, d= 0.25 with timeout of 5s...
05-12-2024 15:22:06 - INFO - Setting Chamber Zones to a= 1.0, b= 0.25, c= 1.0, d= 0.25 request successfully sent.
05-12-2024 15:22:06 - INFO - Response from moonraker: {'result': 'ok'}
05-12-2024 15:22:06 - INFO - Setting Chamber Zones to a= 1.0, b= 0.25, c= 1.0, d= 0.25 Request successfully executed.
05-12-2024 15:22:06 - INFO - Sending request to Setting Chamber Zones to a= 1.0, b= 0.25, c= 1.0, d= 0.25 with timeout of 5s...
05-12-2024 15:22:06 - INFO - Setting Chamber Zones to a= 1.0, b= 0.25, c= 1.0, d= 0.25 request successfully sent.
05-12-2024 15:22:06 - INFO - Response from moonraker: {'result': 'ok'}
05-12-2024 15:22:06 - INFO - Setting Chamber Zones to a= 1.0, b= 0.25, c= 1.0, d= 0.25 Request successfully executed.
05-12-2024 15:22:06 - INFO - Sending request to Setting Chamber Zones to a= 1.0, b= 0.25, c= 1.0, d= 0.25 with timeout of 5s...
05-12-2024 15:22:07 - INFO - Setting Chamber Zones to a= 1.0, b= 0.25, c= 1.0, d= 0.25 request successfully sent.
05-12-2024 15:22:07 - INFO - Response from moonraker: {'result': 'ok'}
05-12-2024 15:22:07 - INFO - Setting Chamber Zones to a= 1.0, b= 0.25, c= 1.0, d= 0.25 Request successfully executed.
05-12-2024 15:22:07 - INFO - Sending request to Setting Chamber Zones to a= 1.0, b= 0.25, c= 1.0, d= 0.25 with timeout of 5s...
05-12-2024 15:22:07 - INFO - Setting Chamber Zones to a= 1.0, b= 0.25, c= 1.0, d= 0.25 request successfully sent.
05-12-2024 15:22:07 - INFO - Response from moonraker: {'result': 'ok'}
05-12-2024 15:22:07 - INFO - Setting Chamber Zones to a= 1.0, b= 0.25, c= 1.0, d= 0.25 Request successfully executed.
05-12-2024 15:22:07 - INFO - Sending request to Setting Chamber Zones to a= 1.0, b= 0.25, c= 1.0, d= 0.25 with timeout of 5s...
05-12-2024 15:22:07 - INFO - Sending request to Setting Chamber Zones to a= 1.0, b= 0.25, c= 1.0, d= 0.25 with timeout of 5s...
05-12-2024 15:22:07 - INFO - Sending request to Setting Chamber Zones to a= 1.0, b= 0.25, c= 1.0, d= 0.25 with timeout of 5s...
05-12-2024 15:22:07 - INFO - Sending request to Setting Chamber Zones to a= 1.0, b= 0.25, c= 1.0, d= 0.25 with timeout of 5s...
05-12-2024 15:22:08 - INFO - Sending request to Setting Chamber Zones to a= 1.0, b= 0.25, c= 1.0, d= 0.25 with timeout of 5s...
05-12-2024 15:22:08 - INFO - Sending request to Setting Chamber Zones to a= 1.0, b= 0.25, c= 1.0, d= 0.25 with timeout of 5s...
05-12-2024 15:22:08 - INFO - Sending request to Setting Chamber Zones to a= 1.0, b= 0.25, c= 1.0, d= 0.25 with timeout of 5s...
05-12-2024 15:22:08 - INFO - Sending request to Setting Chamber Zones to a= 1.0, b= 0.25, c= 1.0, d= 0.25 with timeout of 5s...
05-12-2024 15:22:08 - INFO - Sending request to Setting Chamber Zones to a= 1.0, b= 0.25, c= 1.0, d= 0.25 with timeout of 5s...
05-12-2024 15:22:09 - INFO - Sending request to Setting Chamber Zones to a= 1.0, b= 0.25, c= 1.0, d= 0.25 with timeout of 5s...
05-12-2024 15:22:09 - INFO - Sending request to Setting Chamber Zones to a= 1.0, b= 0.25, c= 1.0, d= 0.25 with timeout of 5s...
05-12-2024 15:22:09 - INFO - Sending request to Setting Chamber Zones to a= 1.0, b= 0.25, c= 1.0, d= 0.25 with timeout of 5s...
05-12-2024 15:22:09 - INFO - Sending request to Setting Chamber Zones to a= 1.0, b= 0.25, c= 1.0, d= 0.25 with timeout of 5s...
05-12-2024 15:22:09 - INFO - Sending request to Setting Chamber Zones to a= 1.0, b= 0.25, c= 1.0, d= 0.25 with timeout of 5s...
05-12-2024 15:22:10 - INFO - Sending request to Setting Chamber Zones to a= 1.0, b= 0.25, c= 1.0, d= 0.25 with timeout of 5s...
05-12-2024 15:22:10 - INFO - Sending request to Setting Chamber Zones to a= 1.0, b= 0.25, c= 1.0, d= 0.25 with timeout of 5s...
05-12-2024 15:22:10 - INFO - Sending request to Setting Chamber Zones to a= 1.0, b= 0.25, c= 1.0, d= 0.25 with timeout of 5s...
05-12-2024 15:22:10 - INFO - Sending request to Setting Chamber Zones to a= 1.0, b= 0.25, c= 1.0, d= 0.25 with timeout of 5s...
05-12-2024 15:22:10 - INFO - Sending request to Setting Chamber Zones to a= 1.0, b= 0.25, c= 1.0, d= 0.25 with timeout of 5s...
05-12-2024 15:22:11 - INFO - Sending request to Setting Chamber Zones to a= 1.0, b= 0.25, c= 1.0, d= 0.25 with timeout of 5s...
05-12-2024 15:22:11 - INFO - Sending request to Setting Chamber Zones to a= 1.0, b= 0.25, c= 1.0, d= 0.25 with timeout of 5s...
05-12-2024 15:22:11 - INFO - Sending request to Setting Chamber Zones to a= 1.0, b= 0.25, c= 1.0, d= 0.25 with timeout of 5s...
05-12-2024 15:22:11 - INFO - Sending request to Setting Chamber Zones to a= 1.0, b= 0.25, c= 1.0, d= 0.25 with timeout of 5s...
05-12-2024 15:22:12 - INFO - Sending request to Setting Chamber Zones to a= 1.0, b= 0.25, c= 1.0, d= 0.25 with timeout of 5s...
05-12-2024 15:22:12 - INFO - Sending request to Setting Chamber Zones to a= 1.0, b= 0.25, c= 1.0, d= 0.25 with timeout of 5s...
05-12-2024 15:22:12 - ERROR - E102 : Setting Chamber Zones to a= 1.0, b= 0.25, c= 1.0, d= 0.25 Request to Moonraker Timed out 
 Setting Chamber Zones to a= 1.0, b= 0.25, c= 1.0, d= 0.25 not successful
 Initiating firmware restart
05-12-2024 15:22:12 - INFO - Sending request to Setting Chamber Zones to a= 1.0, b= 0.25, c= 1.0, d= 0.25 with timeout of 5s...
05-12-2024 15:22:12 - INFO - Sending request to Setting Chamber Zones to a= 1.0, b= 0.25, c= 1.0, d= 0.25 with timeout of 5s...
05-12-2024 15:22:12 - INFO - Sending request to Setting Chamber Zones to a= 1.0, b= 0.25, c= 1.0, d= 0.25 with timeout of 5s...
05-12-2024 15:22:13 - INFO - Sending request to Setting Chamber Zones to a= 1.0, b= 0.25, c= 1.0, d= 0.25 with timeout of 5s...
05-12-2024 15:22:13 - INFO - Sending request to Setting Chamber Zones to a= 1.0, b= 0.25, c= 1.0, d= 0.25 with timeout of 5s...
05-12-2024 15:22:13 - INFO - Sending request to Setting Chamber Zones to a= 0.9875440000000001, b= 0.24688600000000002, c= 0.9875440000000001, d= 0.24688600000000002 with timeout of 5s...
05-12-2024 15:22:13 - INFO - Sending request to Setting Chamber Zones to a= 0.989144, b= 0.247286, c= 0.989144, d= 0.247286 with timeout of 5s...
05-12-2024 15:22:13 - INFO - Sending request to Setting Chamber Zones to a= 0.9905440000000002, b= 0.24763600000000005, c= 0.9905440000000002, d= 0.24763600000000005 with timeout of 5s...
05-12-2024 15:22:14 - INFO - Sending request to Setting Chamber Zones to a= 0.9615960000000001, b= 0.24039900000000003, c= 0.9615960000000001, d= 0.24039900000000003 with timeout of 5s...
05-12-2024 15:22:14 - INFO - Sending request to Setting Chamber Zones to a= 0.9632480000000001, b= 0.24081200000000003, c= 0.9632480000000001, d= 0.24081200000000003 with timeout of 5s...
05-12-2024 15:22:14 - INFO - Sending request to Setting Chamber Zones to a= 0.9140200000000004, b= 0.2285050000000001, c= 0.9140200000000004, d= 0.2285050000000001 with timeout of 5s...
05-12-2024 15:22:14 - INFO - Sending request to Setting Chamber Zones to a= 0.910734, b= 0.2276835, c= 0.910734, d= 0.2276835 with timeout of 5s...
05-12-2024 15:22:14 - INFO - Sending request to Setting Chamber Zones to a= 0.901932, b= 0.225483, c= 0.901932, d= 0.225483 with timeout of 5s...
05-12-2024 15:22:15 - INFO - Sending request to Setting Chamber Zones to a= 0.8982220000000001, b= 0.22455550000000002, c= 0.8982220000000001, d= 0.22455550000000002 with timeout of 5s...
05-12-2024 15:22:15 - INFO - Sending request to Setting Chamber Zones to a= 0.889396, b= 0.222349, c= 0.889396, d= 0.222349 with timeout of 5s...
05-12-2024 15:22:15 - INFO - Sending request to Setting Chamber Zones to a= 0.875546, b= 0.2188865, c= 0.875546, d= 0.2188865 with timeout of 5s...
05-12-2024 15:22:15 - INFO - Sending request to Setting Chamber Zones to a= 0.8718380000000004, b= 0.2179595000000001, c= 0.8718380000000004, d= 0.2179595000000001 with timeout of 5s...
05-12-2024 15:22:15 - INFO - Sending request to Setting Chamber Zones to a= 0.8730800000000003, b= 0.21827000000000008, c= 0.8730800000000003, d= 0.21827000000000008 with timeout of 5s...
05-12-2024 15:22:16 - INFO - Sending request to Setting Chamber Zones to a= 0.8641560000000004, b= 0.2160390000000001, c= 0.8641560000000004, d= 0.2160390000000001 with timeout of 5s...
05-12-2024 15:22:16 - INFO - Sending request to Setting Chamber Zones to a= 0.8603739999999999, b= 0.21509349999999997, c= 0.8603739999999999, d= 0.21509349999999997 with timeout of 5s...
05-12-2024 15:22:16 - INFO - Sending request to Setting Chamber Zones to a= 0.8565340000000002, b= 0.21413350000000006, c= 0.8565340000000002, d= 0.21413350000000006 with timeout of 5s...
05-12-2024 15:22:16 - INFO - Sending request to Setting Chamber Zones to a= 0.8425700000000004, b= 0.2106425000000001, c= 0.8425700000000004, d= 0.2106425000000001 with timeout of 5s...
05-12-2024 15:22:16 - INFO - Sending request to Setting Chamber Zones to a= 0.8387979999999999, b= 0.20969949999999998, c= 0.8387979999999999, d= 0.20969949999999998 with timeout of 5s...
05-12-2024 15:22:17 - INFO - Sending request to Setting Chamber Zones to a= 0.8349180000000002, b= 0.20872950000000004, c= 0.8349180000000002, d= 0.20872950000000004 with timeout of 5s...
05-12-2024 15:22:17 - INFO - Sending request to Setting Chamber Zones to a= 0.825972, b= 0.206493, c= 0.825972, d= 0.206493 with timeout of 5s...
05-12-2024 15:22:17 - INFO - Sending request to Setting Chamber Zones to a= 0.8170599999999998, b= 0.20426499999999995, c= 0.8170599999999998, d= 0.20426499999999995 with timeout of 5s...
05-12-2024 15:22:17 - INFO - Sending request to Setting Chamber Zones to a= 0.8131900000000001, b= 0.20329750000000002, c= 0.8131900000000001, d= 0.20329750000000002 with timeout of 5s...
05-12-2024 15:22:17 - INFO - Sending request to Setting Chamber Zones to a= 0.8092620000000005, b= 0.20231550000000012, c= 0.8092620000000005, d= 0.20231550000000012 with timeout of 5s...
05-12-2024 15:22:18 - INFO - Sending request to Setting Chamber Zones to a= 0.805326, b= 0.2013315, c= 0.805326, d= 0.2013315 with timeout of 5s...
05-12-2024 15:22:18 - INFO - Sending request to Setting Chamber Zones to a= 0.80644, b= 0.20161, c= 0.80644, d= 0.20161 with timeout of 5s...
05-12-2024 15:22:18 - INFO - Sending request to Setting Chamber Zones to a= 0.7872720000000004, b= 0.1968180000000001, c= 0.7872720000000004, d= 0.1968180000000001 with timeout of 5s...
05-12-2024 15:22:18 - INFO - Sending request to Setting Chamber Zones to a= 0.7783880000000003, b= 0.19459700000000008, c= 0.7783880000000003, d= 0.19459700000000008 with timeout of 5s...
05-12-2024 15:22:18 - INFO - Sending request to Setting Chamber Zones to a= 0.769388, b= 0.192347, c= 0.769388, d= 0.192347 with timeout of 5s...
05-12-2024 15:22:19 - INFO - Sending request to Setting Chamber Zones to a= 0.7654300000000004, b= 0.1913575000000001, c= 0.7654300000000004, d= 0.1913575000000001 with timeout of 5s...
05-12-2024 15:22:19 - INFO - Sending request to Setting Chamber Zones to a= 0.7614139999999999, b= 0.19035349999999998, c= 0.7614139999999999, d= 0.19035349999999998 with timeout of 5s...
05-12-2024 15:22:19 - INFO - Sending request to Setting Chamber Zones to a= 0.7573900000000003, b= 0.18934750000000009, c= 0.7573900000000003, d= 0.18934750000000009 with timeout of 5s...
05-12-2024 15:22:19 - INFO - Sending request to Setting Chamber Zones to a= 0.7432420000000005, b= 0.18581050000000013, c= 0.7432420000000005, d= 0.18581050000000013 with timeout of 5s...
05-12-2024 15:22:19 - INFO - Sending request to Setting Chamber Zones to a= 0.7443440000000003, b= 0.18608600000000008, c= 0.7443440000000003, d= 0.18608600000000008 with timeout of 5s...
05-12-2024 15:22:20 - INFO - Sending request to Setting Chamber Zones to a= 0.740238, b= 0.1850595, c= 0.740238, d= 0.1850595 with timeout of 5s...
05-12-2024 15:22:20 - INFO - Sending request to Setting Chamber Zones to a= 0.7361740000000003, b= 0.18404350000000008, c= 0.7361740000000003, d= 0.18404350000000008 with timeout of 5s...
05-12-2024 15:22:20 - INFO - Sending request to Setting Chamber Zones to a= 0.7371600000000003, b= 0.18429000000000006, c= 0.7371600000000003, d= 0.18429000000000006 with timeout of 5s...
05-12-2024 15:22:20 - INFO - Sending request to Setting Chamber Zones to a= 0.7229220000000004, b= 0.1807305000000001, c= 0.7229220000000004, d= 0.1807305000000001 with timeout of 5s...
05-12-2024 15:22:20 - INFO - Sending request to Setting Chamber Zones to a= 0.7189260000000001, b= 0.17973150000000002, c= 0.7189260000000001, d= 0.17973150000000002 with timeout of 5s...
05-12-2024 15:22:21 - INFO - Sending request to Setting Chamber Zones to a= 0.7097639999999998, b= 0.17744099999999996, c= 0.7097639999999998, d= 0.17744099999999996 with timeout of 5s...
05-12-2024 15:22:21 - INFO - Sending request to Setting Chamber Zones to a= 0.7056940000000002, b= 0.17642350000000004, c= 0.7056940000000002, d= 0.17642350000000004 with timeout of 5s...
05-12-2024 15:22:21 - INFO - Sending request to Setting Chamber Zones to a= 0.7015660000000004, b= 0.1753915000000001, c= 0.7015660000000004, d= 0.1753915000000001 with timeout of 5s...
05-12-2024 15:22:21 - INFO - Sending request to Setting Chamber Zones to a= 0.7024880000000004, b= 0.1756220000000001, c= 0.7024880000000004, d= 0.1756220000000001 with timeout of 5s...
05-12-2024 15:22:21 - INFO - Sending request to Setting Chamber Zones to a= 0.7134759999999997, b= 0.17836899999999992, c= 0.7134759999999997, d= 0.17836899999999992 with timeout of 5s...
05-12-2024 15:22:22 - INFO - Sending request to Setting Chamber Zones to a= 0.7243799999999999, b= 0.18109499999999998, c= 0.7243799999999999, d= 0.18109499999999998 with timeout of 5s...
05-12-2024 15:22:22 - INFO - Sending request to Setting Chamber Zones to a= 0.7454160000000003, b= 0.18635400000000008, c= 0.7454160000000003, d= 0.18635400000000008 with timeout of 5s...
05-12-2024 15:22:22 - INFO - Sending request to Setting Chamber Zones to a= 0.7461520000000003, b= 0.18653800000000006, c= 0.7461520000000003, d= 0.18653800000000006 with timeout of 5s...
05-12-2024 15:22:22 - INFO - Sending request to Setting Chamber Zones to a= 0.7470880000000002, b= 0.18677200000000005, c= 0.7470880000000002, d= 0.18677200000000005 with timeout of 5s...
05-12-2024 15:22:22 - INFO - Sending request to Setting Chamber Zones to a= 1.0, b= 0.25, c= 1.0, d= 0.25 with timeout of 5s...
05-12-2024 15:22:23 - INFO - Sending request to Setting Chamber Zones to a= 1.0, b= 0.25, c= 1.0, d= 0.25 with timeout of 5s...
05-12-2024 15:22:23 - INFO - Setting Chamber Zones to a= 1.0, b= 0.25, c= 1.0, d= 0.25 request successfully sent.
05-12-2024 15:22:23 - INFO - Response from moonraker: {'result': 'ok'}
05-12-2024 15:22:23 - INFO - Setting Chamber Zones to a= 1.0, b= 0.25, c= 1.0, d= 0.25 Request successfully executed.
05-12-2024 15:22:23 - INFO - Sending request to Setting Chamber Zones to a= 1.0, b= 0.25, c= 1.0, d= 0.25 with timeout of 5s...
05-12-2024 15:22:23 - INFO - Setting Chamber Zones to a= 1.0, b= 0.25, c= 1.0, d= 0.25 request successfully sent.
05-12-2024 15:22:23 - INFO - Response from moonraker: {'result': 'ok'}
05-12-2024 15:22:23 - INFO - Setting Chamber Zones to a= 1.0, b= 0.25, c= 1.0, d= 0.25 Request successfully executed.
05-12-2024 15:22:23 - INFO - Sending request to Setting Chamber Zones to a= 1.0, b= 0.25, c= 1.0, d= 0.25 with timeout of 5s...
05-12-2024 15:22:23 - INFO - Setting Chamber Zones to a= 1.0, b= 0.25, c= 1.0, d= 0.25 request successfully sent.
05-12-2024 15:22:23 - INFO - Response from moonraker: {'result': 'ok'}
05-12-2024 15:22:23 - INFO - Setting Chamber Zones to a= 1.0, b= 0.25, c= 1.0, d= 0.25 Request successfully executed.
05-12-2024 15:22:23 - INFO - Sending request to Setting Chamber Zones to a= 1.0, b= 0.25, c= 1.0, d= 0.25 with timeout of 5s...
05-12-2024 15:22:23 - INFO - Setting Chamber Zones to a= 1.0, b= 0.25, c= 1.0, d= 0.25 request successfully sent.
05-12-2024 15:22:23 - INFO - Response from moonraker: {'result': 'ok'}
05-12-2024 15:22:23 - INFO - Setting Chamber Zones to a= 1.0, b= 0.25, c= 1.0, d= 0.25 Request successfully executed.
05-12-2024 15:22:23 - INFO - Sending request to Setting Chamber Zones to a= 1.0, b= 0.25, c= 1.0, d= 0.25 with timeout of 5s...
05-12-2024 15:22:23 - INFO - Setting Chamber Zones to a= 1.0, b= 0.25, c= 1.0, d= 0.25 request successfully sent.
05-12-2024 15:22:23 - INFO - Response from moonraker: {'result': 'ok'}
05-12-2024 15:22:23 - INFO - Setting Chamber Zones to a= 1.0, b= 0.25, c= 1.0, d= 0.25 Request successfully executed.
05-12-2024 15:22:24 - INFO - Sending request to Setting Chamber Zones to a= 1.0, b= 0.25, c= 1.0, d= 0.25 with timeout of 5s...
05-12-2024 15:22:24 - INFO - Setting Chamber Zones to a= 1.0, b= 0.25, c= 1.0, d= 0.25 request successfully sent.
05-12-2024 15:22:24 - INFO - Response from moonraker: {'result': 'ok'}
05-12-2024 15:22:24 - INFO - Setting Chamber Zones to a= 1.0, b= 0.25, c= 1.0, d= 0.25 Request successfully executed.
05-12-2024 15:22:24 - INFO - Sending request to Setting Chamber Zones to a= 1.0, b= 0.25, c= 1.0, d= 0.25 with timeout of 5s...
05-12-2024 15:22:24 - INFO - Setting Chamber Zones to a= 1.0, b= 0.25, c= 1.0, d= 0.25 request successfully sent.
05-12-2024 15:22:24 - INFO - Response from moonraker: {'result': 'ok'}
05-12-2024 15:22:24 - INFO - Setting Chamber Zones to a= 1.0, b= 0.25, c= 1.0, d= 0.25 Request successfully executed.
05-12-2024 15:22:24 - INFO - Sending request to Setting Chamber Zones to a= 0.9769620000000002, b= 0.24424050000000005, c= 0.9769620000000002, d= 0.24424050000000005 with timeout of 5s...
05-12-2024 15:22:24 - INFO - Setting Chamber Zones to a= 0.9769620000000002, b= 0.24424050000000005, c= 0.9769620000000002, d= 0.24424050000000005 request successfully sent.
05-12-2024 15:22:24 - INFO - Response from moonraker: {'result': 'ok'}
05-12-2024 15:22:24 - INFO - Setting Chamber Zones to a= 0.9769620000000002, b= 0.24424050000000005, c= 0.9769620000000002, d= 0.24424050000000005 Request successfully executed.
05-12-2024 15:22:24 - INFO - Sending request to Setting Chamber Zones to a= 0.9634180000000002, b= 0.24085450000000005, c= 0.9634180000000002, d= 0.24085450000000005 with timeout of 5s...
05-12-2024 15:22:24 - INFO - Setting Chamber Zones to a= 0.9634180000000002, b= 0.24085450000000005, c= 0.9634180000000002, d= 0.24085450000000005 request successfully sent.
05-12-2024 15:22:24 - INFO - Response from moonraker: {'result': 'ok'}
05-12-2024 15:22:24 - INFO - Setting Chamber Zones to a= 0.9634180000000002, b= 0.24085450000000005, c= 0.9634180000000002, d= 0.24085450000000005 Request successfully executed.
05-12-2024 15:22:24 - INFO - Sending request to Setting Chamber Zones to a= 0.9648240000000002, b= 0.24120600000000006, c= 0.9648240000000002, d= 0.24120600000000006 with timeout of 5s...
05-12-2024 15:22:24 - INFO - Setting Chamber Zones to a= 0.9648240000000002, b= 0.24120600000000006, c= 0.9648240000000002, d= 0.24120600000000006 request successfully sent.
05-12-2024 15:22:24 - INFO - Response from moonraker: {'result': 'ok'}
05-12-2024 15:22:24 - INFO - Setting Chamber Zones to a= 0.9648240000000002, b= 0.24120600000000006, c= 0.9648240000000002, d= 0.24120600000000006 Request successfully executed.
05-12-2024 15:22:25 - INFO - Sending request to Setting Chamber Zones to a= 0.9407900000000003, b= 0.2351975000000001, c= 0.9407900000000003, d= 0.2351975000000001 with timeout of 5s...
05-12-2024 15:22:25 - INFO - Sending request to Setting Chamber Zones to a= 0.8916760000000002, b= 0.22291900000000006, c= 0.8916760000000002, d= 0.22291900000000006 with timeout of 5s...
05-12-2024 15:22:25 - INFO - Sending request to Setting Chamber Zones to a= 0.8831960000000001, b= 0.22079900000000002, c= 0.8831960000000001, d= 0.22079900000000002 with timeout of 5s...
05-12-2024 15:22:25 - INFO - Sending request to Setting Chamber Zones to a= 0.8743000000000001, b= 0.21857500000000002, c= 0.8743000000000001, d= 0.21857500000000002 with timeout of 5s...
05-12-2024 15:22:25 - INFO - Sending request to Setting Chamber Zones to a= 0.8653879999999998, b= 0.21634699999999996, c= 0.8653879999999998, d= 0.21634699999999996 with timeout of 5s...
05-12-2024 15:22:26 - INFO - Sending request to Setting Chamber Zones to a= 0.8564600000000004, b= 0.2141150000000001, c= 0.8564600000000004, d= 0.2141150000000001 with timeout of 5s...
05-12-2024 15:22:26 - INFO - Sending request to Setting Chamber Zones to a= 0.8323420000000005, b= 0.20808550000000012, c= 0.8323420000000005, d= 0.20808550000000012 with timeout of 5s...
05-12-2024 15:22:26 - INFO - Sending request to Setting Chamber Zones to a= 0.8235080000000004, b= 0.2058770000000001, c= 0.8235080000000004, d= 0.2058770000000001 with timeout of 5s...
05-12-2024 15:22:26 - INFO - Sending request to Setting Chamber Zones to a= 0.8246240000000004, b= 0.2061560000000001, c= 0.8246240000000004, d= 0.2061560000000001 with timeout of 5s...
05-12-2024 15:22:26 - INFO - Sending request to Setting Chamber Zones to a= 0.8205819999999998, b= 0.20514549999999995, c= 0.8205819999999998, d= 0.20514549999999995 with timeout of 5s...
05-12-2024 15:22:27 - INFO - Sending request to Setting Chamber Zones to a= 0.8216399999999999, b= 0.20540999999999998, c= 0.8216399999999999, d= 0.20540999999999998 with timeout of 5s...
05-12-2024 15:22:27 - INFO - Sending request to Setting Chamber Zones to a= 0.8074739999999998, b= 0.20186849999999995, c= 0.8074739999999998, d= 0.20186849999999995 with timeout of 5s...
05-12-2024 15:22:27 - INFO - Sending request to Setting Chamber Zones to a= 0.8035500000000002, b= 0.20088750000000005, c= 0.8035500000000002, d= 0.20088750000000005 with timeout of 5s...
05-12-2024 15:22:27 - INFO - Sending request to Setting Chamber Zones to a= 0.7995179999999997, b= 0.19987949999999993, c= 0.7995179999999997, d= 0.19987949999999993 with timeout of 5s...
05-12-2024 15:22:27 - INFO - Sending request to Setting Chamber Zones to a= 0.7954780000000001, b= 0.19886950000000003, c= 0.7954780000000001, d= 0.19886950000000003 with timeout of 5s...
05-12-2024 15:22:28 - INFO - Sending request to Setting Chamber Zones to a= 0.7914300000000003, b= 0.19785750000000007, c= 0.7914300000000003, d= 0.19785750000000007 with timeout of 5s...
05-12-2024 15:22:28 - INFO - Sending request to Setting Chamber Zones to a= 0.7924320000000002, b= 0.19810800000000006, c= 0.7924320000000002, d= 0.19810800000000006 with timeout of 5s...
05-12-2024 15:22:28 - INFO - Sending request to Setting Chamber Zones to a= 0.7883259999999999, b= 0.19708149999999997, c= 0.7883259999999999, d= 0.19708149999999997 with timeout of 5s...
05-12-2024 15:22:28 - INFO - Sending request to Setting Chamber Zones to a= 0.7893199999999999, b= 0.19732999999999998, c= 0.7893199999999999, d= 0.19732999999999998 with timeout of 5s...
05-12-2024 15:22:28 - INFO - Sending request to Setting Chamber Zones to a= 0.7852060000000002, b= 0.19630150000000005, c= 0.7852060000000002, d= 0.19630150000000005 with timeout of 5s...
05-12-2024 15:22:29 - INFO - Sending request to Setting Chamber Zones to a= 0.7861920000000002, b= 0.19654800000000006, c= 0.7861920000000002, d= 0.19654800000000006 with timeout of 5s...
05-12-2024 15:22:29 - INFO - Sending request to Setting Chamber Zones to a= 0.7871280000000002, b= 0.19678200000000004, c= 0.7871280000000002, d= 0.19678200000000004 with timeout of 5s...
05-12-2024 15:22:29 - INFO - Sending request to Setting Chamber Zones to a= 0.7830059999999998, b= 0.19575149999999994, c= 0.7830059999999998, d= 0.19575149999999994 with timeout of 5s...
05-12-2024 15:22:29 - INFO - Sending request to Setting Chamber Zones to a= 0.7738680000000003, b= 0.19346700000000008, c= 0.7738680000000003, d= 0.19346700000000008 with timeout of 5s...
05-12-2024 15:22:29 - INFO - Sending request to Setting Chamber Zones to a= 0.7748800000000002, b= 0.19372000000000006, c= 0.7748800000000002, d= 0.19372000000000006 with timeout of 5s...
05-12-2024 15:22:30 - ERROR - E102 : Setting Chamber Zones to a= 0.7748800000000002, b= 0.19372000000000006, c= 0.7748800000000002, d= 0.19372000000000006 Request to Moonraker Timed out 
 Setting Chamber Zones to a= 0.7748800000000002, b= 0.19372000000000006, c= 0.7748800000000002, d= 0.19372000000000006 not successful
 Initiating firmware restart
05-12-2024 15:22:30 - INFO - Sending request to Setting Chamber Zones to a= 0.7757920000000003, b= 0.19394800000000006, c= 0.7757920000000003, d= 0.19394800000000006 with timeout of 5s...
05-12-2024 15:22:30 - INFO - Sending request to Setting Chamber Zones to a= 0.7716459999999999, b= 0.19291149999999999, c= 0.7716459999999999, d= 0.19291149999999999 with timeout of 5s...
05-12-2024 15:22:30 - INFO - Sending request to Setting Chamber Zones to a= 0.7675420000000002, b= 0.19188550000000004, c= 0.7675420000000002, d= 0.19188550000000004 with timeout of 5s...
05-12-2024 15:22:30 - INFO - Sending request to Setting Chamber Zones to a= 0.7634299999999997, b= 0.19085749999999993, c= 0.7634299999999997, d= 0.19085749999999993 with timeout of 5s...
05-12-2024 15:22:30 - INFO - Sending request to Setting Chamber Zones to a= 0.7593099999999999, b= 0.18982749999999998, c= 0.7593099999999999, d= 0.18982749999999998 with timeout of 5s...
05-12-2024 15:22:31 - INFO - Sending request to Setting Chamber Zones to a= 0.7551820000000004, b= 0.1887955000000001, c= 0.7551820000000004, d= 0.1887955000000001 with timeout of 5s...
05-12-2024 15:22:31 - INFO - Sending request to Setting Chamber Zones to a= 0.7459880000000001, b= 0.18649700000000002, c= 0.7459880000000001, d= 0.18649700000000002 with timeout of 5s...
05-12-2024 15:22:31 - INFO - Sending request to Setting Chamber Zones to a= 0.7469440000000002, b= 0.18673600000000004, c= 0.7469440000000002, d= 0.18673600000000004 with timeout of 5s...
05-12-2024 15:22:31 - INFO - Sending request to Setting Chamber Zones to a= 0.7225100000000001, b= 0.18062750000000002, c= 0.7225100000000001, d= 0.18062750000000002 with timeout of 5s...
05-12-2024 15:22:31 - INFO - Sending request to Setting Chamber Zones to a= 0.71346, b= 0.178365, c= 0.71346, d= 0.178365 with timeout of 5s...
05-12-2024 15:22:32 - INFO - Sending request to Setting Chamber Zones to a= 0.6890700000000001, b= 0.17226750000000002, c= 0.6890700000000001, d= 0.17226750000000002 with timeout of 5s...
05-12-2024 15:22:32 - INFO - Sending request to Setting Chamber Zones to a= 0.6799639999999999, b= 0.16999099999999998, c= 0.6799639999999999, d= 0.16999099999999998 with timeout of 5s...
05-12-2024 15:22:32 - INFO - Sending request to Setting Chamber Zones to a= 0.6706919999999996, b= 0.1676729999999999, c= 0.6706919999999996, d= 0.1676729999999999 with timeout of 5s...
05-12-2024 15:22:32 - INFO - Sending request to Setting Chamber Zones to a= 0.6614040000000003, b= 0.16535100000000008, c= 0.6614040000000003, d= 0.16535100000000008 with timeout of 5s...
05-12-2024 15:22:32 - INFO - Sending request to Setting Chamber Zones to a= 0.6470419999999997, b= 0.16176049999999992, c= 0.6470419999999997, d= 0.16176049999999992 with timeout of 5s...
05-12-2024 15:22:33 - INFO - Sending request to Setting Chamber Zones to a= 0.6225899999999998, b= 0.15564749999999994, c= 0.6225899999999998, d= 0.15564749999999994 with timeout of 5s...
05-12-2024 15:22:33 - INFO - Sending request to Setting Chamber Zones to a= 0.61843, b= 0.1546075, c= 0.61843, d= 0.1546075 with timeout of 5s...
05-12-2024 15:22:33 - INFO - Sending request to Setting Chamber Zones to a= 0.6090039999999999, b= 0.15225099999999997, c= 0.6090039999999999, d= 0.15225099999999997 with timeout of 5s...
05-12-2024 15:22:33 - INFO - Sending request to Setting Chamber Zones to a= 0.6097279999999999, b= 0.15243199999999998, c= 0.6097279999999999, d= 0.15243199999999998 with timeout of 5s...
05-12-2024 15:22:33 - INFO - Sending request to Setting Chamber Zones to a= 0.5951780000000001, b= 0.14879450000000002, c= 0.5951780000000001, d= 0.14879450000000002 with timeout of 5s...
05-12-2024 15:22:34 - INFO - Sending request to Setting Chamber Zones to a= 0.5655800000000004, b= 0.1413950000000001, c= 0.5655800000000004, d= 0.1413950000000001 with timeout of 5s...
05-12-2024 15:22:34 - INFO - Sending request to Setting Chamber Zones to a= 0.5563160000000003, b= 0.13907900000000006, c= 0.5563160000000003, d= 0.13907900000000006 with timeout of 5s...
05-12-2024 15:22:34 - INFO - Sending request to Setting Chamber Zones to a= 0.5518939999999998, b= 0.13797349999999994, c= 0.5518939999999998, d= 0.13797349999999994 with timeout of 5s...
05-12-2024 15:22:34 - INFO - Sending request to Setting Chamber Zones to a= 0.5372979999999999, b= 0.13432449999999999, c= 0.5372979999999999, d= 0.13432449999999999 with timeout of 5s...
05-12-2024 15:22:34 - INFO - Sending request to Setting Chamber Zones to a= 0.5328940000000002, b= 0.13322350000000005, c= 0.5328940000000002, d= 0.13322350000000005 with timeout of 5s...
05-12-2024 15:22:35 - INFO - Sending request to Setting Chamber Zones to a= 0.5182660000000003, b= 0.12956650000000008, c= 0.5182660000000003, d= 0.12956650000000008 with timeout of 5s...
05-12-2024 15:22:35 - INFO - Sending request to Setting Chamber Zones to a= 0.5087720000000001, b= 0.12719300000000003, c= 0.5087720000000001, d= 0.12719300000000003 with timeout of 5s...
05-12-2024 15:22:35 - INFO - Sending request to Setting Chamber Zones to a= 0.5042699999999998, b= 0.12606749999999994, c= 0.5042699999999998, d= 0.12606749999999994 with timeout of 5s...
05-12-2024 15:22:35 - INFO - Sending request to Setting Chamber Zones to a= 0.49971, b= 0.1249275, c= 0.49971, d= 0.1249275 with timeout of 5s...
05-12-2024 15:22:35 - INFO - Sending request to Setting Chamber Zones to a= 0.49008399999999985, b= 0.12252099999999996, c= 0.49008399999999985, d= 0.12252099999999996 with timeout of 5s...
05-12-2024 15:22:36 - INFO - Sending request to Setting Chamber Zones to a= 0.4804919999999997, b= 0.12012299999999992, c= 0.4804919999999997, d= 0.12012299999999992 with timeout of 5s...
05-12-2024 15:22:36 - INFO - Sending request to Setting Chamber Zones to a= 0.4708840000000003, b= 0.11772100000000008, c= 0.4708840000000003, d= 0.11772100000000008 with timeout of 5s...
05-12-2024 15:22:36 - INFO - Sending request to Setting Chamber Zones to a= 0.4663179999999999, b= 0.11657949999999997, c= 0.4663179999999999, d= 0.11657949999999997 with timeout of 5s...
05-12-2024 15:22:36 - INFO - Sending request to Setting Chamber Zones to a= 0.45663599999999976, b= 0.11415899999999994, c= 0.45663599999999976, d= 0.11415899999999994 with timeout of 5s...
05-12-2024 15:22:36 - INFO - Sending request to Setting Chamber Zones to a= 0.452046, b= 0.1130115, c= 0.452046, d= 0.1130115 with timeout of 5s...
05-12-2024 15:22:37 - INFO - Sending request to Setting Chamber Zones to a= 0.43728200000000017, b= 0.10932050000000004, c= 0.43728200000000017, d= 0.10932050000000004 with timeout of 5s...
05-12-2024 15:22:37 - INFO - Sending request to Setting Chamber Zones to a= 0.4327099999999997, b= 0.10817749999999993, c= 0.4327099999999997, d= 0.10817749999999993 with timeout of 5s...
05-12-2024 15:22:37 - INFO - Sending request to Setting Chamber Zones to a= 0.4330879999999997, b= 0.10827199999999992, c= 0.4330879999999997, d= 0.10827199999999992 with timeout of 5s...
05-12-2024 15:22:37 - INFO - Sending request to Setting Chamber Zones to a= 0.4233000000000003, b= 0.10582500000000007, c= 0.4233000000000003, d= 0.10582500000000007 with timeout of 5s...
05-12-2024 15:22:39 - INFO - Sending request to Setting Chamber Zones to a= 0, b= 0, c= 0, d= 0 with timeout of 5s...
05-12-2024 15:22:40 - INFO - Setting Chamber Zones to a= 0, b= 0, c= 0, d= 0 request successfully sent.
05-12-2024 15:22:40 - INFO - Response from moonraker: {'result': 'ok'}
05-12-2024 15:22:40 - INFO - Setting Chamber Zones to a= 0, b= 0, c= 0, d= 0 Request successfully executed.
