05-12-2024 14:17:52 - INFO - Sending request to Setting Chamber Zones to a= 0, b= 0, c= 0, d= 0 with timeout of 5s...
05-12-2024 14:17:52 - INFO - Sending request to Setting Chamber Zones to a= 0.0, b= 0.0, c= 0.0, d= 0.0 with timeout of 5s...
05-12-2024 14:17:52 - INFO - Sending request to Setting Chamber Zones to a= 0.0, b= 0.0, c= 0.0, d= 0.0 with timeout of 5s...
05-12-2024 14:17:52 - INFO - Sending request to Setting Chamber Zones to a= 0.0, b= 0.0, c= 0.0, d= 0.0 with timeout of 5s...
05-12-2024 14:17:53 - INFO - Sending request to Setting Chamber Zones to a= 0.0, b= 0.0, c= 0.0, d= 0.0 with timeout of 5s...
05-12-2024 14:17:53 - INFO - Sending request to Setting Chamber Zones to a= 0.0, b= 0.0, c= 0.0, d= 0.0 with timeout of 5s...
05-12-2024 14:17:53 - INFO - Sending request to Setting Chamber Zones to a= 0.0, b= 0.0, c= 0.0, d= 0.0 with timeout of 5s...
05-12-2024 14:17:53 - INFO - Sending request to Setting Chamber Zones to a= 0.0, b= 0.0, c= 0.0, d= 0.0 with timeout of 5s...
05-12-2024 14:17:53 - INFO - Sending request to Setting Chamber Zones to a= 0.0, b= 0.0, c= 0.0, d= 0.0 with timeout of 5s...
05-12-2024 14:17:54 - INFO - Sending request to Setting Chamber Zones to a= 0.0, b= 0.0, c= 0.0, d= 0.0 with timeout of 5s...
05-12-2024 14:17:54 - INFO - Sending request to Setting Chamber Zones to a= 0.0, b= 0.0, c= 0.0, d= 0.0 with timeout of 5s...
05-12-2024 14:17:54 - INFO - Sending request to Setting Chamber Zones to a= 0.0, b= 0.0, c= 0.0, d= 0.0 with timeout of 5s...
05-12-2024 14:17:54 - INFO - Sending request to Setting Chamber Zones to a= 0.0, b= 0.0, c= 0.0, d= 0.0 with timeout of 5s...
05-12-2024 14:17:54 - INFO - Sending request to Setting Chamber Zones to a= 0.0, b= 0.0, c= 0.0, d= 0.0 with timeout of 5s...
05-12-2024 14:17:55 - INFO - Sending request to Setting Chamber Zones to a= 0.0, b= 0.0, c= 0.0, d= 0.0 with timeout of 5s...
05-12-2024 14:17:55 - INFO - Sending request to Setting Chamber Zones to a= 0.0, b= 0.0, c= 0.0, d= 0.0 with timeout of 5s...
05-12-2024 14:17:55 - INFO - Sending request to Setting Chamber Zones to a= 0.0, b= 0.0, c= 0.0, d= 0.0 with timeout of 5s...
05-12-2024 14:17:55 - INFO - Sending request to Setting Chamber Zones to a= 0.0, b= 0.0, c= 0.0, d= 0.0 with timeout of 5s...
05-12-2024 14:17:55 - INFO - Sending request to Setting Chamber Zones to a= 0.0, b= 0.0, c= 0.0, d= 0.0 with timeout of 5s...
05-12-2024 14:17:56 - INFO - Sending request to Setting Chamber Zones to a= 0.0, b= 0.0, c= 0.0, d= 0.0 with timeout of 5s...
05-12-2024 14:17:56 - INFO - Sending request to Setting Chamber Zones to a= 0.0, b= 0.0, c= 0.0, d= 0.0 with timeout of 5s...
05-12-2024 14:17:56 - INFO - Sending request to Setting Chamber Zones to a= 0.0, b= 0.0, c= 0.0, d= 0.0 with timeout of 5s...
05-12-2024 14:17:56 - INFO - Setting Chamber Zones to a= 0.0, b= 0.0, c= 0.0, d= 0.0 request successfully sent.
05-12-2024 14:17:56 - INFO - Response from moonraker: {'result': 'ok'}
05-12-2024 14:17:56 - INFO - Setting Chamber Zones to a= 0.0, b= 0.0, c= 0.0, d= 0.0 Request successfully executed.
05-12-2024 14:17:56 - ERROR - E102 : Setting Chamber Zones to a= 0.0, b= 0.0, c= 0.0, d= 0.0 Request to Moonraker Timed out 
 Setting Chamber Zones to a= 0.0, b= 0.0, c= 0.0, d= 0.0 not successful
 Initiating firmware restart
05-12-2024 14:17:56 - INFO - Sending request to Setting Chamber Zones to a= 0.0, b= 0.0, c= 0.0, d= 0.0 with timeout of 5s...
05-12-2024 14:17:56 - INFO - Sending request to Setting Chamber Zones to a= 0.0, b= 0.0, c= 0.0, d= 0.0 with timeout of 5s...
05-12-2024 14:17:57 - INFO - Sending request to Setting Chamber Zones to a= 0.0, b= 0.0, c= 0.0, d= 0.0 with timeout of 5s...
05-12-2024 14:17:57 - INFO - Sending request to Setting Chamber Zones to a= 0.0, b= 0.0, c= 0.0, d= 0.0 with timeout of 5s...
05-12-2024 14:17:57 - INFO - Sending request to Setting Chamber Zones to a= 0.0, b= 0.0, c= 0.0, d= 0.0 with timeout of 5s...
05-12-2024 14:17:57 - INFO - Sending request to Setting Chamber Zones to a= 0.0, b= 0.0, c= 0.0, d= 0.0 with timeout of 5s...
05-12-2024 14:17:57 - INFO - Sending request to Setting Chamber Zones to a= 0.0, b= 0.0, c= 0.0, d= 0.0 with timeout of 5s...
05-12-2024 14:17:58 - INFO - Sending request to Setting Chamber Zones to a= 0.0, b= 0.0, c= 0.0, d= 0.0 with timeout of 5s...
05-12-2024 14:17:58 - INFO - Sending request to Setting Chamber Zones to a= 0.0, b= 0.0, c= 0.0, d= 0.0 with timeout of 5s...
05-12-2024 14:17:58 - INFO - Sending request to Setting Chamber Zones to a= 0.0, b= 0.0, c= 0.0, d= 0.0 with timeout of 5s...
05-12-2024 14:17:58 - INFO - Sending request to Setting Chamber Zones to a= 0.0, b= 0.0, c= 0.0, d= 0.0 with timeout of 5s...
05-12-2024 14:17:59 - INFO - Sending request to Setting Chamber Zones to a= 0.0, b= 0.0, c= 0.0, d= 0.0 with timeout of 5s...
05-12-2024 14:17:59 - INFO - Sending request to Setting Chamber Zones to a= 0.0, b= 0.0, c= 0.0, d= 0.0 with timeout of 5s...
05-12-2024 14:17:59 - INFO - Sending request to Setting Chamber Zones to a= 0.0, b= 0.0, c= 0.0, d= 0.0 with timeout of 5s...
05-12-2024 14:17:59 - INFO - Sending request to Setting Chamber Zones to a= 0.0, b= 0.0, c= 0.0, d= 0.0 with timeout of 5s...
05-12-2024 14:17:59 - INFO - Sending request to Setting Chamber Zones to a= 0.0, b= 0.0, c= 0.0, d= 0.0 with timeout of 5s...
05-12-2024 14:18:00 - INFO - Sending request to Setting Chamber Zones to a= 0.0, b= 0.0, c= 0.0, d= 0.0 with timeout of 5s...
05-12-2024 14:18:00 - INFO - Sending request to Setting Chamber Zones to a= 0.0, b= 0.0, c= 0.0, d= 0.0 with timeout of 5s...
05-12-2024 14:18:00 - INFO - Sending request to Setting Chamber Zones to a= 0.0, b= 0.0, c= 0.0, d= 0.0 with timeout of 5s...
05-12-2024 14:18:00 - INFO - Sending request to Setting Chamber Zones to a= 0.0, b= 0.0, c= 0.0, d= 0.0 with timeout of 5s...
05-12-2024 14:18:00 - INFO - Sending request to Setting Chamber Zones to a= 0.0, b= 0.0, c= 0.0, d= 0.0 with timeout of 5s...
05-12-2024 14:18:01 - INFO - Sending request to Setting Chamber Zones to a= 0.0, b= 0.0, c= 0.0, d= 0.0 with timeout of 5s...
05-12-2024 14:18:01 - INFO - Sending request to Setting Chamber Zones to a= 0.0, b= 0.0, c= 0.0, d= 0.0 with timeout of 5s...
05-12-2024 14:18:01 - INFO - Sending request to Setting Chamber Zones to a= 0.0, b= 0.0, c= 0.0, d= 0.0 with timeout of 5s...
05-12-2024 14:18:01 - INFO - Sending request to Setting Chamber Zones to a= 0.0, b= 0.0, c= 0.0, d= 0.0 with timeout of 5s...
05-12-2024 14:18:01 - INFO - Sending request to Setting Chamber Zones to a= 0.0, b= 0.0, c= 0.0, d= 0.0 with timeout of 5s...
05-12-2024 14:18:02 - INFO - Sending request to Setting Chamber Zones to a= 0.0, b= 0.0, c= 0.0, d= 0.0 with timeout of 5s...
05-12-2024 14:18:02 - INFO - Sending request to Setting Chamber Zones to a= 0.0, b= 0.0, c= 0.0, d= 0.0 with timeout of 5s...
05-12-2024 14:18:02 - INFO - Sending request to Setting Chamber Zones to a= 0.0, b= 0.0, c= 0.0, d= 0.0 with timeout of 5s...
05-12-2024 14:18:02 - INFO - Sending request to Setting Chamber Zones to a= 0.0, b= 0.0, c= 0.0, d= 0.0 with timeout of 5s...
05-12-2024 14:18:02 - INFO - Sending request to Setting Chamber Zones to a= 0.0, b= 0.0, c= 0.0, d= 0.0 with timeout of 5s...
05-12-2024 14:18:03 - INFO - Sending request to Setting Chamber Zones to a= 0.0, b= 0.0, c= 0.0, d= 0.0 with timeout of 5s...
05-12-2024 14:18:03 - INFO - Sending request to Setting Chamber Zones to a= 0.0, b= 0.0, c= 0.0, d= 0.0 with timeout of 5s...
05-12-2024 14:18:03 - INFO - Sending request to Setting Chamber Zones to a= 0.0, b= 0.0, c= 0.0, d= 0.0 with timeout of 5s...
05-12-2024 14:18:03 - INFO - Sending request to Setting Chamber Zones to a= 0.0, b= 0.0, c= 0.0, d= 0.0 with timeout of 5s...
05-12-2024 14:18:03 - INFO - Sending request to Setting Chamber Zones to a= 0.0, b= 0.0, c= 0.0, d= 0.0 with timeout of 5s...
05-12-2024 14:18:04 - INFO - Sending request to Setting Chamber Zones to a= 0.0, b= 0.0, c= 0.0, d= 0.0 with timeout of 5s...
05-12-2024 14:18:04 - INFO - Sending request to Setting Chamber Zones to a= 0.0, b= 0.0, c= 0.0, d= 0.0 with timeout of 5s...
05-12-2024 14:18:04 - INFO - Sending request to Setting Chamber Zones to a= 0.0, b= 0.0, c= 0.0, d= 0.0 with timeout of 5s...
05-12-2024 14:18:04 - INFO - Sending request to Setting Chamber Zones to a= 0.0, b= 0.0, c= 0.0, d= 0.0 with timeout of 5s...
05-12-2024 14:18:04 - INFO - Sending request to Setting Chamber Zones to a= 0.0, b= 0.0, c= 0.0, d= 0.0 with timeout of 5s...
05-12-2024 14:18:05 - INFO - Sending request to Setting Chamber Zones to a= 0.0, b= 0.0, c= 0.0, d= 0.0 with timeout of 5s...
05-12-2024 14:18:05 - INFO - Sending request to Setting Chamber Zones to a= 0.0, b= 0.0, c= 0.0, d= 0.0 with timeout of 5s...
05-12-2024 14:18:05 - INFO - Sending request to Setting Chamber Zones to a= 0.0, b= 0.0, c= 0.0, d= 0.0 with timeout of 5s...
05-12-2024 14:18:05 - INFO - Sending request to Setting Chamber Zones to a= 0.0, b= 0.0, c= 0.0, d= 0.0 with timeout of 5s...
05-12-2024 14:18:05 - INFO - Sending request to Setting Chamber Zones to a= 0.0, b= 0.0, c= 0.0, d= 0.0 with timeout of 5s...
05-12-2024 14:18:06 - INFO - Sending request to Setting Chamber Zones to a= 0.0, b= 0.0, c= 0.0, d= 0.0 with timeout of 5s...
05-12-2024 14:18:06 - INFO - Sending request to Setting Chamber Zones to a= 0.0, b= 0.0, c= 0.0, d= 0.0 with timeout of 5s...
05-12-2024 14:18:06 - INFO - Sending request to Setting Chamber Zones to a= 0.0, b= 0.0, c= 0.0, d= 0.0 with timeout of 5s...
05-12-2024 14:18:06 - INFO - Sending request to Setting Chamber Zones to a= 0.0, b= 0.0, c= 0.0, d= 0.0 with timeout of 5s...
05-12-2024 14:18:06 - INFO - Sending request to Setting Chamber Zones to a= 0.0, b= 0.0, c= 0.0, d= 0.0 with timeout of 5s...
05-12-2024 14:18:07 - INFO - Sending request to Setting Chamber Zones to a= 0.0, b= 0.0, c= 0.0, d= 0.0 with timeout of 5s...
05-12-2024 14:18:07 - INFO - Sending request to Setting Chamber Zones to a= 0.0, b= 0.0, c= 0.0, d= 0.0 with timeout of 5s...
05-12-2024 14:18:07 - INFO - Sending request to Setting Chamber Zones to a= 0.0, b= 0.0, c= 0.0, d= 0.0 with timeout of 5s...
05-12-2024 14:18:07 - INFO - Sending request to Setting Chamber Zones to a= 0.0, b= 0.0, c= 0.0, d= 0.0 with timeout of 5s...
05-12-2024 14:18:07 - INFO - Sending request to Setting Chamber Zones to a= 0.0, b= 0.0, c= 0.0, d= 0.0 with timeout of 5s...
05-12-2024 14:18:07 - INFO - Setting Chamber Zones to a= 0.0, b= 0.0, c= 0.0, d= 0.0 request successfully sent.
05-12-2024 14:18:07 - INFO - Response from moonraker: {'result': 'ok'}
05-12-2024 14:18:07 - INFO - Setting Chamber Zones to a= 0.0, b= 0.0, c= 0.0, d= 0.0 Request successfully executed.
05-12-2024 14:18:07 - ERROR - E102 : Setting Chamber Zones to a= 0.0, b= 0.0, c= 0.0, d= 0.0 Request to Moonraker Timed out 
 Setting Chamber Zones to a= 0.0, b= 0.0, c= 0.0, d= 0.0 not successful
 Initiating firmware restart
05-12-2024 14:18:08 - INFO - Sending request to Setting Chamber Zones to a= 0.0, b= 0.0, c= 0.0, d= 0.0 with timeout of 5s...
05-12-2024 14:18:08 - INFO - Sending request to Setting Chamber Zones to a= 0.0, b= 0.0, c= 0.0, d= 0.0 with timeout of 5s...
05-12-2024 14:18:08 - INFO - Sending request to Setting Chamber Zones to a= 0.0, b= 0.0, c= 0.0, d= 0.0 with timeout of 5s...
05-12-2024 14:18:08 - INFO - Sending request to Setting Chamber Zones to a= 0.0, b= 0.0, c= 0.0, d= 0.0 with timeout of 5s...
05-12-2024 14:18:08 - INFO - Sending request to Setting Chamber Zones to a= 0.0, b= 0.0, c= 0.0, d= 0.0 with timeout of 5s...
05-12-2024 14:18:09 - INFO - Sending request to Setting Chamber Zones to a= 0.0, b= 0.0, c= 0.0, d= 0.0 with timeout of 5s...
05-12-2024 14:18:09 - INFO - Sending request to Setting Chamber Zones to a= 0.0, b= 0.0, c= 0.0, d= 0.0 with timeout of 5s...
05-12-2024 14:18:09 - INFO - Sending request to Setting Chamber Zones to a= 0.0, b= 0.0, c= 0.0, d= 0.0 with timeout of 5s...
05-12-2024 14:18:09 - INFO - Sending request to Setting Chamber Zones to a= 0.0, b= 0.0, c= 0.0, d= 0.0 with timeout of 5s...
05-12-2024 14:18:09 - INFO - Sending request to Setting Chamber Zones to a= 0.0, b= 0.0, c= 0.0, d= 0.0 with timeout of 5s...
05-12-2024 14:18:10 - INFO - Sending request to Setting Chamber Zones to a= 0.0, b= 0.0, c= 0.0, d= 0.0 with timeout of 5s...
05-12-2024 14:18:10 - INFO - Sending request to Setting Chamber Zones to a= 0.0, b= 0.0, c= 0.0, d= 0.0 with timeout of 5s...
05-12-2024 14:18:10 - INFO - Sending request to Setting Chamber Zones to a= 0.0, b= 0.0, c= 0.0, d= 0.0 with timeout of 5s...
05-12-2024 14:18:10 - INFO - Sending request to Setting Chamber Zones to a= 0.0, b= 0.0, c= 0.0, d= 0.0 with timeout of 5s...
05-12-2024 14:18:10 - INFO - Sending request to Setting Chamber Zones to a= 0.0, b= 0.0, c= 0.0, d= 0.0 with timeout of 5s...
05-12-2024 14:18:11 - INFO - Sending request to Setting Chamber Zones to a= 0.0, b= 0.0, c= 0.0, d= 0.0 with timeout of 5s...
05-12-2024 14:18:11 - INFO - Sending request to Setting Chamber Zones to a= 0.0, b= 0.0, c= 0.0, d= 0.0 with timeout of 5s...
05-12-2024 14:18:11 - INFO - Sending request to Setting Chamber Zones to a= 0.0, b= 0.0, c= 0.0, d= 0.0 with timeout of 5s...
05-12-2024 14:18:11 - INFO - Sending request to Setting Chamber Zones to a= 0.0, b= 0.0, c= 0.0, d= 0.0 with timeout of 5s...
05-12-2024 14:18:11 - INFO - Sending request to Setting Chamber Zones to a= 0.0, b= 0.0, c= 0.0, d= 0.0 with timeout of 5s...
05-12-2024 14:18:12 - INFO - Sending request to Setting Chamber Zones to a= 0.0, b= 0.0, c= 0.0, d= 0.0 with timeout of 5s...
05-12-2024 14:18:12 - INFO - Sending request to Setting Chamber Zones to a= 0.0, b= 0.0, c= 0.0, d= 0.0 with timeout of 5s...
05-12-2024 14:18:12 - INFO - Sending request to Setting Chamber Zones to a= 0.0, b= 0.0, c= 0.0, d= 0.0 with timeout of 5s...
05-12-2024 14:18:12 - INFO - Sending request to Setting Chamber Zones to a= 0.0, b= 0.0, c= 0.0, d= 0.0 with timeout of 5s...
05-12-2024 14:18:12 - INFO - Sending request to Setting Chamber Zones to a= 0.0, b= 0.0, c= 0.0, d= 0.0 with timeout of 5s...
05-12-2024 14:18:13 - INFO - Sending request to Setting Chamber Zones to a= 0.0, b= 0.0, c= 0.0, d= 0.0 with timeout of 5s...
05-12-2024 14:18:13 - INFO - Sending request to Setting Chamber Zones to a= 0.0, b= 0.0, c= 0.0, d= 0.0 with timeout of 5s...
05-12-2024 14:18:13 - INFO - Sending request to Setting Chamber Zones to a= 0.0, b= 0.0, c= 0.0, d= 0.0 with timeout of 5s...
05-12-2024 14:18:13 - INFO - Sending request to Setting Chamber Zones to a= 0.0, b= 0.0, c= 0.0, d= 0.0 with timeout of 5s...
05-12-2024 14:18:13 - INFO - Sending request to Setting Chamber Zones to a= 0.0, b= 0.0, c= 0.0, d= 0.0 with timeout of 5s...
05-12-2024 14:18:14 - INFO - Sending request to Setting Chamber Zones to a= 0.0, b= 0.0, c= 0.0, d= 0.0 with timeout of 5s...
05-12-2024 14:18:14 - INFO - Sending request to Setting Chamber Zones to a= 0.0, b= 0.0, c= 0.0, d= 0.0 with timeout of 5s...
05-12-2024 14:18:14 - INFO - Sending request to Setting Chamber Zones to a= 0.0, b= 0.0, c= 0.0, d= 0.0 with timeout of 5s...
05-12-2024 14:18:14 - INFO - Sending request to Setting Chamber Zones to a= 0.0, b= 0.0, c= 0.0, d= 0.0 with timeout of 5s...
05-12-2024 14:18:14 - INFO - Sending request to Setting Chamber Zones to a= 0.0, b= 0.0, c= 0.0, d= 0.0 with timeout of 5s...
05-12-2024 14:18:15 - INFO - Sending request to Setting Chamber Zones to a= 0.0, b= 0.0, c= 0.0, d= 0.0 with timeout of 5s...
05-12-2024 14:18:15 - INFO - Sending request to Setting Chamber Zones to a= 0.0, b= 0.0, c= 0.0, d= 0.0 with timeout of 5s...
05-12-2024 14:18:15 - INFO - Sending request to Setting Chamber Zones to a= 0.0, b= 0.0, c= 0.0, d= 0.0 with timeout of 5s...
05-12-2024 14:18:15 - INFO - Sending request to Setting Chamber Zones to a= 0.0, b= 0.0, c= 0.0, d= 0.0 with timeout of 5s...
05-12-2024 14:18:15 - INFO - Sending request to Setting Chamber Zones to a= 0.0, b= 0.0, c= 0.0, d= 0.0 with timeout of 5s...
05-12-2024 14:18:16 - INFO - Sending request to Setting Chamber Zones to a= 0.0, b= 0.0, c= 0.0, d= 0.0 with timeout of 5s...
05-12-2024 14:18:16 - INFO - Sending request to Setting Chamber Zones to a= 0.0, b= 0.0, c= 0.0, d= 0.0 with timeout of 5s...
05-12-2024 14:18:16 - INFO - Sending request to Setting Chamber Zones to a= 0.0, b= 0.0, c= 0.0, d= 0.0 with timeout of 5s...
05-12-2024 14:18:16 - INFO - Sending request to Setting Chamber Zones to a= 0.0, b= 0.0, c= 0.0, d= 0.0 with timeout of 5s...
05-12-2024 14:18:16 - INFO - Sending request to Setting Chamber Zones to a= 0.0, b= 0.0, c= 0.0, d= 0.0 with timeout of 5s...
05-12-2024 14:18:17 - INFO - Sending request to Setting Chamber Zones to a= 0.0, b= 0.0, c= 0.0, d= 0.0 with timeout of 5s...
05-12-2024 14:18:17 - INFO - Sending request to Setting Chamber Zones to a= 0.0, b= 0.0, c= 0.0, d= 0.0 with timeout of 5s...
05-12-2024 14:18:17 - INFO - Sending request to Setting Chamber Zones to a= 0.0, b= 0.0, c= 0.0, d= 0.0 with timeout of 5s...
05-12-2024 14:18:17 - INFO - Sending request to Setting Chamber Zones to a= 0.0, b= 0.0, c= 0.0, d= 0.0 with timeout of 5s...
05-12-2024 14:18:17 - INFO - Sending request to Setting Chamber Zones to a= 0.0, b= 0.0, c= 0.0, d= 0.0 with timeout of 5s...
05-12-2024 14:18:18 - INFO - Sending request to Setting Chamber Zones to a= 0.0, b= 0.0, c= 0.0, d= 0.0 with timeout of 5s...
05-12-2024 14:18:18 - INFO - Sending request to Setting Chamber Zones to a= 0.0, b= 0.0, c= 0.0, d= 0.0 with timeout of 5s...
05-12-2024 14:18:18 - INFO - Sending request to Setting Chamber Zones to a= 0.0, b= 0.0, c= 0.0, d= 0.0 with timeout of 5s...
05-12-2024 14:18:18 - INFO - Sending request to Setting Chamber Zones to a= 0.0, b= 0.0, c= 0.0, d= 0.0 with timeout of 5s...
05-12-2024 14:18:18 - INFO - Sending request to Setting Chamber Zones to a= 0.0, b= 0.0, c= 0.0, d= 0.0 with timeout of 5s...
05-12-2024 14:18:18 - INFO - Setting Chamber Zones to a= 0.0, b= 0.0, c= 0.0, d= 0.0 request successfully sent.
05-12-2024 14:18:18 - INFO - Response from moonraker: {'result': 'ok'}
05-12-2024 14:18:18 - INFO - Setting Chamber Zones to a= 0.0, b= 0.0, c= 0.0, d= 0.0 Request successfully executed.
05-12-2024 14:18:18 - ERROR - E102 : Setting Chamber Zones to a= 0.0, b= 0.0, c= 0.0, d= 0.0 Request to Moonraker Timed out 
 Setting Chamber Zones to a= 0.0, b= 0.0, c= 0.0, d= 0.0 not successful
 Initiating firmware restart
05-12-2024 14:18:19 - INFO - Sending request to Setting Chamber Zones to a= 0.0, b= 0.0, c= 0.0, d= 0.0 with timeout of 5s...
05-12-2024 14:18:19 - INFO - Sending request to Setting Chamber Zones to a= 0.0, b= 0.0, c= 0.0, d= 0.0 with timeout of 5s...
05-12-2024 14:18:19 - INFO - Sending request to Setting Chamber Zones to a= 0.0, b= 0.0, c= 0.0, d= 0.0 with timeout of 5s...
05-12-2024 14:18:19 - INFO - Sending request to Setting Chamber Zones to a= 0.0, b= 0.0, c= 0.0, d= 0.0 with timeout of 5s...
05-12-2024 14:18:19 - INFO - Sending request to Setting Chamber Zones to a= 0.0, b= 0.0, c= 0.0, d= 0.0 with timeout of 5s...
05-12-2024 14:18:20 - INFO - Sending request to Setting Chamber Zones to a= 0.0, b= 0.0, c= 0.0, d= 0.0 with timeout of 5s...
05-12-2024 14:18:20 - INFO - Sending request to Setting Chamber Zones to a= 0.0, b= 0.0, c= 0.0, d= 0.0 with timeout of 5s...
05-12-2024 14:18:20 - INFO - Sending request to Setting Chamber Zones to a= 0.0, b= 0.0, c= 0.0, d= 0.0 with timeout of 5s...
05-12-2024 14:18:20 - INFO - Sending request to Setting Chamber Zones to a= 0.0, b= 0.0, c= 0.0, d= 0.0 with timeout of 5s...
05-12-2024 14:18:20 - INFO - Sending request to Setting Chamber Zones to a= 0.0, b= 0.0, c= 0.0, d= 0.0 with timeout of 5s...
05-12-2024 14:18:21 - INFO - Sending request to Setting Chamber Zones to a= 0.0, b= 0.0, c= 0.0, d= 0.0 with timeout of 5s...
05-12-2024 14:18:21 - INFO - Sending request to Setting Chamber Zones to a= 0.0, b= 0.0, c= 0.0, d= 0.0 with timeout of 5s...
05-12-2024 14:18:21 - INFO - Sending request to Setting Chamber Zones to a= 0.0, b= 0.0, c= 0.0, d= 0.0 with timeout of 5s...
05-12-2024 14:18:21 - INFO - Sending request to Setting Chamber Zones to a= 0.0, b= 0.0, c= 0.0, d= 0.0 with timeout of 5s...
05-12-2024 14:18:21 - INFO - Sending request to Setting Chamber Zones to a= 0.0, b= 0.0, c= 0.0, d= 0.0 with timeout of 5s...
05-12-2024 14:18:22 - INFO - Sending request to Setting Chamber Zones to a= 0.0, b= 0.0, c= 0.0, d= 0.0 with timeout of 5s...
05-12-2024 14:18:22 - INFO - Sending request to Setting Chamber Zones to a= 0.0, b= 0.0, c= 0.0, d= 0.0 with timeout of 5s...
05-12-2024 14:18:22 - INFO - Sending request to Setting Chamber Zones to a= 0.0, b= 0.0, c= 0.0, d= 0.0 with timeout of 5s...
05-12-2024 14:18:22 - INFO - Sending request to Setting Chamber Zones to a= 0.0, b= 0.0, c= 0.0, d= 0.0 with timeout of 5s...
05-12-2024 14:18:22 - INFO - Sending request to Setting Chamber Zones to a= 0.0, b= 0.0, c= 0.0, d= 0.0 with timeout of 5s...
05-12-2024 14:18:23 - INFO - Sending request to Setting Chamber Zones to a= 0.0, b= 0.0, c= 0.0, d= 0.0 with timeout of 5s...
05-12-2024 14:18:23 - INFO - Sending request to Setting Chamber Zones to a= 0.0, b= 0.0, c= 0.0, d= 0.0 with timeout of 5s...
05-12-2024 14:18:23 - INFO - Sending request to Setting Chamber Zones to a= 0.0, b= 0.0, c= 0.0, d= 0.0 with timeout of 5s...
05-12-2024 14:18:23 - INFO - Sending request to Setting Chamber Zones to a= 0.0, b= 0.0, c= 0.0, d= 0.0 with timeout of 5s...
05-12-2024 14:18:23 - INFO - Sending request to Setting Chamber Zones to a= 0.0, b= 0.0, c= 0.0, d= 0.0 with timeout of 5s...
05-12-2024 14:18:24 - INFO - Sending request to Setting Chamber Zones to a= 0.0, b= 0.0, c= 0.0, d= 0.0 with timeout of 5s...
05-12-2024 14:18:24 - INFO - Sending request to Setting Chamber Zones to a= 0.0, b= 0.0, c= 0.0, d= 0.0 with timeout of 5s...
05-12-2024 14:18:24 - INFO - Sending request to Setting Chamber Zones to a= 0.0, b= 0.0, c= 0.0, d= 0.0 with timeout of 5s...
05-12-2024 14:18:24 - INFO - Sending request to Setting Chamber Zones to a= 0.0, b= 0.0, c= 0.0, d= 0.0 with timeout of 5s...
05-12-2024 14:18:24 - INFO - Sending request to Setting Chamber Zones to a= 0.0, b= 0.0, c= 0.0, d= 0.0 with timeout of 5s...
05-12-2024 14:18:25 - INFO - Sending request to Setting Chamber Zones to a= 0.0, b= 0.0, c= 0.0, d= 0.0 with timeout of 5s...
05-12-2024 14:18:25 - INFO - Sending request to Setting Chamber Zones to a= 0.0, b= 0.0, c= 0.0, d= 0.0 with timeout of 5s...
05-12-2024 14:18:25 - INFO - Sending request to Setting Chamber Zones to a= 0.0, b= 0.0, c= 0.0, d= 0.0 with timeout of 5s...
05-12-2024 14:18:25 - INFO - Sending request to Setting Chamber Zones to a= 0.0, b= 0.0, c= 0.0, d= 0.0 with timeout of 5s...
05-12-2024 14:18:25 - INFO - Sending request to Setting Chamber Zones to a= 0.0, b= 0.0, c= 0.0, d= 0.0 with timeout of 5s...
05-12-2024 14:18:26 - INFO - Sending request to Setting Chamber Zones to a= 0.0, b= 0.0, c= 0.0, d= 0.0 with timeout of 5s...
05-12-2024 14:18:26 - INFO - Sending request to Setting Chamber Zones to a= 0.0, b= 0.0, c= 0.0, d= 0.0 with timeout of 5s...
05-12-2024 14:18:26 - INFO - Sending request to Setting Chamber Zones to a= 0.0, b= 0.0, c= 0.0, d= 0.0 with timeout of 5s...
05-12-2024 14:18:26 - INFO - Sending request to Setting Chamber Zones to a= 0.0, b= 0.0, c= 0.0, d= 0.0 with timeout of 5s...
05-12-2024 14:18:26 - INFO - Sending request to Setting Chamber Zones to a= 0.0, b= 0.0, c= 0.0, d= 0.0 with timeout of 5s...
05-12-2024 14:18:27 - INFO - Sending request to Setting Chamber Zones to a= 0.0, b= 0.0, c= 0.0, d= 0.0 with timeout of 5s...
05-12-2024 14:18:27 - INFO - Sending request to Setting Chamber Zones to a= 0.0, b= 0.0, c= 0.0, d= 0.0 with timeout of 5s...
05-12-2024 14:18:27 - INFO - Sending request to Setting Chamber Zones to a= 0.0, b= 0.0, c= 0.0, d= 0.0 with timeout of 5s...
05-12-2024 14:18:27 - INFO - Sending request to Setting Chamber Zones to a= 0.0, b= 0.0, c= 0.0, d= 0.0 with timeout of 5s...
05-12-2024 14:18:27 - INFO - Sending request to Setting Chamber Zones to a= 0.0, b= 0.0, c= 0.0, d= 0.0 with timeout of 5s...
05-12-2024 14:18:28 - INFO - Sending request to Setting Chamber Zones to a= 0.0, b= 0.0, c= 0.0, d= 0.0 with timeout of 5s...
05-12-2024 14:18:28 - INFO - Sending request to Setting Chamber Zones to a= 0.0, b= 0.0, c= 0.0, d= 0.0 with timeout of 5s...
05-12-2024 14:18:28 - INFO - Sending request to Setting Chamber Zones to a= 0.0, b= 0.0, c= 0.0, d= 0.0 with timeout of 5s...
05-12-2024 14:18:28 - INFO - Sending request to Setting Chamber Zones to a= 0.0, b= 0.0, c= 0.0, d= 0.0 with timeout of 5s...
05-12-2024 14:18:28 - INFO - Sending request to Setting Chamber Zones to a= 0.0, b= 0.0, c= 0.0, d= 0.0 with timeout of 5s...
05-12-2024 14:18:28 - INFO - Setting Chamber Zones to a= 0.0, b= 0.0, c= 0.0, d= 0.0 request successfully sent.
05-12-2024 14:18:28 - INFO - Response from moonraker: {'result': 'ok'}
05-12-2024 14:18:28 - INFO - Setting Chamber Zones to a= 0.0, b= 0.0, c= 0.0, d= 0.0 Request successfully executed.
05-12-2024 14:18:28 - ERROR - E102 : Setting Chamber Zones to a= 0.0, b= 0.0, c= 0.0, d= 0.0 Request to Moonraker Timed out 
 Setting Chamber Zones to a= 0.0, b= 0.0, c= 0.0, d= 0.0 not successful
 Initiating firmware restart
05-12-2024 14:18:29 - INFO - Sending request to Setting Chamber Zones to a= 0.0, b= 0.0, c= 0.0, d= 0.0 with timeout of 5s...
05-12-2024 14:18:29 - INFO - Sending request to Setting Chamber Zones to a= 0.0, b= 0.0, c= 0.0, d= 0.0 with timeout of 5s...
05-12-2024 14:18:29 - INFO - Sending request to Setting Chamber Zones to a= 0.0, b= 0.0, c= 0.0, d= 0.0 with timeout of 5s...
05-12-2024 14:18:29 - INFO - Sending request to Setting Chamber Zones to a= 0.0, b= 0.0, c= 0.0, d= 0.0 with timeout of 5s...
05-12-2024 14:18:30 - INFO - Sending request to Setting Chamber Zones to a= 0.0, b= 0.0, c= 0.0, d= 0.0 with timeout of 5s...
05-12-2024 14:18:30 - INFO - Sending request to Setting Chamber Zones to a= 0.0, b= 0.0, c= 0.0, d= 0.0 with timeout of 5s...
05-12-2024 14:18:30 - INFO - Sending request to Setting Chamber Zones to a= 0.0, b= 0.0, c= 0.0, d= 0.0 with timeout of 5s...
05-12-2024 14:18:30 - INFO - Sending request to Setting Chamber Zones to a= 0.0, b= 0.0, c= 0.0, d= 0.0 with timeout of 5s...
05-12-2024 14:18:30 - INFO - Sending request to Setting Chamber Zones to a= 0.0, b= 0.0, c= 0.0, d= 0.0 with timeout of 5s...
05-12-2024 14:18:31 - INFO - Sending request to Setting Chamber Zones to a= 0.0, b= 0.0, c= 0.0, d= 0.0 with timeout of 5s...
05-12-2024 14:18:31 - INFO - Sending request to Setting Chamber Zones to a= 0.0, b= 0.0, c= 0.0, d= 0.0 with timeout of 5s...
05-12-2024 14:18:31 - INFO - Sending request to Setting Chamber Zones to a= 0.0, b= 0.0, c= 0.0, d= 0.0 with timeout of 5s...
05-12-2024 14:18:31 - INFO - Sending request to Setting Chamber Zones to a= 0.0, b= 0.0, c= 0.0, d= 0.0 with timeout of 5s...
05-12-2024 14:18:31 - INFO - Sending request to Setting Chamber Zones to a= 0.0, b= 0.0, c= 0.0, d= 0.0 with timeout of 5s...
05-12-2024 14:18:32 - INFO - Sending request to Setting Chamber Zones to a= 0.0, b= 0.0, c= 0.0, d= 0.0 with timeout of 5s...
05-12-2024 14:18:32 - INFO - Sending request to Setting Chamber Zones to a= 0.0, b= 0.0, c= 0.0, d= 0.0 with timeout of 5s...
05-12-2024 14:18:32 - INFO - Sending request to Setting Chamber Zones to a= 0.0, b= 0.0, c= 0.0, d= 0.0 with timeout of 5s...
05-12-2024 14:18:32 - INFO - Sending request to Setting Chamber Zones to a= 0.0, b= 0.0, c= 0.0, d= 0.0 with timeout of 5s...
05-12-2024 14:18:32 - INFO - Sending request to Setting Chamber Zones to a= 0.0, b= 0.0, c= 0.0, d= 0.0 with timeout of 5s...
05-12-2024 14:18:33 - INFO - Sending request to Setting Chamber Zones to a= 0.0, b= 0.0, c= 0.0, d= 0.0 with timeout of 5s...
05-12-2024 14:18:33 - INFO - Sending request to Setting Chamber Zones to a= 0.0, b= 0.0, c= 0.0, d= 0.0 with timeout of 5s...
05-12-2024 14:18:33 - INFO - Sending request to Setting Chamber Zones to a= 0.0, b= 0.0, c= 0.0, d= 0.0 with timeout of 5s...
05-12-2024 14:18:33 - INFO - Sending request to Setting Chamber Zones to a= 0.0, b= 0.0, c= 0.0, d= 0.0 with timeout of 5s...
05-12-2024 14:18:33 - INFO - Sending request to Setting Chamber Zones to a= 0.0, b= 0.0, c= 0.0, d= 0.0 with timeout of 5s...
05-12-2024 14:18:34 - INFO - Sending request to Setting Chamber Zones to a= 0.0, b= 0.0, c= 0.0, d= 0.0 with timeout of 5s...
05-12-2024 14:18:34 - INFO - Sending request to Setting Chamber Zones to a= 0.0, b= 0.0, c= 0.0, d= 0.0 with timeout of 5s...
05-12-2024 14:18:34 - INFO - Sending request to Setting Chamber Zones to a= 0.0, b= 0.0, c= 0.0, d= 0.0 with timeout of 5s...
05-12-2024 14:18:34 - INFO - Sending request to Setting Chamber Zones to a= 0.0, b= 0.0, c= 0.0, d= 0.0 with timeout of 5s...
05-12-2024 14:18:34 - INFO - Sending request to Setting Chamber Zones to a= 0.0, b= 0.0, c= 0.0, d= 0.0 with timeout of 5s...
05-12-2024 14:18:35 - INFO - Sending request to Setting Chamber Zones to a= 0.0, b= 0.0, c= 0.0, d= 0.0 with timeout of 5s...
05-12-2024 14:18:35 - INFO - Sending request to Setting Chamber Zones to a= 0.0, b= 0.0, c= 0.0, d= 0.0 with timeout of 5s...
05-12-2024 14:18:35 - INFO - Sending request to Setting Chamber Zones to a= 0.0, b= 0.0, c= 0.0, d= 0.0 with timeout of 5s...
05-12-2024 14:18:35 - INFO - Sending request to Setting Chamber Zones to a= 0.0, b= 0.0, c= 0.0, d= 0.0 with timeout of 5s...
05-12-2024 14:18:35 - INFO - Sending request to Setting Chamber Zones to a= 0.0, b= 0.0, c= 0.0, d= 0.0 with timeout of 5s...
05-12-2024 14:18:36 - INFO - Sending request to Setting Chamber Zones to a= 0.0, b= 0.0, c= 0.0, d= 0.0 with timeout of 5s...
05-12-2024 14:18:36 - INFO - Sending request to Setting Chamber Zones to a= 0.0, b= 0.0, c= 0.0, d= 0.0 with timeout of 5s...
05-12-2024 14:18:36 - INFO - Sending request to Setting Chamber Zones to a= 0.0, b= 0.0, c= 0.0, d= 0.0 with timeout of 5s...
05-12-2024 14:18:36 - INFO - Sending request to Setting Chamber Zones to a= 0.0, b= 0.0, c= 0.0, d= 0.0 with timeout of 5s...
05-12-2024 14:18:36 - INFO - Sending request to Setting Chamber Zones to a= 0.0, b= 0.0, c= 0.0, d= 0.0 with timeout of 5s...
05-12-2024 14:18:37 - INFO - Sending request to Setting Chamber Zones to a= 0.0, b= 0.0, c= 0.0, d= 0.0 with timeout of 5s...
05-12-2024 14:18:37 - INFO - Sending request to Setting Chamber Zones to a= 0.0, b= 0.0, c= 0.0, d= 0.0 with timeout of 5s...
05-12-2024 14:18:37 - INFO - Sending request to Setting Chamber Zones to a= 0.0, b= 0.0, c= 0.0, d= 0.0 with timeout of 5s...
05-12-2024 14:18:37 - INFO - Sending request to Setting Chamber Zones to a= 0.0, b= 0.0, c= 0.0, d= 0.0 with timeout of 5s...
05-12-2024 14:18:37 - INFO - Sending request to Setting Chamber Zones to a= 0.0, b= 0.0, c= 0.0, d= 0.0 with timeout of 5s...
05-12-2024 14:18:38 - INFO - Sending request to Setting Chamber Zones to a= 0.0, b= 0.0, c= 0.0, d= 0.0 with timeout of 5s...
05-12-2024 14:18:38 - INFO - Sending request to Setting Chamber Zones to a= 0.0, b= 0.0, c= 0.0, d= 0.0 with timeout of 5s...
05-12-2024 14:18:38 - INFO - Sending request to Setting Chamber Zones to a= 0.0, b= 0.0, c= 0.0, d= 0.0 with timeout of 5s...
05-12-2024 14:18:38 - INFO - Sending request to Setting Chamber Zones to a= 0.0, b= 0.0, c= 0.0, d= 0.0 with timeout of 5s...
05-12-2024 14:18:38 - INFO - Sending request to Setting Chamber Zones to a= 0.0, b= 0.0, c= 0.0, d= 0.0 with timeout of 5s...
05-12-2024 14:18:39 - INFO - Sending request to Setting Chamber Zones to a= 0.0, b= 0.0, c= 0.0, d= 0.0 with timeout of 5s...
05-12-2024 14:18:39 - INFO - Sending request to Setting Chamber Zones to a= 0.0, b= 0.0, c= 0.0, d= 0.0 with timeout of 5s...
05-12-2024 14:18:39 - INFO - Sending request to Setting Chamber Zones to a= 0.0, b= 0.0, c= 0.0, d= 0.0 with timeout of 5s...
05-12-2024 14:18:39 - INFO - Sending request to Setting Chamber Zones to a= 0.0, b= 0.0, c= 0.0, d= 0.0 with timeout of 5s...
05-12-2024 14:18:39 - INFO - Sending request to Setting Chamber Zones to a= 0.0, b= 0.0, c= 0.0, d= 0.0 with timeout of 5s...
05-12-2024 14:18:40 - INFO - Sending request to Setting Chamber Zones to a= 0.0, b= 0.0, c= 0.0, d= 0.0 with timeout of 5s...
05-12-2024 14:18:40 - INFO - Sending request to Setting Chamber Zones to a= 0.0, b= 0.0, c= 0.0, d= 0.0 with timeout of 5s...
05-12-2024 14:18:40 - INFO - Sending request to Setting Chamber Zones to a= 0.0, b= 0.0, c= 0.0, d= 0.0 with timeout of 5s...
05-12-2024 14:18:40 - INFO - Sending request to Setting Chamber Zones to a= 0.0, b= 0.0, c= 0.0, d= 0.0 with timeout of 5s...
05-12-2024 14:18:40 - INFO - Sending request to Setting Chamber Zones to a= 0.0, b= 0.0, c= 0.0, d= 0.0 with timeout of 5s...
05-12-2024 14:18:41 - INFO - Sending request to Setting Chamber Zones to a= 0.0, b= 0.0, c= 0.0, d= 0.0 with timeout of 5s...
05-12-2024 14:18:41 - INFO - Sending request to Setting Chamber Zones to a= 0.0, b= 0.0, c= 0.0, d= 0.0 with timeout of 5s...
05-12-2024 14:18:41 - INFO - Setting Chamber Zones to a= 0.0, b= 0.0, c= 0.0, d= 0.0 request successfully sent.
05-12-2024 14:18:41 - INFO - Response from moonraker: {'result': 'ok'}
05-12-2024 14:18:41 - INFO - Setting Chamber Zones to a= 0.0, b= 0.0, c= 0.0, d= 0.0 Request successfully executed.
05-12-2024 14:18:41 - ERROR - E102 : Setting Chamber Zones to a= 0.0, b= 0.0, c= 0.0, d= 0.0 Request to Moonraker Timed out 
 Setting Chamber Zones to a= 0.0, b= 0.0, c= 0.0, d= 0.0 not successful
 Initiating firmware restart
05-12-2024 14:18:41 - INFO - Sending request to Setting Chamber Zones to a= 0.0, b= 0.0, c= 0.0, d= 0.0 with timeout of 5s...
05-12-2024 14:18:41 - INFO - Sending request to Setting Chamber Zones to a= 0.0, b= 0.0, c= 0.0, d= 0.0 with timeout of 5s...
05-12-2024 14:18:41 - INFO - Sending request to Setting Chamber Zones to a= 0.0, b= 0.0, c= 0.0, d= 0.0 with timeout of 5s...
05-12-2024 14:18:42 - INFO - Sending request to Setting Chamber Zones to a= 0.0, b= 0.0, c= 0.0, d= 0.0 with timeout of 5s...
05-12-2024 14:18:42 - INFO - Sending request to Setting Chamber Zones to a= 0.0, b= 0.0, c= 0.0, d= 0.0 with timeout of 5s...
05-12-2024 14:18:42 - INFO - Sending request to Setting Chamber Zones to a= 0.0, b= 0.0, c= 0.0, d= 0.0 with timeout of 5s...
05-12-2024 14:18:42 - INFO - Sending request to Setting Chamber Zones to a= 0.0, b= 0.0, c= 0.0, d= 0.0 with timeout of 5s...
05-12-2024 14:18:42 - INFO - Sending request to Setting Chamber Zones to a= 0.0, b= 0.0, c= 0.0, d= 0.0 with timeout of 5s...
05-12-2024 14:18:43 - INFO - Sending request to Setting Chamber Zones to a= 0.0, b= 0.0, c= 0.0, d= 0.0 with timeout of 5s...
05-12-2024 14:18:43 - INFO - Sending request to Setting Chamber Zones to a= 0.0, b= 0.0, c= 0.0, d= 0.0 with timeout of 5s...
05-12-2024 14:18:43 - INFO - Sending request to Setting Chamber Zones to a= 0.0, b= 0.0, c= 0.0, d= 0.0 with timeout of 5s...
05-12-2024 14:18:43 - INFO - Sending request to Setting Chamber Zones to a= 0.0, b= 0.0, c= 0.0, d= 0.0 with timeout of 5s...
05-12-2024 14:18:43 - INFO - Sending request to Setting Chamber Zones to a= 0.0, b= 0.0, c= 0.0, d= 0.0 with timeout of 5s...
05-12-2024 14:18:44 - INFO - Sending request to Setting Chamber Zones to a= 0.0, b= 0.0, c= 0.0, d= 0.0 with timeout of 5s...
05-12-2024 14:18:44 - INFO - Sending request to Setting Chamber Zones to a= 0.0, b= 0.0, c= 0.0, d= 0.0 with timeout of 5s...
05-12-2024 14:18:44 - INFO - Sending request to Setting Chamber Zones to a= 0.0, b= 0.0, c= 0.0, d= 0.0 with timeout of 5s...
05-12-2024 14:18:44 - INFO - Sending request to Setting Chamber Zones to a= 0.0, b= 0.0, c= 0.0, d= 0.0 with timeout of 5s...
05-12-2024 14:18:44 - INFO - Sending request to Setting Chamber Zones to a= 0.0, b= 0.0, c= 0.0, d= 0.0 with timeout of 5s...
05-12-2024 14:18:45 - INFO - Sending request to Setting Chamber Zones to a= 0.0, b= 0.0, c= 0.0, d= 0.0 with timeout of 5s...
05-12-2024 14:18:45 - INFO - Sending request to Setting Chamber Zones to a= 0.0, b= 0.0, c= 0.0, d= 0.0 with timeout of 5s...
05-12-2024 14:18:45 - INFO - Sending request to Setting Chamber Zones to a= 0.0, b= 0.0, c= 0.0, d= 0.0 with timeout of 5s...
05-12-2024 14:18:45 - INFO - Sending request to Setting Chamber Zones to a= 0.0, b= 0.0, c= 0.0, d= 0.0 with timeout of 5s...
05-12-2024 14:18:45 - INFO - Sending request to Setting Chamber Zones to a= 0.0, b= 0.0, c= 0.0, d= 0.0 with timeout of 5s...
05-12-2024 14:18:46 - INFO - Sending request to Setting Chamber Zones to a= 0.0, b= 0.0, c= 0.0, d= 0.0 with timeout of 5s...
05-12-2024 14:18:46 - INFO - Sending request to Setting Chamber Zones to a= 0.0, b= 0.0, c= 0.0, d= 0.0 with timeout of 5s...
05-12-2024 14:18:46 - INFO - Sending request to Setting Chamber Zones to a= 0.0, b= 0.0, c= 0.0, d= 0.0 with timeout of 5s...
05-12-2024 14:18:46 - INFO - Sending request to Setting Chamber Zones to a= 0.0, b= 0.0, c= 0.0, d= 0.0 with timeout of 5s...
05-12-2024 14:18:46 - INFO - Sending request to Setting Chamber Zones to a= 0.0, b= 0.0, c= 0.0, d= 0.0 with timeout of 5s...
05-12-2024 14:18:47 - INFO - Sending request to Setting Chamber Zones to a= 0.0, b= 0.0, c= 0.0, d= 0.0 with timeout of 5s...
05-12-2024 14:18:47 - INFO - Sending request to Setting Chamber Zones to a= 0.0, b= 0.0, c= 0.0, d= 0.0 with timeout of 5s...
05-12-2024 14:18:47 - INFO - Sending request to Setting Chamber Zones to a= 0.0, b= 0.0, c= 0.0, d= 0.0 with timeout of 5s...
05-12-2024 14:18:47 - INFO - Sending request to Setting Chamber Zones to a= 0.0, b= 0.0, c= 0.0, d= 0.0 with timeout of 5s...
05-12-2024 14:18:47 - INFO - Sending request to Setting Chamber Zones to a= 0.0, b= 0.0, c= 0.0, d= 0.0 with timeout of 5s...
05-12-2024 14:18:48 - INFO - Sending request to Setting Chamber Zones to a= 0.0, b= 0.0, c= 0.0, d= 0.0 with timeout of 5s...
05-12-2024 14:18:48 - INFO - Sending request to Setting Chamber Zones to a= 0.0, b= 0.0, c= 0.0, d= 0.0 with timeout of 5s...
05-12-2024 14:18:48 - INFO - Sending request to Setting Chamber Zones to a= 0.0, b= 0.0, c= 0.0, d= 0.0 with timeout of 5s...
05-12-2024 14:18:48 - INFO - Sending request to Setting Chamber Zones to a= 0.0, b= 0.0, c= 0.0, d= 0.0 with timeout of 5s...
05-12-2024 14:18:48 - INFO - Sending request to Setting Chamber Zones to a= 0.0, b= 0.0, c= 0.0, d= 0.0 with timeout of 5s...
05-12-2024 14:18:49 - INFO - Sending request to Setting Chamber Zones to a= 0.0, b= 0.0, c= 0.0, d= 0.0 with timeout of 5s...
05-12-2024 14:18:49 - INFO - Sending request to Setting Chamber Zones to a= 0.0, b= 0.0, c= 0.0, d= 0.0 with timeout of 5s...
05-12-2024 14:18:49 - INFO - Sending request to Setting Chamber Zones to a= 0.0, b= 0.0, c= 0.0, d= 0.0 with timeout of 5s...
05-12-2024 14:18:49 - INFO - Sending request to Setting Chamber Zones to a= 0.0, b= 0.0, c= 0.0, d= 0.0 with timeout of 5s...
05-12-2024 14:18:49 - INFO - Sending request to Setting Chamber Zones to a= 0.0, b= 0.0, c= 0.0, d= 0.0 with timeout of 5s...
05-12-2024 14:18:50 - INFO - Sending request to Setting Chamber Zones to a= 0.0, b= 0.0, c= 0.0, d= 0.0 with timeout of 5s...
05-12-2024 14:18:50 - INFO - Sending request to Setting Chamber Zones to a= 0.0, b= 0.0, c= 0.0, d= 0.0 with timeout of 5s...
05-12-2024 14:18:50 - INFO - Sending request to Setting Chamber Zones to a= 0.0, b= 0.0, c= 0.0, d= 0.0 with timeout of 5s...
05-12-2024 14:18:50 - INFO - Sending request to Setting Chamber Zones to a= 0.0, b= 0.0, c= 0.0, d= 0.0 with timeout of 5s...
05-12-2024 14:18:50 - INFO - Sending request to Setting Chamber Zones to a= 0.0, b= 0.0, c= 0.0, d= 0.0 with timeout of 5s...
05-12-2024 14:18:51 - INFO - Sending request to Setting Chamber Zones to a= 0.0, b= 0.0, c= 0.0, d= 0.0 with timeout of 5s...
05-12-2024 14:18:51 - INFO - Sending request to Setting Chamber Zones to a= 0.0, b= 0.0, c= 0.0, d= 0.0 with timeout of 5s...
05-12-2024 14:18:51 - INFO - Sending request to Setting Chamber Zones to a= 0.0, b= 0.0, c= 0.0, d= 0.0 with timeout of 5s...
05-12-2024 14:18:51 - INFO - Sending request to Setting Chamber Zones to a= 0.0, b= 0.0, c= 0.0, d= 0.0 with timeout of 5s...
05-12-2024 14:18:51 - INFO - Sending request to Setting Chamber Zones to a= 0.0, b= 0.0, c= 0.0, d= 0.0 with timeout of 5s...
05-12-2024 14:18:52 - INFO - Sending request to Setting Chamber Zones to a= 0.0, b= 0.0, c= 0.0, d= 0.0 with timeout of 5s...
05-12-2024 14:18:52 - INFO - Sending request to Setting Chamber Zones to a= 0.0, b= 0.0, c= 0.0, d= 0.0 with timeout of 5s...
05-12-2024 14:18:52 - INFO - Sending request to Setting Chamber Zones to a= 0.0, b= 0.0, c= 0.0, d= 0.0 with timeout of 5s...
05-12-2024 14:18:52 - INFO - Setting Chamber Zones to a= 0.0, b= 0.0, c= 0.0, d= 0.0 request successfully sent.
05-12-2024 14:18:52 - INFO - Response from moonraker: {'result': 'ok'}
05-12-2024 14:18:52 - INFO - Setting Chamber Zones to a= 0.0, b= 0.0, c= 0.0, d= 0.0 Request successfully executed.
05-12-2024 14:18:52 - ERROR - E102 : Setting Chamber Zones to a= 0.0, b= 0.0, c= 0.0, d= 0.0 Request to Moonraker Timed out 
 Setting Chamber Zones to a= 0.0, b= 0.0, c= 0.0, d= 0.0 not successful
 Initiating firmware restart
05-12-2024 14:18:52 - INFO - Sending request to Setting Chamber Zones to a= 0.0, b= 0.0, c= 0.0, d= 0.0 with timeout of 5s...
05-12-2024 14:18:52 - INFO - Sending request to Setting Chamber Zones to a= 0.0, b= 0.0, c= 0.0, d= 0.0 with timeout of 5s...
05-12-2024 14:18:53 - INFO - Sending request to Setting Chamber Zones to a= 0.0, b= 0.0, c= 0.0, d= 0.0 with timeout of 5s...
05-12-2024 14:18:53 - INFO - Sending request to Setting Chamber Zones to a= 0.0, b= 0.0, c= 0.0, d= 0.0 with timeout of 5s...
05-12-2024 14:18:53 - INFO - Sending request to Setting Chamber Zones to a= 0.0, b= 0.0, c= 0.0, d= 0.0 with timeout of 5s...
05-12-2024 14:18:53 - INFO - Sending request to Setting Chamber Zones to a= 0.0, b= 0.0, c= 0.0, d= 0.0 with timeout of 5s...
05-12-2024 14:18:53 - INFO - Sending request to Setting Chamber Zones to a= 0.0, b= 0.0, c= 0.0, d= 0.0 with timeout of 5s...
05-12-2024 14:18:54 - INFO - Sending request to Setting Chamber Zones to a= 0.0, b= 0.0, c= 0.0, d= 0.0 with timeout of 5s...
05-12-2024 14:18:54 - INFO - Sending request to Setting Chamber Zones to a= 0.0, b= 0.0, c= 0.0, d= 0.0 with timeout of 5s...
05-12-2024 14:18:54 - INFO - Sending request to Setting Chamber Zones to a= 0.0, b= 0.0, c= 0.0, d= 0.0 with timeout of 5s...
05-12-2024 14:18:54 - INFO - Sending request to Setting Chamber Zones to a= 0.0, b= 0.0, c= 0.0, d= 0.0 with timeout of 5s...
05-12-2024 14:18:54 - INFO - Sending request to Setting Chamber Zones to a= 0.0, b= 0.0, c= 0.0, d= 0.0 with timeout of 5s...
05-12-2024 14:18:55 - INFO - Sending request to Setting Chamber Zones to a= 0.0, b= 0.0, c= 0.0, d= 0.0 with timeout of 5s...
05-12-2024 14:18:55 - INFO - Sending request to Setting Chamber Zones to a= 0.0, b= 0.0, c= 0.0, d= 0.0 with timeout of 5s...
05-12-2024 14:18:55 - INFO - Sending request to Setting Chamber Zones to a= 0.0, b= 0.0, c= 0.0, d= 0.0 with timeout of 5s...
05-12-2024 14:18:55 - INFO - Sending request to Setting Chamber Zones to a= 0.0, b= 0.0, c= 0.0, d= 0.0 with timeout of 5s...
05-12-2024 14:18:55 - INFO - Sending request to Setting Chamber Zones to a= 0.0, b= 0.0, c= 0.0, d= 0.0 with timeout of 5s...
05-12-2024 14:18:56 - INFO - Sending request to Setting Chamber Zones to a= 0.0, b= 0.0, c= 0.0, d= 0.0 with timeout of 5s...
05-12-2024 14:18:56 - INFO - Sending request to Setting Chamber Zones to a= 0.0, b= 0.0, c= 0.0, d= 0.0 with timeout of 5s...
05-12-2024 14:18:56 - INFO - Sending request to Setting Chamber Zones to a= 0.0, b= 0.0, c= 0.0, d= 0.0 with timeout of 5s...
05-12-2024 14:18:56 - INFO - Sending request to Setting Chamber Zones to a= 0.0, b= 0.0, c= 0.0, d= 0.0 with timeout of 5s...
05-12-2024 14:18:57 - INFO - Sending request to Setting Chamber Zones to a= 0.0, b= 0.0, c= 0.0, d= 0.0 with timeout of 5s...
05-12-2024 14:18:57 - INFO - Sending request to Setting Chamber Zones to a= 0.0, b= 0.0, c= 0.0, d= 0.0 with timeout of 5s...
05-12-2024 14:18:57 - INFO - Sending request to Setting Chamber Zones to a= 0.0, b= 0.0, c= 0.0, d= 0.0 with timeout of 5s...
05-12-2024 14:18:57 - INFO - Sending request to Setting Chamber Zones to a= 0.0, b= 0.0, c= 0.0, d= 0.0 with timeout of 5s...
05-12-2024 14:18:57 - INFO - Sending request to Setting Chamber Zones to a= 0.0, b= 0.0, c= 0.0, d= 0.0 with timeout of 5s...
05-12-2024 14:18:58 - INFO - Sending request to Setting Chamber Zones to a= 0.0, b= 0.0, c= 0.0, d= 0.0 with timeout of 5s...
05-12-2024 14:18:58 - INFO - Sending request to Setting Chamber Zones to a= 0.0, b= 0.0, c= 0.0, d= 0.0 with timeout of 5s...
05-12-2024 14:18:58 - INFO - Sending request to Setting Chamber Zones to a= 0.0, b= 0.0, c= 0.0, d= 0.0 with timeout of 5s...
05-12-2024 14:18:58 - INFO - Sending request to Setting Chamber Zones to a= 0.0, b= 0.0, c= 0.0, d= 0.0 with timeout of 5s...
05-12-2024 14:18:58 - INFO - Sending request to Setting Chamber Zones to a= 0.0, b= 0.0, c= 0.0, d= 0.0 with timeout of 5s...
05-12-2024 14:18:59 - INFO - Sending request to Setting Chamber Zones to a= 0.0, b= 0.0, c= 0.0, d= 0.0 with timeout of 5s...
05-12-2024 14:18:59 - INFO - Sending request to Setting Chamber Zones to a= 0.0, b= 0.0, c= 0.0, d= 0.0 with timeout of 5s...
05-12-2024 14:18:59 - INFO - Sending request to Setting Chamber Zones to a= 0.0, b= 0.0, c= 0.0, d= 0.0 with timeout of 5s...
05-12-2024 14:18:59 - INFO - Sending request to Setting Chamber Zones to a= 0.0, b= 0.0, c= 0.0, d= 0.0 with timeout of 5s...
05-12-2024 14:18:59 - INFO - Sending request to Setting Chamber Zones to a= 0.0, b= 0.0, c= 0.0, d= 0.0 with timeout of 5s...
05-12-2024 14:19:00 - INFO - Sending request to Setting Chamber Zones to a= 0.0, b= 0.0, c= 0.0, d= 0.0 with timeout of 5s...
05-12-2024 14:19:00 - INFO - Sending request to Setting Chamber Zones to a= 0.0, b= 0.0, c= 0.0, d= 0.0 with timeout of 5s...
05-12-2024 14:19:00 - INFO - Sending request to Setting Chamber Zones to a= 0.0, b= 0.0, c= 0.0, d= 0.0 with timeout of 5s...
05-12-2024 14:19:00 - INFO - Sending request to Setting Chamber Zones to a= 0.0, b= 0.0, c= 0.0, d= 0.0 with timeout of 5s...
05-12-2024 14:19:00 - INFO - Sending request to Setting Chamber Zones to a= 0.0, b= 0.0, c= 0.0, d= 0.0 with timeout of 5s...
05-12-2024 14:19:01 - INFO - Sending request to Setting Chamber Zones to a= 0.0, b= 0.0, c= 0.0, d= 0.0 with timeout of 5s...
05-12-2024 14:19:01 - INFO - Sending request to Setting Chamber Zones to a= 0.0, b= 0.0, c= 0.0, d= 0.0 with timeout of 5s...
05-12-2024 14:19:01 - INFO - Sending request to Setting Chamber Zones to a= 0.0, b= 0.0, c= 0.0, d= 0.0 with timeout of 5s...
05-12-2024 14:19:01 - INFO - Sending request to Setting Chamber Zones to a= 0.0, b= 0.0, c= 0.0, d= 0.0 with timeout of 5s...
05-12-2024 14:19:01 - INFO - Sending request to Setting Chamber Zones to a= 0.0, b= 0.0, c= 0.0, d= 0.0 with timeout of 5s...
05-12-2024 14:19:02 - INFO - Sending request to Setting Chamber Zones to a= 0.0, b= 0.0, c= 0.0, d= 0.0 with timeout of 5s...
05-12-2024 14:19:02 - INFO - Sending request to Setting Chamber Zones to a= 0.0, b= 0.0, c= 0.0, d= 0.0 with timeout of 5s...
05-12-2024 14:19:02 - INFO - Sending request to Setting Chamber Zones to a= 0.0, b= 0.0, c= 0.0, d= 0.0 with timeout of 5s...
05-12-2024 14:19:02 - INFO - Sending request to Setting Chamber Zones to a= 0.0, b= 0.0, c= 0.0, d= 0.0 with timeout of 5s...
05-12-2024 14:19:02 - INFO - Sending request to Setting Chamber Zones to a= 0.0, b= 0.0, c= 0.0, d= 0.0 with timeout of 5s...
05-12-2024 14:19:03 - INFO - Sending request to Setting Chamber Zones to a= 0.0, b= 0.0, c= 0.0, d= 0.0 with timeout of 5s...
05-12-2024 14:19:03 - INFO - Sending request to Setting Chamber Zones to a= 0.0, b= 0.0, c= 0.0, d= 0.0 with timeout of 5s...
05-12-2024 14:19:03 - INFO - Sending request to Setting Chamber Zones to a= 0.0, b= 0.0, c= 0.0, d= 0.0 with timeout of 5s...
05-12-2024 14:19:03 - INFO - Sending request to Setting Chamber Zones to a= 0.0, b= 0.0, c= 0.0, d= 0.0 with timeout of 5s...
05-12-2024 14:19:03 - INFO - Setting Chamber Zones to a= 0.0, b= 0.0, c= 0.0, d= 0.0 request successfully sent.
05-12-2024 14:19:03 - INFO - Response from moonraker: {'result': 'ok'}
05-12-2024 14:19:03 - INFO - Setting Chamber Zones to a= 0.0, b= 0.0, c= 0.0, d= 0.0 Request successfully executed.
05-12-2024 14:19:03 - ERROR - E102 : Setting Chamber Zones to a= 0.0, b= 0.0, c= 0.0, d= 0.0 Request to Moonraker Timed out 
 Setting Chamber Zones to a= 0.0, b= 0.0, c= 0.0, d= 0.0 not successful
 Initiating firmware restart
05-12-2024 14:19:03 - INFO - Sending request to Setting Chamber Zones to a= 0.0, b= 0.0, c= 0.0, d= 0.0 with timeout of 5s...
05-12-2024 14:19:04 - INFO - Sending request to Setting Chamber Zones to a= 0.0, b= 0.0, c= 0.0, d= 0.0 with timeout of 5s...
05-12-2024 14:19:04 - INFO - Sending request to Setting Chamber Zones to a= 0.0, b= 0.0, c= 0.0, d= 0.0 with timeout of 5s...
05-12-2024 14:19:04 - INFO - Sending request to Setting Chamber Zones to a= 0.0, b= 0.0, c= 0.0, d= 0.0 with timeout of 5s...
05-12-2024 14:19:04 - INFO - Sending request to Setting Chamber Zones to a= 0.0, b= 0.0, c= 0.0, d= 0.0 with timeout of 5s...
05-12-2024 14:19:04 - INFO - Sending request to Setting Chamber Zones to a= 0.0, b= 0.0, c= 0.0, d= 0.0 with timeout of 5s...
05-12-2024 14:19:05 - INFO - Sending request to Setting Chamber Zones to a= 0.0, b= 0.0, c= 0.0, d= 0.0 with timeout of 5s...
05-12-2024 14:19:05 - INFO - Sending request to Setting Chamber Zones to a= 0.0, b= 0.0, c= 0.0, d= 0.0 with timeout of 5s...
05-12-2024 14:19:05 - INFO - Sending request to Setting Chamber Zones to a= 0.0, b= 0.0, c= 0.0, d= 0.0 with timeout of 5s...
05-12-2024 14:19:05 - INFO - Sending request to Setting Chamber Zones to a= 0.0, b= 0.0, c= 0.0, d= 0.0 with timeout of 5s...
05-12-2024 14:19:05 - INFO - Sending request to Setting Chamber Zones to a= 0.0, b= 0.0, c= 0.0, d= 0.0 with timeout of 5s...
05-12-2024 14:19:06 - INFO - Sending request to Setting Chamber Zones to a= 0.0, b= 0.0, c= 0.0, d= 0.0 with timeout of 5s...
05-12-2024 14:19:06 - INFO - Sending request to Setting Chamber Zones to a= 0.0, b= 0.0, c= 0.0, d= 0.0 with timeout of 5s...
05-12-2024 14:19:06 - INFO - Sending request to Setting Chamber Zones to a= 0.0, b= 0.0, c= 0.0, d= 0.0 with timeout of 5s...
05-12-2024 14:19:06 - INFO - Sending request to Setting Chamber Zones to a= 0.0, b= 0.0, c= 0.0, d= 0.0 with timeout of 5s...
05-12-2024 14:19:06 - INFO - Sending request to Setting Chamber Zones to a= 0.0, b= 0.0, c= 0.0, d= 0.0 with timeout of 5s...
05-12-2024 14:19:07 - INFO - Sending request to Setting Chamber Zones to a= 0.0, b= 0.0, c= 0.0, d= 0.0 with timeout of 5s...
05-12-2024 14:19:07 - INFO - Sending request to Setting Chamber Zones to a= 0.0, b= 0.0, c= 0.0, d= 0.0 with timeout of 5s...
05-12-2024 14:19:07 - INFO - Sending request to Setting Chamber Zones to a= 0.0, b= 0.0, c= 0.0, d= 0.0 with timeout of 5s...
05-12-2024 14:19:07 - INFO - Sending request to Setting Chamber Zones to a= 0.0, b= 0.0, c= 0.0, d= 0.0 with timeout of 5s...
05-12-2024 14:19:07 - INFO - Sending request to Setting Chamber Zones to a= 0.0, b= 0.0, c= 0.0, d= 0.0 with timeout of 5s...
05-12-2024 14:19:08 - INFO - Sending request to Setting Chamber Zones to a= 0.0, b= 0.0, c= 0.0, d= 0.0 with timeout of 5s...
05-12-2024 14:19:08 - INFO - Sending request to Setting Chamber Zones to a= 0.0, b= 0.0, c= 0.0, d= 0.0 with timeout of 5s...
05-12-2024 14:19:08 - INFO - Sending request to Setting Chamber Zones to a= 0.0, b= 0.0, c= 0.0, d= 0.0 with timeout of 5s...
05-12-2024 14:19:08 - INFO - Sending request to Setting Chamber Zones to a= 0.0, b= 0.0, c= 0.0, d= 0.0 with timeout of 5s...
05-12-2024 14:19:08 - INFO - Sending request to Setting Chamber Zones to a= 0.0, b= 0.0, c= 0.0, d= 0.0 with timeout of 5s...
05-12-2024 14:19:09 - INFO - Sending request to Setting Chamber Zones to a= 0.0, b= 0.0, c= 0.0, d= 0.0 with timeout of 5s...
05-12-2024 14:19:09 - INFO - Sending request to Setting Chamber Zones to a= 0.0, b= 0.0, c= 0.0, d= 0.0 with timeout of 5s...
05-12-2024 14:19:09 - INFO - Sending request to Setting Chamber Zones to a= 0.0, b= 0.0, c= 0.0, d= 0.0 with timeout of 5s...
05-12-2024 14:19:09 - INFO - Sending request to Setting Chamber Zones to a= 0.0, b= 0.0, c= 0.0, d= 0.0 with timeout of 5s...
05-12-2024 14:19:09 - INFO - Sending request to Setting Chamber Zones to a= 0.0, b= 0.0, c= 0.0, d= 0.0 with timeout of 5s...
05-12-2024 14:19:10 - INFO - Sending request to Setting Chamber Zones to a= 0.0, b= 0.0, c= 0.0, d= 0.0 with timeout of 5s...
05-12-2024 14:19:10 - INFO - Sending request to Setting Chamber Zones to a= 0.0, b= 0.0, c= 0.0, d= 0.0 with timeout of 5s...
05-12-2024 14:19:10 - INFO - Sending request to Setting Chamber Zones to a= 0.0, b= 0.0, c= 0.0, d= 0.0 with timeout of 5s...
05-12-2024 14:19:10 - INFO - Sending request to Setting Chamber Zones to a= 0.0, b= 0.0, c= 0.0, d= 0.0 with timeout of 5s...
05-12-2024 14:19:10 - INFO - Sending request to Setting Chamber Zones to a= 0.0, b= 0.0, c= 0.0, d= 0.0 with timeout of 5s...
05-12-2024 14:19:11 - INFO - Sending request to Setting Chamber Zones to a= 0.0, b= 0.0, c= 0.0, d= 0.0 with timeout of 5s...
05-12-2024 14:19:11 - INFO - Sending request to Setting Chamber Zones to a= 0.0, b= 0.0, c= 0.0, d= 0.0 with timeout of 5s...
05-12-2024 14:19:11 - INFO - Sending request to Setting Chamber Zones to a= 0.0, b= 0.0, c= 0.0, d= 0.0 with timeout of 5s...
05-12-2024 14:19:11 - INFO - Sending request to Setting Chamber Zones to a= 0.0, b= 0.0, c= 0.0, d= 0.0 with timeout of 5s...
05-12-2024 14:19:11 - INFO - Sending request to Setting Chamber Zones to a= 0.0, b= 0.0, c= 0.0, d= 0.0 with timeout of 5s...
05-12-2024 14:19:12 - INFO - Sending request to Setting Chamber Zones to a= 0.0, b= 0.0, c= 0.0, d= 0.0 with timeout of 5s...
05-12-2024 14:19:12 - INFO - Sending request to Setting Chamber Zones to a= 0.0, b= 0.0, c= 0.0, d= 0.0 with timeout of 5s...
05-12-2024 14:19:12 - INFO - Sending request to Setting Chamber Zones to a= 0.0, b= 0.0, c= 0.0, d= 0.0 with timeout of 5s...
05-12-2024 14:19:12 - INFO - Sending request to Setting Chamber Zones to a= 0.0, b= 0.0, c= 0.0, d= 0.0 with timeout of 5s...
05-12-2024 14:19:12 - INFO - Sending request to Setting Chamber Zones to a= 0.0, b= 0.0, c= 0.0, d= 0.0 with timeout of 5s...
05-12-2024 14:19:13 - INFO - Sending request to Setting Chamber Zones to a= 0.0, b= 0.0, c= 0.0, d= 0.0 with timeout of 5s...
05-12-2024 14:19:13 - INFO - Sending request to Setting Chamber Zones to a= 0.0, b= 0.0, c= 0.0, d= 0.0 with timeout of 5s...
05-12-2024 14:19:13 - INFO - Sending request to Setting Chamber Zones to a= 0.0, b= 0.0, c= 0.0, d= 0.0 with timeout of 5s...
05-12-2024 14:19:13 - INFO - Sending request to Setting Chamber Zones to a= 0.0, b= 0.0, c= 0.0, d= 0.0 with timeout of 5s...
05-12-2024 14:19:13 - INFO - Sending request to Setting Chamber Zones to a= 0.0, b= 0.0, c= 0.0, d= 0.0 with timeout of 5s...
05-12-2024 14:19:14 - INFO - Sending request to Setting Chamber Zones to a= 0.0, b= 0.0, c= 0.0, d= 0.0 with timeout of 5s...
05-12-2024 14:19:14 - INFO - Sending request to Setting Chamber Zones to a= 0.0, b= 0.0, c= 0.0, d= 0.0 with timeout of 5s...
05-12-2024 14:19:14 - INFO - Sending request to Setting Chamber Zones to a= 0.0, b= 0.0, c= 0.0, d= 0.0 with timeout of 5s...
05-12-2024 14:19:14 - INFO - Sending request to Setting Chamber Zones to a= 0.0, b= 0.0, c= 0.0, d= 0.0 with timeout of 5s...
05-12-2024 14:19:14 - INFO - Sending request to Setting Chamber Zones to a= 0.0, b= 0.0, c= 0.0, d= 0.0 with timeout of 5s...
05-12-2024 14:19:14 - INFO - Setting Chamber Zones to a= 0.0, b= 0.0, c= 0.0, d= 0.0 request successfully sent.
05-12-2024 14:19:14 - INFO - Response from moonraker: {'result': 'ok'}
05-12-2024 14:19:14 - INFO - Setting Chamber Zones to a= 0.0, b= 0.0, c= 0.0, d= 0.0 Request successfully executed.
05-12-2024 14:19:14 - ERROR - E102 : Setting Chamber Zones to a= 0.0, b= 0.0, c= 0.0, d= 0.0 Request to Moonraker Timed out 
 Setting Chamber Zones to a= 0.0, b= 0.0, c= 0.0, d= 0.0 not successful
 Initiating firmware restart
05-12-2024 14:19:15 - INFO - Sending request to Setting Chamber Zones to a= 0.0, b= 0.0, c= 0.0, d= 0.0 with timeout of 5s...
05-12-2024 14:19:15 - INFO - Sending request to Setting Chamber Zones to a= 0.0, b= 0.0, c= 0.0, d= 0.0 with timeout of 5s...
05-12-2024 14:19:15 - INFO - Sending request to Setting Chamber Zones to a= 0.0, b= 0.0, c= 0.0, d= 0.0 with timeout of 5s...
05-12-2024 14:19:15 - INFO - Sending request to Setting Chamber Zones to a= 0.0, b= 0.0, c= 0.0, d= 0.0 with timeout of 5s...
05-12-2024 14:19:15 - INFO - Sending request to Setting Chamber Zones to a= 0.0, b= 0.0, c= 0.0, d= 0.0 with timeout of 5s...
05-12-2024 14:19:16 - INFO - Sending request to Setting Chamber Zones to a= 0.0, b= 0.0, c= 0.0, d= 0.0 with timeout of 5s...
05-12-2024 14:19:16 - INFO - Sending request to Setting Chamber Zones to a= 0.0, b= 0.0, c= 0.0, d= 0.0 with timeout of 5s...
05-12-2024 14:19:16 - INFO - Sending request to Setting Chamber Zones to a= 0.0, b= 0.0, c= 0.0, d= 0.0 with timeout of 5s...
05-12-2024 14:19:16 - INFO - Sending request to Setting Chamber Zones to a= 0.0, b= 0.0, c= 0.0, d= 0.0 with timeout of 5s...
05-12-2024 14:19:16 - INFO - Sending request to Setting Chamber Zones to a= 0.0, b= 0.0, c= 0.0, d= 0.0 with timeout of 5s...
05-12-2024 14:19:17 - INFO - Sending request to Setting Chamber Zones to a= 0.0, b= 0.0, c= 0.0, d= 0.0 with timeout of 5s...
05-12-2024 14:19:17 - INFO - Sending request to Setting Chamber Zones to a= 0.0, b= 0.0, c= 0.0, d= 0.0 with timeout of 5s...
05-12-2024 14:19:17 - INFO - Sending request to Setting Chamber Zones to a= 0.0, b= 0.0, c= 0.0, d= 0.0 with timeout of 5s...
05-12-2024 14:19:17 - INFO - Sending request to Setting Chamber Zones to a= 0.0, b= 0.0, c= 0.0, d= 0.0 with timeout of 5s...
05-12-2024 14:19:17 - INFO - Sending request to Setting Chamber Zones to a= 0.0, b= 0.0, c= 0.0, d= 0.0 with timeout of 5s...
05-12-2024 14:19:18 - INFO - Sending request to Setting Chamber Zones to a= 0.0, b= 0.0, c= 0.0, d= 0.0 with timeout of 5s...
05-12-2024 14:19:18 - INFO - Sending request to Setting Chamber Zones to a= 0.0, b= 0.0, c= 0.0, d= 0.0 with timeout of 5s...
05-12-2024 14:19:18 - INFO - Sending request to Setting Chamber Zones to a= 0.0, b= 0.0, c= 0.0, d= 0.0 with timeout of 5s...
05-12-2024 14:19:18 - INFO - Sending request to Setting Chamber Zones to a= 0.0, b= 0.0, c= 0.0, d= 0.0 with timeout of 5s...
05-12-2024 14:19:18 - INFO - Sending request to Setting Chamber Zones to a= 0.0, b= 0.0, c= 0.0, d= 0.0 with timeout of 5s...
05-12-2024 14:19:19 - INFO - Sending request to Setting Chamber Zones to a= 0.0, b= 0.0, c= 0.0, d= 0.0 with timeout of 5s...
05-12-2024 14:19:19 - INFO - Sending request to Setting Chamber Zones to a= 0.0, b= 0.0, c= 0.0, d= 0.0 with timeout of 5s...
05-12-2024 14:19:19 - INFO - Sending request to Setting Chamber Zones to a= 0.0, b= 0.0, c= 0.0, d= 0.0 with timeout of 5s...
05-12-2024 14:19:19 - INFO - Sending request to Setting Chamber Zones to a= 0.0, b= 0.0, c= 0.0, d= 0.0 with timeout of 5s...
05-12-2024 14:19:19 - INFO - Sending request to Setting Chamber Zones to a= 0.0, b= 0.0, c= 0.0, d= 0.0 with timeout of 5s...
05-12-2024 14:19:20 - INFO - Sending request to Setting Chamber Zones to a= 0.0, b= 0.0, c= 0.0, d= 0.0 with timeout of 5s...
05-12-2024 14:19:20 - INFO - Sending request to Setting Chamber Zones to a= 0.0, b= 0.0, c= 0.0, d= 0.0 with timeout of 5s...
05-12-2024 14:19:20 - INFO - Sending request to Setting Chamber Zones to a= 0.0, b= 0.0, c= 0.0, d= 0.0 with timeout of 5s...
05-12-2024 14:19:20 - INFO - Sending request to Setting Chamber Zones to a= 0.0, b= 0.0, c= 0.0, d= 0.0 with timeout of 5s...
05-12-2024 14:19:20 - INFO - Sending request to Setting Chamber Zones to a= 0.0, b= 0.0, c= 0.0, d= 0.0 with timeout of 5s...
05-12-2024 14:19:21 - INFO - Sending request to Setting Chamber Zones to a= 0.0, b= 0.0, c= 0.0, d= 0.0 with timeout of 5s...
05-12-2024 14:19:21 - INFO - Sending request to Setting Chamber Zones to a= 0.0, b= 0.0, c= 0.0, d= 0.0 with timeout of 5s...
05-12-2024 14:19:21 - INFO - Sending request to Setting Chamber Zones to a= 0.0, b= 0.0, c= 0.0, d= 0.0 with timeout of 5s...
05-12-2024 14:19:21 - INFO - Sending request to Setting Chamber Zones to a= 0.0, b= 0.0, c= 0.0, d= 0.0 with timeout of 5s...
05-12-2024 14:19:21 - INFO - Sending request to Setting Chamber Zones to a= 0.0, b= 0.0, c= 0.0, d= 0.0 with timeout of 5s...
05-12-2024 14:19:22 - INFO - Sending request to Setting Chamber Zones to a= 0.0, b= 0.0, c= 0.0, d= 0.0 with timeout of 5s...
05-12-2024 14:19:22 - INFO - Sending request to Setting Chamber Zones to a= 0.0, b= 0.0, c= 0.0, d= 0.0 with timeout of 5s...
05-12-2024 14:19:22 - INFO - Sending request to Setting Chamber Zones to a= 0.0, b= 0.0, c= 0.0, d= 0.0 with timeout of 5s...
05-12-2024 14:19:22 - INFO - Sending request to Setting Chamber Zones to a= 0.0, b= 0.0, c= 0.0, d= 0.0 with timeout of 5s...
05-12-2024 14:19:22 - INFO - Sending request to Setting Chamber Zones to a= 0.0, b= 0.0, c= 0.0, d= 0.0 with timeout of 5s...
05-12-2024 14:19:23 - INFO - Sending request to Setting Chamber Zones to a= 0.0, b= 0.0, c= 0.0, d= 0.0 with timeout of 5s...
05-12-2024 14:19:23 - INFO - Sending request to Setting Chamber Zones to a= 0.0, b= 0.0, c= 0.0, d= 0.0 with timeout of 5s...
05-12-2024 14:19:23 - INFO - Sending request to Setting Chamber Zones to a= 0.0, b= 0.0, c= 0.0, d= 0.0 with timeout of 5s...
05-12-2024 14:19:23 - INFO - Sending request to Setting Chamber Zones to a= 0.0, b= 0.0, c= 0.0, d= 0.0 with timeout of 5s...
05-12-2024 14:19:23 - INFO - Sending request to Setting Chamber Zones to a= 0.0, b= 0.0, c= 0.0, d= 0.0 with timeout of 5s...
05-12-2024 14:19:24 - INFO - Sending request to Setting Chamber Zones to a= 0.0, b= 0.0, c= 0.0, d= 0.0 with timeout of 5s...
05-12-2024 14:19:24 - INFO - Sending request to Setting Chamber Zones to a= 0.0, b= 0.0, c= 0.0, d= 0.0 with timeout of 5s...
05-12-2024 14:19:24 - INFO - Sending request to Setting Chamber Zones to a= 0.0, b= 0.0, c= 0.0, d= 0.0 with timeout of 5s...
05-12-2024 14:19:24 - INFO - Sending request to Setting Chamber Zones to a= 0.0, b= 0.0, c= 0.0, d= 0.0 with timeout of 5s...
05-12-2024 14:19:24 - INFO - Sending request to Setting Chamber Zones to a= 0.0, b= 0.0, c= 0.0, d= 0.0 with timeout of 5s...
05-12-2024 14:19:25 - INFO - Sending request to Setting Chamber Zones to a= 0.0, b= 0.0, c= 0.0, d= 0.0 with timeout of 5s...
05-12-2024 14:19:25 - INFO - Sending request to Setting Chamber Zones to a= 0.0, b= 0.0, c= 0.0, d= 0.0 with timeout of 5s...
05-12-2024 14:19:25 - INFO - Sending request to Setting Chamber Zones to a= 0.0, b= 0.0, c= 0.0, d= 0.0 with timeout of 5s...
05-12-2024 14:19:25 - INFO - Sending request to Setting Chamber Zones to a= 0.0, b= 0.0, c= 0.0, d= 0.0 with timeout of 5s...
05-12-2024 14:19:26 - INFO - Sending request to Setting Chamber Zones to a= 0.0, b= 0.0, c= 0.0, d= 0.0 with timeout of 5s...
05-12-2024 14:19:26 - INFO - Setting Chamber Zones to a= 0.0, b= 0.0, c= 0.0, d= 0.0 request successfully sent.
05-12-2024 14:19:26 - INFO - Response from moonraker: {'result': 'ok'}
05-12-2024 14:19:26 - INFO - Setting Chamber Zones to a= 0.0, b= 0.0, c= 0.0, d= 0.0 Request successfully executed.
05-12-2024 14:19:26 - ERROR - E102 : Setting Chamber Zones to a= 0.0, b= 0.0, c= 0.0, d= 0.0 Request to Moonraker Timed out 
 Setting Chamber Zones to a= 0.0, b= 0.0, c= 0.0, d= 0.0 not successful
 Initiating firmware restart
05-12-2024 14:19:26 - INFO - Sending request to Setting Chamber Zones to a= 0.0, b= 0.0, c= 0.0, d= 0.0 with timeout of 5s...
05-12-2024 14:19:26 - INFO - Sending request to Setting Chamber Zones to a= 0.0, b= 0.0, c= 0.0, d= 0.0 with timeout of 5s...
05-12-2024 14:19:26 - INFO - Sending request to Setting Chamber Zones to a= 0.0, b= 0.0, c= 0.0, d= 0.0 with timeout of 5s...
05-12-2024 14:19:26 - INFO - Sending request to Setting Chamber Zones to a= 0.0, b= 0.0, c= 0.0, d= 0.0 with timeout of 5s...
05-12-2024 14:19:27 - INFO - Sending request to Setting Chamber Zones to a= 0.0, b= 0.0, c= 0.0, d= 0.0 with timeout of 5s...
05-12-2024 14:19:27 - INFO - Sending request to Setting Chamber Zones to a= 0.0, b= 0.0, c= 0.0, d= 0.0 with timeout of 5s...
05-12-2024 14:19:27 - INFO - Sending request to Setting Chamber Zones to a= 0.0, b= 0.0, c= 0.0, d= 0.0 with timeout of 5s...
05-12-2024 14:19:27 - INFO - Sending request to Setting Chamber Zones to a= 0.0, b= 0.0, c= 0.0, d= 0.0 with timeout of 5s...
05-12-2024 14:19:27 - INFO - Sending request to Setting Chamber Zones to a= 0.0, b= 0.0, c= 0.0, d= 0.0 with timeout of 5s...
05-12-2024 14:19:28 - INFO - Sending request to Setting Chamber Zones to a= 0.0, b= 0.0, c= 0.0, d= 0.0 with timeout of 5s...
05-12-2024 14:19:28 - INFO - Sending request to Setting Chamber Zones to a= 0.0, b= 0.0, c= 0.0, d= 0.0 with timeout of 5s...
05-12-2024 14:19:28 - INFO - Sending request to Setting Chamber Zones to a= 0.0, b= 0.0, c= 0.0, d= 0.0 with timeout of 5s...
05-12-2024 14:19:28 - INFO - Sending request to Setting Chamber Zones to a= 0.0, b= 0.0, c= 0.0, d= 0.0 with timeout of 5s...
05-12-2024 14:19:28 - INFO - Sending request to Setting Chamber Zones to a= 0.0, b= 0.0, c= 0.0, d= 0.0 with timeout of 5s...
05-12-2024 14:19:29 - INFO - Sending request to Setting Chamber Zones to a= 0.0, b= 0.0, c= 0.0, d= 0.0 with timeout of 5s...
05-12-2024 14:19:29 - INFO - Sending request to Setting Chamber Zones to a= 0.0, b= 0.0, c= 0.0, d= 0.0 with timeout of 5s...
05-12-2024 14:19:29 - INFO - Sending request to Setting Chamber Zones to a= 0.0, b= 0.0, c= 0.0, d= 0.0 with timeout of 5s...
05-12-2024 14:19:29 - INFO - Sending request to Setting Chamber Zones to a= 0.0, b= 0.0, c= 0.0, d= 0.0 with timeout of 5s...
05-12-2024 14:19:29 - INFO - Sending request to Setting Chamber Zones to a= 0.0, b= 0.0, c= 0.0, d= 0.0 with timeout of 5s...
05-12-2024 14:19:30 - INFO - Sending request to Setting Chamber Zones to a= 0.0, b= 0.0, c= 0.0, d= 0.0 with timeout of 5s...
05-12-2024 14:19:30 - INFO - Sending request to Setting Chamber Zones to a= 0.0, b= 0.0, c= 0.0, d= 0.0 with timeout of 5s...
05-12-2024 14:19:30 - INFO - Sending request to Setting Chamber Zones to a= 0.0, b= 0.0, c= 0.0, d= 0.0 with timeout of 5s...
05-12-2024 14:19:30 - INFO - Sending request to Setting Chamber Zones to a= 0.0, b= 0.0, c= 0.0, d= 0.0 with timeout of 5s...
05-12-2024 14:19:30 - INFO - Sending request to Setting Chamber Zones to a= 0.0, b= 0.0, c= 0.0, d= 0.0 with timeout of 5s...
05-12-2024 14:19:31 - INFO - Sending request to Setting Chamber Zones to a= 0.0, b= 0.0, c= 0.0, d= 0.0 with timeout of 5s...
05-12-2024 14:19:31 - INFO - Sending request to Setting Chamber Zones to a= 0.0, b= 0.0, c= 0.0, d= 0.0 with timeout of 5s...
05-12-2024 14:19:31 - INFO - Sending request to Setting Chamber Zones to a= 0.0, b= 0.0, c= 0.0, d= 0.0 with timeout of 5s...
05-12-2024 14:19:31 - INFO - Sending request to Setting Chamber Zones to a= 0.0, b= 0.0, c= 0.0, d= 0.0 with timeout of 5s...
05-12-2024 14:19:31 - INFO - Sending request to Setting Chamber Zones to a= 0.0, b= 0.0, c= 0.0, d= 0.0 with timeout of 5s...
05-12-2024 14:19:32 - INFO - Sending request to Setting Chamber Zones to a= 0.0, b= 0.0, c= 0.0, d= 0.0 with timeout of 5s...
05-12-2024 14:19:32 - INFO - Sending request to Setting Chamber Zones to a= 0.0, b= 0.0, c= 0.0, d= 0.0 with timeout of 5s...
05-12-2024 14:19:32 - INFO - Sending request to Setting Chamber Zones to a= 0.0, b= 0.0, c= 0.0, d= 0.0 with timeout of 5s...
05-12-2024 14:19:32 - INFO - Sending request to Setting Chamber Zones to a= 0.0, b= 0.0, c= 0.0, d= 0.0 with timeout of 5s...
05-12-2024 14:19:32 - INFO - Sending request to Setting Chamber Zones to a= 0.0, b= 0.0, c= 0.0, d= 0.0 with timeout of 5s...
05-12-2024 14:19:33 - INFO - Sending request to Setting Chamber Zones to a= 0.0, b= 0.0, c= 0.0, d= 0.0 with timeout of 5s...
05-12-2024 14:19:33 - INFO - Sending request to Setting Chamber Zones to a= 0.0, b= 0.0, c= 0.0, d= 0.0 with timeout of 5s...
05-12-2024 14:19:33 - INFO - Sending request to Setting Chamber Zones to a= 0.0, b= 0.0, c= 0.0, d= 0.0 with timeout of 5s...
05-12-2024 14:19:33 - INFO - Sending request to Setting Chamber Zones to a= 0.0, b= 0.0, c= 0.0, d= 0.0 with timeout of 5s...
05-12-2024 14:19:33 - INFO - Sending request to Setting Chamber Zones to a= 0.0, b= 0.0, c= 0.0, d= 0.0 with timeout of 5s...
05-12-2024 14:19:34 - INFO - Sending request to Setting Chamber Zones to a= 0.0, b= 0.0, c= 0.0, d= 0.0 with timeout of 5s...
05-12-2024 14:19:34 - INFO - Sending request to Setting Chamber Zones to a= 0.0, b= 0.0, c= 0.0, d= 0.0 with timeout of 5s...
05-12-2024 14:19:34 - INFO - Sending request to Setting Chamber Zones to a= 0.0, b= 0.0, c= 0.0, d= 0.0 with timeout of 5s...
05-12-2024 14:19:34 - INFO - Sending request to Setting Chamber Zones to a= 0.0, b= 0.0, c= 0.0, d= 0.0 with timeout of 5s...
05-12-2024 14:19:34 - INFO - Sending request to Setting Chamber Zones to a= 0.0, b= 0.0, c= 0.0, d= 0.0 with timeout of 5s...
05-12-2024 14:19:35 - INFO - Sending request to Setting Chamber Zones to a= 0.0, b= 0.0, c= 0.0, d= 0.0 with timeout of 5s...
05-12-2024 14:19:35 - INFO - Sending request to Setting Chamber Zones to a= 0.0, b= 0.0, c= 0.0, d= 0.0 with timeout of 5s...
05-12-2024 14:19:35 - INFO - Sending request to Setting Chamber Zones to a= 0.0, b= 0.0, c= 0.0, d= 0.0 with timeout of 5s...
05-12-2024 14:19:35 - INFO - Sending request to Setting Chamber Zones to a= 0.0, b= 0.0, c= 0.0, d= 0.0 with timeout of 5s...
05-12-2024 14:19:35 - INFO - Sending request to Setting Chamber Zones to a= 0.0, b= 0.0, c= 0.0, d= 0.0 with timeout of 5s...
05-12-2024 14:19:36 - INFO - Sending request to Setting Chamber Zones to a= 0.0, b= 0.0, c= 0.0, d= 0.0 with timeout of 5s...
05-12-2024 14:19:36 - INFO - Sending request to Setting Chamber Zones to a= 0.0, b= 0.0, c= 0.0, d= 0.0 with timeout of 5s...
05-12-2024 14:19:36 - INFO - Sending request to Setting Chamber Zones to a= 0.0, b= 0.0, c= 0.0, d= 0.0 with timeout of 5s...
05-12-2024 14:19:36 - INFO - Sending request to Setting Chamber Zones to a= 0.0, b= 0.0, c= 0.0, d= 0.0 with timeout of 5s...
05-12-2024 14:19:36 - INFO - Sending request to Setting Chamber Zones to a= 0.0, b= 0.0, c= 0.0, d= 0.0 with timeout of 5s...
05-12-2024 14:19:37 - INFO - Sending request to Setting Chamber Zones to a= 0.0, b= 0.0, c= 0.0, d= 0.0 with timeout of 5s...
05-12-2024 14:19:37 - INFO - Setting Chamber Zones to a= 0.0, b= 0.0, c= 0.0, d= 0.0 request successfully sent.
05-12-2024 14:19:37 - INFO - Response from moonraker: {'result': 'ok'}
05-12-2024 14:19:37 - INFO - Setting Chamber Zones to a= 0.0, b= 0.0, c= 0.0, d= 0.0 Request successfully executed.
05-12-2024 14:19:37 - ERROR - E102 : Setting Chamber Zones to a= 0.0, b= 0.0, c= 0.0, d= 0.0 Request to Moonraker Timed out 
 Setting Chamber Zones to a= 0.0, b= 0.0, c= 0.0, d= 0.0 not successful
 Initiating firmware restart
05-12-2024 14:19:37 - INFO - Sending request to Setting Chamber Zones to a= 0.0, b= 0.0, c= 0.0, d= 0.0 with timeout of 5s...
05-12-2024 14:19:37 - INFO - Sending request to Setting Chamber Zones to a= 0.0, b= 0.0, c= 0.0, d= 0.0 with timeout of 5s...
05-12-2024 14:19:37 - INFO - Sending request to Setting Chamber Zones to a= 0.0, b= 0.0, c= 0.0, d= 0.0 with timeout of 5s...
05-12-2024 14:19:37 - INFO - Sending request to Setting Chamber Zones to a= 0.0, b= 0.0, c= 0.0, d= 0.0 with timeout of 5s...
05-12-2024 14:19:38 - INFO - Sending request to Setting Chamber Zones to a= 0.0, b= 0.0, c= 0.0, d= 0.0 with timeout of 5s...
05-12-2024 14:19:38 - INFO - Sending request to Setting Chamber Zones to a= 0.0, b= 0.0, c= 0.0, d= 0.0 with timeout of 5s...
05-12-2024 14:19:38 - INFO - Sending request to Setting Chamber Zones to a= 0.0, b= 0.0, c= 0.0, d= 0.0 with timeout of 5s...
05-12-2024 14:19:38 - INFO - Sending request to Setting Chamber Zones to a= 0.0, b= 0.0, c= 0.0, d= 0.0 with timeout of 5s...
05-12-2024 14:19:38 - INFO - Sending request to Setting Chamber Zones to a= 0.0, b= 0.0, c= 0.0, d= 0.0 with timeout of 5s...
05-12-2024 14:19:39 - INFO - Sending request to Setting Chamber Zones to a= 0.0, b= 0.0, c= 0.0, d= 0.0 with timeout of 5s...
05-12-2024 14:19:39 - INFO - Sending request to Setting Chamber Zones to a= 0.0, b= 0.0, c= 0.0, d= 0.0 with timeout of 5s...
05-12-2024 14:19:39 - INFO - Sending request to Setting Chamber Zones to a= 0.0, b= 0.0, c= 0.0, d= 0.0 with timeout of 5s...
05-12-2024 14:19:39 - INFO - Sending request to Setting Chamber Zones to a= 0.0, b= 0.0, c= 0.0, d= 0.0 with timeout of 5s...
05-12-2024 14:19:39 - INFO - Sending request to Setting Chamber Zones to a= 0.0, b= 0.0, c= 0.0, d= 0.0 with timeout of 5s...
05-12-2024 14:19:40 - INFO - Sending request to Setting Chamber Zones to a= 0.0, b= 0.0, c= 0.0, d= 0.0 with timeout of 5s...
05-12-2024 14:19:40 - INFO - Sending request to Setting Chamber Zones to a= 0.0, b= 0.0, c= 0.0, d= 0.0 with timeout of 5s...
05-12-2024 14:19:40 - INFO - Sending request to Setting Chamber Zones to a= 0.0, b= 0.0, c= 0.0, d= 0.0 with timeout of 5s...
05-12-2024 14:19:40 - INFO - Sending request to Setting Chamber Zones to a= 0.0, b= 0.0, c= 0.0, d= 0.0 with timeout of 5s...
05-12-2024 14:19:40 - INFO - Sending request to Setting Chamber Zones to a= 0.0, b= 0.0, c= 0.0, d= 0.0 with timeout of 5s...
05-12-2024 14:19:41 - INFO - Sending request to Setting Chamber Zones to a= 0.0, b= 0.0, c= 0.0, d= 0.0 with timeout of 5s...
05-12-2024 14:19:41 - INFO - Sending request to Setting Chamber Zones to a= 0.0, b= 0.0, c= 0.0, d= 0.0 with timeout of 5s...
05-12-2024 14:19:41 - INFO - Sending request to Setting Chamber Zones to a= 0.0, b= 0.0, c= 0.0, d= 0.0 with timeout of 5s...
05-12-2024 14:19:41 - INFO - Sending request to Setting Chamber Zones to a= 0.0, b= 0.0, c= 0.0, d= 0.0 with timeout of 5s...
05-12-2024 14:19:41 - INFO - Sending request to Setting Chamber Zones to a= 0.0, b= 0.0, c= 0.0, d= 0.0 with timeout of 5s...
05-12-2024 14:19:42 - INFO - Sending request to Setting Chamber Zones to a= 0.0, b= 0.0, c= 0.0, d= 0.0 with timeout of 5s...
05-12-2024 14:19:42 - INFO - Sending request to Setting Chamber Zones to a= 0.0, b= 0.0, c= 0.0, d= 0.0 with timeout of 5s...
05-12-2024 14:19:42 - INFO - Sending request to Setting Chamber Zones to a= 0.0, b= 0.0, c= 0.0, d= 0.0 with timeout of 5s...
05-12-2024 14:19:42 - INFO - Sending request to Setting Chamber Zones to a= 0.0, b= 0.0, c= 0.0, d= 0.0 with timeout of 5s...
05-12-2024 14:19:42 - INFO - Sending request to Setting Chamber Zones to a= 0.0, b= 0.0, c= 0.0, d= 0.0 with timeout of 5s...
