10-10-2024 20:08:12 - INFO - Sending request to Setting heater_bed Heater Temp to 0 for chamber setpoint of 0 with timeout of 5s...
10-10-2024 20:08:12 - INFO - Setting heater_bed Heater Temp to 0 for chamber setpoint of 0 request successfully sent.
10-10-2024 20:08:12 - INFO - Response from moonraker: {'result': 'ok'}
10-10-2024 20:08:12 - INFO - Setting heater_bed Heater Temp to 0 for chamber setpoint of 0 Request successfully executed.
10-10-2024 20:08:12 - INFO - Sending request to Setting bed_heater1 Heater Temp to 0 for chamber setpoint of 0 with timeout of 5s...
10-10-2024 20:08:12 - INFO - Setting bed_heater1 Heater Temp to 0 for chamber setpoint of 0 request successfully sent.
10-10-2024 20:08:12 - INFO - Response from moonraker: {'result': 'ok'}
10-10-2024 20:08:12 - INFO - Setting bed_heater1 Heater Temp to 0 for chamber setpoint of 0 Request successfully executed.
10-10-2024 20:08:14 - INFO - Sending request to Setting chamber_heater2 Heater Temp to 0 for chamber setpoint of 0 with timeout of 5s...
10-10-2024 20:08:14 - INFO - Setting chamber_heater2 Heater Temp to 0 for chamber setpoint of 0 request successfully sent.
10-10-2024 20:08:14 - INFO - Response from moonraker: {'result': 'ok'}
10-10-2024 20:08:14 - INFO - Setting chamber_heater2 Heater Temp to 0 for chamber setpoint of 0 Request successfully executed.
10-10-2024 20:08:14 - INFO - Sending request to Setting chamber_heater3 Heater Temp to 0 for chamber setpoint of 0 with timeout of 5s...
10-10-2024 20:08:14 - INFO - Setting chamber_heater3 Heater Temp to 0 for chamber setpoint of 0 request successfully sent.
10-10-2024 20:08:14 - INFO - Response from moonraker: {'result': 'ok'}
10-10-2024 20:08:14 - INFO - Setting chamber_heater3 Heater Temp to 0 for chamber setpoint of 0 Request successfully executed.
10-10-2024 20:08:14 - INFO - Sending request to Setting chamber_heater4 Heater Temp to 0 for chamber setpoint of 0 with timeout of 5s...
10-10-2024 20:08:14 - INFO - Setting chamber_heater4 Heater Temp to 0 for chamber setpoint of 0 request successfully sent.
10-10-2024 20:08:14 - INFO - Response from moonraker: {'result': 'ok'}
10-10-2024 20:08:14 - INFO - Setting chamber_heater4 Heater Temp to 0 for chamber setpoint of 0 Request successfully executed.
10-10-2024 20:08:14 - INFO - Sending request to Setting chamber_heater5 Heater Temp to 0 for chamber setpoint of 0 with timeout of 5s...
10-10-2024 20:08:14 - INFO - Setting chamber_heater5 Heater Temp to 0 for chamber setpoint of 0 request successfully sent.
10-10-2024 20:08:14 - INFO - Response from moonraker: {'result': 'ok'}
10-10-2024 20:08:14 - INFO - Setting chamber_heater5 Heater Temp to 0 for chamber setpoint of 0 Request successfully executed.
10-10-2024 20:08:14 - INFO - Sending request to Setting chamber_heater6 Heater Temp to 0 for chamber setpoint of 0 with timeout of 5s...
10-10-2024 20:08:14 - INFO - Setting chamber_heater6 Heater Temp to 0 for chamber setpoint of 0 request successfully sent.
10-10-2024 20:08:14 - INFO - Response from moonraker: {'result': 'ok'}
10-10-2024 20:08:14 - INFO - Setting chamber_heater6 Heater Temp to 0 for chamber setpoint of 0 Request successfully executed.
10-10-2024 20:08:14 - INFO - Sending request to Setting chamber_heater7 Heater Temp to 0 for chamber setpoint of 0 with timeout of 5s...
10-10-2024 20:08:14 - INFO - Setting chamber_heater7 Heater Temp to 0 for chamber setpoint of 0 request successfully sent.
10-10-2024 20:08:14 - INFO - Response from moonraker: {'result': 'ok'}
10-10-2024 20:08:14 - INFO - Setting chamber_heater7 Heater Temp to 0 for chamber setpoint of 0 Request successfully executed.
10-10-2024 20:08:14 - INFO - Sending request to Setting chamber_heater11 Heater Temp to 0 for chamber setpoint of 0 with timeout of 5s...
10-10-2024 20:08:14 - INFO - Setting chamber_heater11 Heater Temp to 0 for chamber setpoint of 0 request successfully sent.
10-10-2024 20:08:14 - INFO - Response from moonraker: {'result': 'ok'}
10-10-2024 20:08:14 - INFO - Setting chamber_heater11 Heater Temp to 0 for chamber setpoint of 0 Request successfully executed.
10-10-2024 20:08:14 - INFO - Sending request to Setting chamber_heater12 Heater Temp to 0 for chamber setpoint of 0 with timeout of 5s...
10-10-2024 20:08:14 - INFO - Setting chamber_heater12 Heater Temp to 0 for chamber setpoint of 0 request successfully sent.
10-10-2024 20:08:14 - INFO - Response from moonraker: {'result': 'ok'}
10-10-2024 20:08:14 - INFO - Setting chamber_heater12 Heater Temp to 0 for chamber setpoint of 0 Request successfully executed.
10-10-2024 20:08:18 - INFO - Sending request to Setting chamber_heater2 Heater Temp to 0 for chamber setpoint of 5.0 with timeout of 5s...
10-10-2024 20:08:18 - INFO - Setting chamber_heater2 Heater Temp to 0 for chamber setpoint of 5.0 request successfully sent.
10-10-2024 20:08:18 - INFO - Response from moonraker: {'result': 'ok'}
10-10-2024 20:08:18 - INFO - Setting chamber_heater2 Heater Temp to 0 for chamber setpoint of 5.0 Request successfully executed.
10-10-2024 20:08:18 - INFO - Sending request to Setting chamber_heater3 Heater Temp to 0 for chamber setpoint of 5.0 with timeout of 5s...
10-10-2024 20:08:18 - INFO - Setting chamber_heater3 Heater Temp to 0 for chamber setpoint of 5.0 request successfully sent.
10-10-2024 20:08:18 - INFO - Response from moonraker: {'result': 'ok'}
10-10-2024 20:08:18 - INFO - Setting chamber_heater3 Heater Temp to 0 for chamber setpoint of 5.0 Request successfully executed.
10-10-2024 20:08:18 - INFO - Sending request to Setting chamber_heater4 Heater Temp to 0 for chamber setpoint of 5.0 with timeout of 5s...
10-10-2024 20:08:18 - INFO - Setting chamber_heater4 Heater Temp to 0 for chamber setpoint of 5.0 request successfully sent.
10-10-2024 20:08:18 - INFO - Response from moonraker: {'result': 'ok'}
10-10-2024 20:08:18 - INFO - Setting chamber_heater4 Heater Temp to 0 for chamber setpoint of 5.0 Request successfully executed.
10-10-2024 20:08:18 - INFO - Sending request to Setting chamber_heater5 Heater Temp to 0 for chamber setpoint of 5.0 with timeout of 5s...
10-10-2024 20:08:18 - INFO - Setting chamber_heater5 Heater Temp to 0 for chamber setpoint of 5.0 request successfully sent.
10-10-2024 20:08:18 - INFO - Response from moonraker: {'result': 'ok'}
10-10-2024 20:08:18 - INFO - Setting chamber_heater5 Heater Temp to 0 for chamber setpoint of 5.0 Request successfully executed.
10-10-2024 20:08:18 - INFO - Sending request to Setting chamber_heater6 Heater Temp to 0 for chamber setpoint of 5.0 with timeout of 5s...
10-10-2024 20:08:18 - INFO - Setting chamber_heater6 Heater Temp to 0 for chamber setpoint of 5.0 request successfully sent.
10-10-2024 20:08:18 - INFO - Response from moonraker: {'result': 'ok'}
10-10-2024 20:08:18 - INFO - Setting chamber_heater6 Heater Temp to 0 for chamber setpoint of 5.0 Request successfully executed.
10-10-2024 20:08:18 - INFO - Sending request to Setting chamber_heater7 Heater Temp to 0 for chamber setpoint of 5.0 with timeout of 5s...
10-10-2024 20:08:18 - INFO - Setting chamber_heater7 Heater Temp to 0 for chamber setpoint of 5.0 request successfully sent.
10-10-2024 20:08:18 - INFO - Response from moonraker: {'result': 'ok'}
10-10-2024 20:08:18 - INFO - Setting chamber_heater7 Heater Temp to 0 for chamber setpoint of 5.0 Request successfully executed.
10-10-2024 20:08:18 - INFO - Sending request to Setting chamber_heater11 Heater Temp to 0 for chamber setpoint of 5.0 with timeout of 5s...
10-10-2024 20:08:18 - INFO - Setting chamber_heater11 Heater Temp to 0 for chamber setpoint of 5.0 request successfully sent.
10-10-2024 20:08:18 - INFO - Response from moonraker: {'result': 'ok'}
10-10-2024 20:08:18 - INFO - Setting chamber_heater11 Heater Temp to 0 for chamber setpoint of 5.0 Request successfully executed.
10-10-2024 20:08:18 - INFO - Sending request to Setting chamber_heater12 Heater Temp to 0 for chamber setpoint of 5.0 with timeout of 5s...
10-10-2024 20:08:18 - INFO - Setting chamber_heater12 Heater Temp to 0 for chamber setpoint of 5.0 request successfully sent.
10-10-2024 20:08:18 - INFO - Response from moonraker: {'result': 'ok'}
10-10-2024 20:08:18 - INFO - Setting chamber_heater12 Heater Temp to 0 for chamber setpoint of 5.0 Request successfully executed.
