13-10-2024 18:01:43 - INFO - Sending request to Setting Chmaber Zones to a= 0.7, b= 0.8, c= 0.9, d= 1.0 with timeout of 5s...
13-10-2024 18:01:43 - INFO - Setting Chmaber Zones to a= 0.7, b= 0.8, c= 0.9, d= 1.0 request successfully sent.
13-10-2024 18:01:43 - INFO - Response from moonraker: {'result': 'ok'}
13-10-2024 18:01:43 - INFO - Setting Chmaber Zones to a= 0.7, b= 0.8, c= 0.9, d= 1.0 Request successfully executed.
13-10-2024 18:01:44 - INFO - Sending request to Setting Chmaber Zones to a= 0.7, b= 0.8, c= 0.9, d= 1.0 with timeout of 5s...
13-10-2024 18:01:44 - INFO - Setting Chmaber Zones to a= 0.7, b= 0.8, c= 0.9, d= 1.0 request successfully sent.
13-10-2024 18:01:44 - INFO - Response from moonraker: {'result': 'ok'}
13-10-2024 18:01:44 - INFO - Setting Chmaber Zones to a= 0.7, b= 0.8, c= 0.9, d= 1.0 Request successfully executed.
13-10-2024 18:01:45 - INFO - Sending request to Setting Chmaber Zones to a= 0.7, b= 0.8, c= 0.9, d= 1.0 with timeout of 5s...
13-10-2024 18:01:45 - INFO - Setting Chmaber Zones to a= 0.7, b= 0.8, c= 0.9, d= 1.0 request successfully sent.
13-10-2024 18:01:45 - INFO - Response from moonraker: {'result': 'ok'}
13-10-2024 18:01:45 - INFO - Setting Chmaber Zones to a= 0.7, b= 0.8, c= 0.9, d= 1.0 Request successfully executed.
13-10-2024 18:01:46 - INFO - Sending request to Setting Chmaber Zones to a= 0.7, b= 0.8, c= 0.9, d= 1.0 with timeout of 5s...
13-10-2024 18:01:46 - INFO - Setting Chmaber Zones to a= 0.7, b= 0.8, c= 0.9, d= 1.0 request successfully sent.
13-10-2024 18:01:46 - INFO - Response from moonraker: {'result': 'ok'}
13-10-2024 18:01:46 - INFO - Setting Chmaber Zones to a= 0.7, b= 0.8, c= 0.9, d= 1.0 Request successfully executed.
13-10-2024 18:01:47 - INFO - Sending request to Setting Chmaber Zones to a= 0.7, b= 0.8, c= 0.9, d= 1.0 with timeout of 5s...
13-10-2024 18:01:47 - INFO - Setting Chmaber Zones to a= 0.7, b= 0.8, c= 0.9, d= 1.0 request successfully sent.
13-10-2024 18:01:47 - INFO - Response from moonraker: {'result': 'ok'}
13-10-2024 18:01:47 - INFO - Setting Chmaber Zones to a= 0.7, b= 0.8, c= 0.9, d= 1.0 Request successfully executed.
13-10-2024 18:01:48 - INFO - Sending request to Setting Chmaber Zones to a= 0.7, b= 0.8, c= 0.9, d= 1.0 with timeout of 5s...
13-10-2024 18:01:48 - INFO - Setting Chmaber Zones to a= 0.7, b= 0.8, c= 0.9, d= 1.0 request successfully sent.
13-10-2024 18:01:48 - INFO - Response from moonraker: {'result': 'ok'}
13-10-2024 18:01:48 - INFO - Setting Chmaber Zones to a= 0.7, b= 0.8, c= 0.9, d= 1.0 Request successfully executed.
13-10-2024 18:01:49 - INFO - Sending request to Setting Chmaber Zones to a= 0.7, b= 0.8, c= 0.9, d= 1.0 with timeout of 5s...
13-10-2024 18:01:49 - INFO - Setting Chmaber Zones to a= 0.7, b= 0.8, c= 0.9, d= 1.0 request successfully sent.
13-10-2024 18:01:49 - INFO - Response from moonraker: {'result': 'ok'}
13-10-2024 18:01:49 - INFO - Setting Chmaber Zones to a= 0.7, b= 0.8, c= 0.9, d= 1.0 Request successfully executed.
13-10-2024 18:01:50 - INFO - Sending request to Setting Chmaber Zones to a= 0.7, b= 0.8, c= 0.9, d= 1.0 with timeout of 5s...
13-10-2024 18:01:50 - INFO - Setting Chmaber Zones to a= 0.7, b= 0.8, c= 0.9, d= 1.0 request successfully sent.
13-10-2024 18:01:50 - INFO - Response from moonraker: {'result': 'ok'}
13-10-2024 18:01:50 - INFO - Setting Chmaber Zones to a= 0.7, b= 0.8, c= 0.9, d= 1.0 Request successfully executed.
13-10-2024 18:01:51 - INFO - Sending request to Setting Chmaber Zones to a= 0.5663000000000005, b= 0.6472000000000006, c= 0.7281000000000006, d= 0.8090000000000006 with timeout of 5s...
13-10-2024 18:01:51 - INFO - Setting Chmaber Zones to a= 0.5663000000000005, b= 0.6472000000000006, c= 0.7281000000000006, d= 0.8090000000000006 request successfully sent.
13-10-2024 18:01:51 - INFO - Response from moonraker: {'result': 'ok'}
13-10-2024 18:01:51 - INFO - Setting Chmaber Zones to a= 0.5663000000000005, b= 0.6472000000000006, c= 0.7281000000000006, d= 0.8090000000000006 Request successfully executed.
13-10-2024 18:01:56 - INFO - Sending request to Setting Chmaber Zones to a= 0, b= 0, c= 0, d= 0 with timeout of 5s...
13-10-2024 18:01:56 - INFO - Setting Chmaber Zones to a= 0, b= 0, c= 0, d= 0 request successfully sent.
13-10-2024 18:01:56 - INFO - Response from moonraker: {'result': 'ok'}
13-10-2024 18:01:56 - INFO - Setting Chmaber Zones to a= 0, b= 0, c= 0, d= 0 Request successfully executed.
