13-10-2024 17:54:19 - INFO - Sending request to Setting Chmaber Zones to a= 0.7, b= 0.8, c= 0.9, d= 1.0 with timeout of 5s...
13-10-2024 17:54:19 - INFO - Setting Chmaber Zones to a= 0.7, b= 0.8, c= 0.9, d= 1.0 request successfully sent.
13-10-2024 17:54:19 - INFO - Response from moonraker: {'result': 'ok'}
13-10-2024 17:54:19 - INFO - Setting Chmaber Zones to a= 0.7, b= 0.8, c= 0.9, d= 1.0 Request successfully executed.
13-10-2024 17:54:20 - INFO - Sending request to Setting Chmaber Zones to a= 0.7, b= 0.8, c= 0.9, d= 1.0 with timeout of 5s...
13-10-2024 17:54:20 - INFO - Setting Chmaber Zones to a= 0.7, b= 0.8, c= 0.9, d= 1.0 request successfully sent.
13-10-2024 17:54:20 - INFO - Response from moonraker: {'result': 'ok'}
13-10-2024 17:54:20 - INFO - Setting Chmaber Zones to a= 0.7, b= 0.8, c= 0.9, d= 1.0 Request successfully executed.
13-10-2024 17:54:21 - INFO - Sending request to Setting Chmaber Zones to a= 0.7, b= 0.8, c= 0.9, d= 1.0 with timeout of 5s...
13-10-2024 17:54:21 - INFO - Setting Chmaber Zones to a= 0.7, b= 0.8, c= 0.9, d= 1.0 request successfully sent.
13-10-2024 17:54:21 - INFO - Response from moonraker: {'result': 'ok'}
13-10-2024 17:54:21 - INFO - Setting Chmaber Zones to a= 0.7, b= 0.8, c= 0.9, d= 1.0 Request successfully executed.
13-10-2024 17:54:22 - INFO - Sending request to Setting Chmaber Zones to a= 0.7, b= 0.8, c= 0.9, d= 1.0 with timeout of 5s...
13-10-2024 17:54:22 - INFO - Setting Chmaber Zones to a= 0.7, b= 0.8, c= 0.9, d= 1.0 request successfully sent.
13-10-2024 17:54:22 - INFO - Response from moonraker: {'result': 'ok'}
13-10-2024 17:54:22 - INFO - Setting Chmaber Zones to a= 0.7, b= 0.8, c= 0.9, d= 1.0 Request successfully executed.
13-10-2024 17:54:23 - INFO - Sending request to Setting Chmaber Zones to a= 0.7, b= 0.8, c= 0.9, d= 1.0 with timeout of 5s...
13-10-2024 17:54:23 - INFO - Setting Chmaber Zones to a= 0.7, b= 0.8, c= 0.9, d= 1.0 request successfully sent.
13-10-2024 17:54:23 - INFO - Response from moonraker: {'result': 'ok'}
13-10-2024 17:54:23 - INFO - Setting Chmaber Zones to a= 0.7, b= 0.8, c= 0.9, d= 1.0 Request successfully executed.
13-10-2024 17:54:24 - INFO - Sending request to Setting Chmaber Zones to a= 0.7, b= 0.8, c= 0.9, d= 1.0 with timeout of 5s...
13-10-2024 17:54:24 - INFO - Setting Chmaber Zones to a= 0.7, b= 0.8, c= 0.9, d= 1.0 request successfully sent.
13-10-2024 17:54:24 - INFO - Response from moonraker: {'result': 'ok'}
13-10-2024 17:54:24 - INFO - Setting Chmaber Zones to a= 0.7, b= 0.8, c= 0.9, d= 1.0 Request successfully executed.
13-10-2024 17:54:25 - INFO - Sending request to Setting Chmaber Zones to a= 0.7, b= 0.8, c= 0.9, d= 1.0 with timeout of 5s...
13-10-2024 17:54:25 - INFO - Setting Chmaber Zones to a= 0.7, b= 0.8, c= 0.9, d= 1.0 request successfully sent.
13-10-2024 17:54:25 - INFO - Response from moonraker: {'result': 'ok'}
13-10-2024 17:54:25 - INFO - Setting Chmaber Zones to a= 0.7, b= 0.8, c= 0.9, d= 1.0 Request successfully executed.
13-10-2024 17:54:26 - INFO - Sending request to Setting Chmaber Zones to a= 0.7, b= 0.8, c= 0.9, d= 1.0 with timeout of 5s...
13-10-2024 17:54:26 - INFO - Setting Chmaber Zones to a= 0.7, b= 0.8, c= 0.9, d= 1.0 request successfully sent.
13-10-2024 17:54:26 - INFO - Response from moonraker: {'result': 'ok'}
13-10-2024 17:54:26 - INFO - Setting Chmaber Zones to a= 0.7, b= 0.8, c= 0.9, d= 1.0 Request successfully executed.
13-10-2024 17:54:27 - INFO - Sending request to Setting Chmaber Zones to a= 0.7, b= 0.8, c= 0.9, d= 1.0 with timeout of 5s...
13-10-2024 17:54:27 - INFO - Setting Chmaber Zones to a= 0.7, b= 0.8, c= 0.9, d= 1.0 request successfully sent.
13-10-2024 17:54:27 - INFO - Response from moonraker: {'result': 'ok'}
13-10-2024 17:54:27 - INFO - Setting Chmaber Zones to a= 0.7, b= 0.8, c= 0.9, d= 1.0 Request successfully executed.
13-10-2024 17:54:28 - INFO - Sending request to Setting Chmaber Zones to a= 0.7, b= 0.8, c= 0.9, d= 1.0 with timeout of 5s...
13-10-2024 17:54:28 - INFO - Setting Chmaber Zones to a= 0.7, b= 0.8, c= 0.9, d= 1.0 request successfully sent.
13-10-2024 17:54:28 - INFO - Response from moonraker: {'result': 'ok'}
13-10-2024 17:54:28 - INFO - Setting Chmaber Zones to a= 0.7, b= 0.8, c= 0.9, d= 1.0 Request successfully executed.
13-10-2024 17:54:29 - INFO - Sending request to Setting Chmaber Zones to a= 0.7, b= 0.8, c= 0.9, d= 1.0 with timeout of 5s...
13-10-2024 17:54:29 - INFO - Setting Chmaber Zones to a= 0.7, b= 0.8, c= 0.9, d= 1.0 request successfully sent.
13-10-2024 17:54:29 - INFO - Response from moonraker: {'result': 'ok'}
13-10-2024 17:54:29 - INFO - Setting Chmaber Zones to a= 0.7, b= 0.8, c= 0.9, d= 1.0 Request successfully executed.
13-10-2024 17:54:30 - INFO - Sending request to Setting Chmaber Zones to a= 0.7, b= 0.8, c= 0.9, d= 1.0 with timeout of 5s...
13-10-2024 17:54:30 - INFO - Setting Chmaber Zones to a= 0.7, b= 0.8, c= 0.9, d= 1.0 request successfully sent.
13-10-2024 17:54:30 - INFO - Response from moonraker: {'result': 'ok'}
13-10-2024 17:54:30 - INFO - Setting Chmaber Zones to a= 0.7, b= 0.8, c= 0.9, d= 1.0 Request successfully executed.
13-10-2024 17:54:31 - INFO - Sending request to Setting Chmaber Zones to a= 0.7, b= 0.8, c= 0.9, d= 1.0 with timeout of 5s...
13-10-2024 17:54:31 - INFO - Setting Chmaber Zones to a= 0.7, b= 0.8, c= 0.9, d= 1.0 request successfully sent.
13-10-2024 17:54:31 - INFO - Response from moonraker: {'result': 'ok'}
13-10-2024 17:54:31 - INFO - Setting Chmaber Zones to a= 0.7, b= 0.8, c= 0.9, d= 1.0 Request successfully executed.
13-10-2024 17:54:32 - INFO - Sending request to Setting Chmaber Zones to a= 0.7, b= 0.8, c= 0.9, d= 1.0 with timeout of 5s...
13-10-2024 17:54:32 - INFO - Setting Chmaber Zones to a= 0.7, b= 0.8, c= 0.9, d= 1.0 request successfully sent.
13-10-2024 17:54:32 - INFO - Response from moonraker: {'result': 'ok'}
13-10-2024 17:54:32 - INFO - Setting Chmaber Zones to a= 0.7, b= 0.8, c= 0.9, d= 1.0 Request successfully executed.
13-10-2024 17:54:33 - INFO - Sending request to Setting Chmaber Zones to a= 0.5145000000000001, b= 0.5880000000000001, c= 0.6615000000000001, d= 0.7350000000000001 with timeout of 5s...
13-10-2024 17:54:33 - INFO - Setting Chmaber Zones to a= 0.5145000000000001, b= 0.5880000000000001, c= 0.6615000000000001, d= 0.7350000000000001 request successfully sent.
13-10-2024 17:54:33 - INFO - Response from moonraker: {'result': 'ok'}
13-10-2024 17:54:33 - INFO - Setting Chmaber Zones to a= 0.5145000000000001, b= 0.5880000000000001, c= 0.6615000000000001, d= 0.7350000000000001 Request successfully executed.
13-10-2024 17:54:34 - INFO - Sending request to Setting Chmaber Zones to a= 0.34299999999999964, b= 0.3919999999999996, c= 0.4409999999999995, d= 0.4899999999999995 with timeout of 5s...
13-10-2024 17:54:34 - INFO - Setting Chmaber Zones to a= 0.34299999999999964, b= 0.3919999999999996, c= 0.4409999999999995, d= 0.4899999999999995 request successfully sent.
13-10-2024 17:54:34 - INFO - Response from moonraker: {'result': 'ok'}
13-10-2024 17:54:34 - INFO - Setting Chmaber Zones to a= 0.34299999999999964, b= 0.3919999999999996, c= 0.4409999999999995, d= 0.4899999999999995 Request successfully executed.
13-10-2024 17:54:35 - INFO - Sending request to Setting Chmaber Zones to a= 0.24220000000000003, b= 0.27680000000000005, c= 0.31140000000000007, d= 0.34600000000000003 with timeout of 5s...
13-10-2024 17:54:35 - INFO - Setting Chmaber Zones to a= 0.24220000000000003, b= 0.27680000000000005, c= 0.31140000000000007, d= 0.34600000000000003 request successfully sent.
13-10-2024 17:54:35 - INFO - Response from moonraker: {'result': 'ok'}
13-10-2024 17:54:35 - INFO - Setting Chmaber Zones to a= 0.24220000000000003, b= 0.27680000000000005, c= 0.31140000000000007, d= 0.34600000000000003 Request successfully executed.
13-10-2024 17:54:36 - INFO - Sending request to Setting Chmaber Zones to a= 0.22680000000000003, b= 0.25920000000000004, c= 0.2916000000000001, d= 0.32400000000000007 with timeout of 5s...
13-10-2024 17:54:36 - INFO - Setting Chmaber Zones to a= 0.22680000000000003, b= 0.25920000000000004, c= 0.2916000000000001, d= 0.32400000000000007 request successfully sent.
13-10-2024 17:54:36 - INFO - Response from moonraker: {'result': 'ok'}
13-10-2024 17:54:36 - INFO - Setting Chmaber Zones to a= 0.22680000000000003, b= 0.25920000000000004, c= 0.2916000000000001, d= 0.32400000000000007 Request successfully executed.
13-10-2024 17:54:37 - INFO - Sending request to Setting Chmaber Zones to a= 0.47529999999999994, b= 0.5431999999999999, c= 0.6111, d= 0.6789999999999999 with timeout of 5s...
13-10-2024 17:54:37 - INFO - Setting Chmaber Zones to a= 0.47529999999999994, b= 0.5431999999999999, c= 0.6111, d= 0.6789999999999999 request successfully sent.
13-10-2024 17:54:37 - INFO - Response from moonraker: {'result': 'ok'}
13-10-2024 17:54:37 - INFO - Setting Chmaber Zones to a= 0.47529999999999994, b= 0.5431999999999999, c= 0.6111, d= 0.6789999999999999 Request successfully executed.
13-10-2024 17:54:38 - INFO - Sending request to Setting Chmaber Zones to a= 0.48649999999999965, b= 0.5559999999999996, c= 0.6254999999999995, d= 0.6949999999999996 with timeout of 5s...
13-10-2024 17:54:38 - INFO - Setting Chmaber Zones to a= 0.48649999999999965, b= 0.5559999999999996, c= 0.6254999999999995, d= 0.6949999999999996 request successfully sent.
13-10-2024 17:54:38 - INFO - Response from moonraker: {'result': 'ok'}
13-10-2024 17:54:38 - INFO - Setting Chmaber Zones to a= 0.48649999999999965, b= 0.5559999999999996, c= 0.6254999999999995, d= 0.6949999999999996 Request successfully executed.
13-10-2024 17:54:39 - INFO - Sending request to Setting Chmaber Zones to a= 0.4493999999999997, b= 0.5135999999999996, c= 0.5777999999999995, d= 0.6419999999999996 with timeout of 5s...
13-10-2024 17:54:39 - INFO - Setting Chmaber Zones to a= 0.4493999999999997, b= 0.5135999999999996, c= 0.5777999999999995, d= 0.6419999999999996 request successfully sent.
13-10-2024 17:54:39 - INFO - Response from moonraker: {'result': 'ok'}
13-10-2024 17:54:39 - INFO - Setting Chmaber Zones to a= 0.4493999999999997, b= 0.5135999999999996, c= 0.5777999999999995, d= 0.6419999999999996 Request successfully executed.
13-10-2024 17:54:40 - INFO - Sending request to Setting Chmaber Zones to a= 0.2491999999999996, b= 0.28479999999999955, c= 0.3203999999999995, d= 0.35599999999999943 with timeout of 5s...
13-10-2024 17:54:40 - INFO - Setting Chmaber Zones to a= 0.2491999999999996, b= 0.28479999999999955, c= 0.3203999999999995, d= 0.35599999999999943 request successfully sent.
13-10-2024 17:54:40 - INFO - Response from moonraker: {'result': 'ok'}
13-10-2024 17:54:40 - INFO - Setting Chmaber Zones to a= 0.2491999999999996, b= 0.28479999999999955, c= 0.3203999999999995, d= 0.35599999999999943 Request successfully executed.
13-10-2024 17:54:41 - INFO - Sending request to Setting Chmaber Zones to a= 0.0917, b= 0.1048, c= 0.1179, d= 0.131 with timeout of 5s...
13-10-2024 17:54:41 - INFO - Setting Chmaber Zones to a= 0.0917, b= 0.1048, c= 0.1179, d= 0.131 request successfully sent.
13-10-2024 17:54:41 - INFO - Response from moonraker: {'result': 'ok'}
13-10-2024 17:54:41 - INFO - Setting Chmaber Zones to a= 0.0917, b= 0.1048, c= 0.1179, d= 0.131 Request successfully executed.
13-10-2024 17:54:42 - INFO - Sending request to Setting Chmaber Zones to a= 0.08329999999999965, b= 0.09519999999999959, c= 0.10709999999999953, d= 0.1189999999999995 with timeout of 5s...
13-10-2024 17:54:42 - INFO - Setting Chmaber Zones to a= 0.08329999999999965, b= 0.09519999999999959, c= 0.10709999999999953, d= 0.1189999999999995 request successfully sent.
13-10-2024 17:54:42 - INFO - Response from moonraker: {'result': 'ok'}
13-10-2024 17:54:42 - INFO - Setting Chmaber Zones to a= 0.08329999999999965, b= 0.09519999999999959, c= 0.10709999999999953, d= 0.1189999999999995 Request successfully executed.
13-10-2024 17:54:43 - INFO - Sending request to Setting Chmaber Zones to a= 0.4549999999999998, b= 0.5199999999999997, c= 0.5849999999999997, d= 0.6499999999999997 with timeout of 5s...
13-10-2024 17:54:43 - INFO - Setting Chmaber Zones to a= 0.4549999999999998, b= 0.5199999999999997, c= 0.5849999999999997, d= 0.6499999999999997 request successfully sent.
13-10-2024 17:54:43 - INFO - Response from moonraker: {'result': 'ok'}
13-10-2024 17:54:43 - INFO - Setting Chmaber Zones to a= 0.4549999999999998, b= 0.5199999999999997, c= 0.5849999999999997, d= 0.6499999999999997 Request successfully executed.
13-10-2024 17:54:44 - INFO - Sending request to Setting Chmaber Zones to a= 0.5060999999999999, b= 0.5783999999999998, c= 0.6506999999999998, d= 0.7229999999999996 with timeout of 5s...
13-10-2024 17:54:44 - INFO - Setting Chmaber Zones to a= 0.5060999999999999, b= 0.5783999999999998, c= 0.6506999999999998, d= 0.7229999999999996 request successfully sent.
13-10-2024 17:54:44 - INFO - Response from moonraker: {'result': 'ok'}
13-10-2024 17:54:44 - INFO - Setting Chmaber Zones to a= 0.5060999999999999, b= 0.5783999999999998, c= 0.6506999999999998, d= 0.7229999999999996 Request successfully executed.
13-10-2024 17:54:45 - INFO - Sending request to Setting Chmaber Zones to a= 0.5774999999999995, b= 0.6599999999999995, c= 0.7424999999999994, d= 0.8249999999999993 with timeout of 5s...
13-10-2024 17:54:45 - INFO - Setting Chmaber Zones to a= 0.5774999999999995, b= 0.6599999999999995, c= 0.7424999999999994, d= 0.8249999999999993 request successfully sent.
13-10-2024 17:54:45 - INFO - Response from moonraker: {'result': 'ok'}
13-10-2024 17:54:45 - INFO - Setting Chmaber Zones to a= 0.5774999999999995, b= 0.6599999999999995, c= 0.7424999999999994, d= 0.8249999999999993 Request successfully executed.
13-10-2024 17:54:46 - INFO - Sending request to Setting Chmaber Zones to a= 0.11759999999999976, b= 0.13439999999999974, c= 0.1511999999999997, d= 0.16799999999999968 with timeout of 5s...
13-10-2024 17:54:46 - INFO - Setting Chmaber Zones to a= 0.11759999999999976, b= 0.13439999999999974, c= 0.1511999999999997, d= 0.16799999999999968 request successfully sent.
13-10-2024 17:54:46 - INFO - Response from moonraker: {'result': 'ok'}
13-10-2024 17:54:46 - INFO - Setting Chmaber Zones to a= 0.11759999999999976, b= 0.13439999999999974, c= 0.1511999999999997, d= 0.16799999999999968 Request successfully executed.
13-10-2024 17:54:47 - INFO - Sending request to Setting Chmaber Zones to a= 0.0, b= 0.0, c= 0.0, d= 0.0 with timeout of 5s...
13-10-2024 17:54:47 - INFO - Setting Chmaber Zones to a= 0.0, b= 0.0, c= 0.0, d= 0.0 request successfully sent.
13-10-2024 17:54:47 - INFO - Response from moonraker: {'result': 'ok'}
13-10-2024 17:54:47 - INFO - Setting Chmaber Zones to a= 0.0, b= 0.0, c= 0.0, d= 0.0 Request successfully executed.
13-10-2024 17:54:48 - INFO - Sending request to Setting Chmaber Zones to a= 0.0, b= 0.0, c= 0.0, d= 0.0 with timeout of 5s...
13-10-2024 17:54:48 - INFO - Setting Chmaber Zones to a= 0.0, b= 0.0, c= 0.0, d= 0.0 request successfully sent.
13-10-2024 17:54:48 - INFO - Response from moonraker: {'result': 'ok'}
13-10-2024 17:54:48 - INFO - Setting Chmaber Zones to a= 0.0, b= 0.0, c= 0.0, d= 0.0 Request successfully executed.
13-10-2024 17:54:49 - INFO - Sending request to Setting Chmaber Zones to a= 0.13720000000000004, b= 0.15680000000000005, c= 0.17640000000000003, d= 0.19600000000000006 with timeout of 5s...
13-10-2024 17:54:49 - INFO - Setting Chmaber Zones to a= 0.13720000000000004, b= 0.15680000000000005, c= 0.17640000000000003, d= 0.19600000000000006 request successfully sent.
13-10-2024 17:54:49 - INFO - Response from moonraker: {'result': 'ok'}
13-10-2024 17:54:49 - INFO - Setting Chmaber Zones to a= 0.13720000000000004, b= 0.15680000000000005, c= 0.17640000000000003, d= 0.19600000000000006 Request successfully executed.
13-10-2024 17:54:50 - INFO - Sending request to Setting Chmaber Zones to a= 0.6587000000000002, b= 0.7528000000000001, c= 0.8469000000000001, d= 0.9410000000000003 with timeout of 5s...
13-10-2024 17:54:50 - INFO - Setting Chmaber Zones to a= 0.6587000000000002, b= 0.7528000000000001, c= 0.8469000000000001, d= 0.9410000000000003 request successfully sent.
13-10-2024 17:54:50 - INFO - Response from moonraker: {'result': 'ok'}
13-10-2024 17:54:50 - INFO - Setting Chmaber Zones to a= 0.6587000000000002, b= 0.7528000000000001, c= 0.8469000000000001, d= 0.9410000000000003 Request successfully executed.
13-10-2024 17:54:51 - INFO - Sending request to Setting Chmaber Zones to a= 0.6642999999999997, b= 0.7591999999999995, c= 0.8540999999999994, d= 0.9489999999999994 with timeout of 5s...
13-10-2024 17:54:51 - INFO - Setting Chmaber Zones to a= 0.6642999999999997, b= 0.7591999999999995, c= 0.8540999999999994, d= 0.9489999999999994 request successfully sent.
13-10-2024 17:54:51 - INFO - Response from moonraker: {'result': 'ok'}
13-10-2024 17:54:51 - INFO - Setting Chmaber Zones to a= 0.6642999999999997, b= 0.7591999999999995, c= 0.8540999999999994, d= 0.9489999999999994 Request successfully executed.
13-10-2024 17:54:52 - INFO - Sending request to Setting Chmaber Zones to a= 0.1903999999999997, b= 0.21759999999999965, c= 0.2447999999999996, d= 0.2719999999999996 with timeout of 5s...
13-10-2024 17:54:52 - INFO - Setting Chmaber Zones to a= 0.1903999999999997, b= 0.21759999999999965, c= 0.2447999999999996, d= 0.2719999999999996 request successfully sent.
13-10-2024 17:54:52 - INFO - Response from moonraker: {'result': 'ok'}
13-10-2024 17:54:52 - INFO - Setting Chmaber Zones to a= 0.1903999999999997, b= 0.21759999999999965, c= 0.2447999999999996, d= 0.2719999999999996 Request successfully executed.
13-10-2024 17:54:53 - INFO - Sending request to Setting Chmaber Zones to a= 0.0, b= 0.0, c= 0.0, d= 0.0 with timeout of 5s...
13-10-2024 17:54:53 - INFO - Setting Chmaber Zones to a= 0.0, b= 0.0, c= 0.0, d= 0.0 request successfully sent.
13-10-2024 17:54:53 - INFO - Response from moonraker: {'result': 'ok'}
13-10-2024 17:54:53 - INFO - Setting Chmaber Zones to a= 0.0, b= 0.0, c= 0.0, d= 0.0 Request successfully executed.
13-10-2024 17:54:54 - INFO - Sending request to Setting Chmaber Zones to a= 0.0, b= 0.0, c= 0.0, d= 0.0 with timeout of 5s...
13-10-2024 17:54:54 - INFO - Setting Chmaber Zones to a= 0.0, b= 0.0, c= 0.0, d= 0.0 request successfully sent.
13-10-2024 17:54:54 - INFO - Response from moonraker: {'result': 'ok'}
13-10-2024 17:54:54 - INFO - Setting Chmaber Zones to a= 0.0, b= 0.0, c= 0.0, d= 0.0 Request successfully executed.
13-10-2024 17:54:55 - INFO - Sending request to Setting Chmaber Zones to a= 0.0, b= 0.0, c= 0.0, d= 0.0 with timeout of 5s...
13-10-2024 17:54:55 - INFO - Setting Chmaber Zones to a= 0.0, b= 0.0, c= 0.0, d= 0.0 request successfully sent.
13-10-2024 17:54:55 - INFO - Response from moonraker: {'result': 'ok'}
13-10-2024 17:54:55 - INFO - Setting Chmaber Zones to a= 0.0, b= 0.0, c= 0.0, d= 0.0 Request successfully executed.
13-10-2024 17:54:56 - INFO - Sending request to Setting Chmaber Zones to a= 0.1855000000000001, b= 0.21200000000000013, c= 0.23850000000000016, d= 0.2650000000000002 with timeout of 5s...
13-10-2024 17:54:56 - INFO - Setting Chmaber Zones to a= 0.1855000000000001, b= 0.21200000000000013, c= 0.23850000000000016, d= 0.2650000000000002 request successfully sent.
13-10-2024 17:54:56 - INFO - Response from moonraker: {'result': 'ok'}
13-10-2024 17:54:56 - INFO - Setting Chmaber Zones to a= 0.1855000000000001, b= 0.21200000000000013, c= 0.23850000000000016, d= 0.2650000000000002 Request successfully executed.
13-10-2024 17:54:57 - INFO - Sending request to Setting Chmaber Zones to a= 0.5789, b= 0.6616, c= 0.7443, d= 0.8269999999999998 with timeout of 5s...
13-10-2024 17:54:57 - INFO - Setting Chmaber Zones to a= 0.5789, b= 0.6616, c= 0.7443, d= 0.8269999999999998 request successfully sent.
13-10-2024 17:54:57 - INFO - Response from moonraker: {'result': 'ok'}
13-10-2024 17:54:57 - INFO - Setting Chmaber Zones to a= 0.5789, b= 0.6616, c= 0.7443, d= 0.8269999999999998 Request successfully executed.
13-10-2024 17:54:58 - INFO - Sending request to Setting Chmaber Zones to a= 0.6110999999999998, b= 0.6983999999999996, c= 0.7856999999999996, d= 0.8729999999999996 with timeout of 5s...
13-10-2024 17:54:58 - INFO - Setting Chmaber Zones to a= 0.6110999999999998, b= 0.6983999999999996, c= 0.7856999999999996, d= 0.8729999999999996 request successfully sent.
13-10-2024 17:54:58 - INFO - Response from moonraker: {'result': 'ok'}
13-10-2024 17:54:58 - INFO - Setting Chmaber Zones to a= 0.6110999999999998, b= 0.6983999999999996, c= 0.7856999999999996, d= 0.8729999999999996 Request successfully executed.
13-10-2024 17:54:59 - INFO - Sending request to Setting Chmaber Zones to a= 0.07769999999999959, b= 0.08879999999999953, c= 0.09989999999999948, d= 0.1109999999999994 with timeout of 5s...
13-10-2024 17:54:59 - INFO - Setting Chmaber Zones to a= 0.07769999999999959, b= 0.08879999999999953, c= 0.09989999999999948, d= 0.1109999999999994 request successfully sent.
13-10-2024 17:54:59 - INFO - Response from moonraker: {'result': 'ok'}
13-10-2024 17:54:59 - INFO - Setting Chmaber Zones to a= 0.07769999999999959, b= 0.08879999999999953, c= 0.09989999999999948, d= 0.1109999999999994 Request successfully executed.
13-10-2024 17:55:00 - INFO - Sending request to Setting Chmaber Zones to a= 0.0, b= 0.0, c= 0.0, d= 0.0 with timeout of 5s...
13-10-2024 17:55:00 - INFO - Setting Chmaber Zones to a= 0.0, b= 0.0, c= 0.0, d= 0.0 request successfully sent.
13-10-2024 17:55:00 - INFO - Response from moonraker: {'result': 'ok'}
13-10-2024 17:55:00 - INFO - Setting Chmaber Zones to a= 0.0, b= 0.0, c= 0.0, d= 0.0 Request successfully executed.
13-10-2024 17:55:01 - INFO - Sending request to Setting Chmaber Zones to a= 0.0, b= 0.0, c= 0.0, d= 0.0 with timeout of 5s...
13-10-2024 17:55:01 - INFO - Setting Chmaber Zones to a= 0.0, b= 0.0, c= 0.0, d= 0.0 request successfully sent.
13-10-2024 17:55:01 - INFO - Response from moonraker: {'result': 'ok'}
13-10-2024 17:55:01 - INFO - Setting Chmaber Zones to a= 0.0, b= 0.0, c= 0.0, d= 0.0 Request successfully executed.
13-10-2024 17:55:02 - INFO - Sending request to Setting Chmaber Zones to a= 0.05669999999999965, b= 0.06479999999999961, c= 0.07289999999999956, d= 0.0809999999999995 with timeout of 5s...
13-10-2024 17:55:02 - INFO - Setting Chmaber Zones to a= 0.05669999999999965, b= 0.06479999999999961, c= 0.07289999999999956, d= 0.0809999999999995 request successfully sent.
13-10-2024 17:55:02 - INFO - Response from moonraker: {'result': 'ok'}
13-10-2024 17:55:02 - INFO - Setting Chmaber Zones to a= 0.05669999999999965, b= 0.06479999999999961, c= 0.07289999999999956, d= 0.0809999999999995 Request successfully executed.
13-10-2024 17:55:03 - INFO - Sending request to Setting Chmaber Zones to a= 0.3905999999999995, b= 0.44639999999999946, c= 0.5021999999999993, d= 0.5579999999999993 with timeout of 5s...
13-10-2024 17:55:03 - INFO - Setting Chmaber Zones to a= 0.3905999999999995, b= 0.44639999999999946, c= 0.5021999999999993, d= 0.5579999999999993 request successfully sent.
13-10-2024 17:55:03 - INFO - Response from moonraker: {'result': 'ok'}
13-10-2024 17:55:03 - INFO - Setting Chmaber Zones to a= 0.3905999999999995, b= 0.44639999999999946, c= 0.5021999999999993, d= 0.5579999999999993 Request successfully executed.
13-10-2024 17:55:04 - INFO - Sending request to Setting Chmaber Zones to a= 0.40599999999999964, b= 0.46399999999999963, c= 0.5219999999999996, d= 0.5799999999999995 with timeout of 5s...
13-10-2024 17:55:04 - INFO - Setting Chmaber Zones to a= 0.40599999999999964, b= 0.46399999999999963, c= 0.5219999999999996, d= 0.5799999999999995 request successfully sent.
13-10-2024 17:55:04 - INFO - Response from moonraker: {'result': 'ok'}
13-10-2024 17:55:04 - INFO - Setting Chmaber Zones to a= 0.40599999999999964, b= 0.46399999999999963, c= 0.5219999999999996, d= 0.5799999999999995 Request successfully executed.
13-10-2024 17:55:05 - INFO - Sending request to Setting Chmaber Zones to a= 0.4011, b= 0.4584, c= 0.5156999999999999, d= 0.573 with timeout of 5s...
13-10-2024 17:55:05 - INFO - Setting Chmaber Zones to a= 0.4011, b= 0.4584, c= 0.5156999999999999, d= 0.573 request successfully sent.
13-10-2024 17:55:05 - INFO - Response from moonraker: {'result': 'ok'}
13-10-2024 17:55:05 - INFO - Setting Chmaber Zones to a= 0.4011, b= 0.4584, c= 0.5156999999999999, d= 0.573 Request successfully executed.
13-10-2024 17:55:06 - INFO - Sending request to Setting Chmaber Zones to a= 0.0, b= 0.0, c= 0.0, d= 0.0 with timeout of 5s...
13-10-2024 17:55:06 - INFO - Setting Chmaber Zones to a= 0.0, b= 0.0, c= 0.0, d= 0.0 request successfully sent.
13-10-2024 17:55:06 - INFO - Response from moonraker: {'result': 'ok'}
13-10-2024 17:55:06 - INFO - Setting Chmaber Zones to a= 0.0, b= 0.0, c= 0.0, d= 0.0 Request successfully executed.
13-10-2024 17:55:07 - INFO - Sending request to Setting Chmaber Zones to a= 0.0, b= 0.0, c= 0.0, d= 0.0 with timeout of 5s...
13-10-2024 17:55:07 - INFO - Setting Chmaber Zones to a= 0.0, b= 0.0, c= 0.0, d= 0.0 request successfully sent.
13-10-2024 17:55:07 - INFO - Response from moonraker: {'result': 'ok'}
13-10-2024 17:55:07 - INFO - Setting Chmaber Zones to a= 0.0, b= 0.0, c= 0.0, d= 0.0 Request successfully executed.
13-10-2024 17:55:08 - INFO - Sending request to Setting Chmaber Zones to a= 0.0, b= 0.0, c= 0.0, d= 0.0 with timeout of 5s...
13-10-2024 17:55:08 - INFO - Setting Chmaber Zones to a= 0.0, b= 0.0, c= 0.0, d= 0.0 request successfully sent.
13-10-2024 17:55:08 - INFO - Response from moonraker: {'result': 'ok'}
13-10-2024 17:55:08 - INFO - Setting Chmaber Zones to a= 0.0, b= 0.0, c= 0.0, d= 0.0 Request successfully executed.
13-10-2024 17:55:09 - INFO - Sending request to Setting Chmaber Zones to a= 0.017499999999999995, b= 0.019999999999999997, c= 0.022499999999999996, d= 0.024999999999999994 with timeout of 5s...
13-10-2024 17:55:09 - INFO - Setting Chmaber Zones to a= 0.017499999999999995, b= 0.019999999999999997, c= 0.022499999999999996, d= 0.024999999999999994 request successfully sent.
13-10-2024 17:55:09 - INFO - Response from moonraker: {'result': 'ok'}
13-10-2024 17:55:09 - INFO - Setting Chmaber Zones to a= 0.017499999999999995, b= 0.019999999999999997, c= 0.022499999999999996, d= 0.024999999999999994 Request successfully executed.
13-10-2024 17:55:10 - INFO - Sending request to Setting Chmaber Zones to a= 0.4052999999999995, b= 0.46319999999999945, c= 0.5210999999999993, d= 0.5789999999999993 with timeout of 5s...
13-10-2024 17:55:10 - INFO - Setting Chmaber Zones to a= 0.4052999999999995, b= 0.46319999999999945, c= 0.5210999999999993, d= 0.5789999999999993 request successfully sent.
13-10-2024 17:55:10 - INFO - Response from moonraker: {'result': 'ok'}
13-10-2024 17:55:10 - INFO - Setting Chmaber Zones to a= 0.4052999999999995, b= 0.46319999999999945, c= 0.5210999999999993, d= 0.5789999999999993 Request successfully executed.
13-10-2024 17:55:11 - INFO - Sending request to Setting Chmaber Zones to a= 0.4493999999999997, b= 0.5135999999999996, c= 0.5777999999999995, d= 0.6419999999999996 with timeout of 5s...
13-10-2024 17:55:11 - INFO - Setting Chmaber Zones to a= 0.4493999999999997, b= 0.5135999999999996, c= 0.5777999999999995, d= 0.6419999999999996 request successfully sent.
13-10-2024 17:55:11 - INFO - Response from moonraker: {'result': 'ok'}
13-10-2024 17:55:11 - INFO - Setting Chmaber Zones to a= 0.4493999999999997, b= 0.5135999999999996, c= 0.5777999999999995, d= 0.6419999999999996 Request successfully executed.
13-10-2024 17:55:12 - INFO - Sending request to Setting Chmaber Zones to a= 0.1294999999999997, b= 0.14799999999999966, c= 0.1664999999999996, d= 0.18499999999999953 with timeout of 5s...
13-10-2024 17:55:12 - INFO - Setting Chmaber Zones to a= 0.1294999999999997, b= 0.14799999999999966, c= 0.1664999999999996, d= 0.18499999999999953 request successfully sent.
13-10-2024 17:55:12 - INFO - Response from moonraker: {'result': 'ok'}
13-10-2024 17:55:12 - INFO - Setting Chmaber Zones to a= 0.1294999999999997, b= 0.14799999999999966, c= 0.1664999999999996, d= 0.18499999999999953 Request successfully executed.
13-10-2024 17:55:13 - INFO - Sending request to Setting Chmaber Zones to a= 0.0, b= 0.0, c= 0.0, d= 0.0 with timeout of 5s...
13-10-2024 17:55:13 - INFO - Setting Chmaber Zones to a= 0.0, b= 0.0, c= 0.0, d= 0.0 request successfully sent.
13-10-2024 17:55:13 - INFO - Response from moonraker: {'result': 'ok'}
13-10-2024 17:55:13 - INFO - Setting Chmaber Zones to a= 0.0, b= 0.0, c= 0.0, d= 0.0 Request successfully executed.
13-10-2024 17:55:14 - INFO - Sending request to Setting Chmaber Zones to a= 0.0, b= 0.0, c= 0.0, d= 0.0 with timeout of 5s...
13-10-2024 17:55:14 - INFO - Setting Chmaber Zones to a= 0.0, b= 0.0, c= 0.0, d= 0.0 request successfully sent.
13-10-2024 17:55:14 - INFO - Response from moonraker: {'result': 'ok'}
13-10-2024 17:55:14 - INFO - Setting Chmaber Zones to a= 0.0, b= 0.0, c= 0.0, d= 0.0 Request successfully executed.
13-10-2024 17:55:15 - INFO - Sending request to Setting Chmaber Zones to a= 0.013299999999999439, b= 0.015199999999999358, c= 0.01709999999999928, d= 0.018999999999999198 with timeout of 5s...
13-10-2024 17:55:15 - INFO - Setting Chmaber Zones to a= 0.013299999999999439, b= 0.015199999999999358, c= 0.01709999999999928, d= 0.018999999999999198 request successfully sent.
13-10-2024 17:55:15 - INFO - Response from moonraker: {'result': 'ok'}
13-10-2024 17:55:15 - INFO - Setting Chmaber Zones to a= 0.013299999999999439, b= 0.015199999999999358, c= 0.01709999999999928, d= 0.018999999999999198 Request successfully executed.
13-10-2024 17:55:16 - INFO - Sending request to Setting Chmaber Zones to a= 0.1630999999999995, b= 0.18639999999999943, c= 0.20969999999999936, d= 0.2329999999999993 with timeout of 5s...
13-10-2024 17:55:16 - INFO - Setting Chmaber Zones to a= 0.1630999999999995, b= 0.18639999999999943, c= 0.20969999999999936, d= 0.2329999999999993 request successfully sent.
13-10-2024 17:55:16 - INFO - Response from moonraker: {'result': 'ok'}
13-10-2024 17:55:16 - INFO - Setting Chmaber Zones to a= 0.1630999999999995, b= 0.18639999999999943, c= 0.20969999999999936, d= 0.2329999999999993 Request successfully executed.
13-10-2024 17:55:17 - INFO - Sending request to Setting Chmaber Zones to a= 0.34719999999999984, b= 0.3967999999999999, c= 0.44639999999999985, d= 0.4959999999999998 with timeout of 5s...
13-10-2024 17:55:17 - INFO - Setting Chmaber Zones to a= 0.34719999999999984, b= 0.3967999999999999, c= 0.44639999999999985, d= 0.4959999999999998 request successfully sent.
13-10-2024 17:55:17 - INFO - Response from moonraker: {'result': 'ok'}
13-10-2024 17:55:17 - INFO - Setting Chmaber Zones to a= 0.34719999999999984, b= 0.3967999999999999, c= 0.44639999999999985, d= 0.4959999999999998 Request successfully executed.
13-10-2024 17:55:18 - INFO - Sending request to Setting Chmaber Zones to a= 0.3534999999999994, b= 0.40399999999999936, c= 0.4544999999999993, d= 0.5049999999999992 with timeout of 5s...
13-10-2024 17:55:18 - INFO - Setting Chmaber Zones to a= 0.3534999999999994, b= 0.40399999999999936, c= 0.4544999999999993, d= 0.5049999999999992 request successfully sent.
13-10-2024 17:55:18 - INFO - Response from moonraker: {'result': 'ok'}
13-10-2024 17:55:18 - INFO - Setting Chmaber Zones to a= 0.3534999999999994, b= 0.40399999999999936, c= 0.4544999999999993, d= 0.5049999999999992 Request successfully executed.
13-10-2024 17:55:19 - INFO - Sending request to Setting Chmaber Zones to a= 0.17779999999999985, b= 0.20319999999999983, c= 0.2285999999999998, d= 0.2539999999999998 with timeout of 5s...
13-10-2024 17:55:19 - INFO - Setting Chmaber Zones to a= 0.17779999999999985, b= 0.20319999999999983, c= 0.2285999999999998, d= 0.2539999999999998 request successfully sent.
13-10-2024 17:55:19 - INFO - Response from moonraker: {'result': 'ok'}
13-10-2024 17:55:19 - INFO - Setting Chmaber Zones to a= 0.17779999999999985, b= 0.20319999999999983, c= 0.2285999999999998, d= 0.2539999999999998 Request successfully executed.
13-10-2024 17:55:20 - INFO - Sending request to Setting Chmaber Zones to a= 0.0, b= 0.0, c= 0.0, d= 0.0 with timeout of 5s...
13-10-2024 17:55:20 - INFO - Setting Chmaber Zones to a= 0.0, b= 0.0, c= 0.0, d= 0.0 request successfully sent.
13-10-2024 17:55:20 - INFO - Response from moonraker: {'result': 'ok'}
13-10-2024 17:55:20 - INFO - Setting Chmaber Zones to a= 0.0, b= 0.0, c= 0.0, d= 0.0 Request successfully executed.
13-10-2024 17:55:21 - INFO - Sending request to Setting Chmaber Zones to a= 0.0, b= 0.0, c= 0.0, d= 0.0 with timeout of 5s...
13-10-2024 17:55:21 - INFO - Setting Chmaber Zones to a= 0.0, b= 0.0, c= 0.0, d= 0.0 request successfully sent.
13-10-2024 17:55:21 - INFO - Response from moonraker: {'result': 'ok'}
13-10-2024 17:55:21 - INFO - Setting Chmaber Zones to a= 0.0, b= 0.0, c= 0.0, d= 0.0 Request successfully executed.
13-10-2024 17:55:22 - INFO - Sending request to Setting Chmaber Zones to a= 0.0, b= 0.0, c= 0.0, d= 0.0 with timeout of 5s...
13-10-2024 17:55:22 - INFO - Setting Chmaber Zones to a= 0.0, b= 0.0, c= 0.0, d= 0.0 request successfully sent.
13-10-2024 17:55:22 - INFO - Response from moonraker: {'result': 'ok'}
13-10-2024 17:55:22 - INFO - Setting Chmaber Zones to a= 0.0, b= 0.0, c= 0.0, d= 0.0 Request successfully executed.
13-10-2024 17:55:23 - INFO - Sending request to Setting Chmaber Zones to a= 0.32269999999999954, b= 0.36879999999999946, c= 0.4148999999999994, d= 0.4609999999999993 with timeout of 5s...
13-10-2024 17:55:23 - INFO - Setting Chmaber Zones to a= 0.32269999999999954, b= 0.36879999999999946, c= 0.4148999999999994, d= 0.4609999999999993 request successfully sent.
13-10-2024 17:55:23 - INFO - Response from moonraker: {'result': 'ok'}
13-10-2024 17:55:23 - INFO - Setting Chmaber Zones to a= 0.32269999999999954, b= 0.36879999999999946, c= 0.4148999999999994, d= 0.4609999999999993 Request successfully executed.
13-10-2024 17:55:24 - INFO - Sending request to Setting Chmaber Zones to a= 0.42069999999999974, b= 0.48079999999999967, c= 0.5408999999999997, d= 0.6009999999999996 with timeout of 5s...
13-10-2024 17:55:24 - INFO - Setting Chmaber Zones to a= 0.42069999999999974, b= 0.48079999999999967, c= 0.5408999999999997, d= 0.6009999999999996 request successfully sent.
13-10-2024 17:55:24 - INFO - Response from moonraker: {'result': 'ok'}
13-10-2024 17:55:24 - INFO - Setting Chmaber Zones to a= 0.42069999999999974, b= 0.48079999999999967, c= 0.5408999999999997, d= 0.6009999999999996 Request successfully executed.
13-10-2024 17:55:25 - INFO - Sending request to Setting Chmaber Zones to a= 0.4738999999999994, b= 0.5415999999999993, c= 0.6092999999999992, d= 0.676999999999999 with timeout of 5s...
13-10-2024 17:55:25 - INFO - Setting Chmaber Zones to a= 0.4738999999999994, b= 0.5415999999999993, c= 0.6092999999999992, d= 0.676999999999999 request successfully sent.
13-10-2024 17:55:25 - INFO - Response from moonraker: {'result': 'ok'}
13-10-2024 17:55:25 - INFO - Setting Chmaber Zones to a= 0.4738999999999994, b= 0.5415999999999993, c= 0.6092999999999992, d= 0.676999999999999 Request successfully executed.
13-10-2024 17:55:26 - INFO - Sending request to Setting Chmaber Zones to a= 0.0, b= 0.0, c= 0.0, d= 0.0 with timeout of 5s...
13-10-2024 17:55:26 - INFO - Setting Chmaber Zones to a= 0.0, b= 0.0, c= 0.0, d= 0.0 request successfully sent.
13-10-2024 17:55:26 - INFO - Response from moonraker: {'result': 'ok'}
13-10-2024 17:55:26 - INFO - Setting Chmaber Zones to a= 0.0, b= 0.0, c= 0.0, d= 0.0 Request successfully executed.
13-10-2024 17:55:27 - INFO - Sending request to Setting Chmaber Zones to a= 0.0, b= 0.0, c= 0.0, d= 0.0 with timeout of 5s...
13-10-2024 17:55:27 - INFO - Setting Chmaber Zones to a= 0.0, b= 0.0, c= 0.0, d= 0.0 request successfully sent.
13-10-2024 17:55:27 - INFO - Response from moonraker: {'result': 'ok'}
13-10-2024 17:55:27 - INFO - Setting Chmaber Zones to a= 0.0, b= 0.0, c= 0.0, d= 0.0 Request successfully executed.
13-10-2024 17:55:28 - INFO - Sending request to Setting Chmaber Zones to a= 0.0, b= 0.0, c= 0.0, d= 0.0 with timeout of 5s...
13-10-2024 17:55:28 - INFO - Setting Chmaber Zones to a= 0.0, b= 0.0, c= 0.0, d= 0.0 request successfully sent.
13-10-2024 17:55:28 - INFO - Response from moonraker: {'result': 'ok'}
13-10-2024 17:55:28 - INFO - Setting Chmaber Zones to a= 0.0, b= 0.0, c= 0.0, d= 0.0 Request successfully executed.
13-10-2024 17:55:29 - INFO - Sending request to Setting Chmaber Zones to a= 0.0, b= 0.0, c= 0.0, d= 0.0 with timeout of 5s...
13-10-2024 17:55:29 - INFO - Setting Chmaber Zones to a= 0.0, b= 0.0, c= 0.0, d= 0.0 request successfully sent.
13-10-2024 17:55:29 - INFO - Response from moonraker: {'result': 'ok'}
13-10-2024 17:55:29 - INFO - Setting Chmaber Zones to a= 0.0, b= 0.0, c= 0.0, d= 0.0 Request successfully executed.
13-10-2024 17:55:30 - INFO - Sending request to Setting Chmaber Zones to a= 0.24919999999999937, b= 0.2847999999999993, c= 0.3203999999999992, d= 0.3559999999999991 with timeout of 5s...
13-10-2024 17:55:30 - INFO - Setting Chmaber Zones to a= 0.24919999999999937, b= 0.2847999999999993, c= 0.3203999999999992, d= 0.3559999999999991 request successfully sent.
13-10-2024 17:55:30 - INFO - Response from moonraker: {'result': 'ok'}
13-10-2024 17:55:30 - INFO - Setting Chmaber Zones to a= 0.24919999999999937, b= 0.2847999999999993, c= 0.3203999999999992, d= 0.3559999999999991 Request successfully executed.
13-10-2024 17:55:31 - INFO - Sending request to Setting Chmaber Zones to a= 0.3562999999999996, b= 0.40719999999999956, c= 0.4580999999999995, d= 0.5089999999999995 with timeout of 5s...
13-10-2024 17:55:31 - INFO - Setting Chmaber Zones to a= 0.3562999999999996, b= 0.40719999999999956, c= 0.4580999999999995, d= 0.5089999999999995 request successfully sent.
13-10-2024 17:55:31 - INFO - Response from moonraker: {'result': 'ok'}
13-10-2024 17:55:31 - INFO - Setting Chmaber Zones to a= 0.3562999999999996, b= 0.40719999999999956, c= 0.4580999999999995, d= 0.5089999999999995 Request successfully executed.
13-10-2024 17:55:32 - INFO - Sending request to Setting Chmaber Zones to a= 0.3506999999999995, b= 0.4007999999999995, c= 0.4508999999999994, d= 0.5009999999999993 with timeout of 5s...
13-10-2024 17:55:32 - INFO - Setting Chmaber Zones to a= 0.3506999999999995, b= 0.4007999999999995, c= 0.4508999999999994, d= 0.5009999999999993 request successfully sent.
13-10-2024 17:55:32 - INFO - Response from moonraker: {'result': 'ok'}
13-10-2024 17:55:32 - INFO - Setting Chmaber Zones to a= 0.3506999999999995, b= 0.4007999999999995, c= 0.4508999999999994, d= 0.5009999999999993 Request successfully executed.
13-10-2024 17:55:33 - INFO - Sending request to Setting Chmaber Zones to a= 0.012599999999999875, b= 0.014399999999999857, c= 0.01619999999999984, d= 0.01799999999999982 with timeout of 5s...
13-10-2024 17:55:33 - INFO - Setting Chmaber Zones to a= 0.012599999999999875, b= 0.014399999999999857, c= 0.01619999999999984, d= 0.01799999999999982 request successfully sent.
13-10-2024 17:55:33 - INFO - Response from moonraker: {'result': 'ok'}
13-10-2024 17:55:33 - INFO - Setting Chmaber Zones to a= 0.012599999999999875, b= 0.014399999999999857, c= 0.01619999999999984, d= 0.01799999999999982 Request successfully executed.
13-10-2024 17:55:34 - INFO - Sending request to Setting Chmaber Zones to a= 0.0, b= 0.0, c= 0.0, d= 0.0 with timeout of 5s...
13-10-2024 17:55:34 - INFO - Setting Chmaber Zones to a= 0.0, b= 0.0, c= 0.0, d= 0.0 request successfully sent.
13-10-2024 17:55:34 - INFO - Response from moonraker: {'result': 'ok'}
13-10-2024 17:55:34 - INFO - Setting Chmaber Zones to a= 0.0, b= 0.0, c= 0.0, d= 0.0 Request successfully executed.
13-10-2024 17:55:35 - INFO - Sending request to Setting Chmaber Zones to a= 0.0, b= 0.0, c= 0.0, d= 0.0 with timeout of 5s...
13-10-2024 17:55:35 - INFO - Setting Chmaber Zones to a= 0.0, b= 0.0, c= 0.0, d= 0.0 request successfully sent.
13-10-2024 17:55:35 - INFO - Response from moonraker: {'result': 'ok'}
13-10-2024 17:55:35 - INFO - Setting Chmaber Zones to a= 0.0, b= 0.0, c= 0.0, d= 0.0 Request successfully executed.
13-10-2024 17:55:36 - INFO - Sending request to Setting Chmaber Zones to a= 0.0, b= 0.0, c= 0.0, d= 0.0 with timeout of 5s...
13-10-2024 17:55:36 - INFO - Setting Chmaber Zones to a= 0.0, b= 0.0, c= 0.0, d= 0.0 request successfully sent.
13-10-2024 17:55:36 - INFO - Response from moonraker: {'result': 'ok'}
13-10-2024 17:55:36 - INFO - Setting Chmaber Zones to a= 0.0, b= 0.0, c= 0.0, d= 0.0 Request successfully executed.
13-10-2024 17:55:37 - INFO - Sending request to Setting Chmaber Zones to a= 0.28279999999999955, b= 0.3231999999999995, c= 0.3635999999999994, d= 0.40399999999999936 with timeout of 5s...
13-10-2024 17:55:37 - INFO - Setting Chmaber Zones to a= 0.28279999999999955, b= 0.3231999999999995, c= 0.3635999999999994, d= 0.40399999999999936 request successfully sent.
13-10-2024 17:55:37 - INFO - Response from moonraker: {'result': 'ok'}
13-10-2024 17:55:37 - INFO - Setting Chmaber Zones to a= 0.28279999999999955, b= 0.3231999999999995, c= 0.3635999999999994, d= 0.40399999999999936 Request successfully executed.
13-10-2024 17:55:38 - INFO - Sending request to Setting Chmaber Zones to a= 0.37729999999999964, b= 0.43119999999999964, c= 0.48509999999999953, d= 0.5389999999999995 with timeout of 5s...
13-10-2024 17:55:38 - INFO - Setting Chmaber Zones to a= 0.37729999999999964, b= 0.43119999999999964, c= 0.48509999999999953, d= 0.5389999999999995 request successfully sent.
13-10-2024 17:55:38 - INFO - Response from moonraker: {'result': 'ok'}
13-10-2024 17:55:38 - INFO - Setting Chmaber Zones to a= 0.37729999999999964, b= 0.43119999999999964, c= 0.48509999999999953, d= 0.5389999999999995 Request successfully executed.
13-10-2024 17:55:39 - INFO - Sending request to Setting Chmaber Zones to a= 0.34579999999999933, b= 0.3951999999999993, c= 0.44459999999999916, d= 0.49399999999999905 with timeout of 5s...
13-10-2024 17:55:39 - INFO - Setting Chmaber Zones to a= 0.34579999999999933, b= 0.3951999999999993, c= 0.44459999999999916, d= 0.49399999999999905 request successfully sent.
13-10-2024 17:55:39 - INFO - Response from moonraker: {'result': 'ok'}
13-10-2024 17:55:39 - INFO - Setting Chmaber Zones to a= 0.34579999999999933, b= 0.3951999999999993, c= 0.44459999999999916, d= 0.49399999999999905 Request successfully executed.
13-10-2024 17:55:40 - INFO - Sending request to Setting Chmaber Zones to a= 0.12879999999999936, b= 0.14719999999999925, c= 0.16559999999999916, d= 0.1839999999999991 with timeout of 5s...
13-10-2024 17:55:40 - INFO - Setting Chmaber Zones to a= 0.12879999999999936, b= 0.14719999999999925, c= 0.16559999999999916, d= 0.1839999999999991 request successfully sent.
13-10-2024 17:55:40 - INFO - Response from moonraker: {'result': 'ok'}
13-10-2024 17:55:40 - INFO - Setting Chmaber Zones to a= 0.12879999999999936, b= 0.14719999999999925, c= 0.16559999999999916, d= 0.1839999999999991 Request successfully executed.
13-10-2024 17:55:41 - INFO - Sending request to Setting Chmaber Zones to a= 0.0, b= 0.0, c= 0.0, d= 0.0 with timeout of 5s...
13-10-2024 17:55:41 - INFO - Setting Chmaber Zones to a= 0.0, b= 0.0, c= 0.0, d= 0.0 request successfully sent.
13-10-2024 17:55:41 - INFO - Response from moonraker: {'result': 'ok'}
13-10-2024 17:55:41 - INFO - Setting Chmaber Zones to a= 0.0, b= 0.0, c= 0.0, d= 0.0 Request successfully executed.
13-10-2024 17:55:42 - INFO - Sending request to Setting Chmaber Zones to a= 0.0, b= 0.0, c= 0.0, d= 0.0 with timeout of 5s...
13-10-2024 17:55:42 - INFO - Setting Chmaber Zones to a= 0.0, b= 0.0, c= 0.0, d= 0.0 request successfully sent.
13-10-2024 17:55:42 - INFO - Response from moonraker: {'result': 'ok'}
13-10-2024 17:55:42 - INFO - Setting Chmaber Zones to a= 0.0, b= 0.0, c= 0.0, d= 0.0 Request successfully executed.
13-10-2024 17:55:43 - INFO - Sending request to Setting Chmaber Zones to a= 0.0, b= 0.0, c= 0.0, d= 0.0 with timeout of 5s...
13-10-2024 17:55:43 - INFO - Setting Chmaber Zones to a= 0.0, b= 0.0, c= 0.0, d= 0.0 request successfully sent.
13-10-2024 17:55:43 - INFO - Response from moonraker: {'result': 'ok'}
13-10-2024 17:55:43 - INFO - Setting Chmaber Zones to a= 0.0, b= 0.0, c= 0.0, d= 0.0 Request successfully executed.
13-10-2024 17:55:44 - INFO - Sending request to Setting Chmaber Zones to a= 0.08819999999999925, b= 0.10079999999999917, c= 0.11339999999999906, d= 0.12599999999999895 with timeout of 5s...
13-10-2024 17:55:44 - INFO - Setting Chmaber Zones to a= 0.08819999999999925, b= 0.10079999999999917, c= 0.11339999999999906, d= 0.12599999999999895 request successfully sent.
13-10-2024 17:55:44 - INFO - Response from moonraker: {'result': 'ok'}
13-10-2024 17:55:44 - INFO - Setting Chmaber Zones to a= 0.08819999999999925, b= 0.10079999999999917, c= 0.11339999999999906, d= 0.12599999999999895 Request successfully executed.
13-10-2024 17:55:45 - INFO - Sending request to Setting Chmaber Zones to a= 0.2554999999999997, b= 0.29199999999999965, c= 0.3284999999999997, d= 0.36499999999999955 with timeout of 5s...
13-10-2024 17:55:45 - INFO - Setting Chmaber Zones to a= 0.2554999999999997, b= 0.29199999999999965, c= 0.3284999999999997, d= 0.36499999999999955 request successfully sent.
13-10-2024 17:55:45 - INFO - Response from moonraker: {'result': 'ok'}
13-10-2024 17:55:45 - INFO - Setting Chmaber Zones to a= 0.2554999999999997, b= 0.29199999999999965, c= 0.3284999999999997, d= 0.36499999999999955 Request successfully executed.
13-10-2024 17:55:46 - INFO - Sending request to Setting Chmaber Zones to a= 0.32689999999999947, b= 0.37359999999999943, c= 0.4202999999999994, d= 0.4669999999999993 with timeout of 5s...
13-10-2024 17:55:46 - INFO - Setting Chmaber Zones to a= 0.32689999999999947, b= 0.37359999999999943, c= 0.4202999999999994, d= 0.4669999999999993 request successfully sent.
13-10-2024 17:55:46 - INFO - Response from moonraker: {'result': 'ok'}
13-10-2024 17:55:46 - INFO - Setting Chmaber Zones to a= 0.32689999999999947, b= 0.37359999999999943, c= 0.4202999999999994, d= 0.4669999999999993 Request successfully executed.
13-10-2024 17:55:47 - INFO - Sending request to Setting Chmaber Zones to a= 0.3191999999999993, b= 0.3647999999999992, c= 0.41039999999999915, d= 0.455999999999999 with timeout of 5s...
13-10-2024 17:55:47 - INFO - Setting Chmaber Zones to a= 0.3191999999999993, b= 0.3647999999999992, c= 0.41039999999999915, d= 0.455999999999999 request successfully sent.
13-10-2024 17:55:47 - INFO - Response from moonraker: {'result': 'ok'}
13-10-2024 17:55:47 - INFO - Setting Chmaber Zones to a= 0.3191999999999993, b= 0.3647999999999992, c= 0.41039999999999915, d= 0.455999999999999 Request successfully executed.
13-10-2024 17:55:48 - INFO - Sending request to Setting Chmaber Zones to a= 0.0, b= 0.0, c= 0.0, d= 0.0 with timeout of 5s...
13-10-2024 17:55:48 - INFO - Setting Chmaber Zones to a= 0.0, b= 0.0, c= 0.0, d= 0.0 request successfully sent.
13-10-2024 17:55:48 - INFO - Response from moonraker: {'result': 'ok'}
13-10-2024 17:55:48 - INFO - Setting Chmaber Zones to a= 0.0, b= 0.0, c= 0.0, d= 0.0 Request successfully executed.
13-10-2024 17:55:49 - INFO - Sending request to Setting Chmaber Zones to a= 0.0, b= 0.0, c= 0.0, d= 0.0 with timeout of 5s...
13-10-2024 17:55:49 - INFO - Setting Chmaber Zones to a= 0.0, b= 0.0, c= 0.0, d= 0.0 request successfully sent.
13-10-2024 17:55:49 - INFO - Response from moonraker: {'result': 'ok'}
13-10-2024 17:55:49 - INFO - Setting Chmaber Zones to a= 0.0, b= 0.0, c= 0.0, d= 0.0 Request successfully executed.
13-10-2024 17:55:51 - INFO - Sending request to Setting Chmaber Zones to a= 0, b= 0, c= 0, d= 0 with timeout of 5s...
13-10-2024 17:55:51 - INFO - Setting Chmaber Zones to a= 0, b= 0, c= 0, d= 0 request successfully sent.
13-10-2024 17:55:51 - INFO - Response from moonraker: {'result': 'ok'}
13-10-2024 17:55:51 - INFO - Setting Chmaber Zones to a= 0, b= 0, c= 0, d= 0 Request successfully executed.
