07-11-2024 12:46:14 - INFO - Count value updated in GUI!
07-11-2024 12:46:25 - INFO - Sending request to Homing Z axis - command 1/4 with timeout of 360s...
07-11-2024 12:47:25 - ERROR - E104: Error while executing Homing Z axis - command 1/4 
 504 Server Error: Gateway Time-out for url: http://192.168.0.231/printer/gcode/script?script=G28+Z0
07-11-2024 12:47:25 - INFO - Sending request to Homing Z axis - command 2/4 with timeout of 360s...
07-11-2024 12:48:25 - ERROR - E104: Error while executing Homing Z axis - command 2/4 
 504 Server Error: Gateway Time-out for url: http://192.168.0.231/printer/gcode/script?script=G90
07-11-2024 12:48:25 - INFO - Sending request to Homing Z axis - command 3/4 with timeout of 360s...
07-11-2024 12:49:25 - ERROR - E104: Error while executing Homing Z axis - command 3/4 
 504 Server Error: Gateway Time-out for url: http://192.168.0.231/printer/gcode/script?script=G0+Z0
07-11-2024 12:49:25 - INFO - Sending request to Homing Z axis - command 4/4 with timeout of 360s...
07-11-2024 12:50:06 - INFO - Homing Z axis - command 4/4 request successfully sent.
07-11-2024 12:50:06 - INFO - Response from moonraker: {'result': 'ok'}
07-11-2024 12:50:06 - INFO - Homing Z axis - command 4/4 Request successfully executed.
07-11-2024 12:50:06 - INFO - Delay of 120 s
07-11-2024 12:52:06 - INFO - Sending request to Recoater go LEFT with timeout of 5s...
07-11-2024 12:52:10 - INFO - Recoater go LEFT request successfully sent.
07-11-2024 12:52:10 - INFO - Response from moonraker: {'result': 'ok'}
07-11-2024 12:52:10 - INFO - Recoater go LEFT Request successfully executed.
07-11-2024 12:52:15 - INFO - Sending request to pre-layer-gcodes with timeout of 5s...
07-11-2024 12:52:18 - INFO - pre-layer-gcodes request successfully sent.
07-11-2024 12:52:18 - INFO - Response from moonraker: {'result': 'ok'}
07-11-2024 12:52:18 - INFO - pre-layer-gcodes Request successfully executed.
07-11-2024 12:52:18 - INFO - Sending request to pre-layer-gcodes with timeout of 5s...
07-11-2024 12:52:19 - INFO - pre-layer-gcodes request successfully sent.
07-11-2024 12:52:19 - INFO - Response from moonraker: {'result': 'ok'}
07-11-2024 12:52:19 - INFO - pre-layer-gcodes Request successfully executed.
07-11-2024 12:52:19 - INFO - Sending request to pre-layer-gcodes with timeout of 5s...
07-11-2024 12:52:23 - INFO - pre-layer-gcodes request successfully sent.
07-11-2024 12:52:23 - INFO - Response from moonraker: {'result': 'ok'}
07-11-2024 12:52:23 - INFO - pre-layer-gcodes Request successfully executed.
07-11-2024 12:52:23 - INFO - Sending request to Moving left hopper motors 0.1mm - stage 1 with timeout of 5s...
07-11-2024 12:52:23 - INFO - Moving left hopper motors 0.1mm - stage 1 request successfully sent.
07-11-2024 12:52:23 - INFO - Response from moonraker: {'result': 'ok'}
07-11-2024 12:52:23 - INFO - Moving left hopper motors 0.1mm - stage 1 Request successfully executed.
07-11-2024 12:52:23 - INFO - Sending request to Dwell for 100.0 with timeout of 5s...
07-11-2024 12:52:23 - INFO - Dwell for 100.0 request successfully sent.
07-11-2024 12:52:23 - INFO - Response from moonraker: {'result': 'ok'}
07-11-2024 12:52:23 - INFO - Dwell for 100.0 Request successfully executed.
07-11-2024 12:52:23 - INFO - Sending request to Moving left hopper motors - stage 2 with timeout of 5s...
07-11-2024 12:52:23 - INFO - Moving left hopper motors - stage 2 request successfully sent.
07-11-2024 12:52:23 - INFO - Response from moonraker: {'result': 'ok'}
07-11-2024 12:52:23 - INFO - Moving left hopper motors - stage 2 Request successfully executed.
07-11-2024 12:52:33 - INFO - Sending request to Recoater go RIGHT with timeout of 5s...
07-11-2024 12:52:37 - INFO - Recoater go RIGHT request successfully sent.
07-11-2024 12:52:37 - INFO - Response from moonraker: {'result': 'ok'}
07-11-2024 12:52:37 - INFO - Recoater go RIGHT Request successfully executed.
07-11-2024 12:52:42 - INFO - Sending request to pre-layer-gcodes with timeout of 5s...
07-11-2024 12:52:44 - INFO - pre-layer-gcodes request successfully sent.
07-11-2024 12:52:44 - INFO - Response from moonraker: {'result': 'ok'}
07-11-2024 12:52:44 - INFO - pre-layer-gcodes Request successfully executed.
07-11-2024 12:52:44 - INFO - Sending request to pre-layer-gcodes with timeout of 5s...
07-11-2024 12:52:45 - INFO - pre-layer-gcodes request successfully sent.
07-11-2024 12:52:45 - INFO - Response from moonraker: {'result': 'ok'}
07-11-2024 12:52:45 - INFO - pre-layer-gcodes Request successfully executed.
07-11-2024 12:52:45 - INFO - Sending request to pre-layer-gcodes with timeout of 5s...
07-11-2024 12:52:49 - INFO - pre-layer-gcodes request successfully sent.
07-11-2024 12:52:49 - INFO - Response from moonraker: {'result': 'ok'}
07-11-2024 12:52:49 - INFO - pre-layer-gcodes Request successfully executed.
07-11-2024 12:52:49 - INFO - Sending request to Moving right hopper motor 0.1mm - stage 1 with timeout of 5s...
07-11-2024 12:52:49 - INFO - Moving right hopper motor 0.1mm - stage 1 request successfully sent.
07-11-2024 12:52:49 - INFO - Response from moonraker: {'result': 'ok'}
07-11-2024 12:52:49 - INFO - Moving right hopper motor 0.1mm - stage 1 Request successfully executed.
07-11-2024 12:52:49 - INFO - Sending request to Dwell for 100.0 with timeout of 5s...
07-11-2024 12:52:49 - INFO - Dwell for 100.0 request successfully sent.
07-11-2024 12:52:49 - INFO - Response from moonraker: {'result': 'ok'}
07-11-2024 12:52:49 - INFO - Dwell for 100.0 Request successfully executed.
07-11-2024 12:52:49 - INFO - Sending request to Moving right hopper motors - stage 2 with timeout of 5s...
07-11-2024 12:52:49 - INFO - Moving right hopper motors - stage 2 request successfully sent.
07-11-2024 12:52:49 - INFO - Response from moonraker: {'result': 'ok'}
07-11-2024 12:52:49 - INFO - Moving right hopper motors - stage 2 Request successfully executed.
07-11-2024 12:52:59 - INFO - Sending request to Recoater go LEFT with timeout of 5s...
07-11-2024 12:53:03 - INFO - Recoater go LEFT request successfully sent.
07-11-2024 12:53:03 - INFO - Response from moonraker: {'result': 'ok'}
07-11-2024 12:53:03 - INFO - Recoater go LEFT Request successfully executed.
07-11-2024 12:53:08 - INFO - Sending request to Moving left hopper motors 0.1mm - stage 1 with timeout of 5s...
07-11-2024 12:53:09 - INFO - Moving left hopper motors 0.1mm - stage 1 request successfully sent.
07-11-2024 12:53:09 - INFO - Response from moonraker: {'result': 'ok'}
07-11-2024 12:53:09 - INFO - Moving left hopper motors 0.1mm - stage 1 Request successfully executed.
07-11-2024 12:53:09 - INFO - Sending request to Dwell for 100.0 with timeout of 5s...
07-11-2024 12:53:09 - INFO - Dwell for 100.0 request successfully sent.
07-11-2024 12:53:09 - INFO - Response from moonraker: {'result': 'ok'}
07-11-2024 12:53:09 - INFO - Dwell for 100.0 Request successfully executed.
07-11-2024 12:53:09 - INFO - Sending request to Moving left hopper motors - stage 2 with timeout of 5s...
07-11-2024 12:53:09 - INFO - Moving left hopper motors - stage 2 request successfully sent.
07-11-2024 12:53:09 - INFO - Response from moonraker: {'result': 'ok'}
07-11-2024 12:53:09 - INFO - Moving left hopper motors - stage 2 Request successfully executed.
07-11-2024 12:53:19 - INFO - Sending request to Recoater go RIGHT with timeout of 5s...
07-11-2024 12:53:23 - INFO - Recoater go RIGHT request successfully sent.
07-11-2024 12:53:23 - INFO - Response from moonraker: {'result': 'ok'}
07-11-2024 12:53:23 - INFO - Recoater go RIGHT Request successfully executed.
07-11-2024 12:53:28 - INFO - Sending request to Turning on heater with timeout of 5s...
07-11-2024 12:53:28 - INFO - Turning on heater request successfully sent.
07-11-2024 12:53:28 - INFO - Response from moonraker: {'result': 'ok'}
07-11-2024 12:53:28 - INFO - Turning on heater Request successfully executed.
07-11-2024 12:53:29 - INFO - Sending request to Turning off heater with timeout of 5s...
07-11-2024 12:53:29 - INFO - Turning off heater request successfully sent.
07-11-2024 12:53:29 - INFO - Response from moonraker: {'result': 'ok'}
07-11-2024 12:53:29 - INFO - Turning off heater Request successfully executed.
07-11-2024 14:49:48 - INFO - Count value updated in GUI!
07-11-2024 14:50:11 - INFO - Sending request to Homing Z axis - command 1/4 with timeout of 360s...
07-11-2024 14:51:11 - ERROR - E104: Error while executing Homing Z axis - command 1/4 
 504 Server Error: Gateway Time-out for url: http://192.168.0.231/printer/gcode/script?script=G28+Z0
07-11-2024 14:51:11 - INFO - Sending request to Homing Z axis - command 2/4 with timeout of 360s...
07-11-2024 14:52:11 - ERROR - E104: Error while executing Homing Z axis - command 2/4 
 504 Server Error: Gateway Time-out for url: http://192.168.0.231/printer/gcode/script?script=G90
07-11-2024 14:52:11 - INFO - Sending request to Homing Z axis - command 3/4 with timeout of 360s...
07-11-2024 14:53:11 - ERROR - E104: Error while executing Homing Z axis - command 3/4 
 504 Server Error: Gateway Time-out for url: http://192.168.0.231/printer/gcode/script?script=G0+Z0
07-11-2024 14:53:11 - INFO - Sending request to Homing Z axis - command 4/4 with timeout of 360s...
07-11-2024 14:53:52 - INFO - Homing Z axis - command 4/4 request successfully sent.
07-11-2024 14:53:52 - INFO - Response from moonraker: {'result': 'ok'}
07-11-2024 14:53:52 - INFO - Homing Z axis - command 4/4 Request successfully executed.
07-11-2024 14:53:52 - INFO - Delay of 120 s
07-11-2024 14:55:52 - INFO - Sending request to Recoater go LEFT with timeout of 5s...
07-11-2024 14:55:56 - INFO - Recoater go LEFT request successfully sent.
07-11-2024 14:55:56 - INFO - Response from moonraker: {'result': 'ok'}
07-11-2024 14:55:56 - INFO - Recoater go LEFT Request successfully executed.
07-11-2024 14:56:01 - INFO - Sending request to pre-layer-gcodes with timeout of 5s...
07-11-2024 14:56:03 - INFO - pre-layer-gcodes request successfully sent.
07-11-2024 14:56:03 - INFO - Response from moonraker: {'result': 'ok'}
07-11-2024 14:56:04 - INFO - pre-layer-gcodes Request successfully executed.
07-11-2024 14:56:04 - INFO - Sending request to pre-layer-gcodes with timeout of 5s...
07-11-2024 14:56:04 - INFO - pre-layer-gcodes request successfully sent.
07-11-2024 14:56:04 - INFO - Response from moonraker: {'result': 'ok'}
07-11-2024 14:56:04 - INFO - pre-layer-gcodes Request successfully executed.
07-11-2024 14:56:04 - INFO - Sending request to pre-layer-gcodes with timeout of 5s...
07-11-2024 14:56:08 - INFO - pre-layer-gcodes request successfully sent.
07-11-2024 14:56:08 - INFO - Response from moonraker: {'result': 'ok'}
07-11-2024 14:56:08 - INFO - pre-layer-gcodes Request successfully executed.
07-11-2024 14:56:09 - INFO - Sending request to Moving left hopper motors 0.1mm - stage 1 with timeout of 5s...
07-11-2024 14:56:09 - INFO - Moving left hopper motors 0.1mm - stage 1 request successfully sent.
07-11-2024 14:56:09 - INFO - Response from moonraker: {'result': 'ok'}
07-11-2024 14:56:09 - INFO - Moving left hopper motors 0.1mm - stage 1 Request successfully executed.
07-11-2024 14:56:09 - INFO - Sending request to Dwell for 100.0 with timeout of 5s...
07-11-2024 14:56:09 - INFO - Dwell for 100.0 request successfully sent.
07-11-2024 14:56:09 - INFO - Response from moonraker: {'result': 'ok'}
07-11-2024 14:56:09 - INFO - Dwell for 100.0 Request successfully executed.
07-11-2024 14:56:09 - INFO - Sending request to Moving left hopper motors - stage 2 with timeout of 5s...
07-11-2024 14:56:09 - INFO - Moving left hopper motors - stage 2 request successfully sent.
07-11-2024 14:56:09 - INFO - Response from moonraker: {'result': 'ok'}
07-11-2024 14:56:09 - INFO - Moving left hopper motors - stage 2 Request successfully executed.
07-11-2024 14:56:19 - INFO - Sending request to Recoater go RIGHT with timeout of 5s...
07-11-2024 14:56:23 - INFO - Recoater go RIGHT request successfully sent.
07-11-2024 14:56:23 - INFO - Response from moonraker: {'result': 'ok'}
07-11-2024 14:56:23 - INFO - Recoater go RIGHT Request successfully executed.
07-11-2024 14:56:28 - INFO - Sending request to pre-layer-gcodes with timeout of 5s...
07-11-2024 14:56:30 - INFO - pre-layer-gcodes request successfully sent.
07-11-2024 14:56:30 - INFO - Response from moonraker: {'result': 'ok'}
07-11-2024 14:56:30 - INFO - pre-layer-gcodes Request successfully executed.
07-11-2024 14:56:30 - INFO - Sending request to pre-layer-gcodes with timeout of 5s...
07-11-2024 14:56:31 - INFO - pre-layer-gcodes request successfully sent.
07-11-2024 14:56:31 - INFO - Response from moonraker: {'result': 'ok'}
07-11-2024 14:56:31 - INFO - pre-layer-gcodes Request successfully executed.
07-11-2024 14:56:31 - INFO - Sending request to pre-layer-gcodes with timeout of 5s...
07-11-2024 14:56:35 - INFO - pre-layer-gcodes request successfully sent.
07-11-2024 14:56:35 - INFO - Response from moonraker: {'result': 'ok'}
07-11-2024 14:56:35 - INFO - pre-layer-gcodes Request successfully executed.
07-11-2024 14:56:35 - INFO - Sending request to Moving right hopper motor 0.1mm - stage 1 with timeout of 5s...
07-11-2024 14:56:35 - INFO - Moving right hopper motor 0.1mm - stage 1 request successfully sent.
07-11-2024 14:56:35 - INFO - Response from moonraker: {'result': 'ok'}
07-11-2024 14:56:35 - INFO - Moving right hopper motor 0.1mm - stage 1 Request successfully executed.
07-11-2024 14:56:35 - INFO - Sending request to Dwell for 100.0 with timeout of 5s...
07-11-2024 14:56:35 - INFO - Dwell for 100.0 request successfully sent.
07-11-2024 14:56:35 - INFO - Response from moonraker: {'result': 'ok'}
07-11-2024 14:56:35 - INFO - Dwell for 100.0 Request successfully executed.
07-11-2024 14:56:35 - INFO - Sending request to Moving right hopper motors - stage 2 with timeout of 5s...
07-11-2024 14:56:35 - INFO - Moving right hopper motors - stage 2 request successfully sent.
07-11-2024 14:56:35 - INFO - Response from moonraker: {'result': 'ok'}
07-11-2024 14:56:35 - INFO - Moving right hopper motors - stage 2 Request successfully executed.
07-11-2024 14:56:45 - INFO - Sending request to Recoater go LEFT with timeout of 5s...
07-11-2024 14:56:49 - INFO - Recoater go LEFT request successfully sent.
07-11-2024 14:56:49 - INFO - Response from moonraker: {'result': 'ok'}
07-11-2024 14:56:49 - INFO - Recoater go LEFT Request successfully executed.
07-11-2024 14:56:54 - INFO - Sending request to Moving left hopper motors 0.1mm - stage 1 with timeout of 5s...
07-11-2024 14:56:54 - INFO - Moving left hopper motors 0.1mm - stage 1 request successfully sent.
07-11-2024 14:56:54 - INFO - Response from moonraker: {'result': 'ok'}
07-11-2024 14:56:54 - INFO - Moving left hopper motors 0.1mm - stage 1 Request successfully executed.
07-11-2024 14:56:54 - INFO - Sending request to Dwell for 100.0 with timeout of 5s...
07-11-2024 14:56:54 - INFO - Dwell for 100.0 request successfully sent.
07-11-2024 14:56:54 - INFO - Response from moonraker: {'result': 'ok'}
07-11-2024 14:56:54 - INFO - Dwell for 100.0 Request successfully executed.
07-11-2024 14:56:54 - INFO - Sending request to Moving left hopper motors - stage 2 with timeout of 5s...
07-11-2024 14:56:54 - INFO - Moving left hopper motors - stage 2 request successfully sent.
07-11-2024 14:56:54 - INFO - Response from moonraker: {'result': 'ok'}
07-11-2024 14:56:54 - INFO - Moving left hopper motors - stage 2 Request successfully executed.
07-11-2024 14:57:04 - INFO - Sending request to Recoater go RIGHT with timeout of 5s...
07-11-2024 14:57:09 - INFO - Recoater go RIGHT request successfully sent.
07-11-2024 14:57:09 - INFO - Response from moonraker: {'result': 'ok'}
07-11-2024 14:57:09 - INFO - Recoater go RIGHT Request successfully executed.
07-11-2024 14:57:14 - INFO - Sending request to Turning on heater with timeout of 5s...
07-11-2024 14:57:14 - INFO - Turning on heater request successfully sent.
07-11-2024 14:57:14 - INFO - Response from moonraker: {'result': 'ok'}
07-11-2024 14:57:14 - INFO - Turning on heater Request successfully executed.
07-11-2024 14:57:15 - INFO - Sending request to Turning off heater with timeout of 5s...
07-11-2024 14:57:15 - INFO - Turning off heater request successfully sent.
07-11-2024 14:57:15 - INFO - Response from moonraker: {'result': 'ok'}
07-11-2024 14:57:15 - INFO - Turning off heater Request successfully executed.
