15-10-2024 16:18:34 - INFO - Sending request to Homing Z axis with timeout of 5s...
15-10-2024 16:18:35 - ERROR - E104: Error while executing Homing Z axis 
 400 Client Error: Homing failed due to printer shutdown for url: http://192.168.0.231/printer/gcode/script?script=G28+Z0
15-10-2024 16:18:35 - INFO - Sending request to Homing Z axis with timeout of 5s...
15-10-2024 16:18:35 - ERROR - E104: Error while executing Homing Z axis 
 502 Server Error: Bad Gateway for url: http://192.168.0.231/printer/gcode/script?script=G90
15-10-2024 16:18:35 - INFO - Sending request to Homing Z axis with timeout of 5s...
15-10-2024 16:18:35 - ERROR - E104: Error while executing Homing Z axis 
 502 Server Error: Bad Gateway for url: http://192.168.0.231/printer/gcode/script?script=G0+Z0
15-10-2024 16:18:36 - INFO - Sending request to Homing Z axis with timeout of 5s...
15-10-2024 16:18:36 - ERROR - E104: Error while executing Homing Z axis 
 502 Server Error: Bad Gateway for url: http://192.168.0.231/printer/gcode/script?script=G91
15-10-2024 16:18:36 - INFO - Sending Z position query to printer...
15-10-2024 16:18:36 - INFO - Request successful. Parsing JSON response...
15-10-2024 16:18:36 - INFO - Z position: -268.17500000000007
15-10-2024 16:20:14 - INFO - Sending request to Homing Z axis with timeout of 5s...
15-10-2024 16:20:19 - ERROR - E102 : Homing Z axis Request to Moonraker Timed out 
 Homing Z axis not successful
15-10-2024 16:20:19 - INFO - Sending request to Homing Z axis with timeout of 5s...
15-10-2024 16:20:24 - ERROR - E102 : Homing Z axis Request to Moonraker Timed out 
 Homing Z axis not successful
15-10-2024 16:20:24 - INFO - Sending request to Homing Z axis with timeout of 5s...
15-10-2024 16:20:29 - ERROR - E102 : Homing Z axis Request to Moonraker Timed out 
 Homing Z axis not successful
15-10-2024 16:20:29 - INFO - Sending request to Homing Z axis with timeout of 5s...
15-10-2024 16:20:34 - ERROR - E102 : Homing Z axis Request to Moonraker Timed out 
 Homing Z axis not successful
15-10-2024 16:20:34 - INFO - Sending Z position query to printer...
15-10-2024 16:20:34 - INFO - Request successful. Parsing JSON response...
15-10-2024 16:20:34 - INFO - Z position: -268.17500000000007
15-10-2024 17:32:05 - INFO - Count value updated in GUI!
15-10-2024 17:32:07 - INFO - Sending request to Recoater go RIGHT with timeout of 5s...
15-10-2024 17:32:09 - INFO - Recoater go RIGHT request successfully sent.
15-10-2024 17:32:09 - INFO - Response from moonraker: {'result': 'ok'}
15-10-2024 17:32:09 - INFO - Recoater go RIGHT Request successfully executed.
15-10-2024 17:32:12 - INFO - Sending request to sending command G91 with timeout of 5s...
15-10-2024 17:32:12 - INFO - sending command G91 request successfully sent.
15-10-2024 17:32:12 - INFO - Response from moonraker: {'result': 'ok'}
15-10-2024 17:32:12 - INFO - sending command G91 Request successfully executed.
15-10-2024 17:32:12 - INFO - Sending request to Moving Z axis down by 0.1 mm with timeout of 5s...
15-10-2024 17:32:12 - ERROR - E104: Error while executing Moving Z axis down by 0.1 mm 
 400 Client Error: Must home axis first: 0.000 0.000 0.100 [0.000] for url: http://192.168.0.231/printer/gcode/script?script=G0+Z0.1
15-10-2024 17:32:12 - INFO - Sending request to Getting Z position with timeout of 5s...
15-10-2024 17:32:12 - INFO - Getting Z position request successfully sent.
15-10-2024 17:32:12 - INFO - Response from moonraker: {'result': 'ok'}
15-10-2024 17:32:12 - INFO - Getting Z position Request successfully executed.
15-10-2024 17:32:12 - INFO - Sending Z position query to printer...
15-10-2024 17:32:12 - INFO - Request successful. Parsing JSON response...
15-10-2024 17:32:12 - INFO - Z position: 0.0
15-10-2024 17:32:12 - INFO - Sending request to Recoater go LEFT with timeout of 5s...
15-10-2024 17:32:14 - INFO - Recoater go LEFT request successfully sent.
15-10-2024 17:32:14 - INFO - Response from moonraker: {'result': 'ok'}
15-10-2024 17:32:14 - INFO - Recoater go LEFT Request successfully executed.
15-10-2024 17:32:17 - INFO - Sending request to sending command G91 with timeout of 5s...
15-10-2024 17:32:17 - INFO - sending command G91 request successfully sent.
15-10-2024 17:32:17 - INFO - Response from moonraker: {'result': 'ok'}
15-10-2024 17:32:17 - INFO - sending command G91 Request successfully executed.
15-10-2024 17:32:17 - INFO - Sending request to Moving Z axis down by 0.1 mm with timeout of 5s...
15-10-2024 17:32:17 - ERROR - E104: Error while executing Moving Z axis down by 0.1 mm 
 400 Client Error: Must home axis first: 0.000 0.000 0.100 [0.000] for url: http://192.168.0.231/printer/gcode/script?script=G0+Z0.1
15-10-2024 17:32:17 - INFO - Sending request to Getting Z position with timeout of 5s...
15-10-2024 17:32:17 - INFO - Getting Z position request successfully sent.
15-10-2024 17:32:17 - INFO - Response from moonraker: {'result': 'ok'}
15-10-2024 17:32:17 - INFO - Getting Z position Request successfully executed.
15-10-2024 17:32:17 - INFO - Sending Z position query to printer...
15-10-2024 17:32:17 - INFO - Request successful. Parsing JSON response...
15-10-2024 17:32:17 - INFO - Z position: 0.0
15-10-2024 17:32:17 - INFO - Sending request to Recoater go RIGHT with timeout of 5s...
15-10-2024 17:32:19 - INFO - Recoater go RIGHT request successfully sent.
15-10-2024 17:32:19 - INFO - Response from moonraker: {'result': 'ok'}
15-10-2024 17:32:19 - INFO - Recoater go RIGHT Request successfully executed.
15-10-2024 17:32:22 - INFO - Sending request to sending command G91 with timeout of 5s...
15-10-2024 17:32:22 - INFO - sending command G91 request successfully sent.
15-10-2024 17:32:22 - INFO - Response from moonraker: {'result': 'ok'}
15-10-2024 17:32:22 - INFO - sending command G91 Request successfully executed.
15-10-2024 17:32:22 - INFO - Sending request to Moving Z axis down by 0.1 mm with timeout of 5s...
15-10-2024 17:32:22 - ERROR - E104: Error while executing Moving Z axis down by 0.1 mm 
 400 Client Error: Must home axis first: 0.000 0.000 0.100 [0.000] for url: http://192.168.0.231/printer/gcode/script?script=G0+Z0.1
15-10-2024 17:32:22 - INFO - Sending request to Getting Z position with timeout of 5s...
15-10-2024 17:32:22 - INFO - Getting Z position request successfully sent.
15-10-2024 17:32:22 - INFO - Response from moonraker: {'result': 'ok'}
15-10-2024 17:32:22 - INFO - Getting Z position Request successfully executed.
15-10-2024 17:32:22 - INFO - Sending Z position query to printer...
15-10-2024 17:32:22 - INFO - Request successful. Parsing JSON response...
15-10-2024 17:32:22 - INFO - Z position: 0.0
15-10-2024 17:32:22 - INFO - Sending request to Recoater go LEFT with timeout of 5s...
15-10-2024 17:32:24 - INFO - Recoater go LEFT request successfully sent.
15-10-2024 17:32:24 - INFO - Response from moonraker: {'result': 'ok'}
15-10-2024 17:32:24 - INFO - Recoater go LEFT Request successfully executed.
15-10-2024 17:32:27 - INFO - Sending request to sending command G91 with timeout of 5s...
15-10-2024 17:32:27 - INFO - sending command G91 request successfully sent.
15-10-2024 17:32:27 - INFO - Response from moonraker: {'result': 'ok'}
15-10-2024 17:32:27 - INFO - sending command G91 Request successfully executed.
15-10-2024 17:32:27 - INFO - Sending request to Moving Z axis down by 0.1 mm with timeout of 5s...
15-10-2024 17:32:27 - ERROR - E104: Error while executing Moving Z axis down by 0.1 mm 
 400 Client Error: Must home axis first: 0.000 0.000 0.100 [0.000] for url: http://192.168.0.231/printer/gcode/script?script=G0+Z0.1
15-10-2024 17:32:27 - INFO - Sending request to Getting Z position with timeout of 5s...
15-10-2024 17:32:27 - INFO - Getting Z position request successfully sent.
15-10-2024 17:32:27 - INFO - Response from moonraker: {'result': 'ok'}
15-10-2024 17:32:27 - INFO - Getting Z position Request successfully executed.
15-10-2024 17:32:27 - INFO - Sending Z position query to printer...
15-10-2024 17:32:27 - INFO - Request successful. Parsing JSON response...
15-10-2024 17:32:27 - INFO - Z position: 0.0
15-10-2024 17:32:27 - INFO - Sending request to Recoater go RIGHT with timeout of 5s...
15-10-2024 17:32:29 - INFO - Recoater go RIGHT request successfully sent.
15-10-2024 17:32:29 - INFO - Response from moonraker: {'result': 'ok'}
15-10-2024 17:32:29 - INFO - Recoater go RIGHT Request successfully executed.
15-10-2024 17:32:32 - INFO - Sending request to sending command G91 with timeout of 5s...
15-10-2024 17:32:32 - INFO - sending command G91 request successfully sent.
15-10-2024 17:32:32 - INFO - Response from moonraker: {'result': 'ok'}
15-10-2024 17:32:32 - INFO - sending command G91 Request successfully executed.
15-10-2024 17:32:32 - INFO - Sending request to Moving Z axis down by 0.1 mm with timeout of 5s...
15-10-2024 17:32:32 - ERROR - E104: Error while executing Moving Z axis down by 0.1 mm 
 400 Client Error: Must home axis first: 0.000 0.000 0.100 [0.000] for url: http://192.168.0.231/printer/gcode/script?script=G0+Z0.1
15-10-2024 17:32:32 - INFO - Sending request to Getting Z position with timeout of 5s...
15-10-2024 17:32:32 - INFO - Getting Z position request successfully sent.
15-10-2024 17:32:32 - INFO - Response from moonraker: {'result': 'ok'}
15-10-2024 17:32:32 - INFO - Getting Z position Request successfully executed.
15-10-2024 17:32:32 - INFO - Sending Z position query to printer...
15-10-2024 17:32:33 - INFO - Request successful. Parsing JSON response...
15-10-2024 17:32:33 - INFO - Z position: 0.0
15-10-2024 17:32:33 - INFO - Sending request to Recoater go LEFT with timeout of 5s...
15-10-2024 17:32:35 - INFO - Recoater go LEFT request successfully sent.
15-10-2024 17:32:35 - INFO - Response from moonraker: {'result': 'ok'}
15-10-2024 17:32:35 - INFO - Recoater go LEFT Request successfully executed.
15-10-2024 17:32:38 - INFO - Sending request to sending command G91 with timeout of 5s...
15-10-2024 17:32:38 - INFO - sending command G91 request successfully sent.
15-10-2024 17:32:38 - INFO - Response from moonraker: {'result': 'ok'}
15-10-2024 17:32:38 - INFO - sending command G91 Request successfully executed.
15-10-2024 17:32:38 - INFO - Sending request to Moving Z axis down by 0.1 mm with timeout of 5s...
15-10-2024 17:32:38 - ERROR - E104: Error while executing Moving Z axis down by 0.1 mm 
 400 Client Error: Must home axis first: 0.000 0.000 0.100 [0.000] for url: http://192.168.0.231/printer/gcode/script?script=G0+Z0.1
15-10-2024 17:32:38 - INFO - Sending request to Getting Z position with timeout of 5s...
15-10-2024 17:32:38 - INFO - Getting Z position request successfully sent.
15-10-2024 17:32:38 - INFO - Response from moonraker: {'result': 'ok'}
15-10-2024 17:32:38 - INFO - Getting Z position Request successfully executed.
15-10-2024 17:32:38 - INFO - Sending Z position query to printer...
15-10-2024 17:32:38 - INFO - Request successful. Parsing JSON response...
15-10-2024 17:32:38 - INFO - Z position: 0.0
15-10-2024 17:32:38 - INFO - Sending request to Recoater go RIGHT with timeout of 5s...
15-10-2024 17:32:40 - INFO - Recoater go RIGHT request successfully sent.
15-10-2024 17:32:40 - INFO - Response from moonraker: {'result': 'ok'}
15-10-2024 17:32:40 - INFO - Recoater go RIGHT Request successfully executed.
15-10-2024 17:32:43 - INFO - Sending request to sending command G91 with timeout of 5s...
15-10-2024 17:32:43 - INFO - sending command G91 request successfully sent.
15-10-2024 17:32:43 - INFO - Response from moonraker: {'result': 'ok'}
15-10-2024 17:32:43 - INFO - sending command G91 Request successfully executed.
15-10-2024 17:32:43 - INFO - Sending request to Moving Z axis down by 0.1 mm with timeout of 5s...
15-10-2024 17:32:43 - ERROR - E104: Error while executing Moving Z axis down by 0.1 mm 
 400 Client Error: Must home axis first: 0.000 0.000 0.100 [0.000] for url: http://192.168.0.231/printer/gcode/script?script=G0+Z0.1
15-10-2024 17:32:43 - INFO - Sending request to Getting Z position with timeout of 5s...
15-10-2024 17:32:43 - INFO - Getting Z position request successfully sent.
15-10-2024 17:32:43 - INFO - Response from moonraker: {'result': 'ok'}
15-10-2024 17:32:43 - INFO - Getting Z position Request successfully executed.
15-10-2024 17:32:43 - INFO - Sending Z position query to printer...
15-10-2024 17:32:43 - INFO - Request successful. Parsing JSON response...
15-10-2024 17:32:43 - INFO - Z position: 0.0
15-10-2024 17:32:43 - INFO - Sending request to Recoater go LEFT with timeout of 5s...
15-10-2024 17:32:45 - INFO - Recoater go LEFT request successfully sent.
15-10-2024 17:32:45 - INFO - Response from moonraker: {'result': 'ok'}
15-10-2024 17:32:45 - INFO - Recoater go LEFT Request successfully executed.
15-10-2024 17:32:48 - INFO - Sending request to sending command G91 with timeout of 5s...
15-10-2024 17:32:48 - INFO - sending command G91 request successfully sent.
15-10-2024 17:32:48 - INFO - Response from moonraker: {'result': 'ok'}
15-10-2024 17:32:48 - INFO - sending command G91 Request successfully executed.
15-10-2024 17:32:48 - INFO - Sending request to Moving Z axis down by 0.1 mm with timeout of 5s...
15-10-2024 17:32:48 - ERROR - E104: Error while executing Moving Z axis down by 0.1 mm 
 400 Client Error: Must home axis first: 0.000 0.000 0.100 [0.000] for url: http://192.168.0.231/printer/gcode/script?script=G0+Z0.1
15-10-2024 17:32:48 - INFO - Sending request to Getting Z position with timeout of 5s...
15-10-2024 17:32:48 - INFO - Getting Z position request successfully sent.
15-10-2024 17:32:48 - INFO - Response from moonraker: {'result': 'ok'}
15-10-2024 17:32:48 - INFO - Getting Z position Request successfully executed.
15-10-2024 17:32:48 - INFO - Sending Z position query to printer...
15-10-2024 17:32:48 - INFO - Request successful. Parsing JSON response...
15-10-2024 17:32:48 - INFO - Z position: 0.0
15-10-2024 17:32:48 - INFO - Sending request to Recoater go RIGHT with timeout of 5s...
15-10-2024 17:32:50 - INFO - Recoater go RIGHT request successfully sent.
15-10-2024 17:32:50 - INFO - Response from moonraker: {'result': 'ok'}
15-10-2024 17:32:50 - INFO - Recoater go RIGHT Request successfully executed.
15-10-2024 17:32:53 - INFO - Sending request to sending command G91 with timeout of 5s...
15-10-2024 17:32:53 - INFO - sending command G91 request successfully sent.
15-10-2024 17:32:53 - INFO - Response from moonraker: {'result': 'ok'}
15-10-2024 17:32:53 - INFO - sending command G91 Request successfully executed.
15-10-2024 17:32:53 - INFO - Sending request to Moving Z axis down by 0.1 mm with timeout of 5s...
15-10-2024 17:32:53 - ERROR - E104: Error while executing Moving Z axis down by 0.1 mm 
 400 Client Error: Must home axis first: 0.000 0.000 0.100 [0.000] for url: http://192.168.0.231/printer/gcode/script?script=G0+Z0.1
15-10-2024 17:32:53 - INFO - Sending request to Getting Z position with timeout of 5s...
15-10-2024 17:32:53 - INFO - Getting Z position request successfully sent.
15-10-2024 17:32:53 - INFO - Response from moonraker: {'result': 'ok'}
15-10-2024 17:32:53 - INFO - Getting Z position Request successfully executed.
15-10-2024 17:32:53 - INFO - Sending Z position query to printer...
15-10-2024 17:32:53 - INFO - Request successful. Parsing JSON response...
15-10-2024 17:32:53 - INFO - Z position: 0.0
15-10-2024 17:32:53 - INFO - Sending request to Recoater go LEFT with timeout of 5s...
15-10-2024 17:32:55 - INFO - Recoater go LEFT request successfully sent.
15-10-2024 17:32:55 - INFO - Response from moonraker: {'result': 'ok'}
15-10-2024 17:32:55 - INFO - Recoater go LEFT Request successfully executed.
15-10-2024 17:32:58 - INFO - Sending request to sending command G91 with timeout of 5s...
15-10-2024 17:32:58 - INFO - sending command G91 request successfully sent.
15-10-2024 17:32:58 - INFO - Response from moonraker: {'result': 'ok'}
15-10-2024 17:32:58 - INFO - sending command G91 Request successfully executed.
15-10-2024 17:32:58 - INFO - Sending request to Moving Z axis down by 0.1 mm with timeout of 5s...
15-10-2024 17:32:58 - ERROR - E104: Error while executing Moving Z axis down by 0.1 mm 
 400 Client Error: Must home axis first: 0.000 0.000 0.100 [0.000] for url: http://192.168.0.231/printer/gcode/script?script=G0+Z0.1
15-10-2024 17:32:58 - INFO - Sending request to Getting Z position with timeout of 5s...
15-10-2024 17:32:58 - INFO - Getting Z position request successfully sent.
15-10-2024 17:32:58 - INFO - Response from moonraker: {'result': 'ok'}
15-10-2024 17:32:58 - INFO - Getting Z position Request successfully executed.
15-10-2024 17:32:58 - INFO - Sending Z position query to printer...
15-10-2024 17:32:58 - INFO - Request successful. Parsing JSON response...
15-10-2024 17:32:58 - INFO - Z position: 0.0
15-10-2024 17:32:58 - INFO - Sending request to Recoater go RIGHT with timeout of 5s...
15-10-2024 17:33:00 - INFO - Recoater go RIGHT request successfully sent.
15-10-2024 17:33:00 - INFO - Response from moonraker: {'result': 'ok'}
15-10-2024 17:33:00 - INFO - Recoater go RIGHT Request successfully executed.
15-10-2024 17:33:03 - INFO - Sending request to sending command G91 with timeout of 5s...
15-10-2024 17:33:03 - INFO - sending command G91 request successfully sent.
15-10-2024 17:33:03 - INFO - Response from moonraker: {'result': 'ok'}
15-10-2024 17:33:03 - INFO - sending command G91 Request successfully executed.
15-10-2024 17:33:03 - INFO - Sending request to Moving Z axis down by 0.1 mm with timeout of 5s...
15-10-2024 17:33:03 - ERROR - E104: Error while executing Moving Z axis down by 0.1 mm 
 400 Client Error: Must home axis first: 0.000 0.000 0.100 [0.000] for url: http://192.168.0.231/printer/gcode/script?script=G0+Z0.1
15-10-2024 17:33:03 - INFO - Sending request to Getting Z position with timeout of 5s...
15-10-2024 17:33:03 - INFO - Getting Z position request successfully sent.
15-10-2024 17:33:03 - INFO - Response from moonraker: {'result': 'ok'}
15-10-2024 17:33:03 - INFO - Getting Z position Request successfully executed.
15-10-2024 17:33:03 - INFO - Sending Z position query to printer...
15-10-2024 17:33:03 - INFO - Request successful. Parsing JSON response...
15-10-2024 17:33:03 - INFO - Z position: 0.0
15-10-2024 17:33:03 - INFO - Sending request to Recoater go LEFT with timeout of 5s...
15-10-2024 17:33:05 - INFO - Recoater go LEFT request successfully sent.
15-10-2024 17:33:05 - INFO - Response from moonraker: {'result': 'ok'}
15-10-2024 17:33:05 - INFO - Recoater go LEFT Request successfully executed.
15-10-2024 17:33:08 - INFO - Sending request to sending command G91 with timeout of 5s...
15-10-2024 17:33:08 - INFO - sending command G91 request successfully sent.
15-10-2024 17:33:08 - INFO - Response from moonraker: {'result': 'ok'}
15-10-2024 17:33:08 - INFO - sending command G91 Request successfully executed.
15-10-2024 17:33:08 - INFO - Sending request to Moving Z axis down by 0.1 mm with timeout of 5s...
15-10-2024 17:33:08 - ERROR - E104: Error while executing Moving Z axis down by 0.1 mm 
 400 Client Error: Must home axis first: 0.000 0.000 0.100 [0.000] for url: http://192.168.0.231/printer/gcode/script?script=G0+Z0.1
15-10-2024 17:33:08 - INFO - Sending request to Getting Z position with timeout of 5s...
15-10-2024 17:33:08 - INFO - Getting Z position request successfully sent.
15-10-2024 17:33:08 - INFO - Response from moonraker: {'result': 'ok'}
15-10-2024 17:33:08 - INFO - Getting Z position Request successfully executed.
15-10-2024 17:33:08 - INFO - Sending Z position query to printer...
15-10-2024 17:33:08 - INFO - Request successful. Parsing JSON response...
15-10-2024 17:33:08 - INFO - Z position: 0.0
15-10-2024 17:33:08 - INFO - Sending request to Recoater go RIGHT with timeout of 5s...
15-10-2024 17:33:10 - INFO - Recoater go RIGHT request successfully sent.
15-10-2024 17:33:10 - INFO - Response from moonraker: {'result': 'ok'}
15-10-2024 17:33:10 - INFO - Recoater go RIGHT Request successfully executed.
15-10-2024 17:33:13 - INFO - Sending request to sending command G91 with timeout of 5s...
15-10-2024 17:33:13 - INFO - sending command G91 request successfully sent.
15-10-2024 17:33:13 - INFO - Response from moonraker: {'result': 'ok'}
15-10-2024 17:33:13 - INFO - sending command G91 Request successfully executed.
15-10-2024 17:33:13 - INFO - Sending request to Moving Z axis down by 0.1 mm with timeout of 5s...
15-10-2024 17:33:13 - ERROR - E104: Error while executing Moving Z axis down by 0.1 mm 
 400 Client Error: Must home axis first: 0.000 0.000 0.100 [0.000] for url: http://192.168.0.231/printer/gcode/script?script=G0+Z0.1
15-10-2024 17:33:13 - INFO - Sending request to Getting Z position with timeout of 5s...
15-10-2024 17:33:13 - INFO - Getting Z position request successfully sent.
15-10-2024 17:33:13 - INFO - Response from moonraker: {'result': 'ok'}
15-10-2024 17:33:13 - INFO - Getting Z position Request successfully executed.
15-10-2024 17:33:13 - INFO - Sending Z position query to printer...
15-10-2024 17:33:13 - INFO - Request successful. Parsing JSON response...
15-10-2024 17:33:13 - INFO - Z position: 0.0
15-10-2024 17:33:13 - INFO - Sending request to Recoater go LEFT with timeout of 5s...
15-10-2024 17:33:15 - INFO - Recoater go LEFT request successfully sent.
15-10-2024 17:33:15 - INFO - Response from moonraker: {'result': 'ok'}
15-10-2024 17:33:15 - INFO - Recoater go LEFT Request successfully executed.
15-10-2024 17:33:18 - INFO - Sending request to sending command G91 with timeout of 5s...
15-10-2024 17:33:18 - INFO - sending command G91 request successfully sent.
15-10-2024 17:33:18 - INFO - Response from moonraker: {'result': 'ok'}
15-10-2024 17:33:18 - INFO - sending command G91 Request successfully executed.
15-10-2024 17:33:18 - INFO - Sending request to Moving Z axis down by 0.1 mm with timeout of 5s...
15-10-2024 17:33:18 - ERROR - E104: Error while executing Moving Z axis down by 0.1 mm 
 400 Client Error: Must home axis first: 0.000 0.000 0.100 [0.000] for url: http://192.168.0.231/printer/gcode/script?script=G0+Z0.1
15-10-2024 17:33:18 - INFO - Sending request to Getting Z position with timeout of 5s...
15-10-2024 17:33:18 - INFO - Getting Z position request successfully sent.
15-10-2024 17:33:18 - INFO - Response from moonraker: {'result': 'ok'}
15-10-2024 17:33:18 - INFO - Getting Z position Request successfully executed.
15-10-2024 17:33:18 - INFO - Sending Z position query to printer...
15-10-2024 17:33:18 - INFO - Request successful. Parsing JSON response...
15-10-2024 17:33:18 - INFO - Z position: 0.0
15-10-2024 17:33:18 - INFO - Sending request to Recoater go RIGHT with timeout of 5s...
15-10-2024 17:33:20 - INFO - Recoater go RIGHT request successfully sent.
15-10-2024 17:33:20 - INFO - Response from moonraker: {'result': 'ok'}
15-10-2024 17:33:20 - INFO - Recoater go RIGHT Request successfully executed.
15-10-2024 17:33:23 - INFO - Sending request to sending command G91 with timeout of 5s...
15-10-2024 17:33:23 - INFO - sending command G91 request successfully sent.
15-10-2024 17:33:23 - INFO - Response from moonraker: {'result': 'ok'}
15-10-2024 17:33:23 - INFO - sending command G91 Request successfully executed.
15-10-2024 17:33:23 - INFO - Sending request to Moving Z axis down by 0.1 mm with timeout of 5s...
15-10-2024 17:33:23 - ERROR - E104: Error while executing Moving Z axis down by 0.1 mm 
 400 Client Error: Must home axis first: 0.000 0.000 0.100 [0.000] for url: http://192.168.0.231/printer/gcode/script?script=G0+Z0.1
15-10-2024 17:33:23 - INFO - Sending request to Getting Z position with timeout of 5s...
15-10-2024 17:33:23 - INFO - Getting Z position request successfully sent.
15-10-2024 17:33:23 - INFO - Response from moonraker: {'result': 'ok'}
15-10-2024 17:33:23 - INFO - Getting Z position Request successfully executed.
15-10-2024 17:33:23 - INFO - Sending Z position query to printer...
15-10-2024 17:33:23 - INFO - Request successful. Parsing JSON response...
15-10-2024 17:33:23 - INFO - Z position: 0.0
15-10-2024 17:33:23 - INFO - Sending request to Recoater go LEFT with timeout of 5s...
15-10-2024 17:33:25 - INFO - Recoater go LEFT request successfully sent.
15-10-2024 17:33:25 - INFO - Response from moonraker: {'result': 'ok'}
15-10-2024 17:33:25 - INFO - Recoater go LEFT Request successfully executed.
15-10-2024 17:33:28 - INFO - Sending request to sending command G91 with timeout of 5s...
15-10-2024 17:33:28 - INFO - sending command G91 request successfully sent.
15-10-2024 17:33:28 - INFO - Response from moonraker: {'result': 'ok'}
15-10-2024 17:33:28 - INFO - sending command G91 Request successfully executed.
15-10-2024 17:33:28 - INFO - Sending request to Moving Z axis down by 0.1 mm with timeout of 5s...
15-10-2024 17:33:28 - ERROR - E104: Error while executing Moving Z axis down by 0.1 mm 
 400 Client Error: Must home axis first: 0.000 0.000 0.100 [0.000] for url: http://192.168.0.231/printer/gcode/script?script=G0+Z0.1
15-10-2024 17:33:28 - INFO - Sending request to Getting Z position with timeout of 5s...
15-10-2024 17:33:28 - INFO - Getting Z position request successfully sent.
15-10-2024 17:33:28 - INFO - Response from moonraker: {'result': 'ok'}
15-10-2024 17:33:28 - INFO - Getting Z position Request successfully executed.
15-10-2024 17:33:28 - INFO - Sending Z position query to printer...
15-10-2024 17:33:29 - INFO - Request successful. Parsing JSON response...
15-10-2024 17:33:29 - INFO - Z position: 0.0
15-10-2024 17:33:29 - INFO - Sending request to Recoater go RIGHT with timeout of 5s...
15-10-2024 17:33:31 - INFO - Recoater go RIGHT request successfully sent.
15-10-2024 17:33:31 - INFO - Response from moonraker: {'result': 'ok'}
15-10-2024 17:33:31 - INFO - Recoater go RIGHT Request successfully executed.
15-10-2024 17:33:34 - INFO - Sending request to sending command G91 with timeout of 5s...
15-10-2024 17:33:34 - INFO - sending command G91 request successfully sent.
15-10-2024 17:33:34 - INFO - Response from moonraker: {'result': 'ok'}
15-10-2024 17:33:34 - INFO - sending command G91 Request successfully executed.
15-10-2024 17:33:34 - INFO - Sending request to Moving Z axis down by 0.1 mm with timeout of 5s...
15-10-2024 17:33:34 - ERROR - E104: Error while executing Moving Z axis down by 0.1 mm 
 400 Client Error: Must home axis first: 0.000 0.000 0.100 [0.000] for url: http://192.168.0.231/printer/gcode/script?script=G0+Z0.1
15-10-2024 17:33:34 - INFO - Sending request to Getting Z position with timeout of 5s...
15-10-2024 17:33:34 - INFO - Getting Z position request successfully sent.
15-10-2024 17:33:34 - INFO - Response from moonraker: {'result': 'ok'}
15-10-2024 17:33:34 - INFO - Getting Z position Request successfully executed.
15-10-2024 17:33:34 - INFO - Sending Z position query to printer...
15-10-2024 17:33:34 - INFO - Request successful. Parsing JSON response...
15-10-2024 17:33:34 - INFO - Z position: 0.0
15-10-2024 17:33:34 - INFO - Sending request to Recoater go LEFT with timeout of 5s...
15-10-2024 17:33:36 - INFO - Recoater go LEFT request successfully sent.
15-10-2024 17:33:36 - INFO - Response from moonraker: {'result': 'ok'}
15-10-2024 17:33:36 - INFO - Recoater go LEFT Request successfully executed.
15-10-2024 17:33:39 - INFO - Sending request to sending command G91 with timeout of 5s...
15-10-2024 17:33:39 - INFO - sending command G91 request successfully sent.
15-10-2024 17:33:39 - INFO - Response from moonraker: {'result': 'ok'}
15-10-2024 17:33:39 - INFO - sending command G91 Request successfully executed.
15-10-2024 17:33:39 - INFO - Sending request to Moving Z axis down by 0.1 mm with timeout of 5s...
15-10-2024 17:33:39 - ERROR - E104: Error while executing Moving Z axis down by 0.1 mm 
 400 Client Error: Must home axis first: 0.000 0.000 0.100 [0.000] for url: http://192.168.0.231/printer/gcode/script?script=G0+Z0.1
15-10-2024 17:33:39 - INFO - Sending request to Getting Z position with timeout of 5s...
15-10-2024 17:33:39 - INFO - Getting Z position request successfully sent.
15-10-2024 17:33:39 - INFO - Response from moonraker: {'result': 'ok'}
15-10-2024 17:33:39 - INFO - Getting Z position Request successfully executed.
15-10-2024 17:33:39 - INFO - Sending Z position query to printer...
15-10-2024 17:33:39 - INFO - Request successful. Parsing JSON response...
15-10-2024 17:33:39 - INFO - Z position: 0.0
15-10-2024 17:33:39 - INFO - Sending request to Recoater go RIGHT with timeout of 5s...
15-10-2024 17:33:41 - INFO - Recoater go RIGHT request successfully sent.
15-10-2024 17:33:41 - INFO - Response from moonraker: {'result': 'ok'}
15-10-2024 17:33:41 - INFO - Recoater go RIGHT Request successfully executed.
15-10-2024 17:33:44 - INFO - Sending request to sending command G91 with timeout of 5s...
15-10-2024 17:33:44 - INFO - sending command G91 request successfully sent.
15-10-2024 17:33:44 - INFO - Response from moonraker: {'result': 'ok'}
15-10-2024 17:33:44 - INFO - sending command G91 Request successfully executed.
15-10-2024 17:33:44 - INFO - Sending request to Moving Z axis down by 0.1 mm with timeout of 5s...
15-10-2024 17:33:44 - ERROR - E104: Error while executing Moving Z axis down by 0.1 mm 
 400 Client Error: Must home axis first: 0.000 0.000 0.100 [0.000] for url: http://192.168.0.231/printer/gcode/script?script=G0+Z0.1
15-10-2024 17:33:44 - INFO - Sending request to Getting Z position with timeout of 5s...
15-10-2024 17:33:44 - INFO - Getting Z position request successfully sent.
15-10-2024 17:33:44 - INFO - Response from moonraker: {'result': 'ok'}
15-10-2024 17:33:44 - INFO - Getting Z position Request successfully executed.
15-10-2024 17:33:44 - INFO - Sending Z position query to printer...
15-10-2024 17:33:44 - INFO - Request successful. Parsing JSON response...
15-10-2024 17:33:44 - INFO - Z position: 0.0
15-10-2024 17:33:44 - INFO - Sending request to Recoater go LEFT with timeout of 5s...
15-10-2024 17:33:46 - INFO - Recoater go LEFT request successfully sent.
15-10-2024 17:33:46 - INFO - Response from moonraker: {'result': 'ok'}
15-10-2024 17:33:46 - INFO - Recoater go LEFT Request successfully executed.
15-10-2024 17:33:49 - INFO - Sending request to sending command G91 with timeout of 5s...
15-10-2024 17:33:49 - INFO - sending command G91 request successfully sent.
15-10-2024 17:33:49 - INFO - Response from moonraker: {'result': 'ok'}
15-10-2024 17:33:49 - INFO - sending command G91 Request successfully executed.
15-10-2024 17:33:49 - INFO - Sending request to Moving Z axis down by 0.1 mm with timeout of 5s...
15-10-2024 17:33:49 - ERROR - E104: Error while executing Moving Z axis down by 0.1 mm 
 400 Client Error: Must home axis first: 0.000 0.000 0.100 [0.000] for url: http://192.168.0.231/printer/gcode/script?script=G0+Z0.1
15-10-2024 17:33:49 - INFO - Sending request to Getting Z position with timeout of 5s...
15-10-2024 17:33:49 - INFO - Getting Z position request successfully sent.
15-10-2024 17:33:49 - INFO - Response from moonraker: {'result': 'ok'}
15-10-2024 17:33:49 - INFO - Getting Z position Request successfully executed.
15-10-2024 17:33:49 - INFO - Sending Z position query to printer...
15-10-2024 17:33:49 - INFO - Request successful. Parsing JSON response...
15-10-2024 17:33:49 - INFO - Z position: 0.0
15-10-2024 17:35:34 - INFO - Count value updated in GUI!
15-10-2024 17:35:36 - INFO - Sending request to Recoater go RIGHT with timeout of 5s...
15-10-2024 17:35:37 - INFO - Recoater go RIGHT request successfully sent.
15-10-2024 17:35:37 - INFO - Response from moonraker: {'result': 'ok'}
15-10-2024 17:35:37 - INFO - Recoater go RIGHT Request successfully executed.
15-10-2024 17:35:40 - INFO - Sending request to sending command G91 with timeout of 5s...
15-10-2024 17:35:40 - INFO - sending command G91 request successfully sent.
15-10-2024 17:35:40 - INFO - Response from moonraker: {'result': 'ok'}
15-10-2024 17:35:40 - INFO - sending command G91 Request successfully executed.
15-10-2024 17:35:40 - INFO - Sending request to Moving Z axis down by 0.1 mm with timeout of 5s...
15-10-2024 17:35:41 - ERROR - E104: Error while executing Moving Z axis down by 0.1 mm 
 400 Client Error: Must home axis first: 0.000 0.000 0.100 [0.000] for url: http://192.168.0.231/printer/gcode/script?script=G0+Z0.1
15-10-2024 17:35:41 - INFO - Sending request to Getting Z position with timeout of 5s...
15-10-2024 17:35:41 - INFO - Getting Z position request successfully sent.
15-10-2024 17:35:41 - INFO - Response from moonraker: {'result': 'ok'}
15-10-2024 17:35:41 - INFO - Getting Z position Request successfully executed.
15-10-2024 17:35:41 - INFO - Sending Z position query to printer...
15-10-2024 17:35:41 - INFO - Request successful. Parsing JSON response...
15-10-2024 17:35:41 - INFO - Z position: 0.0
15-10-2024 17:35:41 - INFO - Sending request to Recoater go LEFT with timeout of 5s...
15-10-2024 17:35:43 - INFO - Recoater go LEFT request successfully sent.
15-10-2024 17:35:43 - INFO - Response from moonraker: {'result': 'ok'}
15-10-2024 17:35:43 - INFO - Recoater go LEFT Request successfully executed.
15-10-2024 17:35:46 - INFO - Sending request to sending command G91 with timeout of 5s...
15-10-2024 17:35:46 - INFO - sending command G91 request successfully sent.
15-10-2024 17:35:46 - INFO - Response from moonraker: {'result': 'ok'}
15-10-2024 17:35:46 - INFO - sending command G91 Request successfully executed.
15-10-2024 17:35:46 - INFO - Sending request to Moving Z axis down by 0.1 mm with timeout of 5s...
15-10-2024 17:35:46 - ERROR - E104: Error while executing Moving Z axis down by 0.1 mm 
 400 Client Error: Must home axis first: 0.000 0.000 0.100 [0.000] for url: http://192.168.0.231/printer/gcode/script?script=G0+Z0.1
15-10-2024 17:35:46 - INFO - Sending request to Getting Z position with timeout of 5s...
15-10-2024 17:35:46 - INFO - Getting Z position request successfully sent.
15-10-2024 17:35:46 - INFO - Response from moonraker: {'result': 'ok'}
15-10-2024 17:35:46 - INFO - Getting Z position Request successfully executed.
15-10-2024 17:35:46 - INFO - Sending Z position query to printer...
15-10-2024 17:35:46 - INFO - Request successful. Parsing JSON response...
15-10-2024 17:35:46 - INFO - Z position: 0.0
15-10-2024 17:35:46 - INFO - Sending request to Recoater go RIGHT with timeout of 5s...
15-10-2024 17:35:48 - INFO - Recoater go RIGHT request successfully sent.
15-10-2024 17:35:48 - INFO - Response from moonraker: {'result': 'ok'}
15-10-2024 17:35:48 - INFO - Recoater go RIGHT Request successfully executed.
15-10-2024 17:35:51 - INFO - Sending request to sending command G91 with timeout of 5s...
15-10-2024 17:35:51 - INFO - sending command G91 request successfully sent.
15-10-2024 17:35:51 - INFO - Response from moonraker: {'result': 'ok'}
15-10-2024 17:35:51 - INFO - sending command G91 Request successfully executed.
15-10-2024 17:35:51 - INFO - Sending request to Moving Z axis down by 0.1 mm with timeout of 5s...
15-10-2024 17:35:51 - ERROR - E104: Error while executing Moving Z axis down by 0.1 mm 
 400 Client Error: Must home axis first: 0.000 0.000 0.100 [0.000] for url: http://192.168.0.231/printer/gcode/script?script=G0+Z0.1
15-10-2024 17:35:51 - INFO - Sending request to Getting Z position with timeout of 5s...
15-10-2024 17:35:51 - INFO - Getting Z position request successfully sent.
15-10-2024 17:35:51 - INFO - Response from moonraker: {'result': 'ok'}
15-10-2024 17:35:51 - INFO - Getting Z position Request successfully executed.
15-10-2024 17:35:51 - INFO - Sending Z position query to printer...
15-10-2024 17:35:51 - INFO - Request successful. Parsing JSON response...
15-10-2024 17:35:51 - INFO - Z position: 0.0
15-10-2024 17:35:51 - INFO - Sending request to Recoater go LEFT with timeout of 5s...
15-10-2024 17:35:53 - INFO - Recoater go LEFT request successfully sent.
15-10-2024 17:35:53 - INFO - Response from moonraker: {'result': 'ok'}
15-10-2024 17:35:53 - INFO - Recoater go LEFT Request successfully executed.
15-10-2024 17:35:56 - INFO - Sending request to sending command G91 with timeout of 5s...
15-10-2024 17:35:56 - INFO - sending command G91 request successfully sent.
15-10-2024 17:35:56 - INFO - Response from moonraker: {'result': 'ok'}
15-10-2024 17:35:56 - INFO - sending command G91 Request successfully executed.
15-10-2024 17:35:56 - INFO - Sending request to Moving Z axis down by 0.1 mm with timeout of 5s...
15-10-2024 17:35:56 - ERROR - E104: Error while executing Moving Z axis down by 0.1 mm 
 400 Client Error: Must home axis first: 0.000 0.000 0.100 [0.000] for url: http://192.168.0.231/printer/gcode/script?script=G0+Z0.1
15-10-2024 17:35:56 - INFO - Sending request to Getting Z position with timeout of 5s...
15-10-2024 17:35:56 - INFO - Getting Z position request successfully sent.
15-10-2024 17:35:56 - INFO - Response from moonraker: {'result': 'ok'}
15-10-2024 17:35:56 - INFO - Getting Z position Request successfully executed.
15-10-2024 17:35:56 - INFO - Sending Z position query to printer...
15-10-2024 17:35:57 - INFO - Request successful. Parsing JSON response...
15-10-2024 17:35:57 - INFO - Z position: 0.0
15-10-2024 17:35:57 - INFO - Sending request to Recoater go RIGHT with timeout of 5s...
15-10-2024 17:35:58 - INFO - Recoater go RIGHT request successfully sent.
15-10-2024 17:35:58 - INFO - Response from moonraker: {'result': 'ok'}
15-10-2024 17:35:58 - INFO - Recoater go RIGHT Request successfully executed.
15-10-2024 17:36:01 - INFO - Sending request to sending command G91 with timeout of 5s...
15-10-2024 17:36:02 - INFO - sending command G91 request successfully sent.
15-10-2024 17:36:02 - INFO - Response from moonraker: {'result': 'ok'}
15-10-2024 17:36:02 - INFO - sending command G91 Request successfully executed.
15-10-2024 17:36:02 - INFO - Sending request to Moving Z axis down by 0.1 mm with timeout of 5s...
15-10-2024 17:36:02 - ERROR - E104: Error while executing Moving Z axis down by 0.1 mm 
 400 Client Error: Must home axis first: 0.000 0.000 0.100 [0.000] for url: http://192.168.0.231/printer/gcode/script?script=G0+Z0.1
15-10-2024 17:36:02 - INFO - Sending request to Getting Z position with timeout of 5s...
15-10-2024 17:36:02 - INFO - Getting Z position request successfully sent.
15-10-2024 17:36:02 - INFO - Response from moonraker: {'result': 'ok'}
15-10-2024 17:36:02 - INFO - Getting Z position Request successfully executed.
15-10-2024 17:36:02 - INFO - Sending Z position query to printer...
15-10-2024 17:36:02 - INFO - Request successful. Parsing JSON response...
15-10-2024 17:36:02 - INFO - Z position: 0.0
15-10-2024 17:36:02 - INFO - Sending request to Recoater go LEFT with timeout of 5s...
15-10-2024 17:36:04 - INFO - Recoater go LEFT request successfully sent.
15-10-2024 17:36:04 - INFO - Response from moonraker: {'result': 'ok'}
15-10-2024 17:36:04 - INFO - Recoater go LEFT Request successfully executed.
15-10-2024 17:36:07 - INFO - Sending request to sending command G91 with timeout of 5s...
15-10-2024 17:36:07 - INFO - sending command G91 request successfully sent.
15-10-2024 17:36:07 - INFO - Response from moonraker: {'result': 'ok'}
15-10-2024 17:36:07 - INFO - sending command G91 Request successfully executed.
15-10-2024 17:36:07 - INFO - Sending request to Moving Z axis down by 0.1 mm with timeout of 5s...
15-10-2024 17:36:07 - ERROR - E104: Error while executing Moving Z axis down by 0.1 mm 
 400 Client Error: Must home axis first: 0.000 0.000 0.100 [0.000] for url: http://192.168.0.231/printer/gcode/script?script=G0+Z0.1
15-10-2024 17:36:07 - INFO - Sending request to Getting Z position with timeout of 5s...
15-10-2024 17:36:07 - INFO - Getting Z position request successfully sent.
15-10-2024 17:36:07 - INFO - Response from moonraker: {'result': 'ok'}
15-10-2024 17:36:07 - INFO - Getting Z position Request successfully executed.
15-10-2024 17:36:07 - INFO - Sending Z position query to printer...
15-10-2024 17:36:07 - INFO - Request successful. Parsing JSON response...
15-10-2024 17:36:07 - INFO - Z position: 0.0
15-10-2024 17:36:07 - INFO - Sending request to Recoater go RIGHT with timeout of 5s...
15-10-2024 17:36:09 - INFO - Recoater go RIGHT request successfully sent.
15-10-2024 17:36:09 - INFO - Response from moonraker: {'result': 'ok'}
15-10-2024 17:36:09 - INFO - Recoater go RIGHT Request successfully executed.
15-10-2024 17:36:12 - INFO - Sending request to sending command G91 with timeout of 5s...
15-10-2024 17:36:12 - INFO - sending command G91 request successfully sent.
15-10-2024 17:36:12 - INFO - Response from moonraker: {'result': 'ok'}
15-10-2024 17:36:12 - INFO - sending command G91 Request successfully executed.
15-10-2024 17:36:12 - INFO - Sending request to Moving Z axis down by 0.1 mm with timeout of 5s...
15-10-2024 17:36:12 - ERROR - E104: Error while executing Moving Z axis down by 0.1 mm 
 400 Client Error: Must home axis first: 0.000 0.000 0.100 [0.000] for url: http://192.168.0.231/printer/gcode/script?script=G0+Z0.1
15-10-2024 17:36:12 - INFO - Sending request to Getting Z position with timeout of 5s...
15-10-2024 17:36:12 - INFO - Getting Z position request successfully sent.
15-10-2024 17:36:12 - INFO - Response from moonraker: {'result': 'ok'}
15-10-2024 17:36:12 - INFO - Getting Z position Request successfully executed.
15-10-2024 17:36:12 - INFO - Sending Z position query to printer...
15-10-2024 17:36:12 - INFO - Request successful. Parsing JSON response...
15-10-2024 17:36:12 - INFO - Z position: 0.0
15-10-2024 17:36:12 - INFO - Sending request to Recoater go LEFT with timeout of 5s...
15-10-2024 17:36:14 - INFO - Recoater go LEFT request successfully sent.
15-10-2024 17:36:14 - INFO - Response from moonraker: {'result': 'ok'}
15-10-2024 17:36:14 - INFO - Recoater go LEFT Request successfully executed.
15-10-2024 17:36:17 - INFO - Sending request to sending command G91 with timeout of 5s...
15-10-2024 17:36:17 - INFO - sending command G91 request successfully sent.
15-10-2024 17:36:17 - INFO - Response from moonraker: {'result': 'ok'}
15-10-2024 17:36:17 - INFO - sending command G91 Request successfully executed.
15-10-2024 17:36:17 - INFO - Sending request to Moving Z axis down by 0.1 mm with timeout of 5s...
15-10-2024 17:36:17 - ERROR - E104: Error while executing Moving Z axis down by 0.1 mm 
 400 Client Error: Must home axis first: 0.000 0.000 0.100 [0.000] for url: http://192.168.0.231/printer/gcode/script?script=G0+Z0.1
15-10-2024 17:36:17 - INFO - Sending request to Getting Z position with timeout of 5s...
15-10-2024 17:36:17 - INFO - Getting Z position request successfully sent.
15-10-2024 17:36:17 - INFO - Response from moonraker: {'result': 'ok'}
15-10-2024 17:36:17 - INFO - Getting Z position Request successfully executed.
15-10-2024 17:36:17 - INFO - Sending Z position query to printer...
15-10-2024 17:36:18 - INFO - Request successful. Parsing JSON response...
15-10-2024 17:36:18 - INFO - Z position: 0.0
15-10-2024 17:36:18 - INFO - Sending request to Recoater go RIGHT with timeout of 5s...
15-10-2024 17:36:20 - INFO - Recoater go RIGHT request successfully sent.
15-10-2024 17:36:20 - INFO - Response from moonraker: {'result': 'ok'}
15-10-2024 17:36:20 - INFO - Recoater go RIGHT Request successfully executed.
15-10-2024 17:36:23 - INFO - Sending request to sending command G91 with timeout of 5s...
15-10-2024 17:36:23 - INFO - sending command G91 request successfully sent.
15-10-2024 17:36:23 - INFO - Response from moonraker: {'result': 'ok'}
15-10-2024 17:36:23 - INFO - sending command G91 Request successfully executed.
15-10-2024 17:36:23 - INFO - Sending request to Moving Z axis down by 0.1 mm with timeout of 5s...
15-10-2024 17:36:23 - ERROR - E104: Error while executing Moving Z axis down by 0.1 mm 
 400 Client Error: Must home axis first: 0.000 0.000 0.100 [0.000] for url: http://192.168.0.231/printer/gcode/script?script=G0+Z0.1
15-10-2024 17:36:23 - INFO - Sending request to Getting Z position with timeout of 5s...
15-10-2024 17:36:23 - INFO - Getting Z position request successfully sent.
15-10-2024 17:36:23 - INFO - Response from moonraker: {'result': 'ok'}
15-10-2024 17:36:23 - INFO - Getting Z position Request successfully executed.
15-10-2024 17:36:23 - INFO - Sending Z position query to printer...
15-10-2024 17:36:23 - INFO - Request successful. Parsing JSON response...
15-10-2024 17:36:23 - INFO - Z position: 0.0
15-10-2024 17:36:23 - INFO - Sending request to Recoater go LEFT with timeout of 5s...
15-10-2024 17:36:25 - INFO - Recoater go LEFT request successfully sent.
15-10-2024 17:36:25 - INFO - Response from moonraker: {'result': 'ok'}
15-10-2024 17:36:25 - INFO - Recoater go LEFT Request successfully executed.
15-10-2024 17:36:28 - INFO - Sending request to sending command G91 with timeout of 5s...
15-10-2024 17:36:28 - INFO - sending command G91 request successfully sent.
15-10-2024 17:36:28 - INFO - Response from moonraker: {'result': 'ok'}
15-10-2024 17:36:28 - INFO - sending command G91 Request successfully executed.
15-10-2024 17:36:28 - INFO - Sending request to Moving Z axis down by 0.1 mm with timeout of 5s...
15-10-2024 17:36:28 - ERROR - E104: Error while executing Moving Z axis down by 0.1 mm 
 400 Client Error: Must home axis first: 0.000 0.000 0.100 [0.000] for url: http://192.168.0.231/printer/gcode/script?script=G0+Z0.1
15-10-2024 17:36:28 - INFO - Sending request to Getting Z position with timeout of 5s...
15-10-2024 17:36:28 - INFO - Getting Z position request successfully sent.
15-10-2024 17:36:28 - INFO - Response from moonraker: {'result': 'ok'}
15-10-2024 17:36:28 - INFO - Getting Z position Request successfully executed.
15-10-2024 17:36:28 - INFO - Sending Z position query to printer...
15-10-2024 17:36:28 - INFO - Request successful. Parsing JSON response...
15-10-2024 17:36:28 - INFO - Z position: 0.0
15-10-2024 17:46:45 - INFO - Count value updated in GUI!
15-10-2024 17:46:46 - INFO - Sending request to Recoater go RIGHT with timeout of 5s...
15-10-2024 17:46:48 - INFO - Recoater go RIGHT request successfully sent.
15-10-2024 17:46:52 - INFO - Response from moonraker: {'result': 'ok'}
15-10-2024 17:46:52 - INFO - Recoater go RIGHT Request successfully executed.
15-10-2024 17:46:55 - INFO - Sending request to sending command G91 with timeout of 5s...
15-10-2024 17:46:55 - INFO - sending command G91 request successfully sent.
15-10-2024 17:46:55 - INFO - Response from moonraker: {'result': 'ok'}
15-10-2024 17:46:55 - INFO - sending command G91 Request successfully executed.
15-10-2024 17:46:55 - INFO - Sending request to Moving Z axis down by 0.1 mm with timeout of 5s...
15-10-2024 17:46:55 - ERROR - E104: Error while executing Moving Z axis down by 0.1 mm 
 400 Client Error: Must home axis first: 0.000 0.000 0.100 [0.000] for url: http://192.168.0.231/printer/gcode/script?script=G0+Z0.1
15-10-2024 17:46:55 - INFO - Sending request to Getting Z position with timeout of 5s...
15-10-2024 17:46:55 - INFO - Getting Z position request successfully sent.
15-10-2024 17:46:55 - INFO - Response from moonraker: {'result': 'ok'}
15-10-2024 17:46:55 - INFO - Getting Z position Request successfully executed.
15-10-2024 17:46:55 - INFO - Sending Z position query to printer...
15-10-2024 17:46:55 - INFO - Request successful. Parsing JSON response...
15-10-2024 17:46:55 - INFO - Z position: 0.0
15-10-2024 17:46:55 - INFO - Sending request to Recoater go LEFT with timeout of 5s...
15-10-2024 17:46:57 - INFO - Recoater go LEFT request successfully sent.
15-10-2024 17:46:57 - INFO - Response from moonraker: {'result': 'ok'}
15-10-2024 17:46:57 - INFO - Recoater go LEFT Request successfully executed.
15-10-2024 17:47:00 - INFO - Sending request to sending command G91 with timeout of 5s...
15-10-2024 17:47:00 - INFO - sending command G91 request successfully sent.
15-10-2024 17:47:00 - INFO - Response from moonraker: {'result': 'ok'}
15-10-2024 17:47:00 - INFO - sending command G91 Request successfully executed.
15-10-2024 17:47:00 - INFO - Sending request to Moving Z axis down by 0.1 mm with timeout of 5s...
15-10-2024 17:47:00 - ERROR - E104: Error while executing Moving Z axis down by 0.1 mm 
 400 Client Error: Must home axis first: 0.000 0.000 0.100 [0.000] for url: http://192.168.0.231/printer/gcode/script?script=G0+Z0.1
15-10-2024 17:47:00 - INFO - Sending request to Getting Z position with timeout of 5s...
15-10-2024 17:47:00 - INFO - Getting Z position request successfully sent.
15-10-2024 17:47:00 - INFO - Response from moonraker: {'result': 'ok'}
15-10-2024 17:47:00 - INFO - Getting Z position Request successfully executed.
15-10-2024 17:47:00 - INFO - Sending Z position query to printer...
15-10-2024 17:47:00 - INFO - Request successful. Parsing JSON response...
15-10-2024 17:47:00 - INFO - Z position: 0.0
15-10-2024 17:47:00 - INFO - Sending request to Recoater go RIGHT with timeout of 5s...
15-10-2024 17:47:02 - INFO - Recoater go RIGHT request successfully sent.
15-10-2024 17:47:02 - INFO - Response from moonraker: {'result': 'ok'}
15-10-2024 17:47:02 - INFO - Recoater go RIGHT Request successfully executed.
15-10-2024 17:47:05 - INFO - Sending request to sending command G91 with timeout of 5s...
15-10-2024 17:47:05 - INFO - sending command G91 request successfully sent.
15-10-2024 17:47:05 - INFO - Response from moonraker: {'result': 'ok'}
15-10-2024 17:47:05 - INFO - sending command G91 Request successfully executed.
15-10-2024 17:47:05 - INFO - Sending request to Moving Z axis down by 0.1 mm with timeout of 5s...
15-10-2024 17:47:05 - ERROR - E104: Error while executing Moving Z axis down by 0.1 mm 
 400 Client Error: Must home axis first: 0.000 0.000 0.100 [0.000] for url: http://192.168.0.231/printer/gcode/script?script=G0+Z0.1
15-10-2024 17:47:05 - INFO - Sending request to Getting Z position with timeout of 5s...
15-10-2024 17:47:05 - INFO - Getting Z position request successfully sent.
15-10-2024 17:47:05 - INFO - Response from moonraker: {'result': 'ok'}
15-10-2024 17:47:05 - INFO - Getting Z position Request successfully executed.
15-10-2024 17:47:05 - INFO - Sending Z position query to printer...
15-10-2024 17:47:06 - INFO - Request successful. Parsing JSON response...
15-10-2024 17:47:06 - INFO - Z position: 0.0
15-10-2024 17:47:06 - INFO - Sending request to Recoater go LEFT with timeout of 5s...
15-10-2024 17:47:07 - INFO - Recoater go LEFT request successfully sent.
15-10-2024 17:47:07 - INFO - Response from moonraker: {'result': 'ok'}
15-10-2024 17:47:08 - INFO - Recoater go LEFT Request successfully executed.
15-10-2024 17:47:11 - INFO - Sending request to sending command G91 with timeout of 5s...
15-10-2024 17:47:11 - INFO - sending command G91 request successfully sent.
15-10-2024 17:47:11 - INFO - Response from moonraker: {'result': 'ok'}
15-10-2024 17:47:11 - INFO - sending command G91 Request successfully executed.
15-10-2024 17:47:11 - INFO - Sending request to Moving Z axis down by 0.1 mm with timeout of 5s...
15-10-2024 17:47:11 - ERROR - E104: Error while executing Moving Z axis down by 0.1 mm 
 400 Client Error: Must home axis first: 0.000 0.000 0.100 [0.000] for url: http://192.168.0.231/printer/gcode/script?script=G0+Z0.1
15-10-2024 17:47:11 - INFO - Sending request to Getting Z position with timeout of 5s...
15-10-2024 17:47:11 - INFO - Getting Z position request successfully sent.
15-10-2024 17:47:11 - INFO - Response from moonraker: {'result': 'ok'}
15-10-2024 17:47:11 - INFO - Getting Z position Request successfully executed.
15-10-2024 17:47:11 - INFO - Sending Z position query to printer...
15-10-2024 17:47:11 - INFO - Request successful. Parsing JSON response...
15-10-2024 17:47:11 - INFO - Z position: 0.0
15-10-2024 17:47:11 - INFO - Sending request to Recoater go RIGHT with timeout of 5s...
15-10-2024 17:47:13 - INFO - Recoater go RIGHT request successfully sent.
15-10-2024 17:47:13 - INFO - Response from moonraker: {'result': 'ok'}
15-10-2024 17:47:13 - INFO - Recoater go RIGHT Request successfully executed.
15-10-2024 17:47:16 - INFO - Sending request to sending command G91 with timeout of 5s...
15-10-2024 17:47:16 - INFO - sending command G91 request successfully sent.
15-10-2024 17:47:16 - INFO - Response from moonraker: {'result': 'ok'}
15-10-2024 17:47:16 - INFO - sending command G91 Request successfully executed.
15-10-2024 17:47:16 - INFO - Sending request to Moving Z axis down by 0.1 mm with timeout of 5s...
15-10-2024 17:47:16 - ERROR - E104: Error while executing Moving Z axis down by 0.1 mm 
 400 Client Error: Must home axis first: 0.000 0.000 0.100 [0.000] for url: http://192.168.0.231/printer/gcode/script?script=G0+Z0.1
15-10-2024 17:47:16 - INFO - Sending request to Getting Z position with timeout of 5s...
15-10-2024 17:47:16 - INFO - Getting Z position request successfully sent.
15-10-2024 17:47:16 - INFO - Response from moonraker: {'result': 'ok'}
15-10-2024 17:47:16 - INFO - Getting Z position Request successfully executed.
15-10-2024 17:47:16 - INFO - Sending Z position query to printer...
15-10-2024 17:47:16 - INFO - Request successful. Parsing JSON response...
15-10-2024 17:47:16 - INFO - Z position: 0.0
15-10-2024 17:47:16 - INFO - Sending request to Recoater go LEFT with timeout of 5s...
15-10-2024 17:47:18 - INFO - Recoater go LEFT request successfully sent.
15-10-2024 17:47:18 - INFO - Response from moonraker: {'result': 'ok'}
15-10-2024 17:47:18 - INFO - Recoater go LEFT Request successfully executed.
15-10-2024 17:47:21 - INFO - Sending request to sending command G91 with timeout of 5s...
15-10-2024 17:47:21 - INFO - sending command G91 request successfully sent.
15-10-2024 17:47:21 - INFO - Response from moonraker: {'result': 'ok'}
15-10-2024 17:47:21 - INFO - sending command G91 Request successfully executed.
15-10-2024 17:47:21 - INFO - Sending request to Moving Z axis down by 0.1 mm with timeout of 5s...
15-10-2024 17:47:21 - ERROR - E104: Error while executing Moving Z axis down by 0.1 mm 
 400 Client Error: Must home axis first: 0.000 0.000 0.100 [0.000] for url: http://192.168.0.231/printer/gcode/script?script=G0+Z0.1
15-10-2024 17:47:21 - INFO - Sending request to Getting Z position with timeout of 5s...
15-10-2024 17:47:21 - INFO - Getting Z position request successfully sent.
15-10-2024 17:47:21 - INFO - Response from moonraker: {'result': 'ok'}
15-10-2024 17:47:21 - INFO - Getting Z position Request successfully executed.
15-10-2024 17:47:21 - INFO - Sending Z position query to printer...
15-10-2024 17:47:21 - INFO - Request successful. Parsing JSON response...
15-10-2024 17:47:21 - INFO - Z position: 0.0
15-10-2024 17:47:21 - INFO - Sending request to Recoater go RIGHT with timeout of 5s...
15-10-2024 17:47:23 - INFO - Recoater go RIGHT request successfully sent.
15-10-2024 17:47:23 - INFO - Response from moonraker: {'result': 'ok'}
15-10-2024 17:47:23 - INFO - Recoater go RIGHT Request successfully executed.
15-10-2024 17:47:26 - INFO - Sending request to sending command G91 with timeout of 5s...
15-10-2024 17:47:26 - INFO - sending command G91 request successfully sent.
15-10-2024 17:47:26 - INFO - Response from moonraker: {'result': 'ok'}
15-10-2024 17:47:26 - INFO - sending command G91 Request successfully executed.
15-10-2024 17:47:26 - INFO - Sending request to Moving Z axis down by 0.1 mm with timeout of 5s...
15-10-2024 17:47:26 - ERROR - E104: Error while executing Moving Z axis down by 0.1 mm 
 400 Client Error: Must home axis first: 0.000 0.000 0.100 [0.000] for url: http://192.168.0.231/printer/gcode/script?script=G0+Z0.1
15-10-2024 17:47:26 - INFO - Sending request to Getting Z position with timeout of 5s...
15-10-2024 17:47:26 - INFO - Getting Z position request successfully sent.
15-10-2024 17:47:26 - INFO - Response from moonraker: {'result': 'ok'}
15-10-2024 17:47:26 - INFO - Getting Z position Request successfully executed.
15-10-2024 17:47:26 - INFO - Sending Z position query to printer...
15-10-2024 17:47:27 - INFO - Request successful. Parsing JSON response...
15-10-2024 17:47:27 - INFO - Z position: 0.0
15-10-2024 17:47:27 - INFO - Sending request to Recoater go LEFT with timeout of 5s...
15-10-2024 17:47:29 - INFO - Recoater go LEFT request successfully sent.
15-10-2024 17:47:29 - INFO - Response from moonraker: {'result': 'ok'}
15-10-2024 17:47:29 - INFO - Recoater go LEFT Request successfully executed.
15-10-2024 17:47:32 - INFO - Sending request to sending command G91 with timeout of 5s...
15-10-2024 17:47:32 - INFO - sending command G91 request successfully sent.
15-10-2024 17:47:32 - INFO - Response from moonraker: {'result': 'ok'}
15-10-2024 17:47:32 - INFO - sending command G91 Request successfully executed.
15-10-2024 17:47:32 - INFO - Sending request to Moving Z axis down by 0.1 mm with timeout of 5s...
15-10-2024 17:47:32 - ERROR - E104: Error while executing Moving Z axis down by 0.1 mm 
 400 Client Error: Must home axis first: 0.000 0.000 0.100 [0.000] for url: http://192.168.0.231/printer/gcode/script?script=G0+Z0.1
15-10-2024 17:47:32 - INFO - Sending request to Getting Z position with timeout of 5s...
15-10-2024 17:47:32 - INFO - Getting Z position request successfully sent.
15-10-2024 17:47:32 - INFO - Response from moonraker: {'result': 'ok'}
15-10-2024 17:47:32 - INFO - Getting Z position Request successfully executed.
15-10-2024 17:47:32 - INFO - Sending Z position query to printer...
15-10-2024 17:47:32 - INFO - Request successful. Parsing JSON response...
15-10-2024 17:47:32 - INFO - Z position: 0.0
15-10-2024 17:47:32 - INFO - Sending request to Recoater go RIGHT with timeout of 5s...
15-10-2024 17:47:34 - INFO - Recoater go RIGHT request successfully sent.
15-10-2024 17:47:34 - INFO - Response from moonraker: {'result': 'ok'}
15-10-2024 17:47:34 - INFO - Recoater go RIGHT Request successfully executed.
15-10-2024 17:47:37 - INFO - Sending request to sending command G91 with timeout of 5s...
15-10-2024 17:47:37 - INFO - sending command G91 request successfully sent.
15-10-2024 17:47:37 - INFO - Response from moonraker: {'result': 'ok'}
15-10-2024 17:47:37 - INFO - sending command G91 Request successfully executed.
15-10-2024 17:47:37 - INFO - Sending request to Moving Z axis down by 0.1 mm with timeout of 5s...
15-10-2024 17:47:37 - ERROR - E104: Error while executing Moving Z axis down by 0.1 mm 
 400 Client Error: Must home axis first: 0.000 0.000 0.100 [0.000] for url: http://192.168.0.231/printer/gcode/script?script=G0+Z0.1
15-10-2024 17:47:37 - INFO - Sending request to Getting Z position with timeout of 5s...
15-10-2024 17:47:37 - INFO - Getting Z position request successfully sent.
15-10-2024 17:47:37 - INFO - Response from moonraker: {'result': 'ok'}
15-10-2024 17:47:37 - INFO - Getting Z position Request successfully executed.
15-10-2024 17:47:37 - INFO - Sending Z position query to printer...
15-10-2024 17:47:37 - INFO - Request successful. Parsing JSON response...
15-10-2024 17:47:37 - INFO - Z position: 0.0
15-10-2024 17:47:37 - INFO - Sending request to Recoater go LEFT with timeout of 5s...
15-10-2024 17:47:39 - INFO - Recoater go LEFT request successfully sent.
15-10-2024 17:47:39 - INFO - Response from moonraker: {'result': 'ok'}
15-10-2024 17:47:39 - INFO - Recoater go LEFT Request successfully executed.
15-10-2024 17:47:42 - INFO - Sending request to sending command G91 with timeout of 5s...
15-10-2024 17:47:42 - INFO - sending command G91 request successfully sent.
15-10-2024 17:47:42 - INFO - Response from moonraker: {'result': 'ok'}
15-10-2024 17:47:42 - INFO - sending command G91 Request successfully executed.
15-10-2024 17:47:42 - INFO - Sending request to Moving Z axis down by 0.1 mm with timeout of 5s...
15-10-2024 17:47:42 - ERROR - E104: Error while executing Moving Z axis down by 0.1 mm 
 400 Client Error: Must home axis first: 0.000 0.000 0.100 [0.000] for url: http://192.168.0.231/printer/gcode/script?script=G0+Z0.1
15-10-2024 17:47:42 - INFO - Sending request to Getting Z position with timeout of 5s...
15-10-2024 17:47:42 - INFO - Getting Z position request successfully sent.
15-10-2024 17:47:42 - INFO - Response from moonraker: {'result': 'ok'}
15-10-2024 17:47:42 - INFO - Getting Z position Request successfully executed.
15-10-2024 17:47:42 - INFO - Sending Z position query to printer...
15-10-2024 17:47:42 - INFO - Request successful. Parsing JSON response...
15-10-2024 17:47:42 - INFO - Z position: 0.0
15-10-2024 17:47:42 - INFO - Sending request to Recoater go RIGHT with timeout of 5s...
15-10-2024 17:47:44 - INFO - Recoater go RIGHT request successfully sent.
15-10-2024 17:47:44 - INFO - Response from moonraker: {'result': 'ok'}
15-10-2024 17:47:44 - INFO - Recoater go RIGHT Request successfully executed.
15-10-2024 17:47:47 - INFO - Sending request to sending command G91 with timeout of 5s...
15-10-2024 17:47:47 - INFO - sending command G91 request successfully sent.
15-10-2024 17:47:47 - INFO - Response from moonraker: {'result': 'ok'}
15-10-2024 17:47:47 - INFO - sending command G91 Request successfully executed.
15-10-2024 17:47:47 - INFO - Sending request to Moving Z axis down by 0.1 mm with timeout of 5s...
15-10-2024 17:47:47 - ERROR - E104: Error while executing Moving Z axis down by 0.1 mm 
 400 Client Error: Must home axis first: 0.000 0.000 0.100 [0.000] for url: http://192.168.0.231/printer/gcode/script?script=G0+Z0.1
15-10-2024 17:47:48 - INFO - Sending request to Getting Z position with timeout of 5s...
15-10-2024 17:47:48 - INFO - Getting Z position request successfully sent.
15-10-2024 17:47:48 - INFO - Response from moonraker: {'result': 'ok'}
15-10-2024 17:47:48 - INFO - Getting Z position Request successfully executed.
15-10-2024 17:47:48 - INFO - Sending Z position query to printer...
15-10-2024 17:47:48 - INFO - Request successful. Parsing JSON response...
15-10-2024 17:47:48 - INFO - Z position: 0.0
15-10-2024 17:47:48 - INFO - Sending request to Recoater go LEFT with timeout of 5s...
15-10-2024 17:47:50 - INFO - Recoater go LEFT request successfully sent.
15-10-2024 17:47:50 - INFO - Response from moonraker: {'result': 'ok'}
15-10-2024 17:47:50 - INFO - Recoater go LEFT Request successfully executed.
15-10-2024 17:47:53 - INFO - Sending request to sending command G91 with timeout of 5s...
15-10-2024 17:47:53 - INFO - sending command G91 request successfully sent.
15-10-2024 17:47:53 - INFO - Response from moonraker: {'result': 'ok'}
15-10-2024 17:47:53 - INFO - sending command G91 Request successfully executed.
15-10-2024 17:47:53 - INFO - Sending request to Moving Z axis down by 0.1 mm with timeout of 5s...
15-10-2024 17:47:53 - ERROR - E104: Error while executing Moving Z axis down by 0.1 mm 
 400 Client Error: Must home axis first: 0.000 0.000 0.100 [0.000] for url: http://192.168.0.231/printer/gcode/script?script=G0+Z0.1
15-10-2024 17:47:53 - INFO - Sending request to Getting Z position with timeout of 5s...
15-10-2024 17:47:53 - INFO - Getting Z position request successfully sent.
15-10-2024 17:47:53 - INFO - Response from moonraker: {'result': 'ok'}
15-10-2024 17:47:53 - INFO - Getting Z position Request successfully executed.
15-10-2024 17:47:53 - INFO - Sending Z position query to printer...
15-10-2024 17:47:53 - INFO - Request successful. Parsing JSON response...
15-10-2024 17:47:53 - INFO - Z position: 0.0
15-10-2024 17:47:53 - INFO - Sending request to Recoater go RIGHT with timeout of 5s...
15-10-2024 17:47:55 - INFO - Recoater go RIGHT request successfully sent.
15-10-2024 17:47:55 - INFO - Response from moonraker: {'result': 'ok'}
15-10-2024 17:47:55 - INFO - Recoater go RIGHT Request successfully executed.
15-10-2024 17:47:58 - INFO - Sending request to sending command G91 with timeout of 5s...
15-10-2024 17:47:58 - INFO - sending command G91 request successfully sent.
15-10-2024 17:47:58 - INFO - Response from moonraker: {'result': 'ok'}
15-10-2024 17:47:58 - INFO - sending command G91 Request successfully executed.
15-10-2024 17:47:58 - INFO - Sending request to Moving Z axis down by 0.1 mm with timeout of 5s...
15-10-2024 17:47:58 - ERROR - E104: Error while executing Moving Z axis down by 0.1 mm 
 400 Client Error: Must home axis first: 0.000 0.000 0.100 [0.000] for url: http://192.168.0.231/printer/gcode/script?script=G0+Z0.1
15-10-2024 17:47:58 - INFO - Sending request to Getting Z position with timeout of 5s...
15-10-2024 17:47:58 - INFO - Getting Z position request successfully sent.
15-10-2024 17:47:58 - INFO - Response from moonraker: {'result': 'ok'}
15-10-2024 17:47:58 - INFO - Getting Z position Request successfully executed.
15-10-2024 17:47:58 - INFO - Sending Z position query to printer...
15-10-2024 17:47:58 - INFO - Request successful. Parsing JSON response...
15-10-2024 17:47:58 - INFO - Z position: 0.0
15-10-2024 17:47:58 - INFO - Sending request to Recoater go LEFT with timeout of 5s...
15-10-2024 17:48:00 - INFO - Recoater go LEFT request successfully sent.
15-10-2024 17:48:00 - INFO - Response from moonraker: {'result': 'ok'}
15-10-2024 17:48:00 - INFO - Recoater go LEFT Request successfully executed.
15-10-2024 17:48:03 - INFO - Sending request to sending command G91 with timeout of 5s...
15-10-2024 17:48:03 - INFO - sending command G91 request successfully sent.
15-10-2024 17:48:03 - INFO - Response from moonraker: {'result': 'ok'}
15-10-2024 17:48:03 - INFO - sending command G91 Request successfully executed.
15-10-2024 17:48:03 - INFO - Sending request to Moving Z axis down by 0.1 mm with timeout of 5s...
15-10-2024 17:48:03 - ERROR - E104: Error while executing Moving Z axis down by 0.1 mm 
 400 Client Error: Must home axis first: 0.000 0.000 0.100 [0.000] for url: http://192.168.0.231/printer/gcode/script?script=G0+Z0.1
15-10-2024 17:48:03 - INFO - Sending request to Getting Z position with timeout of 5s...
15-10-2024 17:48:03 - INFO - Getting Z position request successfully sent.
15-10-2024 17:48:03 - INFO - Response from moonraker: {'result': 'ok'}
15-10-2024 17:48:03 - INFO - Getting Z position Request successfully executed.
15-10-2024 17:48:03 - INFO - Sending Z position query to printer...
15-10-2024 17:48:03 - INFO - Request successful. Parsing JSON response...
15-10-2024 17:48:03 - INFO - Z position: 0.0
15-10-2024 17:48:03 - INFO - Sending request to Recoater go RIGHT with timeout of 5s...
15-10-2024 17:48:05 - INFO - Recoater go RIGHT request successfully sent.
15-10-2024 17:48:05 - INFO - Response from moonraker: {'result': 'ok'}
15-10-2024 17:48:05 - INFO - Recoater go RIGHT Request successfully executed.
15-10-2024 17:48:08 - INFO - Sending request to sending command G91 with timeout of 5s...
15-10-2024 17:48:08 - INFO - sending command G91 request successfully sent.
15-10-2024 17:48:08 - INFO - Response from moonraker: {'result': 'ok'}
15-10-2024 17:48:08 - INFO - sending command G91 Request successfully executed.
15-10-2024 17:48:08 - INFO - Sending request to Moving Z axis down by 0.1 mm with timeout of 5s...
15-10-2024 17:48:08 - ERROR - E104: Error while executing Moving Z axis down by 0.1 mm 
 400 Client Error: Must home axis first: 0.000 0.000 0.100 [0.000] for url: http://192.168.0.231/printer/gcode/script?script=G0+Z0.1
15-10-2024 17:48:08 - INFO - Sending request to Getting Z position with timeout of 5s...
15-10-2024 17:48:09 - INFO - Getting Z position request successfully sent.
15-10-2024 17:48:09 - INFO - Response from moonraker: {'result': 'ok'}
15-10-2024 17:48:09 - INFO - Getting Z position Request successfully executed.
15-10-2024 17:48:09 - INFO - Sending Z position query to printer...
15-10-2024 17:48:09 - INFO - Request successful. Parsing JSON response...
15-10-2024 17:48:09 - INFO - Z position: 0.0
15-10-2024 17:48:09 - INFO - Sending request to Recoater go LEFT with timeout of 5s...
15-10-2024 17:48:11 - INFO - Recoater go LEFT request successfully sent.
15-10-2024 17:48:11 - INFO - Response from moonraker: {'result': 'ok'}
15-10-2024 17:48:11 - INFO - Recoater go LEFT Request successfully executed.
15-10-2024 17:48:14 - INFO - Sending request to sending command G91 with timeout of 5s...
15-10-2024 17:48:14 - INFO - sending command G91 request successfully sent.
15-10-2024 17:48:14 - INFO - Response from moonraker: {'result': 'ok'}
15-10-2024 17:48:14 - INFO - sending command G91 Request successfully executed.
15-10-2024 17:48:14 - INFO - Sending request to Moving Z axis down by 0.1 mm with timeout of 5s...
15-10-2024 17:48:14 - ERROR - E104: Error while executing Moving Z axis down by 0.1 mm 
 400 Client Error: Must home axis first: 0.000 0.000 0.100 [0.000] for url: http://192.168.0.231/printer/gcode/script?script=G0+Z0.1
15-10-2024 17:48:14 - INFO - Sending request to Getting Z position with timeout of 5s...
15-10-2024 17:48:14 - INFO - Getting Z position request successfully sent.
15-10-2024 17:48:14 - INFO - Response from moonraker: {'result': 'ok'}
15-10-2024 17:48:14 - INFO - Getting Z position Request successfully executed.
15-10-2024 17:48:14 - INFO - Sending Z position query to printer...
15-10-2024 17:48:14 - INFO - Request successful. Parsing JSON response...
15-10-2024 17:48:14 - INFO - Z position: 0.0
15-10-2024 17:48:14 - INFO - Sending request to Recoater go RIGHT with timeout of 5s...
15-10-2024 17:48:16 - INFO - Recoater go RIGHT request successfully sent.
15-10-2024 17:48:16 - INFO - Response from moonraker: {'result': 'ok'}
15-10-2024 17:48:16 - INFO - Recoater go RIGHT Request successfully executed.
15-10-2024 17:48:19 - INFO - Sending request to sending command G91 with timeout of 5s...
15-10-2024 17:48:19 - INFO - sending command G91 request successfully sent.
15-10-2024 17:48:19 - INFO - Response from moonraker: {'result': 'ok'}
15-10-2024 17:48:19 - INFO - sending command G91 Request successfully executed.
15-10-2024 17:48:19 - INFO - Sending request to Moving Z axis down by 0.1 mm with timeout of 5s...
15-10-2024 17:48:19 - ERROR - E104: Error while executing Moving Z axis down by 0.1 mm 
 400 Client Error: Must home axis first: 0.000 0.000 0.100 [0.000] for url: http://192.168.0.231/printer/gcode/script?script=G0+Z0.1
15-10-2024 17:48:19 - INFO - Sending request to Getting Z position with timeout of 5s...
15-10-2024 17:48:19 - INFO - Getting Z position request successfully sent.
15-10-2024 17:48:19 - INFO - Response from moonraker: {'result': 'ok'}
15-10-2024 17:48:19 - INFO - Getting Z position Request successfully executed.
15-10-2024 17:48:19 - INFO - Sending Z position query to printer...
15-10-2024 17:48:19 - INFO - Request successful. Parsing JSON response...
15-10-2024 17:48:19 - INFO - Z position: 0.0
15-10-2024 17:48:19 - INFO - Sending request to Recoater go LEFT with timeout of 5s...
15-10-2024 17:48:21 - INFO - Recoater go LEFT request successfully sent.
15-10-2024 17:48:21 - INFO - Response from moonraker: {'result': 'ok'}
15-10-2024 17:48:21 - INFO - Recoater go LEFT Request successfully executed.
15-10-2024 17:48:24 - INFO - Sending request to sending command G91 with timeout of 5s...
15-10-2024 17:48:24 - INFO - sending command G91 request successfully sent.
15-10-2024 17:48:24 - INFO - Response from moonraker: {'result': 'ok'}
15-10-2024 17:48:24 - INFO - sending command G91 Request successfully executed.
15-10-2024 17:48:24 - INFO - Sending request to Moving Z axis down by 0.1 mm with timeout of 5s...
15-10-2024 17:48:24 - ERROR - E104: Error while executing Moving Z axis down by 0.1 mm 
 400 Client Error: Must home axis first: 0.000 0.000 0.100 [0.000] for url: http://192.168.0.231/printer/gcode/script?script=G0+Z0.1
15-10-2024 17:48:24 - INFO - Sending request to Getting Z position with timeout of 5s...
15-10-2024 17:48:24 - INFO - Getting Z position request successfully sent.
15-10-2024 17:48:24 - INFO - Response from moonraker: {'result': 'ok'}
15-10-2024 17:48:24 - INFO - Getting Z position Request successfully executed.
15-10-2024 17:48:24 - INFO - Sending Z position query to printer...
15-10-2024 17:48:25 - INFO - Request successful. Parsing JSON response...
15-10-2024 17:48:25 - INFO - Z position: 0.0
15-10-2024 17:48:25 - INFO - Sending request to Recoater go RIGHT with timeout of 5s...
15-10-2024 17:48:26 - INFO - Recoater go RIGHT request successfully sent.
15-10-2024 17:48:26 - INFO - Response from moonraker: {'result': 'ok'}
15-10-2024 17:48:26 - INFO - Recoater go RIGHT Request successfully executed.
15-10-2024 17:48:29 - INFO - Sending request to sending command G91 with timeout of 5s...
15-10-2024 17:48:30 - INFO - sending command G91 request successfully sent.
15-10-2024 17:48:30 - INFO - Response from moonraker: {'result': 'ok'}
15-10-2024 17:48:30 - INFO - sending command G91 Request successfully executed.
15-10-2024 17:48:30 - INFO - Sending request to Moving Z axis down by 0.1 mm with timeout of 5s...
15-10-2024 17:48:30 - ERROR - E104: Error while executing Moving Z axis down by 0.1 mm 
 400 Client Error: Must home axis first: 0.000 0.000 0.100 [0.000] for url: http://192.168.0.231/printer/gcode/script?script=G0+Z0.1
15-10-2024 17:48:30 - INFO - Sending request to Getting Z position with timeout of 5s...
15-10-2024 17:48:30 - INFO - Getting Z position request successfully sent.
15-10-2024 17:48:30 - INFO - Response from moonraker: {'result': 'ok'}
15-10-2024 17:48:30 - INFO - Getting Z position Request successfully executed.
15-10-2024 17:48:30 - INFO - Sending Z position query to printer...
15-10-2024 17:48:30 - INFO - Request successful. Parsing JSON response...
15-10-2024 17:48:30 - INFO - Z position: 0.0
15-10-2024 17:48:30 - INFO - Sending request to Recoater go LEFT with timeout of 5s...
15-10-2024 17:48:32 - INFO - Recoater go LEFT request successfully sent.
15-10-2024 17:48:32 - INFO - Response from moonraker: {'result': 'ok'}
15-10-2024 17:48:32 - INFO - Recoater go LEFT Request successfully executed.
15-10-2024 17:48:35 - INFO - Sending request to sending command G91 with timeout of 5s...
15-10-2024 17:48:35 - INFO - sending command G91 request successfully sent.
15-10-2024 17:48:35 - INFO - Response from moonraker: {'result': 'ok'}
15-10-2024 17:48:35 - INFO - sending command G91 Request successfully executed.
15-10-2024 17:48:35 - INFO - Sending request to Moving Z axis down by 0.1 mm with timeout of 5s...
15-10-2024 17:48:35 - ERROR - E104: Error while executing Moving Z axis down by 0.1 mm 
 400 Client Error: Must home axis first: 0.000 0.000 0.100 [0.000] for url: http://192.168.0.231/printer/gcode/script?script=G0+Z0.1
15-10-2024 17:48:35 - INFO - Sending request to Getting Z position with timeout of 5s...
15-10-2024 17:48:35 - INFO - Getting Z position request successfully sent.
15-10-2024 17:48:35 - INFO - Response from moonraker: {'result': 'ok'}
15-10-2024 17:48:35 - INFO - Getting Z position Request successfully executed.
15-10-2024 17:48:35 - INFO - Sending Z position query to printer...
15-10-2024 17:48:35 - INFO - Request successful. Parsing JSON response...
15-10-2024 17:48:35 - INFO - Z position: 0.0
15-10-2024 18:10:09 - INFO - Emergency stop request successfully sent.
15-10-2024 18:10:09 - INFO - Response from moonraker: {'result': 'ok'}
15-10-2024 18:10:09 - INFO - Emergency stop Request successfully executed.
15-10-2024 19:17:20 - INFO - Sending request to Setting Chmaber Zones to a= 0, b= 0, c= 0, d= 0 with timeout of 5s...
15-10-2024 19:17:20 - INFO - Sending request to Setting Chmaber Zones to a= 0.7, b= 0.8, c= 0.9, d= 1.0 with timeout of 5s...
15-10-2024 19:17:20 - INFO - Setting Chmaber Zones to a= 0.7, b= 0.8, c= 0.9, d= 1.0 request successfully sent.
15-10-2024 19:17:20 - INFO - Response from moonraker: {'result': 'ok'}
15-10-2024 19:17:20 - INFO - Setting Chmaber Zones to a= 0.7, b= 0.8, c= 0.9, d= 1.0 Request successfully executed.
15-10-2024 19:17:20 - INFO - Setting Chmaber Zones to a= 0.7, b= 0.8, c= 0.9, d= 1.0 request successfully sent.
15-10-2024 19:17:20 - INFO - Response from moonraker: {'result': 'ok'}
15-10-2024 19:17:20 - INFO - Setting Chmaber Zones to a= 0.7, b= 0.8, c= 0.9, d= 1.0 Request successfully executed.
15-10-2024 19:17:21 - INFO - Sending request to Setting Chmaber Zones to a= 0.7, b= 0.8, c= 0.9, d= 1.0 with timeout of 5s...
15-10-2024 19:17:21 - INFO - Setting Chmaber Zones to a= 0.7, b= 0.8, c= 0.9, d= 1.0 request successfully sent.
15-10-2024 19:17:21 - INFO - Response from moonraker: {'result': 'ok'}
15-10-2024 19:17:21 - INFO - Setting Chmaber Zones to a= 0.7, b= 0.8, c= 0.9, d= 1.0 Request successfully executed.
15-10-2024 19:17:21 - INFO - Sending request to Setting Chmaber Zones to a= 0.7, b= 0.8, c= 0.9, d= 1.0 with timeout of 5s...
15-10-2024 19:17:21 - INFO - Setting Chmaber Zones to a= 0.7, b= 0.8, c= 0.9, d= 1.0 request successfully sent.
15-10-2024 19:17:21 - INFO - Response from moonraker: {'result': 'ok'}
15-10-2024 19:17:21 - INFO - Setting Chmaber Zones to a= 0.7, b= 0.8, c= 0.9, d= 1.0 Request successfully executed.
15-10-2024 19:17:21 - INFO - Sending request to Setting Chmaber Zones to a= 0.7, b= 0.8, c= 0.9, d= 1.0 with timeout of 5s...
15-10-2024 19:17:21 - INFO - Setting Chmaber Zones to a= 0.7, b= 0.8, c= 0.9, d= 1.0 request successfully sent.
15-10-2024 19:17:21 - INFO - Response from moonraker: {'result': 'ok'}
15-10-2024 19:17:21 - INFO - Setting Chmaber Zones to a= 0.7, b= 0.8, c= 0.9, d= 1.0 Request successfully executed.
15-10-2024 19:17:21 - INFO - Sending request to Setting Chmaber Zones to a= 0.7, b= 0.8, c= 0.9, d= 1.0 with timeout of 5s...
15-10-2024 19:17:21 - INFO - Setting Chmaber Zones to a= 0.7, b= 0.8, c= 0.9, d= 1.0 request successfully sent.
15-10-2024 19:17:21 - INFO - Response from moonraker: {'result': 'ok'}
15-10-2024 19:17:21 - INFO - Setting Chmaber Zones to a= 0.7, b= 0.8, c= 0.9, d= 1.0 Request successfully executed.
15-10-2024 19:17:21 - INFO - Sending request to Setting Chmaber Zones to a= 0.7, b= 0.8, c= 0.9, d= 1.0 with timeout of 5s...
15-10-2024 19:17:21 - INFO - Setting Chmaber Zones to a= 0.7, b= 0.8, c= 0.9, d= 1.0 request successfully sent.
15-10-2024 19:17:21 - INFO - Response from moonraker: {'result': 'ok'}
15-10-2024 19:17:21 - INFO - Setting Chmaber Zones to a= 0.7, b= 0.8, c= 0.9, d= 1.0 Request successfully executed.
15-10-2024 19:17:22 - INFO - Sending request to Setting Chmaber Zones to a= 0.7, b= 0.8, c= 0.9, d= 1.0 with timeout of 5s...
15-10-2024 19:17:22 - INFO - Setting Chmaber Zones to a= 0.7, b= 0.8, c= 0.9, d= 1.0 request successfully sent.
15-10-2024 19:17:22 - INFO - Response from moonraker: {'result': 'ok'}
15-10-2024 19:17:22 - INFO - Setting Chmaber Zones to a= 0.7, b= 0.8, c= 0.9, d= 1.0 Request successfully executed.
15-10-2024 19:17:22 - INFO - Sending request to Setting Chmaber Zones to a= 0.7, b= 0.8, c= 0.9, d= 1.0 with timeout of 5s...
15-10-2024 19:17:22 - INFO - Setting Chmaber Zones to a= 0.7, b= 0.8, c= 0.9, d= 1.0 request successfully sent.
15-10-2024 19:17:22 - INFO - Response from moonraker: {'result': 'ok'}
15-10-2024 19:17:22 - INFO - Setting Chmaber Zones to a= 0.7, b= 0.8, c= 0.9, d= 1.0 Request successfully executed.
15-10-2024 19:17:22 - INFO - Sending request to Setting Chmaber Zones to a= 0.7, b= 0.8, c= 0.9, d= 1.0 with timeout of 5s...
15-10-2024 19:17:22 - INFO - Setting Chmaber Zones to a= 0.7, b= 0.8, c= 0.9, d= 1.0 request successfully sent.
15-10-2024 19:17:22 - INFO - Response from moonraker: {'result': 'ok'}
15-10-2024 19:17:22 - INFO - Setting Chmaber Zones to a= 0.7, b= 0.8, c= 0.9, d= 1.0 Request successfully executed.
15-10-2024 19:17:22 - INFO - Sending request to Setting Chmaber Zones to a= 0.7, b= 0.8, c= 0.9, d= 1.0 with timeout of 5s...
15-10-2024 19:17:22 - INFO - Setting Chmaber Zones to a= 0.7, b= 0.8, c= 0.9, d= 1.0 request successfully sent.
15-10-2024 19:17:22 - INFO - Response from moonraker: {'result': 'ok'}
15-10-2024 19:17:22 - INFO - Setting Chmaber Zones to a= 0.7, b= 0.8, c= 0.9, d= 1.0 Request successfully executed.
15-10-2024 19:17:22 - INFO - Sending request to Setting Chmaber Zones to a= 0.7, b= 0.8, c= 0.9, d= 1.0 with timeout of 5s...
15-10-2024 19:17:22 - INFO - Setting Chmaber Zones to a= 0.7, b= 0.8, c= 0.9, d= 1.0 request successfully sent.
15-10-2024 19:17:22 - INFO - Response from moonraker: {'result': 'ok'}
15-10-2024 19:17:22 - INFO - Setting Chmaber Zones to a= 0.7, b= 0.8, c= 0.9, d= 1.0 Request successfully executed.
15-10-2024 19:17:23 - INFO - Sending request to Setting Chmaber Zones to a= 0.7, b= 0.8, c= 0.9, d= 1.0 with timeout of 5s...
15-10-2024 19:17:23 - INFO - Setting Chmaber Zones to a= 0.7, b= 0.8, c= 0.9, d= 1.0 request successfully sent.
15-10-2024 19:17:23 - INFO - Response from moonraker: {'result': 'ok'}
15-10-2024 19:17:23 - INFO - Setting Chmaber Zones to a= 0.7, b= 0.8, c= 0.9, d= 1.0 Request successfully executed.
