12-12-2024 11:50:46 - INFO - Sending request to Recoater go LEFT with timeout of 5s...
12-12-2024 11:50:50 - INFO - Recoater go LEFT request successfully sent.
12-12-2024 11:50:50 - INFO - Response from moonraker: {'result': 'ok'}
12-12-2024 11:50:50 - INFO - Recoater go LEFT Request successfully executed.
12-12-2024 11:50:52 - INFO - Sending request to Toggle recoater Z movement with timeout of 5s...
12-12-2024 11:50:57 - ERROR - E102 : Toggle recoater Z movement Request to Moonraker Timed out 
 Toggle recoater Z movement not successful
12-12-2024 11:51:02 - INFO - Sending request to Toggle recoater Z movement with timeout of 5s...
12-12-2024 11:51:07 - ERROR - E102 : Toggle recoater Z movement Request to Moonraker Timed out 
 Toggle recoater Z movement not successful
12-12-2024 11:51:12 - INFO - Sending request to Toggle recoater Z movement with timeout of 5s...
12-12-2024 11:51:17 - ERROR - E102 : Toggle recoater Z movement Request to Moonraker Timed out 
 Toggle recoater Z movement not successful
12-12-2024 11:51:28 - INFO - Sending request to Toggle recoater Z movement with timeout of 5s...
12-12-2024 11:51:33 - ERROR - E102 : Toggle recoater Z movement Request to Moonraker Timed out 
 Toggle recoater Z movement not successful
12-12-2024 11:51:49 - INFO - Sending request to Toggle recoater Z movement with timeout of 5s...
12-12-2024 11:51:54 - ERROR - E102 : Toggle recoater Z movement Request to Moonraker Timed out 
 Toggle recoater Z movement not successful
12-12-2024 11:51:57 - INFO - Sending request to Toggle recoater Z movement with timeout of 5s...
12-12-2024 11:52:02 - ERROR - E102 : Toggle recoater Z movement Request to Moonraker Timed out 
 Toggle recoater Z movement not successful
