20-10-2024 17:13:43 - INFO - Sending request to Setting Chmaber Zones to a= 0, b= 0, c= 0, d= 0 with timeout of 5s...
20-10-2024 17:13:43 - INFO - Sending request to Setting Chmaber Zones to a= 1.0, b= 0.25, c= 1.0, d= 0.25 with timeout of 5s...
20-10-2024 17:13:43 - INFO - Setting Chmaber Zones to a= 1.0, b= 0.25, c= 1.0, d= 0.25 request successfully sent.
20-10-2024 17:13:43 - INFO - Response from moonraker: {'result': 'ok'}
20-10-2024 17:13:43 - INFO - Setting Chmaber Zones to a= 1.0, b= 0.25, c= 1.0, d= 0.25 Request successfully executed.
20-10-2024 17:13:43 - INFO - Setting Chmaber Zones to a= 1.0, b= 0.25, c= 1.0, d= 0.25 request successfully sent.
20-10-2024 17:13:43 - INFO - Response from moonraker: {'result': 'ok'}
20-10-2024 17:13:43 - INFO - Setting Chmaber Zones to a= 1.0, b= 0.25, c= 1.0, d= 0.25 Request successfully executed.
20-10-2024 17:13:44 - INFO - Sending request to Setting Chmaber Zones to a= 1.0, b= 0.25, c= 1.0, d= 0.25 with timeout of 5s...
20-10-2024 17:13:44 - INFO - Setting Chmaber Zones to a= 1.0, b= 0.25, c= 1.0, d= 0.25 request successfully sent.
20-10-2024 17:13:44 - INFO - Response from moonraker: {'result': 'ok'}
20-10-2024 17:13:44 - INFO - Setting Chmaber Zones to a= 1.0, b= 0.25, c= 1.0, d= 0.25 Request successfully executed.
20-10-2024 17:13:44 - INFO - Sending request to Setting Chmaber Zones to a= 1.0, b= 0.25, c= 1.0, d= 0.25 with timeout of 5s...
20-10-2024 17:13:44 - INFO - Setting Chmaber Zones to a= 1.0, b= 0.25, c= 1.0, d= 0.25 request successfully sent.
20-10-2024 17:13:44 - INFO - Response from moonraker: {'result': 'ok'}
20-10-2024 17:13:44 - INFO - Setting Chmaber Zones to a= 1.0, b= 0.25, c= 1.0, d= 0.25 Request successfully executed.
20-10-2024 17:13:44 - INFO - Sending request to Setting Chmaber Zones to a= 1.0, b= 0.25, c= 1.0, d= 0.25 with timeout of 5s...
20-10-2024 17:13:44 - INFO - Setting Chmaber Zones to a= 1.0, b= 0.25, c= 1.0, d= 0.25 request successfully sent.
20-10-2024 17:13:44 - INFO - Response from moonraker: {'result': 'ok'}
20-10-2024 17:13:44 - INFO - Setting Chmaber Zones to a= 1.0, b= 0.25, c= 1.0, d= 0.25 Request successfully executed.
20-10-2024 17:13:44 - INFO - Sending request to Setting Chmaber Zones to a= 1.0, b= 0.25, c= 1.0, d= 0.25 with timeout of 5s...
20-10-2024 17:13:44 - INFO - Setting Chmaber Zones to a= 1.0, b= 0.25, c= 1.0, d= 0.25 request successfully sent.
20-10-2024 17:13:44 - INFO - Response from moonraker: {'result': 'ok'}
20-10-2024 17:13:44 - INFO - Setting Chmaber Zones to a= 1.0, b= 0.25, c= 1.0, d= 0.25 Request successfully executed.
20-10-2024 17:13:44 - INFO - Sending request to Setting Chmaber Zones to a= 1.0, b= 0.25, c= 1.0, d= 0.25 with timeout of 5s...
20-10-2024 17:13:44 - INFO - Setting Chmaber Zones to a= 1.0, b= 0.25, c= 1.0, d= 0.25 request successfully sent.
20-10-2024 17:13:44 - INFO - Response from moonraker: {'result': 'ok'}
20-10-2024 17:13:44 - INFO - Setting Chmaber Zones to a= 1.0, b= 0.25, c= 1.0, d= 0.25 Request successfully executed.
20-10-2024 17:13:45 - INFO - Sending request to Setting Chmaber Zones to a= 1.0, b= 0.25, c= 1.0, d= 0.25 with timeout of 5s...
20-10-2024 17:13:45 - INFO - Setting Chmaber Zones to a= 1.0, b= 0.25, c= 1.0, d= 0.25 request successfully sent.
20-10-2024 17:13:45 - INFO - Response from moonraker: {'result': 'ok'}
20-10-2024 17:13:45 - INFO - Setting Chmaber Zones to a= 1.0, b= 0.25, c= 1.0, d= 0.25 Request successfully executed.
20-10-2024 17:13:45 - INFO - Sending request to Setting Chmaber Zones to a= 1.0, b= 0.25, c= 1.0, d= 0.25 with timeout of 5s...
20-10-2024 17:13:45 - INFO - Setting Chmaber Zones to a= 1.0, b= 0.25, c= 1.0, d= 0.25 request successfully sent.
20-10-2024 17:13:45 - INFO - Response from moonraker: {'result': 'ok'}
20-10-2024 17:13:45 - INFO - Setting Chmaber Zones to a= 1.0, b= 0.25, c= 1.0, d= 0.25 Request successfully executed.
20-10-2024 17:13:45 - INFO - Sending request to Setting Chmaber Zones to a= 1.0, b= 0.25, c= 1.0, d= 0.25 with timeout of 5s...
20-10-2024 17:13:45 - INFO - Setting Chmaber Zones to a= 1.0, b= 0.25, c= 1.0, d= 0.25 request successfully sent.
20-10-2024 17:13:45 - INFO - Response from moonraker: {'result': 'ok'}
20-10-2024 17:13:45 - INFO - Setting Chmaber Zones to a= 1.0, b= 0.25, c= 1.0, d= 0.25 Request successfully executed.
20-10-2024 17:13:45 - INFO - Sending request to Setting Chmaber Zones to a= 1.0, b= 0.25, c= 1.0, d= 0.25 with timeout of 5s...
20-10-2024 17:13:45 - INFO - Setting Chmaber Zones to a= 1.0, b= 0.25, c= 1.0, d= 0.25 request successfully sent.
20-10-2024 17:13:45 - INFO - Response from moonraker: {'result': 'ok'}
20-10-2024 17:13:45 - INFO - Setting Chmaber Zones to a= 1.0, b= 0.25, c= 1.0, d= 0.25 Request successfully executed.
20-10-2024 17:13:45 - INFO - Sending request to Setting Chmaber Zones to a= 1.0, b= 0.25, c= 1.0, d= 0.25 with timeout of 5s...
20-10-2024 17:13:45 - INFO - Setting Chmaber Zones to a= 1.0, b= 0.25, c= 1.0, d= 0.25 request successfully sent.
20-10-2024 17:13:45 - INFO - Response from moonraker: {'result': 'ok'}
20-10-2024 17:13:45 - INFO - Setting Chmaber Zones to a= 1.0, b= 0.25, c= 1.0, d= 0.25 Request successfully executed.
20-10-2024 17:13:46 - INFO - Sending request to Setting Chmaber Zones to a= 1.0, b= 0.25, c= 1.0, d= 0.25 with timeout of 5s...
20-10-2024 17:13:46 - INFO - Setting Chmaber Zones to a= 1.0, b= 0.25, c= 1.0, d= 0.25 request successfully sent.
20-10-2024 17:13:46 - INFO - Response from moonraker: {'result': 'ok'}
20-10-2024 17:13:46 - INFO - Setting Chmaber Zones to a= 1.0, b= 0.25, c= 1.0, d= 0.25 Request successfully executed.
20-10-2024 17:13:46 - INFO - Sending request to Setting Chmaber Zones to a= 1.0, b= 0.25, c= 1.0, d= 0.25 with timeout of 5s...
20-10-2024 17:13:46 - INFO - Setting Chmaber Zones to a= 1.0, b= 0.25, c= 1.0, d= 0.25 request successfully sent.
20-10-2024 17:13:46 - INFO - Response from moonraker: {'result': 'ok'}
20-10-2024 17:13:46 - INFO - Setting Chmaber Zones to a= 1.0, b= 0.25, c= 1.0, d= 0.25 Request successfully executed.
20-10-2024 17:13:46 - INFO - Sending request to Setting Chmaber Zones to a= 1.0, b= 0.25, c= 1.0, d= 0.25 with timeout of 5s...
20-10-2024 17:13:46 - INFO - Setting Chmaber Zones to a= 1.0, b= 0.25, c= 1.0, d= 0.25 request successfully sent.
20-10-2024 17:13:46 - INFO - Response from moonraker: {'result': 'ok'}
20-10-2024 17:13:46 - INFO - Setting Chmaber Zones to a= 1.0, b= 0.25, c= 1.0, d= 0.25 Request successfully executed.
20-10-2024 17:13:46 - INFO - Sending request to Setting Chmaber Zones to a= 1.0, b= 0.25, c= 1.0, d= 0.25 with timeout of 5s...
20-10-2024 17:13:46 - INFO - Setting Chmaber Zones to a= 1.0, b= 0.25, c= 1.0, d= 0.25 request successfully sent.
20-10-2024 17:13:46 - INFO - Response from moonraker: {'result': 'ok'}
20-10-2024 17:13:46 - INFO - Setting Chmaber Zones to a= 1.0, b= 0.25, c= 1.0, d= 0.25 Request successfully executed.
20-10-2024 17:13:46 - INFO - Sending request to Setting Chmaber Zones to a= 1.0, b= 0.25, c= 1.0, d= 0.25 with timeout of 5s...
20-10-2024 17:13:46 - INFO - Setting Chmaber Zones to a= 1.0, b= 0.25, c= 1.0, d= 0.25 request successfully sent.
20-10-2024 17:13:46 - INFO - Response from moonraker: {'result': 'ok'}
20-10-2024 17:13:46 - INFO - Setting Chmaber Zones to a= 1.0, b= 0.25, c= 1.0, d= 0.25 Request successfully executed.
20-10-2024 17:13:47 - INFO - Sending request to Setting Chmaber Zones to a= 1.0, b= 0.25, c= 1.0, d= 0.25 with timeout of 5s...
20-10-2024 17:13:47 - INFO - Setting Chmaber Zones to a= 1.0, b= 0.25, c= 1.0, d= 0.25 request successfully sent.
20-10-2024 17:13:47 - INFO - Response from moonraker: {'result': 'ok'}
20-10-2024 17:13:47 - INFO - Setting Chmaber Zones to a= 1.0, b= 0.25, c= 1.0, d= 0.25 Request successfully executed.
20-10-2024 17:13:47 - INFO - Sending request to Setting Chmaber Zones to a= 1.0, b= 0.25, c= 1.0, d= 0.25 with timeout of 5s...
20-10-2024 17:13:47 - INFO - Setting Chmaber Zones to a= 1.0, b= 0.25, c= 1.0, d= 0.25 request successfully sent.
20-10-2024 17:13:47 - INFO - Response from moonraker: {'result': 'ok'}
20-10-2024 17:13:47 - INFO - Setting Chmaber Zones to a= 1.0, b= 0.25, c= 1.0, d= 0.25 Request successfully executed.
20-10-2024 17:13:47 - INFO - Sending request to Setting Chmaber Zones to a= 1.0, b= 0.25, c= 1.0, d= 0.25 with timeout of 5s...
20-10-2024 17:13:47 - INFO - Setting Chmaber Zones to a= 1.0, b= 0.25, c= 1.0, d= 0.25 request successfully sent.
20-10-2024 17:13:47 - INFO - Response from moonraker: {'result': 'ok'}
20-10-2024 17:13:47 - INFO - Setting Chmaber Zones to a= 1.0, b= 0.25, c= 1.0, d= 0.25 Request successfully executed.
20-10-2024 17:13:49 - INFO - Sending request to Setting Chmaber Zones to a= 0, b= 0, c= 0, d= 0 with timeout of 5s...
20-10-2024 17:13:49 - INFO - Setting Chmaber Zones to a= 0, b= 0, c= 0, d= 0 request successfully sent.
20-10-2024 17:13:49 - INFO - Response from moonraker: {'result': 'ok'}
20-10-2024 17:13:49 - INFO - Setting Chmaber Zones to a= 0, b= 0, c= 0, d= 0 Request successfully executed.
