13-10-2024 17:51:52 - INFO - Sending request to Setting Chmaber Zones to a= 0.7, b= 0.8, c= 0.9, d= 1.0 with timeout of 5s...
13-10-2024 17:51:53 - INFO - Setting Chmaber Zones to a= 0.7, b= 0.8, c= 0.9, d= 1.0 request successfully sent.
13-10-2024 17:51:53 - INFO - Response from moonraker: {'result': 'ok'}
13-10-2024 17:51:53 - INFO - Setting Chmaber Zones to a= 0.7, b= 0.8, c= 0.9, d= 1.0 Request successfully executed.
13-10-2024 17:51:53 - INFO - Sending request to Setting Chmaber Zones to a= 0.7, b= 0.8, c= 0.9, d= 1.0 with timeout of 5s...
13-10-2024 17:51:53 - INFO - Setting Chmaber Zones to a= 0.7, b= 0.8, c= 0.9, d= 1.0 request successfully sent.
13-10-2024 17:51:53 - INFO - Response from moonraker: {'result': 'ok'}
13-10-2024 17:51:53 - INFO - Setting Chmaber Zones to a= 0.7, b= 0.8, c= 0.9, d= 1.0 Request successfully executed.
13-10-2024 17:51:54 - INFO - Sending request to Setting Chmaber Zones to a= 0.7, b= 0.8, c= 0.9, d= 1.0 with timeout of 5s...
13-10-2024 17:51:54 - INFO - Setting Chmaber Zones to a= 0.7, b= 0.8, c= 0.9, d= 1.0 request successfully sent.
13-10-2024 17:51:54 - INFO - Response from moonraker: {'result': 'ok'}
13-10-2024 17:51:54 - INFO - Setting Chmaber Zones to a= 0.7, b= 0.8, c= 0.9, d= 1.0 Request successfully executed.
13-10-2024 17:51:55 - INFO - Sending request to Setting Chmaber Zones to a= 0.7, b= 0.8, c= 0.9, d= 1.0 with timeout of 5s...
13-10-2024 17:51:56 - INFO - Setting Chmaber Zones to a= 0.7, b= 0.8, c= 0.9, d= 1.0 request successfully sent.
13-10-2024 17:51:56 - INFO - Response from moonraker: {'result': 'ok'}
13-10-2024 17:51:56 - INFO - Setting Chmaber Zones to a= 0.7, b= 0.8, c= 0.9, d= 1.0 Request successfully executed.
13-10-2024 17:51:56 - INFO - Sending request to Setting Chmaber Zones to a= 0.7, b= 0.8, c= 0.9, d= 1.0 with timeout of 5s...
13-10-2024 17:51:57 - INFO - Setting Chmaber Zones to a= 0.7, b= 0.8, c= 0.9, d= 1.0 request successfully sent.
13-10-2024 17:51:57 - INFO - Response from moonraker: {'result': 'ok'}
13-10-2024 17:51:57 - INFO - Setting Chmaber Zones to a= 0.7, b= 0.8, c= 0.9, d= 1.0 Request successfully executed.
13-10-2024 17:51:57 - INFO - Sending request to Setting Chmaber Zones to a= 0.7, b= 0.8, c= 0.9, d= 1.0 with timeout of 5s...
13-10-2024 17:51:57 - INFO - Setting Chmaber Zones to a= 0.7, b= 0.8, c= 0.9, d= 1.0 request successfully sent.
13-10-2024 17:51:57 - INFO - Response from moonraker: {'result': 'ok'}
13-10-2024 17:51:57 - INFO - Setting Chmaber Zones to a= 0.7, b= 0.8, c= 0.9, d= 1.0 Request successfully executed.
13-10-2024 17:51:58 - INFO - Sending request to Setting Chmaber Zones to a= 0.7, b= 0.8, c= 0.9, d= 1.0 with timeout of 5s...
13-10-2024 17:51:59 - INFO - Setting Chmaber Zones to a= 0.7, b= 0.8, c= 0.9, d= 1.0 request successfully sent.
13-10-2024 17:51:59 - INFO - Response from moonraker: {'result': 'ok'}
13-10-2024 17:51:59 - INFO - Setting Chmaber Zones to a= 0.7, b= 0.8, c= 0.9, d= 1.0 Request successfully executed.
13-10-2024 17:51:59 - INFO - Sending request to Setting Chmaber Zones to a= 0.7, b= 0.8, c= 0.9, d= 1.0 with timeout of 5s...
13-10-2024 17:52:00 - INFO - Setting Chmaber Zones to a= 0.7, b= 0.8, c= 0.9, d= 1.0 request successfully sent.
13-10-2024 17:52:00 - INFO - Response from moonraker: {'result': 'ok'}
13-10-2024 17:52:00 - INFO - Setting Chmaber Zones to a= 0.7, b= 0.8, c= 0.9, d= 1.0 Request successfully executed.
13-10-2024 17:52:00 - INFO - Sending request to Setting Chmaber Zones to a= 0.7, b= 0.8, c= 0.9, d= 1.0 with timeout of 5s...
13-10-2024 17:52:01 - INFO - Setting Chmaber Zones to a= 0.7, b= 0.8, c= 0.9, d= 1.0 request successfully sent.
13-10-2024 17:52:01 - INFO - Response from moonraker: {'result': 'ok'}
13-10-2024 17:52:01 - INFO - Setting Chmaber Zones to a= 0.7, b= 0.8, c= 0.9, d= 1.0 Request successfully executed.
13-10-2024 17:52:01 - INFO - Sending request to Setting Chmaber Zones to a= 0.7, b= 0.8, c= 0.9, d= 1.0 with timeout of 5s...
13-10-2024 17:52:02 - INFO - Setting Chmaber Zones to a= 0.7, b= 0.8, c= 0.9, d= 1.0 request successfully sent.
13-10-2024 17:52:02 - INFO - Response from moonraker: {'result': 'ok'}
13-10-2024 17:52:02 - INFO - Setting Chmaber Zones to a= 0.7, b= 0.8, c= 0.9, d= 1.0 Request successfully executed.
13-10-2024 17:52:02 - INFO - Sending request to Setting Chmaber Zones to a= 0.7, b= 0.8, c= 0.9, d= 1.0 with timeout of 5s...
13-10-2024 17:52:02 - INFO - Setting Chmaber Zones to a= 0.7, b= 0.8, c= 0.9, d= 1.0 request successfully sent.
13-10-2024 17:52:02 - INFO - Response from moonraker: {'result': 'ok'}
13-10-2024 17:52:02 - INFO - Setting Chmaber Zones to a= 0.7, b= 0.8, c= 0.9, d= 1.0 Request successfully executed.
13-10-2024 17:52:03 - INFO - Sending request to Setting Chmaber Zones to a= 0.7, b= 0.8, c= 0.9, d= 1.0 with timeout of 5s...
13-10-2024 17:52:03 - INFO - Setting Chmaber Zones to a= 0.7, b= 0.8, c= 0.9, d= 1.0 request successfully sent.
13-10-2024 17:52:03 - INFO - Response from moonraker: {'result': 'ok'}
13-10-2024 17:52:03 - INFO - Setting Chmaber Zones to a= 0.7, b= 0.8, c= 0.9, d= 1.0 Request successfully executed.
13-10-2024 17:52:06 - INFO - Sending request to Setting Chmaber Zones to a= 0, b= 0, c= 0, d= 0 with timeout of 5s...
13-10-2024 17:52:06 - INFO - Setting Chmaber Zones to a= 0, b= 0, c= 0, d= 0 request successfully sent.
13-10-2024 17:52:06 - INFO - Response from moonraker: {'result': 'ok'}
13-10-2024 17:52:06 - INFO - Setting Chmaber Zones to a= 0, b= 0, c= 0, d= 0 Request successfully executed.
