10-12-2024 12:34:06 - INFO - Opening directory D:/Users/CP47017-1/Documents/GitHub/GUI/GUI v1/files/test_model...
10-12-2024 12:34:06 - INFO - Processing file D:/Users/CP47017-1/Documents/GitHub/GUI/GUI v1/files/test_model\27-11-2024.emd...
10-12-2024 12:34:06 - INFO - Processing file D:/Users/CP47017-1/Documents/GitHub/GUI/GUI v1/files/test_model\test_model1.emd...
10-12-2024 12:34:06 - INFO - Loaded file D:/Users/CP47017-1/Documents/GitHub/GUI/GUI v1/files/test_model\test_model1.emd...
10-12-2024 12:34:06 - INFO - Processing file D:/Users/CP47017-1/Documents/GitHub/GUI/GUI v1/files/test_model\test_model2.emd...
10-12-2024 12:34:06 - INFO - Processing file D:/Users/CP47017-1/Documents/GitHub/GUI/GUI v1/files/test_model\test_model3.emd...
10-12-2024 12:34:06 - INFO - Total number of layers: 4
10-12-2024 12:39:24 - INFO - Scancard process started for layer 
10-12-2024 12:39:24 - INFO - Opening file-> Connecting to localhost:50000...
10-12-2024 12:39:26 - ERROR - E200 - Opening file not successful 
 [WinError 10061] No connection could be made because the target machine actively refused it
10-12-2024 12:39:26 - INFO - File D:/Users/CP47017-1/Documents/GitHub/GUI/GUI v1/files/test_model\test_model1.emd opened...
10-12-2024 12:39:26 - INFO - setting mark parameters by layer-> Connecting to localhost:50000...
10-12-2024 12:39:29 - ERROR - E200 - setting mark parameters by layer not successful 
 [WinError 10061] No connection could be made because the target machine actively refused it
10-12-2024 12:39:30 - INFO - Downloading Parameters-> Connecting to localhost:50000...
10-12-2024 12:39:32 - ERROR - E200 - Downloading Parameters not successful 
 [WinError 10061] No connection could be made because the target machine actively refused it
10-12-2024 12:39:33 - INFO - Start marking-> Connecting to localhost:50000...
10-12-2024 12:39:35 - ERROR - E200 - Start marking not successful 
 [WinError 10061] No connection could be made because the target machine actively refused it
10-12-2024 12:39:36 - INFO - Marking process for Layer  started...
10-12-2024 12:39:37 - INFO - getting working status-> Connecting to localhost:50000...
10-12-2024 12:39:39 - ERROR - E200 - getting working status not successful 
 [WinError 10061] No connection could be made because the target machine actively refused it
10-12-2024 14:49:14 - INFO - Opening directory D:/Users/CP47017-1/Documents/GitHub/GUI/GUI v1/files/test_model...
10-12-2024 14:49:14 - INFO - Processing file D:/Users/CP47017-1/Documents/GitHub/GUI/GUI v1/files/test_model\27-11-2024.emd...
10-12-2024 14:49:14 - INFO - Processing file D:/Users/CP47017-1/Documents/GitHub/GUI/GUI v1/files/test_model\test_model1.emd...
10-12-2024 14:49:14 - INFO - Loaded file D:/Users/CP47017-1/Documents/GitHub/GUI/GUI v1/files/test_model\test_model1.emd...
10-12-2024 14:49:14 - INFO - Processing file D:/Users/CP47017-1/Documents/GitHub/GUI/GUI v1/files/test_model\test_model2.emd...
10-12-2024 14:49:14 - INFO - Processing file D:/Users/CP47017-1/Documents/GitHub/GUI/GUI v1/files/test_model\test_model3.emd...
10-12-2024 14:49:14 - INFO - Total number of layers: 4
10-12-2024 15:00:53 - INFO - Scancard process started for layer 
10-12-2024 15:00:53 - INFO - Opening file-> Connecting to localhost:50000...
10-12-2024 15:00:53 - INFO - Opening file-> Sending {'sid': 0, 'cmd': 'open_file', 'data': {'path': 'D:/Users/CP47017-1/Documents/GitHub/GUI/GUI v1/files/test_model\\test_model1.emd'}} to localhost:50000 with timeout of 5s
10-12-2024 15:00:54 - INFO - Opening file-> Response received from localhost:50000 - {
    "sid": 0,
    "cmd": "open_file",
    "ret": 1
}
10-12-2024 15:00:54 - INFO - File D:/Users/CP47017-1/Documents/GitHub/GUI/GUI v1/files/test_model\test_model1.emd opened...
10-12-2024 15:00:54 - INFO - setting mark parameters by layer-> Connecting to localhost:50000...
10-12-2024 15:00:54 - INFO - setting mark parameters by layer-> Sending {'sid': 0, 'cmd': 'set_markparameters_by_layer', 'data': {'layer': 0, 'markSpeed': 3000, 'jumpSpeed': 5000, 'jumpDelay': 100, 'laserOnDelay': 100, 'polygonDelay': 100, 'laserOffDelay': 100, 'polygonKillerTime': 100, 'laserFrequency': 30, 'current': 100, 'firstPulseKillerLength': 100, 'pulseWidth': 100, 'firstPulseWidth': 100, 'incrementStep': 100}} to localhost:50000 with timeout of 5s
10-12-2024 15:00:57 - INFO - setting mark parameters by layer-> Response received from localhost:50000 - {
    "sid": 0,
    "cmd": "get_working_status",
    "ret": 0,
    "data": {
        "laser_status": 2,
        "describe": "等待"
    }
}
10-12-2024 15:00:58 - INFO - Downloading Parameters-> Connecting to localhost:50000...
10-12-2024 15:00:58 - INFO - Downloading Parameters-> Sending {'sid': 0, 'cmd': 'download_parameters'} to localhost:50000 with timeout of 5s
10-12-2024 15:00:58 - INFO - Downloading Parameters-> Response received from localhost:50000 - {
    "sid": 0,
    "cmd": "download_parameters",
    "ret": 1
}
10-12-2024 15:00:59 - INFO - Start marking-> Connecting to localhost:50000...
10-12-2024 15:00:59 - INFO - Start marking-> Sending {'sid': 0, 'cmd': 'start_mark'} to localhost:50000 with timeout of 5s
10-12-2024 15:00:59 - INFO - Start marking-> Response received from localhost:50000 - {
    "sid": 0,
    "cmd": "start_mark",
    "ret": 1
}
10-12-2024 15:01:00 - INFO - Marking process for Layer  started...
10-12-2024 15:01:01 - INFO - getting working status-> Connecting to localhost:50000...
10-12-2024 15:01:01 - INFO - getting working status-> Sending {'sid': 0, 'cmd': 'get_working_status'} to localhost:50000 with timeout of 5s
10-12-2024 15:01:01 - INFO - getting working status-> Response received from localhost:50000 - {
    "sid": 0,
    "cmd": "get_working_status",
    "ret": 1,
    "data": {
        "laser_status": 2,
        "describe": "打标中"
    }
}
10-12-2024 15:01:02 - INFO - getting working status-> Connecting to localhost:50000...
10-12-2024 15:01:02 - INFO - getting working status-> Sending {'sid': 0, 'cmd': 'get_working_status'} to localhost:50000 with timeout of 5s
10-12-2024 15:01:02 - INFO - getting working status-> Response received from localhost:50000 - {
    "sid": 0,
    "cmd": "get_working_status",
    "ret": 1,
    "data": {
        "laser_status": 2,
        "describe": "打标中"
    }
}
10-12-2024 15:01:03 - INFO - getting working status-> Connecting to localhost:50000...
10-12-2024 15:01:03 - INFO - getting working status-> Sending {'sid': 0, 'cmd': 'get_working_status'} to localhost:50000 with timeout of 5s
10-12-2024 15:01:03 - INFO - getting working status-> Response received from localhost:50000 - {
    "sid": 0,
    "cmd": "get_working_status",
    "ret": 1,
    "data": {
        "laser_status": 2,
        "describe": "打标中"
    }
}
10-12-2024 15:01:04 - INFO - getting working status-> Connecting to localhost:50000...
10-12-2024 15:01:04 - INFO - getting working status-> Sending {'sid': 0, 'cmd': 'get_working_status'} to localhost:50000 with timeout of 5s
10-12-2024 15:01:04 - INFO - getting working status-> Response received from localhost:50000 - {
    "sid": 0,
    "cmd": "get_working_status",
    "ret": 1,
    "data": {
        "laser_status": 2,
        "describe": "打标中"
    }
}
10-12-2024 15:01:05 - INFO - getting working status-> Connecting to localhost:50000...
10-12-2024 15:01:05 - INFO - getting working status-> Sending {'sid': 0, 'cmd': 'get_working_status'} to localhost:50000 with timeout of 5s
10-12-2024 15:01:05 - INFO - getting working status-> Response received from localhost:50000 - {
    "sid": 0,
    "cmd": "get_working_status",
    "ret": 1,
    "data": {
        "laser_status": 2,
        "describe": "打标中"
    }
}
10-12-2024 15:01:06 - INFO - getting working status-> Connecting to localhost:50000...
10-12-2024 15:01:06 - INFO - getting working status-> Sending {'sid': 0, 'cmd': 'get_working_status'} to localhost:50000 with timeout of 5s
10-12-2024 15:01:06 - INFO - getting working status-> Response received from localhost:50000 - {
    "sid": 0,
    "cmd": "get_working_status",
    "ret": 1,
    "data": {
        "laser_status": 2,
        "describe": "打标中"
    }
}
10-12-2024 15:01:07 - INFO - getting working status-> Connecting to localhost:50000...
10-12-2024 15:01:07 - INFO - getting working status-> Sending {'sid': 0, 'cmd': 'get_working_status'} to localhost:50000 with timeout of 5s
10-12-2024 15:01:07 - INFO - getting working status-> Response received from localhost:50000 - {
    "sid": 0,
    "cmd": "get_working_status",
    "ret": 1,
    "data": {
        "laser_status": 2,
        "describe": "打标中"
    }
}
10-12-2024 15:01:08 - INFO - getting working status-> Connecting to localhost:50000...
10-12-2024 15:01:08 - INFO - getting working status-> Sending {'sid': 0, 'cmd': 'get_working_status'} to localhost:50000 with timeout of 5s
10-12-2024 15:01:08 - INFO - getting working status-> Response received from localhost:50000 - {
    "sid": 0,
    "cmd": "get_working_status",
    "ret": 1,
    "data": {
        "laser_status": 2,
        "describe": "打标中"
    }
}
10-12-2024 15:01:09 - INFO - getting working status-> Connecting to localhost:50000...
10-12-2024 15:01:09 - INFO - getting working status-> Sending {'sid': 0, 'cmd': 'get_working_status'} to localhost:50000 with timeout of 5s
10-12-2024 15:01:09 - INFO - getting working status-> Response received from localhost:50000 - {
    "sid": 0,
    "cmd": "get_working_status",
    "ret": 1,
    "data": {
        "laser_status": 2,
        "describe": "打标中"
    }
}
10-12-2024 15:01:10 - INFO - getting working status-> Connecting to localhost:50000...
10-12-2024 15:01:10 - INFO - getting working status-> Sending {'sid': 0, 'cmd': 'get_working_status'} to localhost:50000 with timeout of 5s
10-12-2024 15:01:10 - INFO - getting working status-> Response received from localhost:50000 - {
    "sid": 0,
    "cmd": "get_working_status",
    "ret": 1,
    "data": {
        "laser_status": 2,
        "describe": "打标中"
    }
}
10-12-2024 15:01:11 - INFO - getting working status-> Connecting to localhost:50000...
10-12-2024 15:01:11 - INFO - getting working status-> Sending {'sid': 0, 'cmd': 'get_working_status'} to localhost:50000 with timeout of 5s
10-12-2024 15:01:11 - INFO - getting working status-> Response received from localhost:50000 - {
    "sid": 0,
    "cmd": "get_working_status",
    "ret": 1,
    "data": {
        "laser_status": 2,
        "describe": "打标中"
    }
}
10-12-2024 15:01:12 - INFO - getting working status-> Connecting to localhost:50000...
10-12-2024 15:01:12 - INFO - getting working status-> Sending {'sid': 0, 'cmd': 'get_working_status'} to localhost:50000 with timeout of 5s
10-12-2024 15:01:12 - INFO - getting working status-> Response received from localhost:50000 - {
    "sid": 0,
    "cmd": "get_working_status",
    "ret": 1,
    "data": {
        "laser_status": 2,
        "describe": "打标中"
    }
}
10-12-2024 15:01:13 - INFO - getting working status-> Connecting to localhost:50000...
10-12-2024 15:01:13 - INFO - getting working status-> Sending {'sid': 0, 'cmd': 'get_working_status'} to localhost:50000 with timeout of 5s
10-12-2024 15:01:13 - INFO - getting working status-> Response received from localhost:50000 - {
    "sid": 0,
    "cmd": "get_working_status",
    "ret": 1,
    "data": {
        "laser_status": 2,
        "describe": "打标中"
    }
}
10-12-2024 15:01:14 - INFO - getting working status-> Connecting to localhost:50000...
10-12-2024 15:01:14 - INFO - getting working status-> Sending {'sid': 0, 'cmd': 'get_working_status'} to localhost:50000 with timeout of 5s
10-12-2024 15:01:14 - INFO - getting working status-> Response received from localhost:50000 - {
    "sid": 0,
    "cmd": "get_working_status",
    "ret": 1,
    "data": {
        "laser_status": 2,
        "describe": "打标中"
    }
}
10-12-2024 15:01:15 - INFO - getting working status-> Connecting to localhost:50000...
10-12-2024 15:01:15 - INFO - getting working status-> Sending {'sid': 0, 'cmd': 'get_working_status'} to localhost:50000 with timeout of 5s
10-12-2024 15:01:15 - INFO - getting working status-> Response received from localhost:50000 - {
    "sid": 0,
    "cmd": "get_working_status",
    "ret": 1,
    "data": {
        "laser_status": 2,
        "describe": "打标中"
    }
}
10-12-2024 15:01:16 - INFO - getting working status-> Connecting to localhost:50000...
10-12-2024 15:01:16 - INFO - getting working status-> Sending {'sid': 0, 'cmd': 'get_working_status'} to localhost:50000 with timeout of 5s
10-12-2024 15:01:16 - INFO - getting working status-> Response received from localhost:50000 - {
    "sid": 0,
    "cmd": "get_working_status",
    "ret": 1,
    "data": {
        "laser_status": 2,
        "describe": "打标中"
    }
}
10-12-2024 15:01:17 - INFO - getting working status-> Connecting to localhost:50000...
10-12-2024 15:01:17 - INFO - getting working status-> Sending {'sid': 0, 'cmd': 'get_working_status'} to localhost:50000 with timeout of 5s
10-12-2024 15:01:17 - INFO - getting working status-> Response received from localhost:50000 - {
    "sid": 0,
    "cmd": "get_working_status",
    "ret": 0,
    "data": {
        "laser_status": 2,
        "describe": "等待"
    }
}
10-12-2024 15:01:17 - INFO - Marking process for Layer  over
10-12-2024 15:01:17 - INFO - Stop marking-> Connecting to localhost:50000...
10-12-2024 15:01:17 - INFO - Stop marking-> Sending {'sid': 0, 'cmd': 'stop_mark'} to localhost:50000 with timeout of 5s
10-12-2024 15:01:17 - INFO - Stop marking-> Response received from localhost:50000 - {
    "sid": 0,
    "cmd": "stop_mark",
    "ret": 1
}
10-12-2024 15:01:37 - INFO - Scancard process started for layer 
10-12-2024 15:01:38 - INFO - Opening file-> Connecting to localhost:50000...
10-12-2024 15:01:38 - INFO - Opening file-> Sending {'sid': 0, 'cmd': 'open_file', 'data': {'path': 'D:/Users/CP47017-1/Documents/GitHub/GUI/GUI v1/files/test_model\\test_model1.emd'}} to localhost:50000 with timeout of 5s
10-12-2024 15:01:38 - INFO - Opening file-> Response received from localhost:50000 - {
    "sid": 0,
    "cmd": "open_file",
    "ret": 1
}
10-12-2024 15:01:38 - INFO - File D:/Users/CP47017-1/Documents/GitHub/GUI/GUI v1/files/test_model\test_model1.emd opened...
10-12-2024 15:01:38 - INFO - setting mark parameters by layer-> Connecting to localhost:50000...
10-12-2024 15:01:38 - INFO - setting mark parameters by layer-> Sending {'sid': 0, 'cmd': 'set_markparameters_by_layer', 'data': {'layer': 0, 'markSpeed': 3000, 'jumpSpeed': 5000, 'jumpDelay': 100, 'laserOnDelay': 100, 'polygonDelay': 100, 'laserOffDelay': 100, 'polygonKillerTime': 100, 'laserFrequency': 30, 'current': 100, 'firstPulseKillerLength': 100, 'pulseWidth': 100, 'firstPulseWidth': 100, 'incrementStep': 100}} to localhost:50000 with timeout of 5s
