08-11-2024 10:46:31 - INFO - Opening directory D:/Users/CP47017-1/Documents/GitHub/GUI/GUI v1/code/csv_logs...
08-11-2024 10:46:31 - INFO - Total number of layers: 0
08-11-2024 10:46:36 - INFO - Opening directory D:/Users/CP47017-1/Documents/GitHub/GUI/GUI v1/code/heater_logs...
08-11-2024 10:46:36 - INFO - Processing file D:/Users/CP47017-1/Documents/GitHub/GUI/GUI v1/code/heater_logs\heaterLog_20241013_164429.csv...
08-11-2024 10:46:36 - ERROR - Invalid file format: D:/Users/CP47017-1/Documents/GitHub/GUI/GUI v1/code/heater_logs\heaterLog_20241013_164429.csv...
08-11-2024 10:46:36 - INFO - Processing file D:/Users/CP47017-1/Documents/GitHub/GUI/GUI v1/code/heater_logs\heaterLog_20241013_164637.csv...
08-11-2024 10:46:36 - ERROR - Invalid file format: D:/Users/CP47017-1/Documents/GitHub/GUI/GUI v1/code/heater_logs\heaterLog_20241013_164637.csv...
08-11-2024 10:46:36 - INFO - Processing file D:/Users/CP47017-1/Documents/GitHub/GUI/GUI v1/code/heater_logs\heaterLog_20241013_164840.csv...
08-11-2024 10:46:36 - ERROR - Invalid file format: D:/Users/CP47017-1/Documents/GitHub/GUI/GUI v1/code/heater_logs\heaterLog_20241013_164840.csv...
08-11-2024 10:46:36 - INFO - Processing file D:/Users/CP47017-1/Documents/GitHub/GUI/GUI v1/code/heater_logs\heaterLog_20241013_165015.csv...
08-11-2024 10:46:36 - ERROR - Invalid file format: D:/Users/CP47017-1/Documents/GitHub/GUI/GUI v1/code/heater_logs\heaterLog_20241013_165015.csv...
08-11-2024 10:46:36 - INFO - Processing file D:/Users/CP47017-1/Documents/GitHub/GUI/GUI v1/code/heater_logs\heaterLog_20241013_165247.csv...
08-11-2024 10:46:36 - ERROR - Invalid file format: D:/Users/CP47017-1/Documents/GitHub/GUI/GUI v1/code/heater_logs\heaterLog_20241013_165247.csv...
08-11-2024 10:46:36 - INFO - Processing file D:/Users/CP47017-1/Documents/GitHub/GUI/GUI v1/code/heater_logs\heaterLog_20241013_165441.csv...
08-11-2024 10:46:36 - ERROR - Invalid file format: D:/Users/CP47017-1/Documents/GitHub/GUI/GUI v1/code/heater_logs\heaterLog_20241013_165441.csv...
08-11-2024 10:46:36 - INFO - Processing file D:/Users/CP47017-1/Documents/GitHub/GUI/GUI v1/code/heater_logs\heaterLog_20241013_165636.csv...
08-11-2024 10:46:36 - ERROR - Invalid file format: D:/Users/CP47017-1/Documents/GitHub/GUI/GUI v1/code/heater_logs\heaterLog_20241013_165636.csv...
08-11-2024 10:46:36 - INFO - Processing file D:/Users/CP47017-1/Documents/GitHub/GUI/GUI v1/code/heater_logs\heaterLog_20241013_170027.csv...
08-11-2024 10:46:36 - ERROR - Invalid file format: D:/Users/CP47017-1/Documents/GitHub/GUI/GUI v1/code/heater_logs\heaterLog_20241013_170027.csv...
08-11-2024 10:46:36 - INFO - Processing file D:/Users/CP47017-1/Documents/GitHub/GUI/GUI v1/code/heater_logs\heaterLog_20241013_170245.csv...
08-11-2024 10:46:36 - ERROR - Invalid file format: D:/Users/CP47017-1/Documents/GitHub/GUI/GUI v1/code/heater_logs\heaterLog_20241013_170245.csv...
08-11-2024 10:46:36 - INFO - Processing file D:/Users/CP47017-1/Documents/GitHub/GUI/GUI v1/code/heater_logs\heaterLog_20241013_170322.csv...
08-11-2024 10:46:36 - ERROR - Invalid file format: D:/Users/CP47017-1/Documents/GitHub/GUI/GUI v1/code/heater_logs\heaterLog_20241013_170322.csv...
08-11-2024 10:46:36 - INFO - Processing file D:/Users/CP47017-1/Documents/GitHub/GUI/GUI v1/code/heater_logs\heaterLog_20241013_173915.csv...
08-11-2024 10:46:36 - ERROR - Invalid file format: D:/Users/CP47017-1/Documents/GitHub/GUI/GUI v1/code/heater_logs\heaterLog_20241013_173915.csv...
08-11-2024 10:46:36 - INFO - Processing file D:/Users/CP47017-1/Documents/GitHub/GUI/GUI v1/code/heater_logs\heaterLog_20241013_174152.csv...
08-11-2024 10:46:36 - ERROR - Invalid file format: D:/Users/CP47017-1/Documents/GitHub/GUI/GUI v1/code/heater_logs\heaterLog_20241013_174152.csv...
08-11-2024 10:46:36 - INFO - Processing file D:/Users/CP47017-1/Documents/GitHub/GUI/GUI v1/code/heater_logs\heaterLog_20241013_174409.csv...
08-11-2024 10:46:36 - ERROR - Invalid file format: D:/Users/CP47017-1/Documents/GitHub/GUI/GUI v1/code/heater_logs\heaterLog_20241013_174409.csv...
08-11-2024 10:46:36 - INFO - Processing file D:/Users/CP47017-1/Documents/GitHub/GUI/GUI v1/code/heater_logs\heaterLog_20241013_174642.csv...
08-11-2024 10:46:36 - ERROR - Invalid file format: D:/Users/CP47017-1/Documents/GitHub/GUI/GUI v1/code/heater_logs\heaterLog_20241013_174642.csv...
08-11-2024 10:46:36 - INFO - Processing file D:/Users/CP47017-1/Documents/GitHub/GUI/GUI v1/code/heater_logs\heaterLog_20241013_174938.csv...
08-11-2024 10:46:36 - ERROR - Invalid file format: D:/Users/CP47017-1/Documents/GitHub/GUI/GUI v1/code/heater_logs\heaterLog_20241013_174938.csv...
08-11-2024 10:46:37 - INFO - Processing file D:/Users/CP47017-1/Documents/GitHub/GUI/GUI v1/code/heater_logs\heaterLog_20241013_175123.csv...
08-11-2024 10:46:37 - ERROR - Invalid file format: D:/Users/CP47017-1/Documents/GitHub/GUI/GUI v1/code/heater_logs\heaterLog_20241013_175123.csv...
08-11-2024 10:46:37 - INFO - Processing file D:/Users/CP47017-1/Documents/GitHub/GUI/GUI v1/code/heater_logs\heaterLog_20241013_175341.csv...
08-11-2024 10:46:37 - ERROR - Invalid file format: D:/Users/CP47017-1/Documents/GitHub/GUI/GUI v1/code/heater_logs\heaterLog_20241013_175341.csv...
08-11-2024 10:46:37 - INFO - Processing file D:/Users/CP47017-1/Documents/GitHub/GUI/GUI v1/code/heater_logs\heaterLog_20241013_175915.csv...
08-11-2024 10:46:37 - ERROR - Invalid file format: D:/Users/CP47017-1/Documents/GitHub/GUI/GUI v1/code/heater_logs\heaterLog_20241013_175915.csv...
08-11-2024 10:46:37 - INFO - Processing file D:/Users/CP47017-1/Documents/GitHub/GUI/GUI v1/code/heater_logs\heaterLog_20241013_180110.csv...
08-11-2024 10:46:37 - ERROR - Invalid file format: D:/Users/CP47017-1/Documents/GitHub/GUI/GUI v1/code/heater_logs\heaterLog_20241013_180110.csv...
08-11-2024 10:46:37 - INFO - Processing file D:/Users/CP47017-1/Documents/GitHub/GUI/GUI v1/code/heater_logs\heaterLog_20241013_180232.csv...
08-11-2024 10:46:37 - ERROR - Invalid file format: D:/Users/CP47017-1/Documents/GitHub/GUI/GUI v1/code/heater_logs\heaterLog_20241013_180232.csv...
08-11-2024 10:46:37 - INFO - Processing file D:/Users/CP47017-1/Documents/GitHub/GUI/GUI v1/code/heater_logs\heaterLog_20241013_180948.csv...
08-11-2024 10:46:37 - ERROR - Invalid file format: D:/Users/CP47017-1/Documents/GitHub/GUI/GUI v1/code/heater_logs\heaterLog_20241013_180948.csv...
08-11-2024 10:46:37 - INFO - Processing file D:/Users/CP47017-1/Documents/GitHub/GUI/GUI v1/code/heater_logs\heaterLog_20241013_181145.csv...
08-11-2024 10:46:37 - ERROR - Invalid file format: D:/Users/CP47017-1/Documents/GitHub/GUI/GUI v1/code/heater_logs\heaterLog_20241013_181145.csv...
08-11-2024 10:46:37 - INFO - Processing file D:/Users/CP47017-1/Documents/GitHub/GUI/GUI v1/code/heater_logs\heaterLog_20241013_181343.csv...
08-11-2024 10:46:37 - ERROR - Invalid file format: D:/Users/CP47017-1/Documents/GitHub/GUI/GUI v1/code/heater_logs\heaterLog_20241013_181343.csv...
08-11-2024 10:46:37 - INFO - Processing file D:/Users/CP47017-1/Documents/GitHub/GUI/GUI v1/code/heater_logs\heaterLog_20241013_181624.csv...
08-11-2024 10:46:37 - ERROR - Invalid file format: D:/Users/CP47017-1/Documents/GitHub/GUI/GUI v1/code/heater_logs\heaterLog_20241013_181624.csv...
08-11-2024 10:46:37 - INFO - Processing file D:/Users/CP47017-1/Documents/GitHub/GUI/GUI v1/code/heater_logs\heaterLog_20241013_181856.csv...
08-11-2024 10:46:37 - ERROR - Invalid file format: D:/Users/CP47017-1/Documents/GitHub/GUI/GUI v1/code/heater_logs\heaterLog_20241013_181856.csv...
08-11-2024 10:46:37 - INFO - Processing file D:/Users/CP47017-1/Documents/GitHub/GUI/GUI v1/code/heater_logs\heaterLog_20241013_182031.csv...
08-11-2024 10:46:37 - ERROR - Invalid file format: D:/Users/CP47017-1/Documents/GitHub/GUI/GUI v1/code/heater_logs\heaterLog_20241013_182031.csv...
08-11-2024 10:46:37 - INFO - Processing file D:/Users/CP47017-1/Documents/GitHub/GUI/GUI v1/code/heater_logs\heaterLog_20241013_184806.csv...
08-11-2024 10:46:37 - ERROR - Invalid file format: D:/Users/CP47017-1/Documents/GitHub/GUI/GUI v1/code/heater_logs\heaterLog_20241013_184806.csv...
08-11-2024 10:46:37 - INFO - Processing file D:/Users/CP47017-1/Documents/GitHub/GUI/GUI v1/code/heater_logs\heaterLog_20241013_185854.csv...
08-11-2024 10:46:37 - ERROR - Invalid file format: D:/Users/CP47017-1/Documents/GitHub/GUI/GUI v1/code/heater_logs\heaterLog_20241013_185854.csv...
08-11-2024 10:46:37 - INFO - Processing file D:/Users/CP47017-1/Documents/GitHub/GUI/GUI v1/code/heater_logs\heaterLog_20241013_190058.csv...
08-11-2024 10:46:37 - ERROR - Invalid file format: D:/Users/CP47017-1/Documents/GitHub/GUI/GUI v1/code/heater_logs\heaterLog_20241013_190058.csv...
08-11-2024 10:46:37 - INFO - Processing file D:/Users/CP47017-1/Documents/GitHub/GUI/GUI v1/code/heater_logs\heaterLog_20241013_190615.csv...
08-11-2024 10:46:37 - ERROR - Invalid file format: D:/Users/CP47017-1/Documents/GitHub/GUI/GUI v1/code/heater_logs\heaterLog_20241013_190615.csv...
08-11-2024 10:46:37 - INFO - Processing file D:/Users/CP47017-1/Documents/GitHub/GUI/GUI v1/code/heater_logs\heaterLog_20241013_190731.csv...
08-11-2024 10:46:37 - ERROR - Invalid file format: D:/Users/CP47017-1/Documents/GitHub/GUI/GUI v1/code/heater_logs\heaterLog_20241013_190731.csv...
08-11-2024 10:46:37 - INFO - Processing file D:/Users/CP47017-1/Documents/GitHub/GUI/GUI v1/code/heater_logs\heaterLog_20241013_191623.csv...
08-11-2024 10:46:37 - ERROR - Invalid file format: D:/Users/CP47017-1/Documents/GitHub/GUI/GUI v1/code/heater_logs\heaterLog_20241013_191623.csv...
08-11-2024 10:46:37 - INFO - Processing file D:/Users/CP47017-1/Documents/GitHub/GUI/GUI v1/code/heater_logs\heaterLog_20241013_192155.csv...
08-11-2024 10:46:37 - ERROR - Invalid file format: D:/Users/CP47017-1/Documents/GitHub/GUI/GUI v1/code/heater_logs\heaterLog_20241013_192155.csv...
08-11-2024 10:46:37 - INFO - Processing file D:/Users/CP47017-1/Documents/GitHub/GUI/GUI v1/code/heater_logs\heaterLog_20241013_193540.csv...
08-11-2024 10:46:37 - ERROR - Invalid file format: D:/Users/CP47017-1/Documents/GitHub/GUI/GUI v1/code/heater_logs\heaterLog_20241013_193540.csv...
08-11-2024 10:46:37 - INFO - Processing file D:/Users/CP47017-1/Documents/GitHub/GUI/GUI v1/code/heater_logs\heaterLog_20241013_195234.csv...
08-11-2024 10:46:37 - ERROR - Invalid file format: D:/Users/CP47017-1/Documents/GitHub/GUI/GUI v1/code/heater_logs\heaterLog_20241013_195234.csv...
08-11-2024 10:46:37 - INFO - Processing file D:/Users/CP47017-1/Documents/GitHub/GUI/GUI v1/code/heater_logs\heaterLog_20241013_195657.csv...
08-11-2024 10:46:37 - ERROR - Invalid file format: D:/Users/CP47017-1/Documents/GitHub/GUI/GUI v1/code/heater_logs\heaterLog_20241013_195657.csv...
08-11-2024 10:46:37 - INFO - Processing file D:/Users/CP47017-1/Documents/GitHub/GUI/GUI v1/code/heater_logs\heaterLog_20241013_195943.csv...
08-11-2024 10:46:37 - ERROR - Invalid file format: D:/Users/CP47017-1/Documents/GitHub/GUI/GUI v1/code/heater_logs\heaterLog_20241013_195943.csv...
08-11-2024 10:46:37 - INFO - Processing file D:/Users/CP47017-1/Documents/GitHub/GUI/GUI v1/code/heater_logs\heaterLog_20241013_200049.csv...
08-11-2024 10:46:37 - ERROR - Invalid file format: D:/Users/CP47017-1/Documents/GitHub/GUI/GUI v1/code/heater_logs\heaterLog_20241013_200049.csv...
08-11-2024 10:46:37 - INFO - Processing file D:/Users/CP47017-1/Documents/GitHub/GUI/GUI v1/code/heater_logs\heaterLog_20241013_202840.csv...
08-11-2024 10:46:37 - ERROR - Invalid file format: D:/Users/CP47017-1/Documents/GitHub/GUI/GUI v1/code/heater_logs\heaterLog_20241013_202840.csv...
08-11-2024 10:46:37 - INFO - Processing file D:/Users/CP47017-1/Documents/GitHub/GUI/GUI v1/code/heater_logs\heaterLog_20241013_203612.csv...
08-11-2024 10:46:37 - ERROR - Invalid file format: D:/Users/CP47017-1/Documents/GitHub/GUI/GUI v1/code/heater_logs\heaterLog_20241013_203612.csv...
08-11-2024 10:46:37 - INFO - Processing file D:/Users/CP47017-1/Documents/GitHub/GUI/GUI v1/code/heater_logs\heaterLog_20241013_215205.csv...
08-11-2024 10:46:37 - ERROR - Invalid file format: D:/Users/CP47017-1/Documents/GitHub/GUI/GUI v1/code/heater_logs\heaterLog_20241013_215205.csv...
08-11-2024 10:46:37 - INFO - Processing file D:/Users/CP47017-1/Documents/GitHub/GUI/GUI v1/code/heater_logs\heaterLog_20241013_220129.csv...
08-11-2024 10:46:37 - ERROR - Invalid file format: D:/Users/CP47017-1/Documents/GitHub/GUI/GUI v1/code/heater_logs\heaterLog_20241013_220129.csv...
08-11-2024 10:46:37 - INFO - Processing file D:/Users/CP47017-1/Documents/GitHub/GUI/GUI v1/code/heater_logs\heaterLog_20241014_093147.csv...
08-11-2024 10:46:37 - ERROR - Invalid file format: D:/Users/CP47017-1/Documents/GitHub/GUI/GUI v1/code/heater_logs\heaterLog_20241014_093147.csv...
08-11-2024 10:46:37 - INFO - Processing file D:/Users/CP47017-1/Documents/GitHub/GUI/GUI v1/code/heater_logs\heaterLog_20241014_162732.csv...
08-11-2024 10:46:37 - ERROR - Invalid file format: D:/Users/CP47017-1/Documents/GitHub/GUI/GUI v1/code/heater_logs\heaterLog_20241014_162732.csv...
08-11-2024 10:46:37 - INFO - Processing file D:/Users/CP47017-1/Documents/GitHub/GUI/GUI v1/code/heater_logs\heaterLog_20241014_162757.csv...
08-11-2024 10:46:37 - ERROR - Invalid file format: D:/Users/CP47017-1/Documents/GitHub/GUI/GUI v1/code/heater_logs\heaterLog_20241014_162757.csv...
08-11-2024 10:46:37 - INFO - Processing file D:/Users/CP47017-1/Documents/GitHub/GUI/GUI v1/code/heater_logs\heaterLog_20241014_163630.csv...
08-11-2024 10:46:37 - ERROR - Invalid file format: D:/Users/CP47017-1/Documents/GitHub/GUI/GUI v1/code/heater_logs\heaterLog_20241014_163630.csv...
08-11-2024 10:46:38 - INFO - Processing file D:/Users/CP47017-1/Documents/GitHub/GUI/GUI v1/code/heater_logs\heaterLog_20241014_165233.csv...
08-11-2024 10:46:38 - ERROR - Invalid file format: D:/Users/CP47017-1/Documents/GitHub/GUI/GUI v1/code/heater_logs\heaterLog_20241014_165233.csv...
08-11-2024 10:46:38 - INFO - Processing file D:/Users/CP47017-1/Documents/GitHub/GUI/GUI v1/code/heater_logs\heaterLog_20241014_165345.csv...
08-11-2024 10:46:38 - ERROR - Invalid file format: D:/Users/CP47017-1/Documents/GitHub/GUI/GUI v1/code/heater_logs\heaterLog_20241014_165345.csv...
08-11-2024 10:46:38 - INFO - Processing file D:/Users/CP47017-1/Documents/GitHub/GUI/GUI v1/code/heater_logs\heaterLog_20241014_174835.csv...
08-11-2024 10:46:38 - ERROR - Invalid file format: D:/Users/CP47017-1/Documents/GitHub/GUI/GUI v1/code/heater_logs\heaterLog_20241014_174835.csv...
08-11-2024 10:46:38 - INFO - Processing file D:/Users/CP47017-1/Documents/GitHub/GUI/GUI v1/code/heater_logs\heaterLog_20241014_180332.csv...
08-11-2024 10:46:38 - ERROR - Invalid file format: D:/Users/CP47017-1/Documents/GitHub/GUI/GUI v1/code/heater_logs\heaterLog_20241014_180332.csv...
08-11-2024 10:46:38 - INFO - Processing file D:/Users/CP47017-1/Documents/GitHub/GUI/GUI v1/code/heater_logs\heaterLog_20241015_113702.csv...
08-11-2024 10:46:38 - ERROR - Invalid file format: D:/Users/CP47017-1/Documents/GitHub/GUI/GUI v1/code/heater_logs\heaterLog_20241015_113702.csv...
08-11-2024 10:46:38 - INFO - Processing file D:/Users/CP47017-1/Documents/GitHub/GUI/GUI v1/code/heater_logs\heaterLog_20241015_161813.csv...
08-11-2024 10:46:38 - ERROR - Invalid file format: D:/Users/CP47017-1/Documents/GitHub/GUI/GUI v1/code/heater_logs\heaterLog_20241015_161813.csv...
08-11-2024 10:46:38 - INFO - Processing file D:/Users/CP47017-1/Documents/GitHub/GUI/GUI v1/code/heater_logs\heaterLog_20241015_191733.csv...
08-11-2024 10:46:38 - ERROR - Invalid file format: D:/Users/CP47017-1/Documents/GitHub/GUI/GUI v1/code/heater_logs\heaterLog_20241015_191733.csv...
08-11-2024 10:46:38 - INFO - Processing file D:/Users/CP47017-1/Documents/GitHub/GUI/GUI v1/code/heater_logs\heaterLog_20241016_103352.csv...
08-11-2024 10:46:38 - ERROR - Invalid file format: D:/Users/CP47017-1/Documents/GitHub/GUI/GUI v1/code/heater_logs\heaterLog_20241016_103352.csv...
08-11-2024 10:46:38 - INFO - Processing file D:/Users/CP47017-1/Documents/GitHub/GUI/GUI v1/code/heater_logs\heaterLog_20241016_112833.csv...
08-11-2024 10:46:38 - ERROR - Invalid file format: D:/Users/CP47017-1/Documents/GitHub/GUI/GUI v1/code/heater_logs\heaterLog_20241016_112833.csv...
08-11-2024 10:46:38 - INFO - Processing file D:/Users/CP47017-1/Documents/GitHub/GUI/GUI v1/code/heater_logs\heaterLog_20241016_153207.csv...
08-11-2024 10:46:38 - ERROR - Invalid file format: D:/Users/CP47017-1/Documents/GitHub/GUI/GUI v1/code/heater_logs\heaterLog_20241016_153207.csv...
08-11-2024 10:46:38 - INFO - Processing file D:/Users/CP47017-1/Documents/GitHub/GUI/GUI v1/code/heater_logs\heaterLog_20241017_105117.csv...
08-11-2024 10:46:38 - ERROR - Invalid file format: D:/Users/CP47017-1/Documents/GitHub/GUI/GUI v1/code/heater_logs\heaterLog_20241017_105117.csv...
08-11-2024 10:46:38 - INFO - Processing file D:/Users/CP47017-1/Documents/GitHub/GUI/GUI v1/code/heater_logs\heaterLog_20241017_194503.csv...
08-11-2024 10:46:38 - ERROR - Invalid file format: D:/Users/CP47017-1/Documents/GitHub/GUI/GUI v1/code/heater_logs\heaterLog_20241017_194503.csv...
08-11-2024 10:46:38 - INFO - Processing file D:/Users/CP47017-1/Documents/GitHub/GUI/GUI v1/code/heater_logs\heaterLog_20241018_120458.csv...
08-11-2024 10:46:38 - ERROR - Invalid file format: D:/Users/CP47017-1/Documents/GitHub/GUI/GUI v1/code/heater_logs\heaterLog_20241018_120458.csv...
08-11-2024 10:46:38 - INFO - Processing file D:/Users/CP47017-1/Documents/GitHub/GUI/GUI v1/code/heater_logs\heaterLog_20241020_163031.csv...
08-11-2024 10:46:38 - ERROR - Invalid file format: D:/Users/CP47017-1/Documents/GitHub/GUI/GUI v1/code/heater_logs\heaterLog_20241020_163031.csv...
08-11-2024 10:46:38 - INFO - Processing file D:/Users/CP47017-1/Documents/GitHub/GUI/GUI v1/code/heater_logs\heaterLog_20241020_170300.csv...
08-11-2024 10:46:38 - ERROR - Invalid file format: D:/Users/CP47017-1/Documents/GitHub/GUI/GUI v1/code/heater_logs\heaterLog_20241020_170300.csv...
08-11-2024 10:46:38 - INFO - Processing file D:/Users/CP47017-1/Documents/GitHub/GUI/GUI v1/code/heater_logs\heaterLog_20241020_170555.csv...
08-11-2024 10:46:38 - ERROR - Invalid file format: D:/Users/CP47017-1/Documents/GitHub/GUI/GUI v1/code/heater_logs\heaterLog_20241020_170555.csv...
08-11-2024 10:46:38 - INFO - Processing file D:/Users/CP47017-1/Documents/GitHub/GUI/GUI v1/code/heater_logs\heaterLog_20241020_170952.csv...
08-11-2024 10:46:38 - ERROR - Invalid file format: D:/Users/CP47017-1/Documents/GitHub/GUI/GUI v1/code/heater_logs\heaterLog_20241020_170952.csv...
08-11-2024 10:46:38 - INFO - Processing file D:/Users/CP47017-1/Documents/GitHub/GUI/GUI v1/code/heater_logs\heaterLog_20241020_171200.csv...
08-11-2024 10:46:38 - ERROR - Invalid file format: D:/Users/CP47017-1/Documents/GitHub/GUI/GUI v1/code/heater_logs\heaterLog_20241020_171200.csv...
08-11-2024 10:46:38 - INFO - Processing file D:/Users/CP47017-1/Documents/GitHub/GUI/GUI v1/code/heater_logs\heaterLog_20241020_171320.csv...
08-11-2024 10:46:38 - ERROR - Invalid file format: D:/Users/CP47017-1/Documents/GitHub/GUI/GUI v1/code/heater_logs\heaterLog_20241020_171320.csv...
08-11-2024 10:46:38 - INFO - Processing file D:/Users/CP47017-1/Documents/GitHub/GUI/GUI v1/code/heater_logs\heaterLog_20241020_175417.csv...
08-11-2024 10:46:38 - ERROR - Invalid file format: D:/Users/CP47017-1/Documents/GitHub/GUI/GUI v1/code/heater_logs\heaterLog_20241020_175417.csv...
08-11-2024 10:46:38 - INFO - Processing file D:/Users/CP47017-1/Documents/GitHub/GUI/GUI v1/code/heater_logs\heaterLog_20241020_181251.csv...
08-11-2024 10:46:38 - ERROR - Invalid file format: D:/Users/CP47017-1/Documents/GitHub/GUI/GUI v1/code/heater_logs\heaterLog_20241020_181251.csv...
08-11-2024 10:46:38 - INFO - Processing file D:/Users/CP47017-1/Documents/GitHub/GUI/GUI v1/code/heater_logs\heaterLog_20241020_194151.csv...
08-11-2024 10:46:38 - ERROR - Invalid file format: D:/Users/CP47017-1/Documents/GitHub/GUI/GUI v1/code/heater_logs\heaterLog_20241020_194151.csv...
08-11-2024 10:46:38 - INFO - Processing file D:/Users/CP47017-1/Documents/GitHub/GUI/GUI v1/code/heater_logs\heaterLog_20241021_102214.csv...
08-11-2024 10:46:38 - ERROR - Invalid file format: D:/Users/CP47017-1/Documents/GitHub/GUI/GUI v1/code/heater_logs\heaterLog_20241021_102214.csv...
08-11-2024 10:46:38 - INFO - Processing file D:/Users/CP47017-1/Documents/GitHub/GUI/GUI v1/code/heater_logs\heaterLog_20241021_102718.csv...
08-11-2024 10:46:38 - ERROR - Invalid file format: D:/Users/CP47017-1/Documents/GitHub/GUI/GUI v1/code/heater_logs\heaterLog_20241021_102718.csv...
08-11-2024 10:46:38 - INFO - Processing file D:/Users/CP47017-1/Documents/GitHub/GUI/GUI v1/code/heater_logs\heaterLog_20241030_121449.csv...
08-11-2024 10:46:38 - ERROR - Invalid file format: D:/Users/CP47017-1/Documents/GitHub/GUI/GUI v1/code/heater_logs\heaterLog_20241030_121449.csv...
08-11-2024 10:46:38 - INFO - Processing file D:/Users/CP47017-1/Documents/GitHub/GUI/GUI v1/code/heater_logs\heaterLog_20241030_121855.csv...
08-11-2024 10:46:38 - ERROR - Invalid file format: D:/Users/CP47017-1/Documents/GitHub/GUI/GUI v1/code/heater_logs\heaterLog_20241030_121855.csv...
08-11-2024 10:46:38 - INFO - Processing file D:/Users/CP47017-1/Documents/GitHub/GUI/GUI v1/code/heater_logs\heaterLog_20241030_122438.csv...
08-11-2024 10:46:38 - ERROR - Invalid file format: D:/Users/CP47017-1/Documents/GitHub/GUI/GUI v1/code/heater_logs\heaterLog_20241030_122438.csv...
08-11-2024 10:46:38 - INFO - Processing file D:/Users/CP47017-1/Documents/GitHub/GUI/GUI v1/code/heater_logs\heaterLog_20241030_122642.csv...
08-11-2024 10:46:38 - ERROR - Invalid file format: D:/Users/CP47017-1/Documents/GitHub/GUI/GUI v1/code/heater_logs\heaterLog_20241030_122642.csv...
08-11-2024 10:46:38 - INFO - Processing file D:/Users/CP47017-1/Documents/GitHub/GUI/GUI v1/code/heater_logs\heaterLog_20241030_122839.csv...
08-11-2024 10:46:38 - ERROR - Invalid file format: D:/Users/CP47017-1/Documents/GitHub/GUI/GUI v1/code/heater_logs\heaterLog_20241030_122839.csv...
08-11-2024 10:46:38 - INFO - Processing file D:/Users/CP47017-1/Documents/GitHub/GUI/GUI v1/code/heater_logs\heaterLog_20241030_123135.csv...
08-11-2024 10:46:38 - ERROR - Invalid file format: D:/Users/CP47017-1/Documents/GitHub/GUI/GUI v1/code/heater_logs\heaterLog_20241030_123135.csv...
08-11-2024 10:46:38 - INFO - Processing file D:/Users/CP47017-1/Documents/GitHub/GUI/GUI v1/code/heater_logs\heaterLog_20241030_124212.csv...
08-11-2024 10:46:38 - ERROR - Invalid file format: D:/Users/CP47017-1/Documents/GitHub/GUI/GUI v1/code/heater_logs\heaterLog_20241030_124212.csv...
08-11-2024 10:46:38 - INFO - Processing file D:/Users/CP47017-1/Documents/GitHub/GUI/GUI v1/code/heater_logs\heaterLog_20241030_124546.csv...
08-11-2024 10:46:38 - ERROR - Invalid file format: D:/Users/CP47017-1/Documents/GitHub/GUI/GUI v1/code/heater_logs\heaterLog_20241030_124546.csv...
08-11-2024 10:46:38 - INFO - Processing file D:/Users/CP47017-1/Documents/GitHub/GUI/GUI v1/code/heater_logs\heaterLog_20241030_124841.csv...
08-11-2024 10:46:38 - ERROR - Invalid file format: D:/Users/CP47017-1/Documents/GitHub/GUI/GUI v1/code/heater_logs\heaterLog_20241030_124841.csv...
08-11-2024 10:46:38 - INFO - Processing file D:/Users/CP47017-1/Documents/GitHub/GUI/GUI v1/code/heater_logs\heaterLog_20241030_125229.csv...
08-11-2024 10:46:38 - ERROR - Invalid file format: D:/Users/CP47017-1/Documents/GitHub/GUI/GUI v1/code/heater_logs\heaterLog_20241030_125229.csv...
08-11-2024 10:46:38 - INFO - Processing file D:/Users/CP47017-1/Documents/GitHub/GUI/GUI v1/code/heater_logs\heaterLog_20241030_130554.csv...
08-11-2024 10:46:38 - ERROR - Invalid file format: D:/Users/CP47017-1/Documents/GitHub/GUI/GUI v1/code/heater_logs\heaterLog_20241030_130554.csv...
08-11-2024 10:46:38 - INFO - Processing file D:/Users/CP47017-1/Documents/GitHub/GUI/GUI v1/code/heater_logs\heaterLog_20241030_130730.csv...
08-11-2024 10:46:38 - ERROR - Invalid file format: D:/Users/CP47017-1/Documents/GitHub/GUI/GUI v1/code/heater_logs\heaterLog_20241030_130730.csv...
08-11-2024 10:46:38 - INFO - Processing file D:/Users/CP47017-1/Documents/GitHub/GUI/GUI v1/code/heater_logs\heaterLog_20241030_130936.csv...
08-11-2024 10:46:38 - ERROR - Invalid file format: D:/Users/CP47017-1/Documents/GitHub/GUI/GUI v1/code/heater_logs\heaterLog_20241030_130936.csv...
08-11-2024 10:46:38 - INFO - Processing file D:/Users/CP47017-1/Documents/GitHub/GUI/GUI v1/code/heater_logs\heaterLog_20241030_142659.csv...
08-11-2024 10:46:38 - ERROR - Invalid file format: D:/Users/CP47017-1/Documents/GitHub/GUI/GUI v1/code/heater_logs\heaterLog_20241030_142659.csv...
08-11-2024 10:46:38 - INFO - Processing file D:/Users/CP47017-1/Documents/GitHub/GUI/GUI v1/code/heater_logs\heaterLog_20241104_112154.csv...
08-11-2024 10:46:38 - ERROR - Invalid file format: D:/Users/CP47017-1/Documents/GitHub/GUI/GUI v1/code/heater_logs\heaterLog_20241104_112154.csv...
08-11-2024 10:46:38 - INFO - Processing file D:/Users/CP47017-1/Documents/GitHub/GUI/GUI v1/code/heater_logs\heaterLog_20241104_112944.csv...
08-11-2024 10:46:38 - ERROR - Invalid file format: D:/Users/CP47017-1/Documents/GitHub/GUI/GUI v1/code/heater_logs\heaterLog_20241104_112944.csv...
08-11-2024 10:46:38 - INFO - Processing file D:/Users/CP47017-1/Documents/GitHub/GUI/GUI v1/code/heater_logs\heaterLog_20241104_133944.csv...
08-11-2024 10:46:38 - ERROR - Invalid file format: D:/Users/CP47017-1/Documents/GitHub/GUI/GUI v1/code/heater_logs\heaterLog_20241104_133944.csv...
08-11-2024 10:46:38 - INFO - Processing file D:/Users/CP47017-1/Documents/GitHub/GUI/GUI v1/code/heater_logs\heaterLog_20241105_104701.csv...
08-11-2024 10:46:38 - ERROR - Invalid file format: D:/Users/CP47017-1/Documents/GitHub/GUI/GUI v1/code/heater_logs\heaterLog_20241105_104701.csv...
08-11-2024 10:46:38 - INFO - Processing file D:/Users/CP47017-1/Documents/GitHub/GUI/GUI v1/code/heater_logs\heaterLog_20241105_114807.csv...
08-11-2024 10:46:38 - ERROR - Invalid file format: D:/Users/CP47017-1/Documents/GitHub/GUI/GUI v1/code/heater_logs\heaterLog_20241105_114807.csv...
08-11-2024 10:46:38 - INFO - Processing file D:/Users/CP47017-1/Documents/GitHub/GUI/GUI v1/code/heater_logs\heaterLog_20241106_115717.csv...
08-11-2024 10:46:39 - ERROR - Invalid file format: D:/Users/CP47017-1/Documents/GitHub/GUI/GUI v1/code/heater_logs\heaterLog_20241106_115717.csv...
08-11-2024 10:46:39 - INFO - Processing file D:/Users/CP47017-1/Documents/GitHub/GUI/GUI v1/code/heater_logs\heaterLog_20241107_101238.csv...
08-11-2024 10:46:39 - ERROR - Invalid file format: D:/Users/CP47017-1/Documents/GitHub/GUI/GUI v1/code/heater_logs\heaterLog_20241107_101238.csv...
08-11-2024 10:46:39 - INFO - Processing file D:/Users/CP47017-1/Documents/GitHub/GUI/GUI v1/code/heater_logs\heaterLog_20241107_102249.csv...
08-11-2024 10:46:39 - ERROR - Invalid file format: D:/Users/CP47017-1/Documents/GitHub/GUI/GUI v1/code/heater_logs\heaterLog_20241107_102249.csv...
08-11-2024 10:46:39 - INFO - Processing file D:/Users/CP47017-1/Documents/GitHub/GUI/GUI v1/code/heater_logs\heaterLog_20241107_102511.csv...
08-11-2024 10:46:39 - ERROR - Invalid file format: D:/Users/CP47017-1/Documents/GitHub/GUI/GUI v1/code/heater_logs\heaterLog_20241107_102511.csv...
08-11-2024 10:46:39 - INFO - Processing file D:/Users/CP47017-1/Documents/GitHub/GUI/GUI v1/code/heater_logs\heaterLog_20241107_102714.csv...
08-11-2024 10:46:39 - ERROR - Invalid file format: D:/Users/CP47017-1/Documents/GitHub/GUI/GUI v1/code/heater_logs\heaterLog_20241107_102714.csv...
08-11-2024 10:46:39 - INFO - Processing file D:/Users/CP47017-1/Documents/GitHub/GUI/GUI v1/code/heater_logs\heaterLog_20241107_103531.csv...
08-11-2024 10:46:39 - ERROR - Invalid file format: D:/Users/CP47017-1/Documents/GitHub/GUI/GUI v1/code/heater_logs\heaterLog_20241107_103531.csv...
08-11-2024 10:46:39 - INFO - Processing file D:/Users/CP47017-1/Documents/GitHub/GUI/GUI v1/code/heater_logs\heaterLog_20241107_103755.csv...
08-11-2024 10:46:39 - ERROR - Invalid file format: D:/Users/CP47017-1/Documents/GitHub/GUI/GUI v1/code/heater_logs\heaterLog_20241107_103755.csv...
08-11-2024 10:46:39 - INFO - Processing file D:/Users/CP47017-1/Documents/GitHub/GUI/GUI v1/code/heater_logs\heaterLog_20241107_104159.csv...
08-11-2024 10:46:39 - ERROR - Invalid file format: D:/Users/CP47017-1/Documents/GitHub/GUI/GUI v1/code/heater_logs\heaterLog_20241107_104159.csv...
08-11-2024 10:46:39 - INFO - Processing file D:/Users/CP47017-1/Documents/GitHub/GUI/GUI v1/code/heater_logs\heaterLog_20241107_104518.csv...
08-11-2024 10:46:39 - ERROR - Invalid file format: D:/Users/CP47017-1/Documents/GitHub/GUI/GUI v1/code/heater_logs\heaterLog_20241107_104518.csv...
08-11-2024 10:46:39 - INFO - Processing file D:/Users/CP47017-1/Documents/GitHub/GUI/GUI v1/code/heater_logs\heaterLog_20241107_104727.csv...
08-11-2024 10:46:39 - ERROR - Invalid file format: D:/Users/CP47017-1/Documents/GitHub/GUI/GUI v1/code/heater_logs\heaterLog_20241107_104727.csv...
08-11-2024 10:46:39 - INFO - Processing file D:/Users/CP47017-1/Documents/GitHub/GUI/GUI v1/code/heater_logs\heaterLog_20241107_104951.csv...
08-11-2024 10:46:39 - ERROR - Invalid file format: D:/Users/CP47017-1/Documents/GitHub/GUI/GUI v1/code/heater_logs\heaterLog_20241107_104951.csv...
08-11-2024 10:46:39 - INFO - Processing file D:/Users/CP47017-1/Documents/GitHub/GUI/GUI v1/code/heater_logs\heaterLog_20241107_110017.csv...
08-11-2024 10:46:39 - ERROR - Invalid file format: D:/Users/CP47017-1/Documents/GitHub/GUI/GUI v1/code/heater_logs\heaterLog_20241107_110017.csv...
08-11-2024 10:46:39 - INFO - Processing file D:/Users/CP47017-1/Documents/GitHub/GUI/GUI v1/code/heater_logs\heaterLog_20241107_111654.csv...
08-11-2024 10:46:39 - ERROR - Invalid file format: D:/Users/CP47017-1/Documents/GitHub/GUI/GUI v1/code/heater_logs\heaterLog_20241107_111654.csv...
08-11-2024 10:46:39 - INFO - Processing file D:/Users/CP47017-1/Documents/GitHub/GUI/GUI v1/code/heater_logs\heaterLog_20241107_112900.csv...
08-11-2024 10:46:39 - ERROR - Invalid file format: D:/Users/CP47017-1/Documents/GitHub/GUI/GUI v1/code/heater_logs\heaterLog_20241107_112900.csv...
08-11-2024 10:46:39 - INFO - Processing file D:/Users/CP47017-1/Documents/GitHub/GUI/GUI v1/code/heater_logs\heaterLog_20241107_113033.csv...
08-11-2024 10:46:39 - ERROR - Invalid file format: D:/Users/CP47017-1/Documents/GitHub/GUI/GUI v1/code/heater_logs\heaterLog_20241107_113033.csv...
08-11-2024 10:46:39 - INFO - Processing file D:/Users/CP47017-1/Documents/GitHub/GUI/GUI v1/code/heater_logs\heaterLog_20241107_113750.csv...
08-11-2024 10:46:39 - ERROR - Invalid file format: D:/Users/CP47017-1/Documents/GitHub/GUI/GUI v1/code/heater_logs\heaterLog_20241107_113750.csv...
08-11-2024 10:46:39 - INFO - Processing file D:/Users/CP47017-1/Documents/GitHub/GUI/GUI v1/code/heater_logs\heaterLog_20241107_114452.csv...
08-11-2024 10:46:39 - ERROR - Invalid file format: D:/Users/CP47017-1/Documents/GitHub/GUI/GUI v1/code/heater_logs\heaterLog_20241107_114452.csv...
08-11-2024 10:46:39 - INFO - Processing file D:/Users/CP47017-1/Documents/GitHub/GUI/GUI v1/code/heater_logs\heaterLog_20241107_114724.csv...
08-11-2024 10:46:39 - ERROR - Invalid file format: D:/Users/CP47017-1/Documents/GitHub/GUI/GUI v1/code/heater_logs\heaterLog_20241107_114724.csv...
08-11-2024 10:46:39 - INFO - Processing file D:/Users/CP47017-1/Documents/GitHub/GUI/GUI v1/code/heater_logs\heaterLog_20241107_115402.csv...
08-11-2024 10:46:39 - ERROR - Invalid file format: D:/Users/CP47017-1/Documents/GitHub/GUI/GUI v1/code/heater_logs\heaterLog_20241107_115402.csv...
08-11-2024 10:46:39 - INFO - Processing file D:/Users/CP47017-1/Documents/GitHub/GUI/GUI v1/code/heater_logs\heaterLog_20241107_120058.csv...
08-11-2024 10:46:39 - ERROR - Invalid file format: D:/Users/CP47017-1/Documents/GitHub/GUI/GUI v1/code/heater_logs\heaterLog_20241107_120058.csv...
08-11-2024 10:46:39 - INFO - Processing file D:/Users/CP47017-1/Documents/GitHub/GUI/GUI v1/code/heater_logs\heaterLog_20241107_120852.csv...
08-11-2024 10:46:39 - ERROR - Invalid file format: D:/Users/CP47017-1/Documents/GitHub/GUI/GUI v1/code/heater_logs\heaterLog_20241107_120852.csv...
08-11-2024 10:46:39 - INFO - Processing file D:/Users/CP47017-1/Documents/GitHub/GUI/GUI v1/code/heater_logs\heaterLog_20241107_121526.csv...
08-11-2024 10:46:39 - ERROR - Invalid file format: D:/Users/CP47017-1/Documents/GitHub/GUI/GUI v1/code/heater_logs\heaterLog_20241107_121526.csv...
08-11-2024 10:46:39 - INFO - Processing file D:/Users/CP47017-1/Documents/GitHub/GUI/GUI v1/code/heater_logs\heaterLog_20241107_122414.csv...
08-11-2024 10:46:39 - ERROR - Invalid file format: D:/Users/CP47017-1/Documents/GitHub/GUI/GUI v1/code/heater_logs\heaterLog_20241107_122414.csv...
08-11-2024 10:46:39 - INFO - Processing file D:/Users/CP47017-1/Documents/GitHub/GUI/GUI v1/code/heater_logs\heaterLog_20241107_123657.csv...
08-11-2024 10:46:39 - ERROR - Invalid file format: D:/Users/CP47017-1/Documents/GitHub/GUI/GUI v1/code/heater_logs\heaterLog_20241107_123657.csv...
08-11-2024 10:46:39 - INFO - Processing file D:/Users/CP47017-1/Documents/GitHub/GUI/GUI v1/code/heater_logs\heaterLog_20241107_124450.csv...
08-11-2024 10:46:39 - ERROR - Invalid file format: D:/Users/CP47017-1/Documents/GitHub/GUI/GUI v1/code/heater_logs\heaterLog_20241107_124450.csv...
08-11-2024 10:46:39 - INFO - Processing file D:/Users/CP47017-1/Documents/GitHub/GUI/GUI v1/code/heater_logs\heaterLog_20241108_101335.csv...
08-11-2024 10:46:39 - ERROR - Invalid file format: D:/Users/CP47017-1/Documents/GitHub/GUI/GUI v1/code/heater_logs\heaterLog_20241108_101335.csv...
08-11-2024 10:46:39 - INFO - Processing file D:/Users/CP47017-1/Documents/GitHub/GUI/GUI v1/code/heater_logs\heaterLog_20241108_102243.csv...
08-11-2024 10:46:39 - ERROR - Invalid file format: D:/Users/CP47017-1/Documents/GitHub/GUI/GUI v1/code/heater_logs\heaterLog_20241108_102243.csv...
08-11-2024 10:46:39 - INFO - Processing file D:/Users/CP47017-1/Documents/GitHub/GUI/GUI v1/code/heater_logs\heaterLog_20241108_102352.csv...
08-11-2024 10:46:39 - ERROR - Invalid file format: D:/Users/CP47017-1/Documents/GitHub/GUI/GUI v1/code/heater_logs\heaterLog_20241108_102352.csv...
08-11-2024 10:46:39 - INFO - Processing file D:/Users/CP47017-1/Documents/GitHub/GUI/GUI v1/code/heater_logs\heaterLog_20241108_102655.csv...
08-11-2024 10:46:39 - ERROR - Invalid file format: D:/Users/CP47017-1/Documents/GitHub/GUI/GUI v1/code/heater_logs\heaterLog_20241108_102655.csv...
08-11-2024 10:46:39 - INFO - Processing file D:/Users/CP47017-1/Documents/GitHub/GUI/GUI v1/code/heater_logs\heaterLog_20241108_102901.csv...
08-11-2024 10:46:39 - ERROR - Invalid file format: D:/Users/CP47017-1/Documents/GitHub/GUI/GUI v1/code/heater_logs\heaterLog_20241108_102901.csv...
08-11-2024 10:46:39 - INFO - Processing file D:/Users/CP47017-1/Documents/GitHub/GUI/GUI v1/code/heater_logs\heaterLog_20241108_103250.csv...
08-11-2024 10:46:39 - ERROR - Invalid file format: D:/Users/CP47017-1/Documents/GitHub/GUI/GUI v1/code/heater_logs\heaterLog_20241108_103250.csv...
08-11-2024 10:46:39 - INFO - Processing file D:/Users/CP47017-1/Documents/GitHub/GUI/GUI v1/code/heater_logs\heaterLog_20241108_103739.csv...
08-11-2024 10:46:39 - ERROR - Invalid file format: D:/Users/CP47017-1/Documents/GitHub/GUI/GUI v1/code/heater_logs\heaterLog_20241108_103739.csv...
08-11-2024 10:46:39 - INFO - Processing file D:/Users/CP47017-1/Documents/GitHub/GUI/GUI v1/code/heater_logs\heaterLog_20241108_104018.csv...
08-11-2024 10:46:39 - ERROR - Invalid file format: D:/Users/CP47017-1/Documents/GitHub/GUI/GUI v1/code/heater_logs\heaterLog_20241108_104018.csv...
08-11-2024 10:46:40 - INFO - Processing file D:/Users/CP47017-1/Documents/GitHub/GUI/GUI v1/code/heater_logs\heaterLog_20241108_104607.csv...
08-11-2024 10:46:40 - ERROR - Invalid file format: D:/Users/CP47017-1/Documents/GitHub/GUI/GUI v1/code/heater_logs\heaterLog_20241108_104607.csv...
08-11-2024 10:46:40 - INFO - Total number of layers: 0
08-11-2024 10:47:24 - INFO - Opening directory D:/Users/CP47017-1/Documents/GitHub/GUI/GUI v1/files...
08-11-2024 10:47:24 - INFO - Processing file D:/Users/CP47017-1/Documents/GitHub/GUI/GUI v1/files\20mm square.emd...
08-11-2024 10:47:24 - INFO - Processing file D:/Users/CP47017-1/Documents/GitHub/GUI/GUI v1/files\3.emd...
08-11-2024 10:47:24 - INFO - Processing file D:/Users/CP47017-1/Documents/GitHub/GUI/GUI v1/files\333.emd...
08-11-2024 10:47:24 - INFO - Processing file D:/Users/CP47017-1/Documents/GitHub/GUI/GUI v1/files\5 pattern.emd...
08-11-2024 10:47:24 - INFO - Processing file D:/Users/CP47017-1/Documents/GitHub/GUI/GUI v1/files\Document1.emd...
08-11-2024 10:47:24 - INFO - Loaded file D:/Users/CP47017-1/Documents/GitHub/GUI/GUI v1/files\Document1.emd...
08-11-2024 10:47:24 - INFO - Processing file D:/Users/CP47017-1/Documents/GitHub/GUI/GUI v1/files\test.emd...
08-11-2024 10:47:24 - INFO - Processing file D:/Users/CP47017-1/Documents/GitHub/GUI/GUI v1/files\test1.emd...
08-11-2024 10:47:24 - INFO - Loaded file D:/Users/CP47017-1/Documents/GitHub/GUI/GUI v1/files\test1.emd...
08-11-2024 10:47:24 - INFO - Processing file D:/Users/CP47017-1/Documents/GitHub/GUI/GUI v1/files\test2.emd...
08-11-2024 10:47:24 - INFO - Processing file D:/Users/CP47017-1/Documents/GitHub/GUI/GUI v1/files\Without param-23W square.emd...
08-11-2024 10:47:24 - INFO - Total number of layers: 9
08-11-2024 10:47:34 - INFO - Opening directory D:/Users/CP47017-1/Documents/GitHub/GUI/GUI v1/files/test_model...
08-11-2024 10:47:35 - INFO - Processing file D:/Users/CP47017-1/Documents/GitHub/GUI/GUI v1/files/test_model\test_model1.emd...
08-11-2024 10:47:35 - INFO - Loaded file D:/Users/CP47017-1/Documents/GitHub/GUI/GUI v1/files/test_model\test_model1.emd...
08-11-2024 10:47:35 - INFO - Processing file D:/Users/CP47017-1/Documents/GitHub/GUI/GUI v1/files/test_model\test_model2.emd...
08-11-2024 10:47:35 - INFO - Processing file D:/Users/CP47017-1/Documents/GitHub/GUI/GUI v1/files/test_model\test_model3.emd...
08-11-2024 10:47:35 - INFO - Total number of layers: 3
