08-11-2024 10:38:15 - INFO - Opening directory D:/Users/CP47017-1/Documents/GitHub/GUI/GUI v1/files/test_model...
08-11-2024 10:38:15 - INFO - Processing file D:/Users/CP47017-1/Documents/GitHub/GUI/GUI v1/files/test_model\test_model1.emd...
08-11-2024 10:38:15 - INFO - Loaded file D:/Users/CP47017-1/Documents/GitHub/GUI/GUI v1/files/test_model\test_model1.emd...
08-11-2024 10:38:15 - INFO - Processing file D:/Users/CP47017-1/Documents/GitHub/GUI/GUI v1/files/test_model\test_model2.emd...
08-11-2024 10:38:15 - INFO - Processing file D:/Users/CP47017-1/Documents/GitHub/GUI/GUI v1/files/test_model\test_model3.emd...
08-11-2024 10:38:15 - INFO - Total number of layers: 3
08-11-2024 10:38:23 - INFO - Opening directory D:/Users/CP47017-1/Documents/GitHub/GUI/GUI v1/files...
08-11-2024 10:38:23 - INFO - Processing file D:/Users/CP47017-1/Documents/GitHub/GUI/GUI v1/files\20mm square.emd...
08-11-2024 10:38:23 - INFO - Processing file D:/Users/CP47017-1/Documents/GitHub/GUI/GUI v1/files\3.emd...
08-11-2024 10:38:23 - INFO - Processing file D:/Users/CP47017-1/Documents/GitHub/GUI/GUI v1/files\333.emd...
08-11-2024 10:38:23 - INFO - Processing file D:/Users/CP47017-1/Documents/GitHub/GUI/GUI v1/files\5 pattern.emd...
08-11-2024 10:38:23 - INFO - Processing file D:/Users/CP47017-1/Documents/GitHub/GUI/GUI v1/files\Document1.emd...
08-11-2024 10:38:23 - INFO - Loaded file D:/Users/CP47017-1/Documents/GitHub/GUI/GUI v1/files\Document1.emd...
08-11-2024 10:38:23 - INFO - Processing file D:/Users/CP47017-1/Documents/GitHub/GUI/GUI v1/files\test.emd...
08-11-2024 10:38:23 - INFO - Processing file D:/Users/CP47017-1/Documents/GitHub/GUI/GUI v1/files\test1.emd...
08-11-2024 10:38:23 - INFO - Loaded file D:/Users/CP47017-1/Documents/GitHub/GUI/GUI v1/files\test1.emd...
08-11-2024 10:38:24 - INFO - Processing file D:/Users/CP47017-1/Documents/GitHub/GUI/GUI v1/files\test2.emd...
08-11-2024 10:38:24 - INFO - Processing file D:/Users/CP47017-1/Documents/GitHub/GUI/GUI v1/files\Without param-23W square.emd...
08-11-2024 10:38:24 - INFO - Total number of layers: 9
08-11-2024 10:39:14 - INFO - Opening directory D:/Users/CP47017-1/Documents/GitHub/GUI/GUI v1/ui assets...
08-11-2024 10:39:14 - INFO - Processing file D:/Users/CP47017-1/Documents/GitHub/GUI/GUI v1/ui assets\chevron-down-solid.svg...
08-11-2024 10:39:14 - ERROR - Invalid file format: D:/Users/CP47017-1/Documents/GitHub/GUI/GUI v1/ui assets\chevron-down-solid.svg...
08-11-2024 10:39:14 - INFO - Processing file D:/Users/CP47017-1/Documents/GitHub/GUI/GUI v1/ui assets\chevron-left-solid.svg...
08-11-2024 10:39:14 - ERROR - Invalid file format: D:/Users/CP47017-1/Documents/GitHub/GUI/GUI v1/ui assets\chevron-left-solid.svg...
08-11-2024 10:39:14 - INFO - Processing file D:/Users/CP47017-1/Documents/GitHub/GUI/GUI v1/ui assets\chevron-right-solid.svg...
08-11-2024 10:39:14 - ERROR - Invalid file format: D:/Users/CP47017-1/Documents/GitHub/GUI/GUI v1/ui assets\chevron-right-solid.svg...
08-11-2024 10:39:14 - INFO - Processing file D:/Users/CP47017-1/Documents/GitHub/GUI/GUI v1/ui assets\chevron-up-solid.svg...
08-11-2024 10:39:14 - ERROR - Invalid file format: D:/Users/CP47017-1/Documents/GitHub/GUI/GUI v1/ui assets\chevron-up-solid.svg...
08-11-2024 10:39:14 - INFO - Processing file D:/Users/CP47017-1/Documents/GitHub/GUI/GUI v1/ui assets\chevrons-left.svg...
08-11-2024 10:39:14 - ERROR - Invalid file format: D:/Users/CP47017-1/Documents/GitHub/GUI/GUI v1/ui assets\chevrons-left.svg...
08-11-2024 10:39:14 - INFO - Processing file D:/Users/CP47017-1/Documents/GitHub/GUI/GUI v1/ui assets\chevrons-right.svg...
08-11-2024 10:39:14 - ERROR - Invalid file format: D:/Users/CP47017-1/Documents/GitHub/GUI/GUI v1/ui assets\chevrons-right.svg...
08-11-2024 10:39:14 - INFO - Processing file D:/Users/CP47017-1/Documents/GitHub/GUI/GUI v1/ui assets\hopper.jpeg...
08-11-2024 10:39:14 - ERROR - Invalid file format: D:/Users/CP47017-1/Documents/GitHub/GUI/GUI v1/ui assets\hopper.jpeg...
08-11-2024 10:39:14 - INFO - Processing file D:/Users/CP47017-1/Documents/GitHub/GUI/GUI v1/ui assets\house-green.svg...
08-11-2024 10:39:14 - ERROR - Invalid file format: D:/Users/CP47017-1/Documents/GitHub/GUI/GUI v1/ui assets\house-green.svg...
08-11-2024 10:39:14 - INFO - Processing file D:/Users/CP47017-1/Documents/GitHub/GUI/GUI v1/ui assets\house-grey.svg...
08-11-2024 10:39:14 - ERROR - Invalid file format: D:/Users/CP47017-1/Documents/GitHub/GUI/GUI v1/ui assets\house-grey.svg...
08-11-2024 10:39:14 - INFO - Processing file D:/Users/CP47017-1/Documents/GitHub/GUI/GUI v1/ui assets\house-solid.svg...
08-11-2024 10:39:14 - ERROR - Invalid file format: D:/Users/CP47017-1/Documents/GitHub/GUI/GUI v1/ui assets\house-solid.svg...
08-11-2024 10:39:14 - INFO - Processing file D:/Users/CP47017-1/Documents/GitHub/GUI/GUI v1/ui assets\logo.jpeg...
08-11-2024 10:39:14 - ERROR - Invalid file format: D:/Users/CP47017-1/Documents/GitHub/GUI/GUI v1/ui assets\logo.jpeg...
08-11-2024 10:39:14 - INFO - Total number of layers: 0
08-11-2024 10:39:21 - INFO - Opening directory D:/Users/CP47017-1/Documents/GitHub/GUI/GUI v1/ui files...
08-11-2024 10:39:21 - INFO - Processing file D:/Users/CP47017-1/Documents/GitHub/GUI/GUI v1/ui files\gui.ui...
08-11-2024 10:39:21 - ERROR - Invalid file format: D:/Users/CP47017-1/Documents/GitHub/GUI/GUI v1/ui files\gui.ui...
08-11-2024 10:39:21 - INFO - Total number of layers: 0
08-11-2024 10:39:26 - INFO - Opening directory D:/Users/CP47017-1/Documents/GitHub/GUI/GUI v1/files...
08-11-2024 10:39:26 - INFO - Processing file D:/Users/CP47017-1/Documents/GitHub/GUI/GUI v1/files\20mm square.emd...
08-11-2024 10:39:26 - INFO - Processing file D:/Users/CP47017-1/Documents/GitHub/GUI/GUI v1/files\3.emd...
08-11-2024 10:39:26 - INFO - Processing file D:/Users/CP47017-1/Documents/GitHub/GUI/GUI v1/files\333.emd...
08-11-2024 10:39:26 - INFO - Processing file D:/Users/CP47017-1/Documents/GitHub/GUI/GUI v1/files\5 pattern.emd...
08-11-2024 10:39:26 - INFO - Processing file D:/Users/CP47017-1/Documents/GitHub/GUI/GUI v1/files\Document1.emd...
08-11-2024 10:39:26 - INFO - Loaded file D:/Users/CP47017-1/Documents/GitHub/GUI/GUI v1/files\Document1.emd...
08-11-2024 10:39:26 - INFO - Processing file D:/Users/CP47017-1/Documents/GitHub/GUI/GUI v1/files\test.emd...
08-11-2024 10:39:26 - INFO - Processing file D:/Users/CP47017-1/Documents/GitHub/GUI/GUI v1/files\test1.emd...
08-11-2024 10:39:26 - INFO - Loaded file D:/Users/CP47017-1/Documents/GitHub/GUI/GUI v1/files\test1.emd...
08-11-2024 10:39:26 - INFO - Processing file D:/Users/CP47017-1/Documents/GitHub/GUI/GUI v1/files\test2.emd...
08-11-2024 10:39:26 - INFO - Processing file D:/Users/CP47017-1/Documents/GitHub/GUI/GUI v1/files\Without param-23W square.emd...
08-11-2024 10:39:26 - INFO - Total number of layers: 9
08-11-2024 10:39:30 - INFO - Opening directory D:/Users/CP47017-1/Documents/GitHub/GUI/GUI v1/code...
08-11-2024 10:39:30 - INFO - Processing file D:/Users/CP47017-1/Documents/GitHub/GUI/GUI v1/code\api_test.py...
08-11-2024 10:39:30 - ERROR - Invalid file format: D:/Users/CP47017-1/Documents/GitHub/GUI/GUI v1/code\api_test.py...
08-11-2024 10:39:30 - INFO - Processing file D:/Users/CP47017-1/Documents/GitHub/GUI/GUI v1/code\buildChamber.py...
08-11-2024 10:39:30 - ERROR - Invalid file format: D:/Users/CP47017-1/Documents/GitHub/GUI/GUI v1/code\buildChamber.py...
08-11-2024 10:39:30 - INFO - Processing file D:/Users/CP47017-1/Documents/GitHub/GUI/GUI v1/code\CSVLogger.py...
08-11-2024 10:39:30 - ERROR - Invalid file format: D:/Users/CP47017-1/Documents/GitHub/GUI/GUI v1/code\CSVLogger.py...
08-11-2024 10:39:31 - INFO - Processing file D:/Users/CP47017-1/Documents/GitHub/GUI/GUI v1/code\ErrorLogging3.py...
08-11-2024 10:39:31 - ERROR - Invalid file format: D:/Users/CP47017-1/Documents/GitHub/GUI/GUI v1/code\ErrorLogging3.py...
08-11-2024 10:39:31 - INFO - Processing file D:/Users/CP47017-1/Documents/GitHub/GUI/GUI v1/code\graph.py...
08-11-2024 10:39:31 - ERROR - Invalid file format: D:/Users/CP47017-1/Documents/GitHub/GUI/GUI v1/code\graph.py...
08-11-2024 10:39:31 - INFO - Processing file D:/Users/CP47017-1/Documents/GitHub/GUI/GUI v1/code\gui_main.py...
08-11-2024 10:39:31 - ERROR - Invalid file format: D:/Users/CP47017-1/Documents/GitHub/GUI/GUI v1/code\gui_main.py...
08-11-2024 10:39:31 - INFO - Processing file D:/Users/CP47017-1/Documents/GitHub/GUI/GUI v1/code\hopper.py...
08-11-2024 10:39:31 - ERROR - Invalid file format: D:/Users/CP47017-1/Documents/GitHub/GUI/GUI v1/code\hopper.py...
08-11-2024 10:39:31 - INFO - Processing file D:/Users/CP47017-1/Documents/GitHub/GUI/GUI v1/code\LaserErrorLogging.py...
08-11-2024 10:39:31 - ERROR - Invalid file format: D:/Users/CP47017-1/Documents/GitHub/GUI/GUI v1/code\LaserErrorLogging.py...
08-11-2024 10:39:31 - INFO - Processing file D:/Users/CP47017-1/Documents/GitHub/GUI/GUI v1/code\mech_code.py...
08-11-2024 10:39:31 - ERROR - Invalid file format: D:/Users/CP47017-1/Documents/GitHub/GUI/GUI v1/code\mech_code.py...
08-11-2024 10:39:31 - INFO - Processing file D:/Users/CP47017-1/Documents/GitHub/GUI/GUI v1/code\recoater.py...
08-11-2024 10:39:31 - ERROR - Invalid file format: D:/Users/CP47017-1/Documents/GitHub/GUI/GUI v1/code\recoater.py...
08-11-2024 10:39:31 - INFO - Processing file D:/Users/CP47017-1/Documents/GitHub/GUI/GUI v1/code\temp.py...
08-11-2024 10:39:31 - ERROR - Invalid file format: D:/Users/CP47017-1/Documents/GitHub/GUI/GUI v1/code\temp.py...
08-11-2024 10:39:31 - INFO - Processing file D:/Users/CP47017-1/Documents/GitHub/GUI/GUI v1/code\thread.py...
08-11-2024 10:39:31 - ERROR - Invalid file format: D:/Users/CP47017-1/Documents/GitHub/GUI/GUI v1/code\thread.py...
08-11-2024 10:39:31 - INFO - Processing file D:/Users/CP47017-1/Documents/GitHub/GUI/GUI v1/code\update_printer_cfg.log...
08-11-2024 10:39:31 - ERROR - Invalid file format: D:/Users/CP47017-1/Documents/GitHub/GUI/GUI v1/code\update_printer_cfg.log...
08-11-2024 10:39:31 - INFO - Processing file D:/Users/CP47017-1/Documents/GitHub/GUI/GUI v1/code\update_printer_cfg.py...
08-11-2024 10:39:31 - ERROR - Invalid file format: D:/Users/CP47017-1/Documents/GitHub/GUI/GUI v1/code\update_printer_cfg.py...
08-11-2024 10:39:31 - INFO - Processing file D:/Users/CP47017-1/Documents/GitHub/GUI/GUI v1/code\Z.py...
08-11-2024 10:39:31 - ERROR - Invalid file format: D:/Users/CP47017-1/Documents/GitHub/GUI/GUI v1/code\Z.py...
08-11-2024 10:39:31 - INFO - Total number of layers: 0
