27-11-2024 15:30:18 - INFO - Opening directory D:/Users/CP47017-1/Documents/GitHub/GUI/GUI v1/files/test_model...
27-11-2024 15:30:18 - INFO - Processing file D:/Users/CP47017-1/Documents/GitHub/GUI/GUI v1/files/test_model\27-11-2024.emd...
27-11-2024 15:30:18 - INFO - Processing file D:/Users/CP47017-1/Documents/GitHub/GUI/GUI v1/files/test_model\test_model1.emd...
27-11-2024 15:30:18 - INFO - Loaded file D:/Users/CP47017-1/Documents/GitHub/GUI/GUI v1/files/test_model\test_model1.emd...
27-11-2024 15:30:18 - INFO - Processing file D:/Users/CP47017-1/Documents/GitHub/GUI/GUI v1/files/test_model\test_model2.emd...
27-11-2024 15:30:18 - INFO - Processing file D:/Users/CP47017-1/Documents/GitHub/GUI/GUI v1/files/test_model\test_model3.emd...
27-11-2024 15:30:18 - INFO - Total number of layers: 4
27-11-2024 15:32:45 - INFO - Scancard process started for layer 
27-11-2024 15:32:45 - INFO - Opening file-> Connecting to localhost:50000...
27-11-2024 15:32:47 - ERROR - E200 - Opening file not successful 
 [WinError 10061] No connection could be made because the target machine actively refused it
27-11-2024 15:32:47 - INFO - File D:/Users/CP47017-1/Documents/GitHub/GUI/GUI v1/files/test_model\test_model1.emd opened...
27-11-2024 15:32:47 - INFO - setting mark parameters by layer-> Connecting to localhost:50000...
27-11-2024 15:32:49 - ERROR - E200 - setting mark parameters by layer not successful 
 [WinError 10061] No connection could be made because the target machine actively refused it
27-11-2024 15:32:50 - INFO - Downloading Parameters-> Connecting to localhost:50000...
27-11-2024 15:32:52 - ERROR - E200 - Downloading Parameters not successful 
 [WinError 10061] No connection could be made because the target machine actively refused it
27-11-2024 15:32:53 - INFO - Start marking-> Connecting to localhost:50000...
27-11-2024 15:32:55 - ERROR - E200 - Start marking not successful 
 [WinError 10061] No connection could be made because the target machine actively refused it
27-11-2024 15:32:56 - INFO - Marking process for Layer  started...
27-11-2024 15:32:57 - INFO - getting working status-> Connecting to localhost:50000...
27-11-2024 15:33:00 - ERROR - E200 - getting working status not successful 
 [WinError 10061] No connection could be made because the target machine actively refused it
27-11-2024 15:33:01 - INFO - getting working status-> Connecting to localhost:50000...
27-11-2024 15:33:03 - ERROR - E200 - getting working status not successful 
 [WinError 10061] No connection could be made because the target machine actively refused it
27-11-2024 15:33:04 - INFO - getting working status-> Connecting to localhost:50000...
27-11-2024 15:33:06 - ERROR - E200 - getting working status not successful 
 [WinError 10061] No connection could be made because the target machine actively refused it
27-11-2024 15:33:07 - INFO - getting working status-> Connecting to localhost:50000...
27-11-2024 15:33:09 - ERROR - E200 - getting working status not successful 
 [WinError 10061] No connection could be made because the target machine actively refused it
27-11-2024 15:33:10 - INFO - getting working status-> Connecting to localhost:50000...
27-11-2024 15:33:12 - ERROR - E200 - getting working status not successful 
 [WinError 10061] No connection could be made because the target machine actively refused it
27-11-2024 15:33:13 - INFO - getting working status-> Connecting to localhost:50000...
27-11-2024 15:33:15 - ERROR - E200 - getting working status not successful 
 [WinError 10061] No connection could be made because the target machine actively refused it
27-11-2024 15:33:16 - INFO - getting working status-> Connecting to localhost:50000...
27-11-2024 15:33:18 - ERROR - E200 - getting working status not successful 
 [WinError 10061] No connection could be made because the target machine actively refused it
27-11-2024 15:33:19 - INFO - getting working status-> Connecting to localhost:50000...
