02-12-2024 11:10:26 - INFO - Opening directory D:/Users/CP47017-1/Documents/GitHub/GUI/GUI v1/files/test_model...
02-12-2024 11:10:26 - INFO - Processing file D:/Users/CP47017-1/Documents/GitHub/GUI/GUI v1/files/test_model\27-11-2024.emd...
02-12-2024 11:10:26 - INFO - Processing file D:/Users/CP47017-1/Documents/GitHub/GUI/GUI v1/files/test_model\test_model1.emd...
02-12-2024 11:10:26 - INFO - Loaded file D:/Users/CP47017-1/Documents/GitHub/GUI/GUI v1/files/test_model\test_model1.emd...
02-12-2024 11:10:26 - INFO - Processing file D:/Users/CP47017-1/Documents/GitHub/GUI/GUI v1/files/test_model\test_model2.emd...
02-12-2024 11:10:26 - INFO - Processing file D:/Users/CP47017-1/Documents/GitHub/GUI/GUI v1/files/test_model\test_model3.emd...
02-12-2024 11:10:26 - INFO - Total number of layers: 4
02-12-2024 11:21:26 - INFO - Opening directory D:/Users/CP47017-1/Documents/GitHub/GUI/GUI v1/files...
02-12-2024 11:21:26 - INFO - Processing file D:/Users/CP47017-1/Documents/GitHub/GUI/GUI v1/files\20mm square.emd...
02-12-2024 11:21:26 - INFO - Processing file D:/Users/CP47017-1/Documents/GitHub/GUI/GUI v1/files\3.emd...
02-12-2024 11:21:26 - INFO - Processing file D:/Users/CP47017-1/Documents/GitHub/GUI/GUI v1/files\333.emd...
02-12-2024 11:21:26 - INFO - Processing file D:/Users/CP47017-1/Documents/GitHub/GUI/GUI v1/files\5 pattern.emd...
02-12-2024 11:21:26 - INFO - Processing file D:/Users/CP47017-1/Documents/GitHub/GUI/GUI v1/files\Document1.emd...
02-12-2024 11:21:26 - INFO - Loaded file D:/Users/CP47017-1/Documents/GitHub/GUI/GUI v1/files\Document1.emd...
02-12-2024 11:21:26 - INFO - Processing file D:/Users/CP47017-1/Documents/GitHub/GUI/GUI v1/files\test.emd...
02-12-2024 11:21:26 - INFO - Processing file D:/Users/CP47017-1/Documents/GitHub/GUI/GUI v1/files\test1.emd...
02-12-2024 11:21:26 - INFO - Loaded file D:/Users/CP47017-1/Documents/GitHub/GUI/GUI v1/files\test1.emd...
02-12-2024 11:21:26 - INFO - Processing file D:/Users/CP47017-1/Documents/GitHub/GUI/GUI v1/files\test2.emd...
02-12-2024 11:21:26 - INFO - Processing file D:/Users/CP47017-1/Documents/GitHub/GUI/GUI v1/files\Without param-23W square.emd...
02-12-2024 11:21:26 - INFO - Total number of layers: 9
02-12-2024 11:21:32 - INFO - Opening directory D:/Users/CP47017-1/Documents/GitHub/GUI/GUI v1/files/test_model...
02-12-2024 11:21:32 - INFO - Processing file D:/Users/CP47017-1/Documents/GitHub/GUI/GUI v1/files/test_model\27-11-2024.emd...
02-12-2024 11:21:32 - INFO - Processing file D:/Users/CP47017-1/Documents/GitHub/GUI/GUI v1/files/test_model\test_model1.emd...
02-12-2024 11:21:32 - INFO - Loaded file D:/Users/CP47017-1/Documents/GitHub/GUI/GUI v1/files/test_model\test_model1.emd...
02-12-2024 11:21:32 - INFO - Processing file D:/Users/CP47017-1/Documents/GitHub/GUI/GUI v1/files/test_model\test_model2.emd...
02-12-2024 11:21:32 - INFO - Processing file D:/Users/CP47017-1/Documents/GitHub/GUI/GUI v1/files/test_model\test_model3.emd...
02-12-2024 11:21:32 - INFO - Total number of layers: 4
02-12-2024 11:27:38 - INFO - Scancard process started for layer 
02-12-2024 11:27:39 - INFO - Opening file-> Connecting to localhost:50000...
02-12-2024 11:27:39 - INFO - Opening file-> Sending {'sid': 0, 'cmd': 'open_file', 'data': {'path': 'D:/Users/CP47017-1/Documents/GitHub/GUI/GUI v1/files/test_model\\test_model1.emd'}} to localhost:50000 with timeout of 5s
02-12-2024 11:27:39 - INFO - Opening file-> Response received from localhost:50000 - {
    "sid": 0,
    "cmd": "open_file",
    "ret": 1
}
02-12-2024 11:27:39 - INFO - File D:/Users/CP47017-1/Documents/GitHub/GUI/GUI v1/files/test_model\test_model1.emd opened...
02-12-2024 11:27:39 - INFO - setting mark parameters by layer-> Connecting to localhost:50000...
02-12-2024 11:27:39 - INFO - setting mark parameters by layer-> Sending {'sid': 0, 'cmd': 'set_markparameters_by_layer', 'data': {'layer': 0, 'markSpeed': 3000, 'jumpSpeed': 5000, 'jumpDelay': 100, 'laserOnDelay': 100, 'polygonDelay': 100, 'laserOffDelay': 100, 'polygonKillerTime': 100, 'laserFrequency': 30, 'current': 100, 'firstPulseKillerLength': 100, 'pulseWidth': 100, 'firstPulseWidth': 100, 'incrementStep': 100}} to localhost:50000 with timeout of 5s
02-12-2024 11:27:43 - INFO - setting mark parameters by layer-> Response received from localhost:50000 - {
    "sid": 0,
    "cmd": "get_working_status",
    "ret": 0,
    "data": {
        "laser_status": 2,
        "describe": "等待"
    }
}
02-12-2024 11:27:44 - INFO - Downloading Parameters-> Connecting to localhost:50000...
02-12-2024 11:27:44 - INFO - Downloading Parameters-> Sending {'sid': 0, 'cmd': 'download_parameters'} to localhost:50000 with timeout of 5s
02-12-2024 11:27:44 - INFO - Downloading Parameters-> Response received from localhost:50000 - {
    "sid": 0,
    "cmd": "download_parameters",
    "ret": 1
}
02-12-2024 11:27:45 - INFO - Start marking-> Connecting to localhost:50000...
02-12-2024 11:27:45 - INFO - Start marking-> Sending {'sid': 0, 'cmd': 'start_mark'} to localhost:50000 with timeout of 5s
02-12-2024 11:27:45 - INFO - Start marking-> Response received from localhost:50000 - {
    "sid": 0,
    "cmd": "start_mark",
    "ret": 1
}
02-12-2024 11:27:46 - INFO - Marking process for Layer  started...
02-12-2024 11:27:47 - INFO - getting working status-> Connecting to localhost:50000...
02-12-2024 11:27:47 - INFO - getting working status-> Sending {'sid': 0, 'cmd': 'get_working_status'} to localhost:50000 with timeout of 5s
02-12-2024 11:27:47 - INFO - getting working status-> Response received from localhost:50000 - {
    "sid": 0,
    "cmd": "get_working_status",
    "ret": 1,
    "data": {
        "laser_status": 2,
        "describe": "打标中"
    }
}
02-12-2024 11:27:48 - INFO - getting working status-> Connecting to localhost:50000...
02-12-2024 11:27:48 - INFO - getting working status-> Sending {'sid': 0, 'cmd': 'get_working_status'} to localhost:50000 with timeout of 5s
02-12-2024 11:27:48 - INFO - getting working status-> Response received from localhost:50000 - {
    "sid": 0,
    "cmd": "get_working_status",
    "ret": 1,
    "data": {
        "laser_status": 2,
        "describe": "打标中"
    }
}
02-12-2024 11:27:49 - INFO - getting working status-> Connecting to localhost:50000...
02-12-2024 11:27:49 - INFO - getting working status-> Sending {'sid': 0, 'cmd': 'get_working_status'} to localhost:50000 with timeout of 5s
02-12-2024 11:27:49 - INFO - getting working status-> Response received from localhost:50000 - {
    "sid": 0,
    "cmd": "get_working_status",
    "ret": 1,
    "data": {
        "laser_status": 2,
        "describe": "打标中"
    }
}
02-12-2024 11:27:50 - INFO - getting working status-> Connecting to localhost:50000...
02-12-2024 11:27:50 - INFO - getting working status-> Sending {'sid': 0, 'cmd': 'get_working_status'} to localhost:50000 with timeout of 5s
02-12-2024 11:27:50 - INFO - getting working status-> Response received from localhost:50000 - {
    "sid": 0,
    "cmd": "get_working_status",
    "ret": 1,
    "data": {
        "laser_status": 2,
        "describe": "打标中"
    }
}
02-12-2024 11:27:51 - INFO - getting working status-> Connecting to localhost:50000...
02-12-2024 11:27:51 - INFO - getting working status-> Sending {'sid': 0, 'cmd': 'get_working_status'} to localhost:50000 with timeout of 5s
02-12-2024 11:27:51 - INFO - getting working status-> Response received from localhost:50000 - {
    "sid": 0,
    "cmd": "get_working_status",
    "ret": 1,
    "data": {
        "laser_status": 2,
        "describe": "打标中"
    }
}
02-12-2024 11:27:52 - INFO - getting working status-> Connecting to localhost:50000...
02-12-2024 11:27:52 - INFO - getting working status-> Sending {'sid': 0, 'cmd': 'get_working_status'} to localhost:50000 with timeout of 5s
02-12-2024 11:27:52 - INFO - getting working status-> Response received from localhost:50000 - {
    "sid": 0,
    "cmd": "get_working_status",
    "ret": 1,
    "data": {
        "laser_status": 2,
        "describe": "打标中"
    }
}
02-12-2024 11:27:53 - INFO - getting working status-> Connecting to localhost:50000...
02-12-2024 11:27:53 - INFO - getting working status-> Sending {'sid': 0, 'cmd': 'get_working_status'} to localhost:50000 with timeout of 5s
02-12-2024 11:27:53 - INFO - getting working status-> Response received from localhost:50000 - {
    "sid": 0,
    "cmd": "get_working_status",
    "ret": 1,
    "data": {
        "laser_status": 2,
        "describe": "打标中"
    }
}
02-12-2024 11:27:54 - INFO - getting working status-> Connecting to localhost:50000...
02-12-2024 11:27:54 - INFO - getting working status-> Sending {'sid': 0, 'cmd': 'get_working_status'} to localhost:50000 with timeout of 5s
02-12-2024 11:27:54 - INFO - getting working status-> Response received from localhost:50000 - {
    "sid": 0,
    "cmd": "get_working_status",
    "ret": 1,
    "data": {
        "laser_status": 2,
        "describe": "打标中"
    }
}
02-12-2024 11:27:55 - INFO - getting working status-> Connecting to localhost:50000...
02-12-2024 11:27:55 - INFO - getting working status-> Sending {'sid': 0, 'cmd': 'get_working_status'} to localhost:50000 with timeout of 5s
02-12-2024 11:27:55 - INFO - getting working status-> Response received from localhost:50000 - {
    "sid": 0,
    "cmd": "get_working_status",
    "ret": 1,
    "data": {
        "laser_status": 2,
        "describe": "打标中"
    }
}
02-12-2024 11:27:56 - INFO - getting working status-> Connecting to localhost:50000...
02-12-2024 11:27:56 - INFO - getting working status-> Sending {'sid': 0, 'cmd': 'get_working_status'} to localhost:50000 with timeout of 5s
02-12-2024 11:27:56 - INFO - getting working status-> Response received from localhost:50000 - {
    "sid": 0,
    "cmd": "get_working_status",
    "ret": 1,
    "data": {
        "laser_status": 2,
        "describe": "打标中"
    }
}
02-12-2024 11:27:57 - INFO - getting working status-> Connecting to localhost:50000...
02-12-2024 11:27:57 - INFO - getting working status-> Sending {'sid': 0, 'cmd': 'get_working_status'} to localhost:50000 with timeout of 5s
02-12-2024 11:27:57 - INFO - getting working status-> Response received from localhost:50000 - {
    "sid": 0,
    "cmd": "get_working_status",
    "ret": 1,
    "data": {
        "laser_status": 2,
        "describe": "打标中"
    }
}
02-12-2024 11:27:58 - INFO - getting working status-> Connecting to localhost:50000...
02-12-2024 11:27:58 - INFO - getting working status-> Sending {'sid': 0, 'cmd': 'get_working_status'} to localhost:50000 with timeout of 5s
02-12-2024 11:27:58 - INFO - getting working status-> Response received from localhost:50000 - {
    "sid": 0,
    "cmd": "get_working_status",
    "ret": 1,
    "data": {
        "laser_status": 2,
        "describe": "打标中"
    }
}
02-12-2024 11:27:59 - INFO - getting working status-> Connecting to localhost:50000...
02-12-2024 11:27:59 - INFO - getting working status-> Sending {'sid': 0, 'cmd': 'get_working_status'} to localhost:50000 with timeout of 5s
02-12-2024 11:27:59 - INFO - getting working status-> Response received from localhost:50000 - {
    "sid": 0,
    "cmd": "get_working_status",
    "ret": 1,
    "data": {
        "laser_status": 2,
        "describe": "打标中"
    }
}
02-12-2024 11:28:00 - INFO - getting working status-> Connecting to localhost:50000...
02-12-2024 11:28:00 - INFO - getting working status-> Sending {'sid': 0, 'cmd': 'get_working_status'} to localhost:50000 with timeout of 5s
02-12-2024 11:28:00 - INFO - getting working status-> Response received from localhost:50000 - {
    "sid": 0,
    "cmd": "get_working_status",
    "ret": 1,
    "data": {
        "laser_status": 2,
        "describe": "打标中"
    }
}
02-12-2024 11:28:01 - INFO - getting working status-> Connecting to localhost:50000...
02-12-2024 11:28:01 - INFO - getting working status-> Sending {'sid': 0, 'cmd': 'get_working_status'} to localhost:50000 with timeout of 5s
02-12-2024 11:28:01 - INFO - getting working status-> Response received from localhost:50000 - {
    "sid": 0,
    "cmd": "get_working_status",
    "ret": 1,
    "data": {
        "laser_status": 2,
        "describe": "打标中"
    }
}
02-12-2024 11:28:02 - INFO - getting working status-> Connecting to localhost:50000...
02-12-2024 11:28:02 - INFO - getting working status-> Sending {'sid': 0, 'cmd': 'get_working_status'} to localhost:50000 with timeout of 5s
02-12-2024 11:28:02 - INFO - getting working status-> Response received from localhost:50000 - {
    "sid": 0,
    "cmd": "get_working_status",
    "ret": 1,
    "data": {
        "laser_status": 2,
        "describe": "打标中"
    }
}
02-12-2024 11:28:03 - INFO - getting working status-> Connecting to localhost:50000...
02-12-2024 11:28:03 - INFO - getting working status-> Sending {'sid': 0, 'cmd': 'get_working_status'} to localhost:50000 with timeout of 5s
02-12-2024 11:28:03 - INFO - getting working status-> Response received from localhost:50000 - {
    "sid": 0,
    "cmd": "get_working_status",
    "ret": 1,
    "data": {
        "laser_status": 2,
        "describe": "打标中"
    }
}
02-12-2024 11:28:04 - INFO - getting working status-> Connecting to localhost:50000...
02-12-2024 11:28:04 - INFO - getting working status-> Sending {'sid': 0, 'cmd': 'get_working_status'} to localhost:50000 with timeout of 5s
02-12-2024 11:28:04 - INFO - getting working status-> Response received from localhost:50000 - {
    "sid": 0,
    "cmd": "get_working_status",
    "ret": 0,
    "data": {
        "laser_status": 2,
        "describe": "等待"
    }
}
02-12-2024 11:28:04 - INFO - Marking process for Layer  over
02-12-2024 11:28:04 - INFO - Stop marking-> Connecting to localhost:50000...
02-12-2024 11:28:04 - INFO - Stop marking-> Sending {'sid': 0, 'cmd': 'stop_mark'} to localhost:50000 with timeout of 5s
02-12-2024 11:28:04 - INFO - Stop marking-> Response received from localhost:50000 - {
    "sid": 0,
    "cmd": "stop_mark",
    "ret": 1
}
02-12-2024 11:28:34 - INFO - Scancard process started for layer 
02-12-2024 11:28:34 - INFO - Opening file-> Connecting to localhost:50000...
02-12-2024 11:28:34 - INFO - Opening file-> Sending {'sid': 0, 'cmd': 'open_file', 'data': {'path': 'D:/Users/CP47017-1/Documents/GitHub/GUI/GUI v1/files/test_model\\test_model1.emd'}} to localhost:50000 with timeout of 5s
02-12-2024 11:28:34 - INFO - Opening file-> Response received from localhost:50000 - {
    "sid": 0,
    "cmd": "open_file",
    "ret": 1
}
02-12-2024 11:28:34 - INFO - File D:/Users/CP47017-1/Documents/GitHub/GUI/GUI v1/files/test_model\test_model1.emd opened...
02-12-2024 11:28:34 - INFO - setting mark parameters by layer-> Connecting to localhost:50000...
02-12-2024 11:28:34 - INFO - setting mark parameters by layer-> Sending {'sid': 0, 'cmd': 'set_markparameters_by_layer', 'data': {'layer': 0, 'markSpeed': 3000, 'jumpSpeed': 5000, 'jumpDelay': 100, 'laserOnDelay': 100, 'polygonDelay': 100, 'laserOffDelay': 100, 'polygonKillerTime': 100, 'laserFrequency': 30, 'current': 100, 'firstPulseKillerLength': 100, 'pulseWidth': 100, 'firstPulseWidth': 100, 'incrementStep': 100}} to localhost:50000 with timeout of 5s
02-12-2024 11:28:38 - INFO - setting mark parameters by layer-> Response received from localhost:50000 - {
    "sid": 0,
    "cmd": "get_working_status",
    "ret": 0,
    "data": {
        "laser_status": 2,
        "describe": "等待"
    }
}
02-12-2024 11:28:39 - INFO - Downloading Parameters-> Connecting to localhost:50000...
02-12-2024 11:28:39 - INFO - Downloading Parameters-> Sending {'sid': 0, 'cmd': 'download_parameters'} to localhost:50000 with timeout of 5s
02-12-2024 11:28:39 - INFO - Downloading Parameters-> Response received from localhost:50000 - {
    "sid": 0,
    "cmd": "download_parameters",
    "ret": 1
}
02-12-2024 11:28:40 - INFO - Start marking-> Connecting to localhost:50000...
02-12-2024 11:28:40 - INFO - Start marking-> Sending {'sid': 0, 'cmd': 'start_mark'} to localhost:50000 with timeout of 5s
02-12-2024 11:28:40 - INFO - Start marking-> Response received from localhost:50000 - {
    "sid": 0,
    "cmd": "start_mark",
    "ret": 1
}
02-12-2024 11:28:41 - INFO - Marking process for Layer  started...
02-12-2024 11:28:42 - INFO - getting working status-> Connecting to localhost:50000...
02-12-2024 11:28:42 - INFO - getting working status-> Sending {'sid': 0, 'cmd': 'get_working_status'} to localhost:50000 with timeout of 5s
02-12-2024 11:28:42 - INFO - getting working status-> Response received from localhost:50000 - {
    "sid": 0,
    "cmd": "get_working_status",
    "ret": 1,
    "data": {
        "laser_status": 2,
        "describe": "打标中"
    }
}
02-12-2024 11:28:43 - INFO - getting working status-> Connecting to localhost:50000...
02-12-2024 11:28:43 - INFO - getting working status-> Sending {'sid': 0, 'cmd': 'get_working_status'} to localhost:50000 with timeout of 5s
02-12-2024 11:28:43 - INFO - getting working status-> Response received from localhost:50000 - {
    "sid": 0,
    "cmd": "get_working_status",
    "ret": 1,
    "data": {
        "laser_status": 2,
        "describe": "打标中"
    }
}
02-12-2024 11:28:44 - INFO - getting working status-> Connecting to localhost:50000...
02-12-2024 11:28:44 - INFO - getting working status-> Sending {'sid': 0, 'cmd': 'get_working_status'} to localhost:50000 with timeout of 5s
02-12-2024 11:28:44 - INFO - getting working status-> Response received from localhost:50000 - {
    "sid": 0,
    "cmd": "get_working_status",
    "ret": 1,
    "data": {
        "laser_status": 2,
        "describe": "打标中"
    }
}
02-12-2024 11:28:45 - INFO - getting working status-> Connecting to localhost:50000...
02-12-2024 11:28:45 - INFO - getting working status-> Sending {'sid': 0, 'cmd': 'get_working_status'} to localhost:50000 with timeout of 5s
02-12-2024 11:28:45 - INFO - getting working status-> Response received from localhost:50000 - {
    "sid": 0,
    "cmd": "get_working_status",
    "ret": 1,
    "data": {
        "laser_status": 2,
        "describe": "打标中"
    }
}
02-12-2024 11:28:46 - INFO - getting working status-> Connecting to localhost:50000...
02-12-2024 11:28:46 - INFO - getting working status-> Sending {'sid': 0, 'cmd': 'get_working_status'} to localhost:50000 with timeout of 5s
02-12-2024 11:28:46 - INFO - getting working status-> Response received from localhost:50000 - {
    "sid": 0,
    "cmd": "get_working_status",
    "ret": 1,
    "data": {
        "laser_status": 2,
        "describe": "打标中"
    }
}
02-12-2024 11:28:47 - INFO - getting working status-> Connecting to localhost:50000...
02-12-2024 11:28:47 - INFO - getting working status-> Sending {'sid': 0, 'cmd': 'get_working_status'} to localhost:50000 with timeout of 5s
02-12-2024 11:28:47 - INFO - getting working status-> Response received from localhost:50000 - {
    "sid": 0,
    "cmd": "get_working_status",
    "ret": 1,
    "data": {
        "laser_status": 2,
        "describe": "打标中"
    }
}
02-12-2024 11:28:48 - INFO - getting working status-> Connecting to localhost:50000...
02-12-2024 11:28:48 - INFO - getting working status-> Sending {'sid': 0, 'cmd': 'get_working_status'} to localhost:50000 with timeout of 5s
02-12-2024 11:28:48 - INFO - getting working status-> Response received from localhost:50000 - {
    "sid": 0,
    "cmd": "get_working_status",
    "ret": 1,
    "data": {
        "laser_status": 2,
        "describe": "打标中"
    }
}
02-12-2024 11:28:49 - INFO - getting working status-> Connecting to localhost:50000...
02-12-2024 11:28:49 - INFO - getting working status-> Sending {'sid': 0, 'cmd': 'get_working_status'} to localhost:50000 with timeout of 5s
02-12-2024 11:28:49 - INFO - getting working status-> Response received from localhost:50000 - {
    "sid": 0,
    "cmd": "get_working_status",
    "ret": 1,
    "data": {
        "laser_status": 2,
        "describe": "打标中"
    }
}
02-12-2024 11:28:50 - INFO - getting working status-> Connecting to localhost:50000...
02-12-2024 11:28:50 - INFO - getting working status-> Sending {'sid': 0, 'cmd': 'get_working_status'} to localhost:50000 with timeout of 5s
02-12-2024 11:28:50 - INFO - getting working status-> Response received from localhost:50000 - {
    "sid": 0,
    "cmd": "get_working_status",
    "ret": 1,
    "data": {
        "laser_status": 2,
        "describe": "打标中"
    }
}
02-12-2024 11:28:51 - INFO - getting working status-> Connecting to localhost:50000...
02-12-2024 11:28:51 - INFO - getting working status-> Sending {'sid': 0, 'cmd': 'get_working_status'} to localhost:50000 with timeout of 5s
02-12-2024 11:28:51 - INFO - getting working status-> Response received from localhost:50000 - {
    "sid": 0,
    "cmd": "get_working_status",
    "ret": 1,
    "data": {
        "laser_status": 2,
        "describe": "打标中"
    }
}
02-12-2024 11:28:52 - INFO - getting working status-> Connecting to localhost:50000...
02-12-2024 11:28:52 - INFO - getting working status-> Sending {'sid': 0, 'cmd': 'get_working_status'} to localhost:50000 with timeout of 5s
02-12-2024 11:28:52 - INFO - getting working status-> Response received from localhost:50000 - {
    "sid": 0,
    "cmd": "get_working_status",
    "ret": 1,
    "data": {
        "laser_status": 2,
        "describe": "打标中"
    }
}
02-12-2024 11:28:53 - INFO - getting working status-> Connecting to localhost:50000...
02-12-2024 11:28:53 - INFO - getting working status-> Sending {'sid': 0, 'cmd': 'get_working_status'} to localhost:50000 with timeout of 5s
02-12-2024 11:28:53 - INFO - getting working status-> Response received from localhost:50000 - {
    "sid": 0,
    "cmd": "get_working_status",
    "ret": 1,
    "data": {
        "laser_status": 2,
        "describe": "打标中"
    }
}
02-12-2024 11:28:54 - INFO - getting working status-> Connecting to localhost:50000...
02-12-2024 11:28:54 - INFO - getting working status-> Sending {'sid': 0, 'cmd': 'get_working_status'} to localhost:50000 with timeout of 5s
02-12-2024 11:28:54 - INFO - getting working status-> Response received from localhost:50000 - {
    "sid": 0,
    "cmd": "get_working_status",
    "ret": 1,
    "data": {
        "laser_status": 2,
        "describe": "打标中"
    }
}
02-12-2024 11:28:55 - INFO - getting working status-> Connecting to localhost:50000...
02-12-2024 11:28:55 - INFO - getting working status-> Sending {'sid': 0, 'cmd': 'get_working_status'} to localhost:50000 with timeout of 5s
02-12-2024 11:28:55 - INFO - getting working status-> Response received from localhost:50000 - {
    "sid": 0,
    "cmd": "get_working_status",
    "ret": 1,
    "data": {
        "laser_status": 2,
        "describe": "打标中"
    }
}
02-12-2024 11:28:56 - INFO - getting working status-> Connecting to localhost:50000...
02-12-2024 11:28:56 - INFO - getting working status-> Sending {'sid': 0, 'cmd': 'get_working_status'} to localhost:50000 with timeout of 5s
02-12-2024 11:28:56 - INFO - getting working status-> Response received from localhost:50000 - {
    "sid": 0,
    "cmd": "get_working_status",
    "ret": 1,
    "data": {
        "laser_status": 2,
        "describe": "打标中"
    }
}
02-12-2024 11:28:57 - INFO - getting working status-> Connecting to localhost:50000...
02-12-2024 11:28:57 - INFO - getting working status-> Sending {'sid': 0, 'cmd': 'get_working_status'} to localhost:50000 with timeout of 5s
02-12-2024 11:28:57 - INFO - getting working status-> Response received from localhost:50000 - {
    "sid": 0,
    "cmd": "get_working_status",
    "ret": 1,
    "data": {
        "laser_status": 2,
        "describe": "打标中"
    }
}
02-12-2024 11:28:58 - INFO - getting working status-> Connecting to localhost:50000...
02-12-2024 11:28:58 - INFO - getting working status-> Sending {'sid': 0, 'cmd': 'get_working_status'} to localhost:50000 with timeout of 5s
02-12-2024 11:28:58 - INFO - getting working status-> Response received from localhost:50000 - {
    "sid": 0,
    "cmd": "get_working_status",
    "ret": 0,
    "data": {
        "laser_status": 2,
        "describe": "等待"
    }
}
02-12-2024 11:28:58 - INFO - Marking process for Layer  over
02-12-2024 11:28:58 - INFO - Stop marking-> Connecting to localhost:50000...
02-12-2024 11:28:58 - INFO - Stop marking-> Sending {'sid': 0, 'cmd': 'stop_mark'} to localhost:50000 with timeout of 5s
02-12-2024 11:28:58 - INFO - Stop marking-> Response received from localhost:50000 - {
    "sid": 0,
    "cmd": "stop_mark",
    "ret": 1
}
02-12-2024 11:29:28 - INFO - Scancard process started for layer 
02-12-2024 11:29:28 - INFO - Opening file-> Connecting to localhost:50000...
02-12-2024 11:29:28 - INFO - Opening file-> Sending {'sid': 0, 'cmd': 'open_file', 'data': {'path': 'D:/Users/CP47017-1/Documents/GitHub/GUI/GUI v1/files/test_model\\test_model1.emd'}} to localhost:50000 with timeout of 5s
02-12-2024 11:29:28 - INFO - Opening file-> Response received from localhost:50000 - {
    "sid": 0,
    "cmd": "open_file",
    "ret": 1
}
02-12-2024 11:29:28 - INFO - File D:/Users/CP47017-1/Documents/GitHub/GUI/GUI v1/files/test_model\test_model1.emd opened...
02-12-2024 11:29:28 - INFO - setting mark parameters by layer-> Connecting to localhost:50000...
02-12-2024 11:29:28 - INFO - setting mark parameters by layer-> Sending {'sid': 0, 'cmd': 'set_markparameters_by_layer', 'data': {'layer': 0, 'markSpeed': 3000, 'jumpSpeed': 5000, 'jumpDelay': 100, 'laserOnDelay': 100, 'polygonDelay': 100, 'laserOffDelay': 100, 'polygonKillerTime': 100, 'laserFrequency': 30, 'current': 100, 'firstPulseKillerLength': 100, 'pulseWidth': 100, 'firstPulseWidth': 100, 'incrementStep': 100}} to localhost:50000 with timeout of 5s
02-12-2024 11:29:33 - INFO - setting mark parameters by layer-> Response received from localhost:50000 - {
    "sid": 0,
    "cmd": "get_working_status",
    "ret": 0,
    "data": {
        "laser_status": 2,
        "describe": "等待"
    }
}
02-12-2024 11:29:34 - INFO - Downloading Parameters-> Connecting to localhost:50000...
02-12-2024 11:29:34 - INFO - Downloading Parameters-> Sending {'sid': 0, 'cmd': 'download_parameters'} to localhost:50000 with timeout of 5s
02-12-2024 11:29:34 - INFO - Downloading Parameters-> Response received from localhost:50000 - {
    "sid": 0,
    "cmd": "download_parameters",
    "ret": 1
}
02-12-2024 11:29:35 - INFO - Start marking-> Connecting to localhost:50000...
02-12-2024 11:29:35 - INFO - Start marking-> Sending {'sid': 0, 'cmd': 'start_mark'} to localhost:50000 with timeout of 5s
02-12-2024 11:29:35 - INFO - Start marking-> Response received from localhost:50000 - {
    "sid": 0,
    "cmd": "start_mark",
    "ret": 1
}
02-12-2024 11:29:36 - INFO - Marking process for Layer  started...
02-12-2024 11:29:37 - INFO - getting working status-> Connecting to localhost:50000...
02-12-2024 11:29:37 - INFO - getting working status-> Sending {'sid': 0, 'cmd': 'get_working_status'} to localhost:50000 with timeout of 5s
02-12-2024 11:29:37 - INFO - getting working status-> Response received from localhost:50000 - {
    "sid": 0,
    "cmd": "get_working_status",
    "ret": 1,
    "data": {
        "laser_status": 2,
        "describe": "打标中"
    }
}
02-12-2024 11:29:38 - INFO - getting working status-> Connecting to localhost:50000...
02-12-2024 11:29:38 - INFO - getting working status-> Sending {'sid': 0, 'cmd': 'get_working_status'} to localhost:50000 with timeout of 5s
02-12-2024 11:29:38 - INFO - getting working status-> Response received from localhost:50000 - {
    "sid": 0,
    "cmd": "get_working_status",
    "ret": 1,
    "data": {
        "laser_status": 2,
        "describe": "打标中"
    }
}
02-12-2024 11:29:39 - INFO - getting working status-> Connecting to localhost:50000...
02-12-2024 11:29:39 - INFO - getting working status-> Sending {'sid': 0, 'cmd': 'get_working_status'} to localhost:50000 with timeout of 5s
02-12-2024 11:29:39 - INFO - getting working status-> Response received from localhost:50000 - {
    "sid": 0,
    "cmd": "get_working_status",
    "ret": 1,
    "data": {
        "laser_status": 2,
        "describe": "打标中"
    }
}
02-12-2024 11:29:40 - INFO - getting working status-> Connecting to localhost:50000...
02-12-2024 11:29:40 - INFO - getting working status-> Sending {'sid': 0, 'cmd': 'get_working_status'} to localhost:50000 with timeout of 5s
02-12-2024 11:29:40 - INFO - getting working status-> Response received from localhost:50000 - {
    "sid": 0,
    "cmd": "get_working_status",
    "ret": 1,
    "data": {
        "laser_status": 2,
        "describe": "打标中"
    }
}
02-12-2024 11:29:41 - INFO - getting working status-> Connecting to localhost:50000...
02-12-2024 11:29:41 - INFO - getting working status-> Sending {'sid': 0, 'cmd': 'get_working_status'} to localhost:50000 with timeout of 5s
02-12-2024 11:29:41 - INFO - getting working status-> Response received from localhost:50000 - {
    "sid": 0,
    "cmd": "get_working_status",
    "ret": 0,
    "data": {
        "laser_status": 2,
        "describe": "等待"
    }
}
02-12-2024 11:29:41 - INFO - Marking process for Layer  over
02-12-2024 11:29:41 - INFO - Stop marking-> Connecting to localhost:50000...
02-12-2024 11:29:41 - INFO - Stop marking-> Sending {'sid': 0, 'cmd': 'stop_mark'} to localhost:50000 with timeout of 5s
02-12-2024 11:29:41 - INFO - Stop marking-> Response received from localhost:50000 - {
    "sid": 0,
    "cmd": "stop_mark",
    "ret": 1
}
02-12-2024 11:29:41 - INFO - Stop marking-> Connecting to localhost:50000...
02-12-2024 11:29:41 - INFO - Stop marking-> Sending {'sid': 0, 'cmd': 'stop_mark'} to localhost:50000 with timeout of 5s
02-12-2024 11:29:41 - INFO - Stop marking-> Response received from localhost:50000 - {
    "sid": 0,
    "cmd": "stop_mark",
    "ret": 1
}
