07-11-2024 10:51:07 - INFO - Opening directory D:/Users/CP47017-1/Documents/GitHub/GUI/GUI v1/files/test_model...
07-11-2024 10:51:07 - INFO - Processing file D:/Users/CP47017-1/Documents/GitHub/GUI/GUI v1/files/test_model\test_model1.emd...
07-11-2024 10:51:07 - INFO - Loaded file D:/Users/CP47017-1/Documents/GitHub/GUI/GUI v1/files/test_model\test_model1.emd...
07-11-2024 10:51:07 - INFO - Processing file D:/Users/CP47017-1/Documents/GitHub/GUI/GUI v1/files/test_model\test_model2.emd...
07-11-2024 10:51:07 - INFO - Processing file D:/Users/CP47017-1/Documents/GitHub/GUI/GUI v1/files/test_model\test_model3.emd...
07-11-2024 10:52:33 - INFO - Scancard process started for layer 
07-11-2024 10:52:33 - INFO - Opening file-> Connecting to localhost:50000...
07-11-2024 10:52:35 - ERROR - E200 - Opening file not successful 
 [WinError 10061] No connection could be made because the target machine actively refused it
07-11-2024 10:52:35 - INFO - File D:/Users/CP47017-1/Documents/GitHub/GUI/GUI v1/files/test_model\test_model1.emd opened...
07-11-2024 10:52:35 - INFO - setting mark parameters by layer-> Connecting to localhost:50000...
07-11-2024 10:52:37 - ERROR - E200 - setting mark parameters by layer not successful 
 [WinError 10061] No connection could be made because the target machine actively refused it
07-11-2024 10:52:38 - INFO - Downloading Parameters-> Connecting to localhost:50000...
07-11-2024 10:52:40 - ERROR - E200 - Downloading Parameters not successful 
 [WinError 10061] No connection could be made because the target machine actively refused it
07-11-2024 10:52:41 - INFO - Start marking-> Connecting to localhost:50000...
07-11-2024 10:52:43 - ERROR - E200 - Start marking not successful 
 [WinError 10061] No connection could be made because the target machine actively refused it
07-11-2024 10:52:44 - INFO - Marking process for Layer  started...
07-11-2024 10:52:45 - INFO - getting working status-> Connecting to localhost:50000...
07-11-2024 10:52:47 - ERROR - E200 - getting working status not successful 
 [WinError 10061] No connection could be made because the target machine actively refused it
07-11-2024 10:52:48 - INFO - getting working status-> Connecting to localhost:50000...
07-11-2024 10:52:50 - ERROR - E200 - getting working status not successful 
 [WinError 10061] No connection could be made because the target machine actively refused it
07-11-2024 10:52:51 - INFO - getting working status-> Connecting to localhost:50000...
07-11-2024 10:52:53 - ERROR - E200 - getting working status not successful 
 [WinError 10061] No connection could be made because the target machine actively refused it
07-11-2024 10:52:54 - INFO - getting working status-> Connecting to localhost:50000...
07-11-2024 10:52:56 - ERROR - E200 - getting working status not successful 
 [WinError 10061] No connection could be made because the target machine actively refused it
07-11-2024 10:52:57 - INFO - getting working status-> Connecting to localhost:50000...
07-11-2024 10:52:59 - ERROR - E200 - getting working status not successful 
 [WinError 10061] No connection could be made because the target machine actively refused it
07-11-2024 10:53:00 - INFO - getting working status-> Connecting to localhost:50000...
07-11-2024 10:53:02 - ERROR - E200 - getting working status not successful 
 [WinError 10061] No connection could be made because the target machine actively refused it
07-11-2024 10:53:03 - INFO - getting working status-> Connecting to localhost:50000...
07-11-2024 10:53:05 - ERROR - E200 - getting working status not successful 
 [WinError 10061] No connection could be made because the target machine actively refused it
07-11-2024 10:53:06 - INFO - getting working status-> Connecting to localhost:50000...
07-11-2024 10:53:08 - ERROR - E200 - getting working status not successful 
 [WinError 10061] No connection could be made because the target machine actively refused it
07-11-2024 10:53:09 - INFO - getting working status-> Connecting to localhost:50000...
07-11-2024 10:53:11 - ERROR - E200 - getting working status not successful 
 [WinError 10061] No connection could be made because the target machine actively refused it
07-11-2024 10:53:12 - INFO - getting working status-> Connecting to localhost:50000...
07-11-2024 10:53:14 - ERROR - E200 - getting working status not successful 
 [WinError 10061] No connection could be made because the target machine actively refused it
07-11-2024 10:53:15 - INFO - getting working status-> Connecting to localhost:50000...
07-11-2024 10:53:17 - ERROR - E200 - getting working status not successful 
 [WinError 10061] No connection could be made because the target machine actively refused it
07-11-2024 10:53:18 - INFO - getting working status-> Connecting to localhost:50000...
07-11-2024 10:53:20 - ERROR - E200 - getting working status not successful 
 [WinError 10061] No connection could be made because the target machine actively refused it
07-11-2024 10:53:21 - INFO - getting working status-> Connecting to localhost:50000...
07-11-2024 10:53:23 - ERROR - E200 - getting working status not successful 
 [WinError 10061] No connection could be made because the target machine actively refused it
07-11-2024 10:53:24 - INFO - getting working status-> Connecting to localhost:50000...
07-11-2024 10:53:26 - ERROR - E200 - getting working status not successful 
 [WinError 10061] No connection could be made because the target machine actively refused it
07-11-2024 10:53:27 - INFO - getting working status-> Connecting to localhost:50000...
07-11-2024 10:53:30 - ERROR - E200 - getting working status not successful 
 [WinError 10061] No connection could be made because the target machine actively refused it
07-11-2024 10:53:31 - INFO - getting working status-> Connecting to localhost:50000...
07-11-2024 10:53:33 - ERROR - E200 - getting working status not successful 
 [WinError 10061] No connection could be made because the target machine actively refused it
07-11-2024 10:53:34 - INFO - getting working status-> Connecting to localhost:50000...
07-11-2024 10:53:36 - ERROR - E200 - getting working status not successful 
 [WinError 10061] No connection could be made because the target machine actively refused it
07-11-2024 10:53:37 - INFO - getting working status-> Connecting to localhost:50000...
07-11-2024 10:53:39 - ERROR - E200 - getting working status not successful 
 [WinError 10061] No connection could be made because the target machine actively refused it
07-11-2024 10:53:40 - INFO - getting working status-> Connecting to localhost:50000...
07-11-2024 10:53:42 - ERROR - E200 - getting working status not successful 
 [WinError 10061] No connection could be made because the target machine actively refused it
07-11-2024 10:53:43 - INFO - getting working status-> Connecting to localhost:50000...
07-11-2024 10:53:45 - ERROR - E200 - getting working status not successful 
 [WinError 10061] No connection could be made because the target machine actively refused it
07-11-2024 10:53:46 - INFO - getting working status-> Connecting to localhost:50000...
07-11-2024 10:53:48 - ERROR - E200 - getting working status not successful 
 [WinError 10061] No connection could be made because the target machine actively refused it
07-11-2024 10:53:49 - INFO - getting working status-> Connecting to localhost:50000...
07-11-2024 10:53:51 - ERROR - E200 - getting working status not successful 
 [WinError 10061] No connection could be made because the target machine actively refused it
07-11-2024 10:53:52 - INFO - getting working status-> Connecting to localhost:50000...
07-11-2024 10:53:54 - ERROR - E200 - getting working status not successful 
 [WinError 10061] No connection could be made because the target machine actively refused it
07-11-2024 10:53:55 - INFO - getting working status-> Connecting to localhost:50000...
07-11-2024 10:53:57 - ERROR - E200 - getting working status not successful 
 [WinError 10061] No connection could be made because the target machine actively refused it
07-11-2024 10:53:58 - INFO - getting working status-> Connecting to localhost:50000...
07-11-2024 10:54:00 - ERROR - E200 - getting working status not successful 
 [WinError 10061] No connection could be made because the target machine actively refused it
07-11-2024 10:54:01 - INFO - getting working status-> Connecting to localhost:50000...
07-11-2024 10:54:03 - ERROR - E200 - getting working status not successful 
 [WinError 10061] No connection could be made because the target machine actively refused it
07-11-2024 10:54:04 - INFO - getting working status-> Connecting to localhost:50000...
07-11-2024 10:54:06 - ERROR - E200 - getting working status not successful 
 [WinError 10061] No connection could be made because the target machine actively refused it
07-11-2024 10:54:07 - INFO - getting working status-> Connecting to localhost:50000...
07-11-2024 10:54:09 - ERROR - E200 - getting working status not successful 
 [WinError 10061] No connection could be made because the target machine actively refused it
07-11-2024 10:54:10 - INFO - getting working status-> Connecting to localhost:50000...
07-11-2024 10:54:12 - ERROR - E200 - getting working status not successful 
 [WinError 10061] No connection could be made because the target machine actively refused it
07-11-2024 10:54:13 - INFO - getting working status-> Connecting to localhost:50000...
07-11-2024 10:54:15 - ERROR - E200 - getting working status not successful 
 [WinError 10061] No connection could be made because the target machine actively refused it
07-11-2024 10:54:16 - INFO - getting working status-> Connecting to localhost:50000...
07-11-2024 10:54:18 - ERROR - E200 - getting working status not successful 
 [WinError 10061] No connection could be made because the target machine actively refused it
07-11-2024 10:54:19 - INFO - getting working status-> Connecting to localhost:50000...
07-11-2024 10:54:21 - ERROR - E200 - getting working status not successful 
 [WinError 10061] No connection could be made because the target machine actively refused it
07-11-2024 10:54:22 - INFO - getting working status-> Connecting to localhost:50000...
07-11-2024 10:54:24 - ERROR - E200 - getting working status not successful 
 [WinError 10061] No connection could be made because the target machine actively refused it
07-11-2024 10:54:25 - INFO - getting working status-> Connecting to localhost:50000...
07-11-2024 10:54:27 - ERROR - E200 - getting working status not successful 
 [WinError 10061] No connection could be made because the target machine actively refused it
07-11-2024 10:54:29 - INFO - getting working status-> Connecting to localhost:50000...
07-11-2024 10:54:31 - ERROR - E200 - getting working status not successful 
 [WinError 10061] No connection could be made because the target machine actively refused it
07-11-2024 10:54:32 - INFO - getting working status-> Connecting to localhost:50000...
07-11-2024 10:54:34 - ERROR - E200 - getting working status not successful 
 [WinError 10061] No connection could be made because the target machine actively refused it
07-11-2024 10:54:35 - INFO - getting working status-> Connecting to localhost:50000...
07-11-2024 10:54:37 - ERROR - E200 - getting working status not successful 
 [WinError 10061] No connection could be made because the target machine actively refused it
07-11-2024 10:54:38 - INFO - getting working status-> Connecting to localhost:50000...
07-11-2024 10:54:40 - ERROR - E200 - getting working status not successful 
 [WinError 10061] No connection could be made because the target machine actively refused it
07-11-2024 10:54:41 - INFO - getting working status-> Connecting to localhost:50000...
07-11-2024 10:54:43 - ERROR - E200 - getting working status not successful 
 [WinError 10061] No connection could be made because the target machine actively refused it
07-11-2024 10:54:44 - INFO - getting working status-> Connecting to localhost:50000...
07-11-2024 10:54:46 - ERROR - E200 - getting working status not successful 
 [WinError 10061] No connection could be made because the target machine actively refused it
07-11-2024 10:54:47 - INFO - getting working status-> Connecting to localhost:50000...
07-11-2024 10:54:49 - ERROR - E200 - getting working status not successful 
 [WinError 10061] No connection could be made because the target machine actively refused it
07-11-2024 10:54:50 - INFO - getting working status-> Connecting to localhost:50000...
07-11-2024 10:54:52 - ERROR - E200 - getting working status not successful 
 [WinError 10061] No connection could be made because the target machine actively refused it
07-11-2024 10:54:53 - INFO - getting working status-> Connecting to localhost:50000...
07-11-2024 10:54:55 - ERROR - E200 - getting working status not successful 
 [WinError 10061] No connection could be made because the target machine actively refused it
07-11-2024 10:54:56 - INFO - getting working status-> Connecting to localhost:50000...
07-11-2024 10:54:58 - ERROR - E200 - getting working status not successful 
 [WinError 10061] No connection could be made because the target machine actively refused it
07-11-2024 10:54:59 - INFO - getting working status-> Connecting to localhost:50000...
07-11-2024 10:55:01 - ERROR - E200 - getting working status not successful 
 [WinError 10061] No connection could be made because the target machine actively refused it
07-11-2024 10:55:02 - INFO - getting working status-> Connecting to localhost:50000...
07-11-2024 10:55:04 - ERROR - E200 - getting working status not successful 
 [WinError 10061] No connection could be made because the target machine actively refused it
07-11-2024 10:55:05 - INFO - getting working status-> Connecting to localhost:50000...
07-11-2024 10:55:07 - ERROR - E200 - getting working status not successful 
 [WinError 10061] No connection could be made because the target machine actively refused it
07-11-2024 10:55:08 - INFO - getting working status-> Connecting to localhost:50000...
07-11-2024 10:55:10 - ERROR - E200 - getting working status not successful 
 [WinError 10061] No connection could be made because the target machine actively refused it
07-11-2024 10:55:11 - INFO - getting working status-> Connecting to localhost:50000...
07-11-2024 10:55:13 - ERROR - E200 - getting working status not successful 
 [WinError 10061] No connection could be made because the target machine actively refused it
07-11-2024 10:55:14 - INFO - getting working status-> Connecting to localhost:50000...
07-11-2024 10:55:16 - ERROR - E200 - getting working status not successful 
 [WinError 10061] No connection could be made because the target machine actively refused it
07-11-2024 10:55:17 - INFO - getting working status-> Connecting to localhost:50000...
07-11-2024 10:55:19 - ERROR - E200 - getting working status not successful 
 [WinError 10061] No connection could be made because the target machine actively refused it
07-11-2024 10:55:20 - INFO - getting working status-> Connecting to localhost:50000...
07-11-2024 10:55:22 - ERROR - E200 - getting working status not successful 
 [WinError 10061] No connection could be made because the target machine actively refused it
07-11-2024 10:55:23 - INFO - getting working status-> Connecting to localhost:50000...
07-11-2024 10:55:25 - ERROR - E200 - getting working status not successful 
 [WinError 10061] No connection could be made because the target machine actively refused it
07-11-2024 10:55:26 - INFO - getting working status-> Connecting to localhost:50000...
07-11-2024 10:55:28 - ERROR - E200 - getting working status not successful 
 [WinError 10061] No connection could be made because the target machine actively refused it
07-11-2024 10:55:29 - INFO - getting working status-> Connecting to localhost:50000...
07-11-2024 10:55:32 - ERROR - E200 - getting working status not successful 
 [WinError 10061] No connection could be made because the target machine actively refused it
07-11-2024 10:55:33 - INFO - getting working status-> Connecting to localhost:50000...
07-11-2024 10:55:35 - ERROR - E200 - getting working status not successful 
 [WinError 10061] No connection could be made because the target machine actively refused it
07-11-2024 10:55:36 - INFO - getting working status-> Connecting to localhost:50000...
07-11-2024 10:55:38 - ERROR - E200 - getting working status not successful 
 [WinError 10061] No connection could be made because the target machine actively refused it
07-11-2024 10:55:39 - INFO - getting working status-> Connecting to localhost:50000...
07-11-2024 10:55:41 - ERROR - E200 - getting working status not successful 
 [WinError 10061] No connection could be made because the target machine actively refused it
07-11-2024 10:55:42 - INFO - getting working status-> Connecting to localhost:50000...
07-11-2024 10:55:44 - ERROR - E200 - getting working status not successful 
 [WinError 10061] No connection could be made because the target machine actively refused it
07-11-2024 10:55:45 - INFO - getting working status-> Connecting to localhost:50000...
07-11-2024 10:55:47 - ERROR - E200 - getting working status not successful 
 [WinError 10061] No connection could be made because the target machine actively refused it
07-11-2024 10:55:48 - INFO - getting working status-> Connecting to localhost:50000...
07-11-2024 10:55:50 - ERROR - E200 - getting working status not successful 
 [WinError 10061] No connection could be made because the target machine actively refused it
07-11-2024 10:55:51 - INFO - getting working status-> Connecting to localhost:50000...
07-11-2024 10:55:53 - ERROR - E200 - getting working status not successful 
 [WinError 10061] No connection could be made because the target machine actively refused it
07-11-2024 10:55:54 - INFO - getting working status-> Connecting to localhost:50000...
07-11-2024 10:55:56 - ERROR - E200 - getting working status not successful 
 [WinError 10061] No connection could be made because the target machine actively refused it
07-11-2024 10:55:57 - INFO - getting working status-> Connecting to localhost:50000...
07-11-2024 10:55:59 - ERROR - E200 - getting working status not successful 
 [WinError 10061] No connection could be made because the target machine actively refused it
07-11-2024 10:56:00 - INFO - getting working status-> Connecting to localhost:50000...
07-11-2024 10:56:02 - ERROR - E200 - getting working status not successful 
 [WinError 10061] No connection could be made because the target machine actively refused it
07-11-2024 10:56:03 - INFO - getting working status-> Connecting to localhost:50000...
07-11-2024 10:56:05 - ERROR - E200 - getting working status not successful 
 [WinError 10061] No connection could be made because the target machine actively refused it
07-11-2024 10:56:06 - INFO - getting working status-> Connecting to localhost:50000...
07-11-2024 10:56:08 - ERROR - E200 - getting working status not successful 
 [WinError 10061] No connection could be made because the target machine actively refused it
07-11-2024 10:56:09 - INFO - getting working status-> Connecting to localhost:50000...
07-11-2024 10:56:11 - ERROR - E200 - getting working status not successful 
 [WinError 10061] No connection could be made because the target machine actively refused it
07-11-2024 10:56:12 - INFO - getting working status-> Connecting to localhost:50000...
07-11-2024 10:56:14 - ERROR - E200 - getting working status not successful 
 [WinError 10061] No connection could be made because the target machine actively refused it
07-11-2024 10:56:15 - INFO - getting working status-> Connecting to localhost:50000...
07-11-2024 10:56:17 - ERROR - E200 - getting working status not successful 
 [WinError 10061] No connection could be made because the target machine actively refused it
07-11-2024 10:56:18 - INFO - getting working status-> Connecting to localhost:50000...
07-11-2024 10:56:20 - ERROR - E200 - getting working status not successful 
 [WinError 10061] No connection could be made because the target machine actively refused it
07-11-2024 10:56:21 - INFO - getting working status-> Connecting to localhost:50000...
07-11-2024 10:56:23 - ERROR - E200 - getting working status not successful 
 [WinError 10061] No connection could be made because the target machine actively refused it
07-11-2024 10:56:24 - INFO - getting working status-> Connecting to localhost:50000...
07-11-2024 10:56:27 - ERROR - E200 - getting working status not successful 
 [WinError 10061] No connection could be made because the target machine actively refused it
07-11-2024 10:56:28 - INFO - getting working status-> Connecting to localhost:50000...
07-11-2024 10:56:30 - ERROR - E200 - getting working status not successful 
 [WinError 10061] No connection could be made because the target machine actively refused it
07-11-2024 10:56:31 - INFO - getting working status-> Connecting to localhost:50000...
07-11-2024 10:56:33 - ERROR - E200 - getting working status not successful 
 [WinError 10061] No connection could be made because the target machine actively refused it
07-11-2024 10:56:34 - INFO - getting working status-> Connecting to localhost:50000...
07-11-2024 10:56:36 - ERROR - E200 - getting working status not successful 
 [WinError 10061] No connection could be made because the target machine actively refused it
07-11-2024 10:56:37 - INFO - getting working status-> Connecting to localhost:50000...
07-11-2024 10:56:39 - ERROR - E200 - getting working status not successful 
 [WinError 10061] No connection could be made because the target machine actively refused it
07-11-2024 10:56:40 - INFO - getting working status-> Connecting to localhost:50000...
07-11-2024 10:56:42 - ERROR - E200 - getting working status not successful 
 [WinError 10061] No connection could be made because the target machine actively refused it
07-11-2024 10:56:43 - INFO - getting working status-> Connecting to localhost:50000...
07-11-2024 10:56:45 - ERROR - E200 - getting working status not successful 
 [WinError 10061] No connection could be made because the target machine actively refused it
07-11-2024 10:56:46 - INFO - getting working status-> Connecting to localhost:50000...
